2019-10-08 17:50:47.461 744-2052/? I/AntiBanding: onSubAlgoProcess() mAlgoCtx.continue_detect_cnt :1, mAlgoCtx.succ_detect_cnt : 1, mAlgoCtx.motion_flag = 1, detect_result:1, frequency_detected = 104,cur_expo = 20000
2019-10-08 17:50:47.461 613-613/? I/mediacomm@2.1-service: doCopybit:495: client<Camera, 0> ret = 744 finish copybit -.
2019-10-08 17:50:47.462 744-2056/? I/GRALLOC: LockFlexLayout: baseFormat: 11, yStride: 640, ySize: 307200, uOffset: 307200,  uStride: 640
2019-10-08 17:50:47.462 744-2056/? I/GRALLOC: LockFlexLayout: baseFormat: 11, yStride: 640, ySize: 307200, uOffset: 307200,  uStride: 640
2019-10-08 17:50:47.462 611-1341/? D/asd_primary_out: L[0],R[0], continus 20 times!
2019-10-08 17:50:47.463 1572-2001/com.virobugs I/GRALLOC: LockFlexLayout: baseFormat: 11, yStride: 640, ySize: 307200, uOffset: 307200,  uStride: 640
2019-10-08 17:50:47.464 744-1263/? D/EnvImpl: [HWA_CAM3]getPackageName :  com.virobugs
2019-10-08 17:50:47.464 744-1263/? I/HwaUtils: [3c6ca2b_64I] getProductExtendName() path=EMILY
2019-10-08 17:50:47.464 744-1263/? I/HwaUtils: [3c6ca2b_64I] getOneCfgFile() path=NULL
2019-10-08 17:50:47.464 744-1263/? I/HwaDMapIpp: [3c6ca2b_64I] checkNeedSwapCalibrationData() ConfigFile NULL
2019-10-08 17:50:47.464 744-1263/? D/Misc____: [3c6ca2b_64D] enter loadRequest
2019-10-08 17:50:47.464 744-1263/? D/EnvImpl: [HWA_CAM3]getPackageName :  com.virobugs
2019-10-08 17:50:47.464 744-1263/? D/IppAlgoFilter: [HWA_CAM3]loadPreviewRequest() REQUEST_DMAP_SWAP, status:0
2019-10-08 17:50:47.464 744-1263/? D/EnvImpl: [HWA_CAM3]getPackageName :  com.virobugs
2019-10-08 17:50:47.465 744-1263/? I/chatty: uid=1013(media) pl#2 identical 1 line
2019-10-08 17:50:47.465 744-1263/? D/EnvImpl: [HWA_CAM3]getPackageName :  com.virobugs
2019-10-08 17:50:47.493 744-2049/? D/Misc____: [3c6ca2b_64D] onProcessFrame(666), afDistance(0.000000)
2019-10-08 17:50:47.494 744-2054/? I/EnvImpl: [HWA_CAM3]getArCalorieMode mArCalorieMode 0
2019-10-08 17:50:47.494 744-2054/? I/cie: FaceStoryAlgo::isCurFrameRun isCurFrameRun. Process mode 0.
2019-10-08 17:50:47.495 744-2052/? I/AntiBanding: onSubAlgoProcess() mAlgoCtx.continue_detect_cnt :1, mAlgoCtx.succ_detect_cnt : 0, mAlgoCtx.motion_flag = 1, detect_result:0, frequency_detected = 26,cur_expo = 20000
2019-10-08 17:50:47.496 613-613/? I/mediacomm@2.1-service: getMdcClient:114: get client<Camera, 221, 744>, channel<4, 1>, perfLev=1, powerStatue=0.
2019-10-08 17:50:47.496 613-613/? I/mediacomm@2.1-service: getMdcVotePerfLev:179: Connected Mdc client<Camera, 221, 744> channel<4, 1> perfLev<1>
2019-10-08 17:50:47.499 613-613/? I/mediacomm@2.1-service: doCopybit:495: client<Camera, 0> ret = 744 finish copybit -.
2019-10-08 17:50:47.499 744-2056/? I/GRALLOC: LockFlexLayout: baseFormat: 11, yStride: 640, ySize: 307200, uOffset: 307200,  uStride: 640
2019-10-08 17:50:47.499 744-2056/? I/GRALLOC: LockFlexLayout: baseFormat: 11, yStride: 640, ySize: 307200, uOffset: 307200,  uStride: 640
2019-10-08 17:50:47.500 723-2012/? I/Camera3-Stream: getBuffer: Stream 1, 0xe8722f80: Already dequeued max output buffers (7), wait for next returned one.
2019-10-08 17:50:47.500 1572-2001/com.virobugs I/GRALLOC: LockFlexLayout: baseFormat: 11, yStride: 640, ySize: 307200, uOffset: 307200,  uStride: 640
2019-10-08 17:50:47.502 744-1263/? D/EnvImpl: [HWA_CAM3]getPackageName :  com.virobugs
2019-10-08 17:50:47.502 744-1263/? I/HwaUtils: [3c6ca2b_64I] getProductExtendName() path=EMILY
2019-10-08 17:50:47.502 744-1263/? I/HwaUtils: [3c6ca2b_64I] getOneCfgFile() path=NULL
2019-10-08 17:50:47.502 744-1263/? I/HwaDMapIpp: [3c6ca2b_64I] checkNeedSwapCalibrationData() ConfigFile NULL
2019-10-08 17:50:47.502 744-1263/? D/Misc____: [3c6ca2b_64D] enter loadRequest
2019-10-08 17:50:47.503 744-1263/? D/EnvImpl: [HWA_CAM3]getPackageName :  com.virobugs
2019-10-08 17:50:47.503 744-1263/? D/IppAlgoFilter: [HWA_CAM3]loadPreviewRequest() REQUEST_DMAP_SWAP, status:0
2019-10-08 17:50:47.503 744-1263/? D/EnvImpl: [HWA_CAM3]getPackageName :  com.virobugs
2019-10-08 17:50:47.503 744-1263/? I/chatty: uid=1013(media) pl#2 identical 1 line
2019-10-08 17:50:47.503 744-1263/? D/EnvImpl: [HWA_CAM3]getPackageName :  com.virobugs
2019-10-08 17:50:47.508 744-2046/? I/HwaStatInfo: [3c6ca2b_64I] algotype is 0, videoRatio is 1.000000, ratio is 1.875000, faceNum is 0
2019-10-08 17:50:47.526 744-2046/? I/HwaStatInfo: [3c6ca2b_64I] algotype is 0, videoRatio is 1.000000, ratio is 1.875000, faceNum is 0
2019-10-08 17:50:47.527 744-2054/? I/EnvImpl: [HWA_CAM3]getArCalorieMode mArCalorieMode 0
2019-10-08 17:50:47.527 744-2054/? I/cie: FaceStoryAlgo::isCurFrameRun isCurFrameRun. Process mode 0.
2019-10-08 17:50:47.528 744-2052/? I/AntiBanding: onSubAlgoProcess() mAlgoCtx.continue_detect_cnt :1, mAlgoCtx.succ_detect_cnt : 1, mAlgoCtx.motion_flag = 1, detect_result:1, frequency_detected = 104,cur_expo = 20000
2019-10-08 17:50:47.528 613-613/? I/mediacomm@2.1-service: getMdcClient:114: get client<Camera, 221, 744>, channel<4, 1>, perfLev=1, powerStatue=0.
2019-10-08 17:50:47.528 613-613/? I/mediacomm@2.1-service: getMdcVotePerfLev:179: Connected Mdc client<Camera, 221, 744> channel<4, 1> perfLev<1>
2019-10-08 17:50:47.529 744-2049/? D/Misc____: [3c6ca2b_64D] onProcessFrame(666), afDistance(0.000000)
2019-10-08 17:50:47.532 613-613/? I/mediacomm@2.1-service: doCopybit:495: client<Camera, 0> ret = 744 finish copybit -.
2019-10-08 17:50:47.532 744-2056/? I/GRALLOC: LockFlexLayout: baseFormat: 11, yStride: 640, ySize: 307200, uOffset: 307200,  uStride: 640
2019-10-08 17:50:47.532 744-2056/? I/GRALLOC: LockFlexLayout: baseFormat: 11, yStride: 640, ySize: 307200, uOffset: 307200,  uStride: 640
2019-10-08 17:50:47.533 723-2012/? I/Camera3-Stream: getBuffer: Stream 1, 0xe8722f80: Already dequeued max output buffers (7), wait for next returned one.
2019-10-08 17:50:47.533 1572-2001/com.virobugs I/GRALLOC: LockFlexLayout: baseFormat: 11, yStride: 640, ySize: 307200, uOffset: 307200,  uStride: 640
2019-10-08 17:50:47.535 744-1263/? D/EnvImpl: [HWA_CAM3]getPackageName :  com.virobugs
2019-10-08 17:50:47.535 744-1263/? I/HwaUtils: [3c6ca2b_64I] getProductExtendName() path=EMILY
2019-10-08 17:50:47.535 744-1263/? I/HwaUtils: [3c6ca2b_64I] getOneCfgFile() path=NULL
2019-10-08 17:50:47.535 744-1263/? I/HwaDMapIpp: [3c6ca2b_64I] checkNeedSwapCalibrationData() ConfigFile NULL
2019-10-08 17:50:47.535 744-1263/? D/Misc____: [3c6ca2b_64D] enter loadRequest
2019-10-08 17:50:47.535 744-1263/? D/EnvImpl: [HWA_CAM3]getPackageName :  com.virobugs
2019-10-08 17:50:47.535 744-1263/? D/IppAlgoFilter: [HWA_CAM3]loadPreviewRequest() REQUEST_DMAP_SWAP, status:0
2019-10-08 17:50:47.535 744-1263/? D/EnvImpl: [HWA_CAM3]getPackageName :  com.virobugs
2019-10-08 17:50:47.535 744-1263/? I/chatty: uid=1013(media) pl#2 identical 1 line
2019-10-08 17:50:47.535 744-1263/? D/EnvImpl: [HWA_CAM3]getPackageName :  com.virobugs
2019-10-08 17:50:47.541 786-802/? D/motion@1.0-service: motion-hal Motion::readEvents nread: 24
2019-10-08 17:50:47.542 786-802/? D/motion@1.0-service: motion-hal Motion::readEvents motion_type: 7
2019-10-08 17:50:47.542 786-802/? D/motion@1.0-service: motion-hal Motion::readEvents motion_type == MOTIONHUB_TYPE_ROTATION
2019-10-08 17:50:47.542 786-802/? D/motion@1.0-service: motion-hal Motion::readMotionData motion_result->motion: 7
2019-10-08 17:50:47.542 786-802/? D/motion@1.0-service: motion-hal Motion::readMotionData motions_data[0]: 1
2019-10-08 17:50:47.542 786-802/? D/motion@1.0-service: motion-hal Motion::readMotionData motions_data[1]: -1
2019-10-08 17:50:47.542 786-1550/? D/motion@1.0-service: pollMotionResult poll_result_return = 2
2019-10-08 17:50:47.543 1173-1278/? I/HWExtDeviceManager: trigger onDeviceDataChanged : mListener : com.android.server.policy.HWExtMotionRotationProcessorEx$1@ce7562c,type : 700
2019-10-08 17:50:47.543 1173-1278/? D/HWEMRP: onDeviceDataChanged  proposedRotation:-1
2019-10-08 17:50:47.543 1173-1278/? D/HWEMRP: onDeviceDataChanged  oldProposedRotation:0
2019-10-08 17:50:47.543 786-802/? D/motion@1.0-service: motion_pollresult_ready::unlock out
2019-10-08 17:50:47.543 786-802/? D/motion@1.0-service:  actMotionCb mMotionClientVector.size = 0
2019-10-08 17:50:47.543 786-802/? D/motion@1.0-service: actMotionCb out
2019-10-08 17:50:47.560 744-2049/? D/Misc____: [3c6ca2b_64D] onProcessFrame(666), afDistance(0.000000)
2019-10-08 17:50:47.561 744-2054/? I/EnvImpl: [HWA_CAM3]getArCalorieMode mArCalorieMode 0
2019-10-08 17:50:47.561 744-2054/? I/cie: FaceStoryAlgo::isCurFrameRun isCurFrameRun. Process mode 0.
2019-10-08 17:50:47.562 744-2052/? I/AntiBanding: onSubAlgoProcess() mAlgoCtx.continue_detect_cnt :1, mAlgoCtx.succ_detect_cnt : 0, mAlgoCtx.motion_flag = 1, detect_result:0, frequency_detected = 26,cur_expo = 20000
2019-10-08 17:50:47.563 613-613/? I/mediacomm@2.1-service: getMdcClient:114: get client<Camera, 221, 744>, channel<4, 1>, perfLev=1, powerStatue=0.
2019-10-08 17:50:47.563 613-613/? I/mediacomm@2.1-service: getMdcVotePerfLev:179: Connected Mdc client<Camera, 221, 744> channel<4, 1> perfLev<1>
2019-10-08 17:50:47.565 613-613/? I/mediacomm@2.1-service: doCopybit:495: client<Camera, 0> ret = 744 finish copybit -.
2019-10-08 17:50:47.565 744-2056/? I/GRALLOC: LockFlexLayout: baseFormat: 11, yStride: 640, ySize: 307200, uOffset: 307200,  uStride: 640
2019-10-08 17:50:47.566 744-2056/? I/GRALLOC: LockFlexLayout: baseFormat: 11, yStride: 640, ySize: 307200, uOffset: 307200,  uStride: 640
2019-10-08 17:50:47.566 723-2012/? I/Camera3-Stream: getBuffer: Stream 1, 0xe8722f80: Already dequeued max output buffers (7), wait for next returned one.
2019-10-08 17:50:47.567 1572-2001/com.virobugs I/GRALLOC: LockFlexLayout: baseFormat: 11, yStride: 640, ySize: 307200, uOffset: 307200,  uStride: 640
2019-10-08 17:50:47.568 744-1263/? D/EnvImpl: [HWA_CAM3]getPackageName :  com.virobugs
2019-10-08 17:50:47.569 744-1263/? I/HwaUtils: [3c6ca2b_64I] getProductExtendName() path=EMILY
2019-10-08 17:50:47.569 744-1263/? I/HwaUtils: [3c6ca2b_64I] getOneCfgFile() path=NULL
2019-10-08 17:50:47.569 744-1263/? I/HwaDMapIpp: [3c6ca2b_64I] checkNeedSwapCalibrationData() ConfigFile NULL
2019-10-08 17:50:47.569 744-1263/? D/Misc____: [3c6ca2b_64D] enter loadRequest
2019-10-08 17:50:47.569 744-1263/? D/EnvImpl: [HWA_CAM3]getPackageName :  com.virobugs
2019-10-08 17:50:47.569 744-1263/? D/IppAlgoFilter: [HWA_CAM3]loadPreviewRequest() REQUEST_DMAP_SWAP, status:0
2019-10-08 17:50:47.569 744-1263/? D/EnvImpl: [HWA_CAM3]getPackageName :  com.virobugs
2019-10-08 17:50:47.569 744-1263/? I/chatty: uid=1013(media) pl#2 identical 1 line
2019-10-08 17:50:47.569 744-1263/? D/EnvImpl: [HWA_CAM3]getPackageName :  com.virobugs
2019-10-08 17:50:47.574 744-2046/? I/HwaStatInfo: [3c6ca2b_64I] algotype is 0, videoRatio is 1.000000, ratio is 1.875000, faceNum is 0
2019-10-08 17:50:47.593 744-2046/? I/HwaStatInfo: [3c6ca2b_64I] algotype is 0, videoRatio is 1.000000, ratio is 1.875000, faceNum is 0
2019-10-08 17:50:47.594 744-2054/? I/EnvImpl: [HWA_CAM3]getArCalorieMode mArCalorieMode 0
2019-10-08 17:50:47.594 744-2054/? I/cie: FaceStoryAlgo::isCurFrameRun isCurFrameRun. Process mode 0.
2019-10-08 17:50:47.594 744-2049/? D/Misc____: [3c6ca2b_64D] onProcessFrame(666), afDistance(0.000000)
2019-10-08 17:50:47.597 613-613/? I/mediacomm@2.1-service: getMdcClient:114: get client<Camera, 221, 744>, channel<4, 1>, perfLev=1, powerStatue=0.
2019-10-08 17:50:47.597 613-613/? I/mediacomm@2.1-service: getMdcVotePerfLev:179: Connected Mdc client<Camera, 221, 744> channel<4, 1> perfLev<1>
2019-10-08 17:50:47.597 744-2052/? I/AntiBanding: onSubAlgoProcess() mAlgoCtx.continue_detect_cnt :1, mAlgoCtx.succ_detect_cnt : 0, mAlgoCtx.motion_flag = 1, detect_result:0, frequency_detected = 26,cur_expo = 20000
