2019-10-08 17:50:46.290 613-613/? I/mediacomm@2.1-service: getMdcClient:114: get client<Camera, 221, 744>, channel<4, 1>, perfLev=1, powerStatue=0.
2019-10-08 17:50:46.290 613-613/? I/mediacomm@2.1-service: getMdcVotePerfLev:179: Connected Mdc client<Camera, 221, 744> channel<4, 1> perfLev<1>
2019-10-08 17:50:46.290 744-2054/? I/cie: FaceStoryAlgo::isCurFrameRun isCurFrameRun. Process mode 0.
2019-10-08 17:50:46.292 613-613/? I/mediacomm@2.1-service: doCopybit:495: client<Camera, 0> ret = 744 finish copybit -.
2019-10-08 17:50:46.292 744-2056/? I/GRALLOC: LockFlexLayout: baseFormat: 11, yStride: 640, ySize: 307200, uOffset: 307200,  uStride: 640
2019-10-08 17:50:46.292 744-2056/? I/GRALLOC: LockFlexLayout: baseFormat: 11, yStride: 640, ySize: 307200, uOffset: 307200,  uStride: 640
2019-10-08 17:50:46.293 744-2052/? I/AntiBanding: onSubAlgoProcess() mAlgoCtx.continue_detect_cnt :0, mAlgoCtx.succ_detect_cnt : 0, mAlgoCtx.motion_flag = 0, detect_result:0, frequency_detected = 0,cur_expo = 20000
2019-10-08 17:50:46.293 1572-2001/com.virobugs I/GRALLOC: LockFlexLayout: baseFormat: 11, yStride: 640, ySize: 307200, uOffset: 307200,  uStride: 640
2019-10-08 17:50:46.294 723-2012/? I/Camera3-Stream: getBuffer: Stream 0, 0xe8721c00: Already dequeued max output buffers (7), wait for next returned one.
2019-10-08 17:50:46.296 744-1263/? D/EnvImpl: [HWA_CAM3]getPackageName :  com.virobugs
2019-10-08 17:50:46.296 744-1263/? I/HwaUtils: [3c6ca2b_64I] getProductExtendName() path=EMILY
2019-10-08 17:50:46.297 744-1263/? I/HwaUtils: [3c6ca2b_64I] getOneCfgFile() path=NULL
2019-10-08 17:50:46.297 744-1263/? I/HwaDMapIpp: [3c6ca2b_64I] checkNeedSwapCalibrationData() ConfigFile NULL
2019-10-08 17:50:46.297 744-1263/? D/Misc____: [3c6ca2b_64D] enter loadRequest
2019-10-08 17:50:46.297 744-1263/? D/EnvImpl: [HWA_CAM3]getPackageName :  com.virobugs
2019-10-08 17:50:46.297 744-1263/? D/IppAlgoFilter: [HWA_CAM3]loadPreviewRequest() REQUEST_DMAP_SWAP, status:0
2019-10-08 17:50:46.297 744-1263/? D/EnvImpl: [HWA_CAM3]getPackageName :  com.virobugs
2019-10-08 17:50:46.297 744-1263/? I/chatty: uid=1013(media) pl#2 identical 1 line
2019-10-08 17:50:46.297 744-1263/? D/EnvImpl: [HWA_CAM3]getPackageName :  com.virobugs
2019-10-08 17:50:46.303 744-2046/? I/HwaStatInfo: [3c6ca2b_64I] algotype is 0, videoRatio is 1.000000, ratio is 1.875000, faceNum is 0
2019-10-08 17:50:46.321 744-2046/? I/HwaStatInfo: [3c6ca2b_64I] algotype is 0, videoRatio is 1.000000, ratio is 1.875000, faceNum is 0
2019-10-08 17:50:46.322 744-2049/? D/Misc____: [3c6ca2b_64D] onProcessFrame(666), afDistance(0.000000)
2019-10-08 17:50:46.323 744-2054/? I/EnvImpl: [HWA_CAM3]getArCalorieMode mArCalorieMode 0
2019-10-08 17:50:46.323 744-2054/? I/cie: FaceStoryAlgo::isCurFrameRun isCurFrameRun. Process mode 0.
2019-10-08 17:50:46.326 744-2052/? I/AntiBanding: onSubAlgoProcess() mAlgoCtx.continue_detect_cnt :1, mAlgoCtx.succ_detect_cnt : 0, mAlgoCtx.motion_flag = 0, detect_result:0, frequency_detected = 0,cur_expo = 20000
2019-10-08 17:50:46.326 613-613/? I/mediacomm@2.1-service: getMdcClient:114: get client<Camera, 221, 744>, channel<4, 1>, perfLev=1, powerStatue=0.
2019-10-08 17:50:46.326 613-613/? I/mediacomm@2.1-service: getMdcVotePerfLev:179: Connected Mdc client<Camera, 221, 744> channel<4, 1> perfLev<1>
2019-10-08 17:50:46.328 613-613/? I/mediacomm@2.1-service: doCopybit:495: client<Camera, 0> ret = 744 finish copybit -.
2019-10-08 17:50:46.328 744-2056/? I/GRALLOC: LockFlexLayout: baseFormat: 11, yStride: 640, ySize: 307200, uOffset: 307200,  uStride: 640
2019-10-08 17:50:46.329 744-2056/? I/GRALLOC: LockFlexLayout: baseFormat: 11, yStride: 640, ySize: 307200, uOffset: 307200,  uStride: 640
2019-10-08 17:50:46.329 723-2012/? I/Camera3-Stream: getBuffer: Stream 1, 0xe8722f80: Already dequeued max output buffers (7), wait for next returned one.
2019-10-08 17:50:46.330 1572-2001/com.virobugs I/GRALLOC: LockFlexLayout: baseFormat: 11, yStride: 640, ySize: 307200, uOffset: 307200,  uStride: 640
2019-10-08 17:50:46.331 744-1263/? D/EnvImpl: [HWA_CAM3]getPackageName :  com.virobugs
2019-10-08 17:50:46.331 744-1263/? I/HwaUtils: [3c6ca2b_64I] getProductExtendName() path=EMILY
2019-10-08 17:50:46.331 744-1263/? I/HwaUtils: [3c6ca2b_64I] getOneCfgFile() path=NULL
2019-10-08 17:50:46.331 744-1263/? I/HwaDMapIpp: [3c6ca2b_64I] checkNeedSwapCalibrationData() ConfigFile NULL
2019-10-08 17:50:46.331 744-1263/? D/Misc____: [3c6ca2b_64D] enter loadRequest
2019-10-08 17:50:46.331 744-1263/? D/EnvImpl: [HWA_CAM3]getPackageName :  com.virobugs
2019-10-08 17:50:46.331 744-1263/? D/IppAlgoFilter: [HWA_CAM3]loadPreviewRequest() REQUEST_DMAP_SWAP, status:0
2019-10-08 17:50:46.331 744-1263/? D/EnvImpl: [HWA_CAM3]getPackageName :  com.virobugs
2019-10-08 17:50:46.331 744-1263/? I/chatty: uid=1013(media) pl#2 identical 1 line
2019-10-08 17:50:46.331 744-1263/? D/EnvImpl: [HWA_CAM3]getPackageName :  com.virobugs
2019-10-08 17:50:46.355 744-2054/? I/EnvImpl: [HWA_CAM3]getArCalorieMode mArCalorieMode 0
2019-10-08 17:50:46.355 744-2054/? I/cie: FaceStoryAlgo::isCurFrameRun isCurFrameRun. Process mode 0.
2019-10-08 17:50:46.355 744-2049/? D/Misc____: [3c6ca2b_64D] onProcessFrame(666), afDistance(0.000000)
2019-10-08 17:50:46.357 744-2052/? I/AntiBanding: onSubAlgoProcess() mAlgoCtx.continue_detect_cnt :1, mAlgoCtx.succ_detect_cnt : 1, mAlgoCtx.motion_flag = 1, detect_result:1, frequency_detected = 183,cur_expo = 20000
2019-10-08 17:50:46.359 613-613/? I/mediacomm@2.1-service: getMdcClient:114: get client<Camera, 221, 744>, channel<4, 1>, perfLev=1, powerStatue=0.
2019-10-08 17:50:46.359 613-613/? I/mediacomm@2.1-service: getMdcVotePerfLev:179: Connected Mdc client<Camera, 221, 744> channel<4, 1> perfLev<1>
2019-10-08 17:50:46.361 613-613/? I/mediacomm@2.1-service: doCopybit:495: client<Camera, 0> ret = 744 finish copybit -.
2019-10-08 17:50:46.362 744-2056/? I/GRALLOC: LockFlexLayout: baseFormat: 11, yStride: 640, ySize: 307200, uOffset: 307200,  uStride: 640
2019-10-08 17:50:46.362 744-2056/? I/GRALLOC: LockFlexLayout: baseFormat: 11, yStride: 640, ySize: 307200, uOffset: 307200,  uStride: 640
2019-10-08 17:50:46.363 723-2012/? I/Camera3-Stream: getBuffer: Stream 1, 0xe8722f80: Already dequeued max output buffers (7), wait for next returned one.
2019-10-08 17:50:46.363 1572-2001/com.virobugs I/GRALLOC: LockFlexLayout: baseFormat: 11, yStride: 640, ySize: 307200, uOffset: 307200,  uStride: 640
2019-10-08 17:50:46.365 744-1263/? D/EnvImpl: [HWA_CAM3]getPackageName :  com.virobugs
2019-10-08 17:50:46.365 744-1263/? I/HwaUtils: [3c6ca2b_64I] getProductExtendName() path=EMILY
2019-10-08 17:50:46.366 744-1263/? I/HwaUtils: [3c6ca2b_64I] getOneCfgFile() path=NULL
2019-10-08 17:50:46.366 744-1263/? I/HwaDMapIpp: [3c6ca2b_64I] checkNeedSwapCalibrationData() ConfigFile NULL
2019-10-08 17:50:46.366 744-1263/? D/Misc____: [3c6ca2b_64D] enter loadRequest
2019-10-08 17:50:46.366 744-1263/? D/EnvImpl: [HWA_CAM3]getPackageName :  com.virobugs
2019-10-08 17:50:46.366 744-1263/? D/IppAlgoFilter: [HWA_CAM3]loadPreviewRequest() REQUEST_DMAP_SWAP, status:0
2019-10-08 17:50:46.366 744-1263/? D/EnvImpl: [HWA_CAM3]getPackageName :  com.virobugs
2019-10-08 17:50:46.366 744-1263/? I/chatty: uid=1013(media) pl#2 identical 1 line
2019-10-08 17:50:46.366 744-1263/? D/EnvImpl: [HWA_CAM3]getPackageName :  com.virobugs
2019-10-08 17:50:46.369 744-2046/? I/HwaStatInfo: [3c6ca2b_64I] algotype is 0, videoRatio is 1.000000, ratio is 1.875000, faceNum is 0
2019-10-08 17:50:46.388 744-2046/? I/HwaStatInfo: [3c6ca2b_64I] algotype is 0, videoRatio is 1.000000, ratio is 1.875000, faceNum is 0
2019-10-08 17:50:46.388 744-2054/? I/EnvImpl: [HWA_CAM3]getArCalorieMode mArCalorieMode 0
2019-10-08 17:50:46.388 744-2046/? I/HwaStatInfo: [3c6ca2b_64I] algotype is 0, videoRatio is 1.000000, ratio is 1.875000, faceNum is 0
2019-10-08 17:50:46.388 744-2054/? I/cie: SceneRecognition::isCurFrameRun needTrigger = 1
2019-10-08 17:50:46.388 744-2054/? I/cie: SceneRecognition::isCurFrameRun monoMode=0, mStatus=1, isCurFrameStable=1, lastStableState=1, mStableCnt=15, mUnStableCnt=0
2019-10-08 17:50:46.388 744-2054/? I/cie: FaceStoryAlgo::isCurFrameRun isCurFrameRun. Process mode 0.
2019-10-08 17:50:46.388 744-2054/? I/cie: CIE::onProcess::SceneRecognition share buffer[112*112][0x7c4c64e868][1] public preProcess running
2019-10-08 17:50:46.388 744-2049/? D/Misc____: [3c6ca2b_64D] onProcessFrame(666), afDistance(0.000000)
2019-10-08 17:50:46.389 744-2054/? I/cie: Enter SceneRecognition::process
2019-10-08 17:50:46.391 613-613/? I/mediacomm@2.1-service: getMdcClient:114: get client<Camera, 221, 744>, channel<4, 1>, perfLev=1, powerStatue=0.
2019-10-08 17:50:46.391 613-613/? I/mediacomm@2.1-service: getMdcVotePerfLev:179: Connected Mdc client<Camera, 221, 744> channel<4, 1> perfLev<1>
2019-10-08 17:50:46.391 760-2073/? I/hcs: IPUTaskScheduler::AddTask Add task to task queue successs.
2019-10-08 17:50:46.391 760-2073/? I/hcs: IPUExecutor::ForwardCompute Insert Forward_compute task[model id: 0, task id: 1] to task queue success.
2019-10-08 17:50:46.391 760-8346/? I/hcs: IPUTaskScheduler::IPUTaskHandler IPU task queue has task now, we will back to work.
2019-10-08 17:50:46.391 760-8346/? I/hcs: IPUTaskScheduler::IPUTaskHandler Not pipeline running.
2019-10-08 17:50:46.393 613-613/? I/mediacomm@2.1-service: doCopybit:495: client<Camera, 0> ret = 744 finish copybit -.
2019-10-08 17:50:46.393 744-2056/? I/GRALLOC: LockFlexLayout: baseFormat: 11, yStride: 640, ySize: 307200, uOffset: 307200,  uStride: 640
2019-10-08 17:50:46.393 744-2056/? I/GRALLOC: LockFlexLayout: baseFormat: 11, yStride: 640, ySize: 307200, uOffset: 307200,  uStride: 640
2019-10-08 17:50:46.394 723-2012/? I/Camera3-Stream: getBuffer: Stream 0, 0xe8721c00: Already dequeued max output buffers (7), wait for next returned one.
2019-10-08 17:50:46.394 723-2012/? I/Camera3-Stream: getBuffer: Stream 1, 0xe8722f80: Already dequeued max output buffers (7), wait for next returned one.
2019-10-08 17:50:46.395 1572-2001/com.virobugs I/GRALLOC: LockFlexLayout: baseFormat: 11, yStride: 640, ySize: 307200, uOffset: 307200,  uStride: 640
2019-10-08 17:50:46.396 744-1263/? D/EnvImpl: [HWA_CAM3]getPackageName :  com.virobugs
2019-10-08 17:50:46.396 744-1263/? I/HwaUtils: [3c6ca2b_64I] getProductExtendName() path=EMILY
2019-10-08 17:50:46.397 744-1263/? I/HwaUtils: [3c6ca2b_64I] getOneCfgFile() path=NULL
2019-10-08 17:50:46.397 744-1263/? I/HwaDMapIpp: [3c6ca2b_64I] checkNeedSwapCalibrationData() ConfigFile NULL
2019-10-08 17:50:46.397 744-1263/? D/Misc____: [3c6ca2b_64D] enter loadRequest
2019-10-08 17:50:46.397 744-1263/? D/EnvImpl: [HWA_CAM3]getPackageName :  com.virobugs
2019-10-08 17:50:46.397 744-1263/? D/IppAlgoFilter: [HWA_CAM3]loadPreviewRequest() REQUEST_DMAP_SWAP, status:0
2019-10-08 17:50:46.397 744-1263/? D/EnvImpl: [HWA_CAM3]getPackageName :  com.virobugs
2019-10-08 17:50:46.397 744-1263/? I/chatty: uid=1013(media) pl#2 identical 1 line
2019-10-08 17:50:46.397 744-1263/? D/EnvImpl: [HWA_CAM3]getPackageName :  com.virobugs
2019-10-08 17:50:46.404 760-8346/? I/hcs: IPUMngr_ForwardCompute Forward computing success.
2019-10-08 17:50:46.405 760-8346/? W/hcs: IPUTaskScheduler::GetIPUTask IPU task queue is empty!
2019-10-08 17:50:46.405 760-8346/? I/hcs: IPUTaskScheduler::IPUTaskHandler IPU task queue is empty, so we wait here for task.
2019-10-08 17:50:46.405 744-8341/? I/cie: Enter SceneRecognitionListener::OnProcessDone
2019-10-08 17:50:46.405 744-8341/? I/cie: SceneRecognitionListener::convertResultToVec Result1:SUNSET Conf:234.231445.
2019-10-08 17:50:46.405 744-8341/? I/cie: SceneRecognitionListener::convertResultToVec Result1:NIGHT Conf:112.600090.
2019-10-08 17:50:46.405 744-8341/? I/cie: SceneRecognitionListener::convertResultToVec Result1:TEXT Conf:1.987785.
2019-10-08 17:50:46.405 744-8341/? I/cie: SceneRecognitionListener::convertResultToVec Result1:STAGE Conf:0.384450.
2019-10-08 17:50:46.405 744-8341/? I/cie: SceneRecognitionListener::convertResultToVec Result1:CAR Conf:0.056952.
2019-10-08 17:50:46.405 744-8341/? I/cie: SceneRecognitionListener::convertResultToVec Result2:NIGHTWITHSKY Conf:954.342529.
2019-10-08 17:50:46.405 744-8341/? I/cie: SceneRecognitionListener::convertResultToVec Result2:NIGHTNOSKY Conf:45.657444.
2019-10-08 17:50:46.405 744-8341/? I/cie: SceneRecognition::filterSceneThd::i 950 0 0 49 1
2019-10-08 17:50:46.405 744-8341/? I/cie: SceneRecognition::filterSceneThd::i 950 80 0 49 1
2019-10-08 17:50:46.405 744-8341/? I/cie: SceneRecognition::filterSceneThd::i 950 0 0 49 1
2019-10-08 17:50:46.405 744-8341/? I/cie: SceneRecognition::filterSceneThd::i 950 80 0 49 1
2019-10-08 17:50:46.405 744-8341/? I/cie: SceneRecognition::filterSceneThd::i 950 0 0 49 1
2019-10-08 17:50:46.405 744-8341/? I/CIEProxy: CIECallBackMgr::onSceneRecognitionProcessDone rsltsOrig:SUNSET 3 234
2019-10-08 17:50:46.405 744-8341/? I/CIEProxy: CIECallBackMgr::onSceneRecognitionProcessDone rsltsOrig:NIGHT 8 112
2019-10-08 17:50:46.405 744-8341/? I/CIEProxy: CIECallBackMgr::onSceneRecognitionProcessDone rsltsOrig:TEXT 9 1
2019-10-08 17:50:46.406 744-8341/? I/CIEProxy: CIECallBackMgr::onSceneRecognitionProcessDone rsltsOrig:STAGE 10 0
2019-10-08 17:50:46.406 744-8341/? I/CIEProxy: CIECallBackMgr::onSceneRecognitionProcessDone rsltsOrig:CAR 17 0
2019-10-08 17:50:46.406 744-8341/? D/EventCallbackImpl: [HWA_CAM3]enter notifySDResult()
2019-10-08 17:50:46.406 744-8341/? D/EventCallbackImpl: [HWA_CAM3]enter notifyICSDResult()
2019-10-08 17:50:46.422 744-2054/? I/EnvImpl: [HWA_CAM3]getArCalorieMode mArCalorieMode 0
2019-10-08 17:50:46.422 744-2054/? I/cie: FaceStoryAlgo::isCurFrameRun isCurFrameRun. Process mode 0.
2019-10-08 17:50:46.423 744-2049/? D/Misc____: [3c6ca2b_64D] onProcessFrame(666), afDistance(0.000000)
2019-10-08 17:50:46.425 613-613/? I/mediacomm@2.1-service: getMdcClient:114: get client<Camera, 221, 744>, channel<4, 1>, perfLev=1, powerStatue=0.
2019-10-08 17:50:46.425 613-613/? I/mediacomm@2.1-service: getMdcVotePerfLev:179: Connected Mdc client<Camera, 221, 744> channel<4, 1> perfLev<1>
2019-10-08 17:50:46.427 613-613/? I/mediacomm@2.1-service: doCopybit:495: client<Camera, 0> ret = 744 finish copybit -.
2019-10-08 17:50:46.427 744-2056/? I/GRALLOC: LockFlexLayout: baseFormat: 11, yStride: 640, ySize: 307200, uOffset: 307200,  uStride: 640
2019-10-08 17:50:46.427 744-2056/? I/GRALLOC: LockFlexLayout: baseFormat: 11, yStride: 640, ySize: 307200, uOffset: 307200,  uStride: 640
2019-10-08 17:50:46.428 723-2012/? I/Camera3-Stream: getBuffer: Stream 1, 0xe8722f80: Already dequeued max output buffers (7), wait for next returned one.
2019-10-08 17:50:46.429 1572-2001/com.virobugs I/GRALLOC: LockFlexLayout: baseFormat: 11, yStride: 640, ySize: 307200, uOffset: 307200,  uStride: 640
2019-10-08 17:50:46.431 744-1263/? D/EnvImpl: [HWA_CAM3]getPackageName :  com.virobugs
2019-10-08 17:50:46.431 744-1263/? I/HwaUtils: [3c6ca2b_64I] getProductExtendName() path=EMILY
2019-10-08 17:50:46.431 744-1263/? I/HwaUtils: [3c6ca2b_64I] getOneCfgFile() path=NULL
2019-10-08 17:50:46.431 744-1263/? I/HwaDMapIpp: [3c6ca2b_64I] checkNeedSwapCalibrationData() ConfigFile NULL
2019-10-08 17:50:46.431 744-1263/? D/Misc____: [3c6ca2b_64D] enter loadRequest
2019-10-08 17:50:46.431 744-1263/? D/EnvImpl: [HWA_CAM3]getPackageName :  com.virobugs
2019-10-08 17:50:46.431 744-1263/? D/IppAlgoFilter: [HWA_CAM3]loadPreviewRequest() REQUEST_DMAP_SWAP, status:0
2019-10-08 17:50:46.431 744-1263/? D/EnvImpl: [HWA_CAM3]getPackageName :  com.virobugs
2019-10-08 17:50:46.431 744-1263/? I/chatty: uid=1013(media) pl#2 identical 1 line
2019-10-08 17:50:46.431 744-1263/? D/EnvImpl: [HWA_CAM3]getPackageName :  com.virobugs
2019-10-08 17:50:46.439 744-2046/? I/HwaStatInfo: [3c6ca2b_64I] algotype is 0, videoRatio is 1.000000, ratio is 1.875000, faceNum is 0
2019-10-08 17:50:46.457 744-2054/? I/EnvImpl: [HWA_CAM3]getArCalorieMode mArCalorieMode 0
2019-10-08 17:50:46.457 744-2049/? D/Misc____: [3c6ca2b_64D] onProcessFrame(666), afDistance(0.000000)
2019-10-08 17:50:46.458 744-2051/? I/LaserSelfCali: laserSelfCali, ambient light: 20480 ,mFrameNum:450,exp:20000,iso:359,RangeMilliMeter:406,RangeStatus:0,SignalRate:158720,onoff:1
2019-10-08 17:50:46.458 744-2054/? I/cie: FaceStoryAlgo::isCurFrameRun isCurFrameRun. Process mode 0.
2019-10-08 17:50:46.458 744-2046/? I/HwaStatInfo: [3c6ca2b_64I] algotype is 0, videoRatio is 1.000000, ratio is 1.875000, faceNum is 0
2019-10-08 17:50:46.463 613-613/? I/mediacomm@2.1-service: getMdcClient:114: get client<Camera, 221, 744>, channel<4, 1>, perfLev=1, powerStatue=0.
2019-10-08 17:50:46.463 613-613/? I/mediacomm@2.1-service: getMdcVotePerfLev:179: Connected Mdc client<Camera, 221, 744> channel<4, 1> perfLev<1>
2019-10-08 17:50:46.465 613-613/? I/mediacomm@2.1-service: doCopybit:495: client<Camera, 0> ret = 744 finish copybit -.
2019-10-08 17:50:46.466 744-2056/? I/GRALLOC: LockFlexLayout: baseFormat: 11, yStride: 640, ySize: 307200, uOffset: 307200,  uStride: 640
2019-10-08 17:50:46.466 744-2056/? I/GRALLOC: LockFlexLayout: baseFormat: 11, yStride: 640, ySize: 307200, uOffset: 307200,  uStride: 640
2019-10-08 17:50:46.467 723-2012/? I/Camera3-Stream: getBuffer: Stream 1, 0xe8722f80: Already dequeued max output buffers (7), wait for next returned one.
2019-10-08 17:50:46.468 1572-2001/com.virobugs I/GRALLOC: LockFlexLayout: baseFormat: 11, yStride: 640, ySize: 307200, uOffset: 307200,  uStride: 640
2019-10-08 17:50:46.471 744-1263/? D/EnvImpl: [HWA_CAM3]getPackageName :  com.virobugs
2019-10-08 17:50:46.471 744-1263/? I/HwaUtils: [3c6ca2b_64I] getProductExtendName() path=EMILY
2019-10-08 17:50:46.471 744-1263/? I/HwaUtils: [3c6ca2b_64I] getOneCfgFile() path=NULL
2019-10-08 17:50:46.471 744-1263/? I/HwaDMapIpp: [3c6ca2b_64I] checkNeedSwapCalibrationData() ConfigFile NULL
2019-10-08 17:50:46.471 744-1263/? D/Misc____: [3c6ca2b_64D] enter loadRequest
2019-10-08 17:50:46.471 744-1263/? D/EnvImpl: [HWA_CAM3]getPackageName :  com.virobugs
2019-10-08 17:50:46.471 744-1263/? D/IppAlgoFilter: [HWA_CAM3]loadPreviewRequest() REQUEST_DMAP_SWAP, status:0
2019-10-08 17:50:46.471 744-1263/? D/EnvImpl: [HWA_CAM3]getPackageName :  com.virobugs
2019-10-08 17:50:46.471 744-1263/? I/chatty: uid=1013(media) pl#2 identical 1 line
2019-10-08 17:50:46.471 744-1263/? D/EnvImpl: [HWA_CAM3]getPackageName :  com.virobugs
2019-10-08 17:50:46.488 744-2054/? I/EnvImpl: [HWA_CAM3]getArCalorieMode mArCalorieMode 0
2019-10-08 17:50:46.488 744-2054/? I/cie: FaceStoryAlgo::isCurFrameRun isCurFrameRun. Process mode 0.
2019-10-08 17:50:46.489 744-2049/? D/Misc____: [3c6ca2b_64D] onProcessFrame(666), afDistance(0.000000)
2019-10-08 17:50:46.490 613-613/? I/mediacomm@2.1-service: getMdcClient:114: get client<Camera, 221, 744>, channel<4, 1>, perfLev=1, powerStatue=0.
2019-10-08 17:50:46.490 613-613/? I/mediacomm@2.1-service: getMdcVotePerfLev:179: Connected Mdc client<Camera, 221, 744> channel<4, 1> perfLev<1>
2019-10-08 17:50:46.491 744-2052/? I/AntiBanding: onSubAlgoProcess() mAlgoCtx.continue_detect_cnt :1, mAlgoCtx.succ_detect_cnt : 0, mAlgoCtx.motion_flag = 1, detect_result:0, frequency_detected = 26,cur_expo = 20000
2019-10-08 17:50:46.492 613-613/? I/mediacomm@2.1-service: doCopybit:495: client<Camera, 0> ret = 744 finish copybit -.
2019-10-08 17:50:46.492 744-2056/? I/GRALLOC: LockFlexLayout: baseFormat: 11, yStride: 640, ySize: 307200, uOffset: 307200,  uStride: 640
2019-10-08 17:50:46.493 744-2056/? I/GRALLOC: LockFlexLayout: baseFormat: 11, yStride: 640, ySize: 307200, uOffset: 307200,  uStride: 640
2019-10-08 17:50:46.493 723-2012/? I/Camera3-Stream: getBuffer: Stream 0, 0xe8721c00: Already dequeued max output buffers (7), wait for next returned one.
2019-10-08 17:50:46.494 723-2012/? I/Camera3-Stream: getBuffer: Stream 1, 0xe8722f80: Already dequeued max output buffers (7), wait for next returned one.
2019-10-08 17:50:46.494 1572-2001/com.virobugs I/GRALLOC: LockFlexLayout: baseFormat: 11, yStride: 640, ySize: 307200, uOffset: 307200,  uStride: 640
2019-10-08 17:50:46.496 744-1263/? D/EnvImpl: [HWA_CAM3]getPackageName :  com.virobugs
2019-10-08 17:50:46.496 744-1263/? I/HwaUtils: [3c6ca2b_64I] getProductExtendName() path=EMILY
2019-10-08 17:50:46.496 744-1263/? I/HwaUtils: [3c6ca2b_64I] getOneCfgFile() path=NULL
2019-10-08 17:50:46.496 744-1263/? I/HwaDMapIpp: [3c6ca2b_64I] checkNeedSwapCalibrationData() ConfigFile NULL
2019-10-08 17:50:46.496 744-1263/? D/Misc____: [3c6ca2b_64D] enter loadRequest
2019-10-08 17:50:46.496 744-1263/? D/EnvImpl: [HWA_CAM3]getPackageName :  com.virobugs
2019-10-08 17:50:46.496 744-1263/? D/IppAlgoFilter: [HWA_CAM3]loadPreviewRequest() REQUEST_DMAP_SWAP, status:0
2019-10-08 17:50:46.496 744-1263/? D/EnvImpl: [HWA_CAM3]getPackageName :  com.virobugs
2019-10-08 17:50:46.496 744-1263/? I/chatty: uid=1013(media) pl#2 identical 1 line
2019-10-08 17:50:46.496 744-1263/? D/EnvImpl: [HWA_CAM3]getPackageName :  com.virobugs
2019-10-08 17:50:46.505 744-2046/? I/HwaStatInfo: [3c6ca2b_64I] algotype is 0, videoRatio is 1.000000, ratio is 1.875000, faceNum is 0
2019-10-08 17:50:46.522 744-2054/? I/EnvImpl: [HWA_CAM3]getArCalorieMode mArCalorieMode 0
2019-10-08 17:50:46.522 744-2054/? I/cie: FaceStoryAlgo::isCurFrameRun isCurFrameRun. Process mode 0.
2019-10-08 17:50:46.522 744-2049/? D/Misc____: [3c6ca2b_64D] onProcessFrame(666), afDistance(0.000000)
2019-10-08 17:50:46.524 744-2046/? I/HwaStatInfo: [3c6ca2b_64I] algotype is 0, videoRatio is 1.000000, ratio is 1.875000, faceNum is 0
2019-10-08 17:50:46.524 744-2052/? I/AntiBanding: onSubAlgoProcess() mAlgoCtx.continue_detect_cnt :1, mAlgoCtx.succ_detect_cnt : 0, mAlgoCtx.motion_flag = 1, detect_result:0, frequency_detected = 26,cur_expo = 20000
2019-10-08 17:50:46.526 613-613/? I/mediacomm@2.1-service: getMdcClient:114: get client<Camera, 221, 744>, channel<4, 1>, perfLev=1, powerStatue=0.
2019-10-08 17:50:46.526 613-613/? I/mediacomm@2.1-service: getMdcVotePerfLev:179: Connected Mdc client<Camera, 221, 744> channel<4, 1> perfLev<1>
2019-10-08 17:50:46.528 613-613/? I/mediacomm@2.1-service: doCopybit:495: client<Camera, 0> ret = 744 finish copybit -.
2019-10-08 17:50:46.529 744-2056/? I/GRALLOC: LockFlexLayout: baseFormat: 11, yStride: 640, ySize: 307200, uOffset: 307200,  uStride: 640
2019-10-08 17:50:46.529 744-2056/? I/GRALLOC: LockFlexLayout: baseFormat: 11, yStride: 640, ySize: 307200, uOffset: 307200,  uStride: 640
2019-10-08 17:50:46.529 723-2012/? I/Camera3-Stream: getBuffer: Stream 1, 0xe8722f80: Already dequeued max output buffers (7), wait for next returned one.
2019-10-08 17:50:46.530 1572-2001/com.virobugs I/GRALLOC: LockFlexLayout: baseFormat: 11, yStride: 640, ySize: 307200, uOffset: 307200,  uStride: 640
2019-10-08 17:50:46.531 24394-24394/? I/aptouch_daemon: print_log, touch:1, down:1 (+0)
2019-10-08 17:50:46.532 1173-1555/? D/libfingersense_wrapper: Calling fingersense_classify_touch()
2019-10-08 17:50:46.533 744-1263/? D/EnvImpl: [HWA_CAM3]getPackageName :  com.virobugs
2019-10-08 17:50:46.533 744-1263/? I/HwaUtils: [3c6ca2b_64I] getProductExtendName() path=EMILY
2019-10-08 17:50:46.533 744-1263/? I/HwaUtils: [3c6ca2b_64I] getOneCfgFile() path=NULL
2019-10-08 17:50:46.533 744-1263/? I/HwaDMapIpp: [3c6ca2b_64I] checkNeedSwapCalibrationData() ConfigFile NULL
2019-10-08 17:50:46.533 744-1263/? D/Misc____: [3c6ca2b_64D] enter loadRequest
2019-10-08 17:50:46.533 744-1263/? D/EnvImpl: [HWA_CAM3]getPackageName :  com.virobugs
2019-10-08 17:50:46.533 744-1263/? D/IppAlgoFilter: [HWA_CAM3]loadPreviewRequest() REQUEST_DMAP_SWAP, status:0
2019-10-08 17:50:46.533 744-1263/? D/EnvImpl: [HWA_CAM3]getPackageName :  com.virobugs
2019-10-08 17:50:46.533 744-1263/? I/chatty: uid=1013(media) pl#2 identical 1 line
2019-10-08 17:50:46.533 744-1263/? D/EnvImpl: [HWA_CAM3]getPackageName :  com.virobugs
2019-10-08 17:50:46.539 1173-1555/? D/libfingersense_wrapper: fingersense_classify_touch() finished
2019-10-08 17:50:46.540 1173-1555/? D/fingerTest: event.x=:300.0 event.y=:793.0
2019-10-08 17:50:46.541 1173-1555/? D/fingerTest: MotionEvent.ACTION_DOWN
2019-10-08 17:50:46.556 744-2054/? I/EnvImpl: [HWA_CAM3]getArCalorieMode mArCalorieMode 0
2019-10-08 17:50:46.556 744-2054/? I/cie: FaceStoryAlgo::isCurFrameRun isCurFrameRun. Process mode 0.
2019-10-08 17:50:46.556 744-2049/? D/Misc____: [3c6ca2b_64D] onProcessFrame(666), afDistance(0.000000)
2019-10-08 17:50:46.558 744-2052/? I/AntiBanding: onSubAlgoProcess() mAlgoCtx.continue_detect_cnt :1, mAlgoCtx.succ_detect_cnt : 1, mAlgoCtx.motion_flag = 1, detect_result:1, frequency_detected = 104,cur_expo = 20000
2019-10-08 17:50:46.560 613-613/? I/mediacomm@2.1-service: getMdcClient:114: get client<Camera, 221, 744>, channel<4, 1>, perfLev=1, powerStatue=0.
2019-10-08 17:50:46.560 613-613/? I/mediacomm@2.1-service: getMdcVotePerfLev:179: Connected Mdc client<Camera, 221, 744> channel<4, 1> perfLev<1>
2019-10-08 17:50:46.562 613-613/? I/mediacomm@2.1-service: doCopybit:495: client<Camera, 0> ret = 744 finish copybit -.
2019-10-08 17:50:46.563 744-2056/? I/GRALLOC: LockFlexLayout: baseFormat: 11, yStride: 640, ySize: 307200, uOffset: 307200,  uStride: 640
2019-10-08 17:50:46.563 744-2056/? I/GRALLOC: LockFlexLayout: baseFormat: 11, yStride: 640, ySize: 307200, uOffset: 307200,  uStride: 640
2019-10-08 17:50:46.564 1572-2001/com.virobugs I/GRALLOC: LockFlexLayout: baseFormat: 11, yStride: 640, ySize: 307200, uOffset: 307200,  uStride: 640
2019-10-08 17:50:46.569 744-1263/? D/EnvImpl: [HWA_CAM3]getPackageName :  com.virobugs
2019-10-08 17:50:46.570 744-1263/? I/HwaUtils: [3c6ca2b_64I] getProductExtendName() path=EMILY
2019-10-08 17:50:46.570 744-1263/? I/HwaUtils: [3c6ca2b_64I] getOneCfgFile() path=NULL
2019-10-08 17:50:46.570 744-1263/? I/HwaDMapIpp: [3c6ca2b_64I] checkNeedSwapCalibrationData() ConfigFile NULL
2019-10-08 17:50:46.570 744-1263/? D/Misc____: [3c6ca2b_64D] enter loadRequest
2019-10-08 17:50:46.570 744-1263/? D/EnvImpl: [HWA_CAM3]getPackageName :  com.virobugs
2019-10-08 17:50:46.570 744-1263/? D/IppAlgoFilter: [HWA_CAM3]loadPreviewRequest() REQUEST_DMAP_SWAP, status:0
2019-10-08 17:50:46.570 744-1263/? D/EnvImpl: [HWA_CAM3]getPackageName :  com.virobugs
2019-10-08 17:50:46.570 744-1263/? I/chatty: uid=1013(media) pl#2 identical 1 line
2019-10-08 17:50:46.570 744-1263/? D/EnvImpl: [HWA_CAM3]getPackageName :  com.virobugs
2019-10-08 17:50:46.570 744-2046/? I/HwaStatInfo: [3c6ca2b_64I] algotype is 0, videoRatio is 1.000000, ratio is 1.875000, faceNum is 0
2019-10-08 17:50:46.589 744-2046/? I/HwaStatInfo: [3c6ca2b_64I] algotype is 0, videoRatio is 1.000000, ratio is 1.875000, faceNum is 0
2019-10-08 17:50:46.589 744-2054/? I/EnvImpl: [HWA_CAM3]getArCalorieMode mArCalorieMode 0
2019-10-08 17:50:46.589 744-2054/? I/cie: FaceStoryAlgo::isCurFrameRun isCurFrameRun. Process mode 0.
2019-10-08 17:50:46.589 744-2049/? D/Misc____: [3c6ca2b_64D] onProcessFrame(666), afDistance(0.000000)
2019-10-08 17:50:46.591 744-2052/? I/AntiBanding: onSubAlgoProcess() mAlgoCtx.continue_detect_cnt :1, mAlgoCtx.succ_detect_cnt : 1, mAlgoCtx.motion_flag = 1, detect_result:1, frequency_detected = 104,cur_expo = 20000
2019-10-08 17:50:46.591 613-613/? I/mediacomm@2.1-service: getMdcClient:114: get client<Camera, 221, 744>, channel<4, 1>, perfLev=1, powerStatue=0.
2019-10-08 17:50:46.591 613-613/? I/mediacomm@2.1-service: getMdcVotePerfLev:179: Connected Mdc client<Camera, 221, 744> channel<4, 1> perfLev<1>
2019-10-08 17:50:46.593 613-613/? I/mediacomm@2.1-service: doCopybit:495: client<Camera, 0> ret = 744 finish copybit -.
2019-10-08 17:50:46.593 744-2056/? I/GRALLOC: LockFlexLayout: baseFormat: 11, yStride: 640, ySize: 307200, uOffset: 307200,  uStride: 640
2019-10-08 17:50:46.593 744-2056/? I/GRALLOC: LockFlexLayout: baseFormat: 11, yStride: 640, ySize: 307200, uOffset: 307200,  uStride: 640
2019-10-08 17:50:46.594 723-2012/? I/Camera3-Stream: getBuffer: Stream 0, 0xe8721c00: Already dequeued max output buffers (7), wait for next returned one.
2019-10-08 17:50:46.594 723-2012/? I/Camera3-Stream: getBuffer: Stream 1, 0xe8722f80: Already dequeued max output buffers (7), wait for next returned one.
2019-10-08 17:50:46.595 1572-2001/com.virobugs I/GRALLOC: LockFlexLayout: baseFormat: 11, yStride: 640, ySize: 307200, uOffset: 307200,  uStride: 640
2019-10-08 17:50:46.596 744-1263/? D/EnvImpl: [HWA_CAM3]getPackageName :  com.virobugs
2019-10-08 17:50:46.596 744-1263/? I/HwaUtils: [3c6ca2b_64I] getProductExtendName() path=EMILY
2019-10-08 17:50:46.596 744-1263/? I/HwaUtils: [3c6ca2b_64I] getOneCfgFile() path=NULL
2019-10-08 17:50:46.596 744-1263/? I/HwaDMapIpp: [3c6ca2b_64I] checkNeedSwapCalibrationData() ConfigFile NULL
2019-10-08 17:50:46.596 744-1263/? D/Misc____: [3c6ca2b_64D] enter loadRequest
2019-10-08 17:50:46.596 744-1263/? D/EnvImpl: [HWA_CAM3]getPackageName :  com.virobugs
2019-10-08 17:50:46.596 744-1263/? D/IppAlgoFilter: [HWA_CAM3]loadPreviewRequest() REQUEST_DMAP_SWAP, status:0
2019-10-08 17:50:46.596 744-1263/? D/EnvImpl: [HWA_CAM3]getPackageName :  com.virobugs
2019-10-08 17:50:46.596 744-1263/? I/chatty: uid=1013(media) pl#2 identical 1 line
2019-10-08 17:50:46.596 744-1263/? D/EnvImpl: [HWA_CAM3]getPackageName :  com.virobugs
2019-10-08 17:50:46.597 744-1254/? I/MRMain: [3c6ca2b_64I] onConfig ret: 0,mLastEnableStatus: 0
2019-10-08 17:50:46.622 744-2054/? I/EnvImpl: [HWA_CAM3]getArCalorieMode mArCalorieMode 0
2019-10-08 17:50:46.622 744-2054/? I/cie: FaceStoryAlgo::isCurFrameRun isCurFrameRun. Process mode 0.
2019-10-08 17:50:46.624 744-2049/? D/Misc____: [3c6ca2b_64D] onProcessFrame(666), afDistance(0.000000)
2019-10-08 17:50:46.625 613-613/? I/mediacomm@2.1-service: getMdcClient:114: get client<Camera, 221, 744>, channel<4, 1>, perfLev=1, powerStatue=0.
2019-10-08 17:50:46.625 613-613/? I/mediacomm@2.1-service: getMdcVotePerfLev:179: Connected Mdc client<Camera, 221, 744> channel<4, 1> perfLev<1>
2019-10-08 17:50:46.627 613-613/? I/mediacomm@2.1-service: doCopybit:495: client<Camera, 0> ret = 744 finish copybit -.
2019-10-08 17:50:46.628 744-2056/? I/GRALLOC: LockFlexLayout: baseFormat: 11, yStride: 640, ySize: 307200, uOffset: 307200,  uStride: 640
2019-10-08 17:50:46.628 744-2056/? I/GRALLOC: LockFlexLayout: baseFormat: 11, yStride: 640, ySize: 307200, uOffset: 307200,  uStride: 640
2019-10-08 17:50:46.629 723-2012/? I/Camera3-Stream: getBuffer: Stream 1, 0xe8722f80: Already dequeued max output buffers (7), wait for next returned one.
2019-10-08 17:50:46.629 1572-2001/com.virobugs I/GRALLOC: LockFlexLayout: baseFormat: 11, yStride: 640, ySize: 307200, uOffset: 307200,  uStride: 640
2019-10-08 17:50:46.630 744-1263/? D/EnvImpl: [HWA_CAM3]getPackageName :  com.virobugs
2019-10-08 17:50:46.630 744-1263/? I/HwaUtils: [3c6ca2b_64I] getProductExtendName() path=EMILY
2019-10-08 17:50:46.630 744-1263/? I/HwaUtils: [3c6ca2b_64I] getOneCfgFile() path=NULL
2019-10-08 17:50:46.631 744-1263/? I/HwaDMapIpp: [3c6ca2b_64I] checkNeedSwapCalibrationData() ConfigFile NULL
2019-10-08 17:50:46.631 744-1263/? D/Misc____: [3c6ca2b_64D] enter loadRequest
2019-10-08 17:50:46.631 744-1263/? D/EnvImpl: [HWA_CAM3]getPackageName :  com.virobugs
2019-10-08 17:50:46.631 744-1263/? D/IppAlgoFilter: [HWA_CAM3]loadPreviewRequest() REQUEST_DMAP_SWAP, status:0
2019-10-08 17:50:46.631 744-1263/? D/EnvImpl: [HWA_CAM3]getPackageName :  com.virobugs
2019-10-08 17:50:46.631 744-1263/? I/chatty: uid=1013(media) pl#2 identical 1 line
2019-10-08 17:50:46.631 744-1263/? D/EnvImpl: [HWA_CAM3]getPackageName :  com.virobugs
2019-10-08 17:50:46.632 744-1254/? I/MRMain: [3c6ca2b_64I] checkConfig(), enableV1=0, enableV2=0, enableV3=0
2019-10-08 17:50:46.636 744-2046/? I/HwaStatInfo: [3c6ca2b_64I] algotype is 0, videoRatio is 1.000000, ratio is 1.875000, faceNum is 0
2019-10-08 17:50:46.654 744-2046/? I/HwaStatInfo: [3c6ca2b_64I] algotype is 0, videoRatio is 1.000000, ratio is 1.875000, faceNum is 0
2019-10-08 17:50:46.654 744-2054/? I/EnvImpl: [HWA_CAM3]getArCalorieMode mArCalorieMode 0
2019-10-08 17:50:46.654 744-2049/? D/Misc____: [3c6ca2b_64D] onProcessFrame(666), afDistance(0.000000)
2019-10-08 17:50:46.654 744-2054/? I/cie: FaceStoryAlgo::isCurFrameRun isCurFrameRun. Process mode 0.
2019-10-08 17:50:46.656 613-613/? I/mediacomm@2.1-service: getMdcClient:114: get client<Camera, 221, 744>, channel<4, 1>, perfLev=1, powerStatue=0.
2019-10-08 17:50:46.656 613-613/? I/mediacomm@2.1-service: getMdcVotePerfLev:179: Connected Mdc client<Camera, 221, 744> channel<4, 1> perfLev<1>
2019-10-08 17:50:46.658 613-613/? I/mediacomm@2.1-service: doCopybit:495: client<Camera, 0> ret = 744 finish copybit -.
2019-10-08 17:50:46.658 744-2052/? I/AntiBanding: onSubAlgoProcess() mAlgoCtx.continue_detect_cnt :1, mAlgoCtx.succ_detect_cnt : 0, mAlgoCtx.motion_flag = 1, detect_result:0, frequency_detected = 26,cur_expo = 20000
2019-10-08 17:50:46.659 744-2056/? I/GRALLOC: LockFlexLayout: baseFormat: 11, yStride: 640, ySize: 307200, uOffset: 307200,  uStride: 640
2019-10-08 17:50:46.659 744-2056/? I/GRALLOC: LockFlexLayout: baseFormat: 11, yStride: 640, ySize: 307200, uOffset: 307200,  uStride: 640
2019-10-08 17:50:46.660 723-2012/? I/Camera3-Stream: getBuffer: Stream 1, 0xe8722f80: Already dequeued max output buffers (7), wait for next returned one.
2019-10-08 17:50:46.660 1572-2001/com.virobugs I/GRALLOC: LockFlexLayout: baseFormat: 11, yStride: 640, ySize: 307200, uOffset: 307200,  uStride: 640
2019-10-08 17:50:46.663 611-1341/? D/asd_primary_out: L[0],R[0], continus 20 times!
2019-10-08 17:50:46.665 744-1263/? D/EnvImpl: [HWA_CAM3]getPackageName :  com.virobugs
2019-10-08 17:50:46.665 744-1263/? I/HwaUtils: [3c6ca2b_64I] getProductExtendName() path=EMILY
2019-10-08 17:50:46.665 744-1263/? I/HwaUtils: [3c6ca2b_64I] getOneCfgFile() path=NULL
2019-10-08 17:50:46.665 744-1263/? I/HwaDMapIpp: [3c6ca2b_64I] checkNeedSwapCalibrationData() ConfigFile NULL
2019-10-08 17:50:46.665 744-1263/? D/Misc____: [3c6ca2b_64D] enter loadRequest
2019-10-08 17:50:46.665 744-1263/? D/EnvImpl: [HWA_CAM3]getPackageName :  com.virobugs
2019-10-08 17:50:46.665 744-1263/? D/IppAlgoFilter: [HWA_CAM3]loadPreviewRequest() REQUEST_DMAP_SWAP, status:0
2019-10-08 17:50:46.665 744-1263/? D/EnvImpl: [HWA_CAM3]getPackageName :  com.virobugs
2019-10-08 17:50:46.665 744-1263/? I/chatty: uid=1013(media) pl#2 identical 1 line
2019-10-08 17:50:46.665 744-1263/? D/EnvImpl: [HWA_CAM3]getPackageName :  com.virobugs
2019-10-08 17:50:46.691 744-2049/? D/Misc____: [3c6ca2b_64D] onProcessFrame(666), afDistance(0.000000)
2019-10-08 17:50:46.691 744-2054/? I/EnvImpl: [HWA_CAM3]getArCalorieMode mArCalorieMode 0
2019-10-08 17:50:46.692 744-2054/? I/cie: FaceStoryAlgo::isCurFrameRun isCurFrameRun. Process mode 0.
2019-10-08 17:50:46.694 744-2052/? I/AntiBanding: onSubAlgoProcess() mAlgoCtx.continue_detect_cnt :1, mAlgoCtx.succ_detect_cnt : 0, mAlgoCtx.motion_flag = 1, detect_result:0, frequency_detected = 26,cur_expo = 20000
2019-10-08 17:50:46.694 613-613/? I/mediacomm@2.1-service: getMdcClient:114: get client<Camera, 221, 744>, channel<4, 1>, perfLev=1, powerStatue=0.
2019-10-08 17:50:46.694 613-613/? I/mediacomm@2.1-service: getMdcVotePerfLev:179: Connected Mdc client<Camera, 221, 744> channel<4, 1> perfLev<1>
2019-10-08 17:50:46.697 613-613/? I/mediacomm@2.1-service: doCopybit:495: client<Camera, 0> ret = 744 finish copybit -.
2019-10-08 17:50:46.697 744-2056/? I/GRALLOC: LockFlexLayout: baseFormat: 11, yStride: 640, ySize: 307200, uOffset: 307200,  uStride: 640
2019-10-08 17:50:46.697 744-2056/? I/GRALLOC: LockFlexLayout: baseFormat: 11, yStride: 640, ySize: 307200, uOffset: 307200,  uStride: 640
2019-10-08 17:50:46.698 1572-2001/com.virobugs I/GRALLOC: LockFlexLayout: baseFormat: 11, yStride: 640, ySize: 307200, uOffset: 307200,  uStride: 640
2019-10-08 17:50:46.704 744-1263/? D/EnvImpl: [HWA_CAM3]getPackageName :  com.virobugs
2019-10-08 17:50:46.705 744-1263/? I/HwaUtils: [3c6ca2b_64I] getProductExtendName() path=EMILY
2019-10-08 17:50:46.705 744-1263/? I/HwaUtils: [3c6ca2b_64I] getOneCfgFile() path=NULL
2019-10-08 17:50:46.705 744-1263/? I/HwaDMapIpp: [3c6ca2b_64I] checkNeedSwapCalibrationData() ConfigFile NULL
2019-10-08 17:50:46.705 744-1263/? D/Misc____: [3c6ca2b_64D] enter loadRequest
2019-10-08 17:50:46.705 744-1263/? D/EnvImpl: [HWA_CAM3]getPackageName :  com.virobugs
2019-10-08 17:50:46.705 744-1263/? D/IppAlgoFilter: [HWA_CAM3]loadPreviewRequest() REQUEST_DMAP_SWAP, status:0
2019-10-08 17:50:46.704 744-2046/? I/HwaStatInfo: [3c6ca2b_64I] algotype is 0, videoRatio is 1.000000, ratio is 1.875000, faceNum is 0
2019-10-08 17:50:46.705 744-1263/? D/EnvImpl: [HWA_CAM3]getPackageName :  com.virobugs
2019-10-08 17:50:46.705 744-1263/? I/chatty: uid=1013(media) pl#2 identical 1 line
2019-10-08 17:50:46.705 744-1263/? D/EnvImpl: [HWA_CAM3]getPackageName :  com.virobugs
2019-10-08 17:50:46.715 24394-24394/? I/aptouch_daemon: print_log, touch:0, down:0
2019-10-08 17:50:46.716 1173-1555/? D/fingerTest: event.x=:300.0 event.y=:791.0
2019-10-08 17:50:46.716 1173-1555/? D/fingerTest: MotionEvent.ACTION_UP
2019-10-08 17:50:46.725 744-2046/? I/HwaStatInfo: [3c6ca2b_64I] algotype is 0, videoRatio is 1.000000, ratio is 1.875000, faceNum is 0
2019-10-08 17:50:46.725 744-2054/? I/EnvImpl: [HWA_CAM3]getArCalorieMode mArCalorieMode 0
2019-10-08 17:50:46.725 744-2054/? I/cie: FaceStoryAlgo::isCurFrameRun isCurFrameRun. Process mode 0.
2019-10-08 17:50:46.726 744-2049/? D/Misc____: [3c6ca2b_64D] onProcessFrame(666), afDistance(0.000000)
2019-10-08 17:50:46.727 613-613/? I/mediacomm@2.1-service: getMdcClient:114: get client<Camera, 221, 744>, channel<4, 1>, perfLev=1, powerStatue=0.
2019-10-08 17:50:46.727 613-613/? I/mediacomm@2.1-service: getMdcVotePerfLev:179: Connected Mdc client<Camera, 221, 744> channel<4, 1> perfLev<1>
2019-10-08 17:50:46.728 744-2052/? I/AntiBanding: onSubAlgoProcess() mAlgoCtx.continue_detect_cnt :1, mAlgoCtx.succ_detect_cnt : 0, mAlgoCtx.motion_flag = 1, detect_result:0, frequency_detected = 26,cur_expo = 20000
2019-10-08 17:50:46.729 613-613/? I/mediacomm@2.1-service: doCopybit:495: client<Camera, 0> ret = 744 finish copybit -.
2019-10-08 17:50:46.729 744-2056/? I/GRALLOC: LockFlexLayout: baseFormat: 11, yStride: 640, ySize: 307200, uOffset: 307200,  uStride: 640
2019-10-08 17:50:46.730 744-2056/? I/GRALLOC: LockFlexLayout: baseFormat: 11, yStride: 640, ySize: 307200, uOffset: 307200,  uStride: 640
2019-10-08 17:50:46.730 723-2012/? I/Camera3-Stream: getBuffer: Stream 0, 0xe8721c00: Already dequeued max output buffers (7), wait for next returned one.
2019-10-08 17:50:46.731 723-2012/? I/Camera3-Stream: getBuffer: Stream 1, 0xe8722f80: Already dequeued max output buffers (7), wait for next returned one.
2019-10-08 17:50:46.732 1572-2001/com.virobugs I/GRALLOC: LockFlexLayout: baseFormat: 11, yStride: 640, ySize: 307200, uOffset: 307200,  uStride: 640
2019-10-08 17:50:46.733 744-1263/? D/EnvImpl: [HWA_CAM3]getPackageName :  com.virobugs
2019-10-08 17:50:46.733 744-1263/? I/HwaUtils: [3c6ca2b_64I] getProductExtendName() path=EMILY
2019-10-08 17:50:46.734 744-1263/? I/HwaUtils: [3c6ca2b_64I] getOneCfgFile() path=NULL
2019-10-08 17:50:46.734 744-1263/? I/HwaDMapIpp: [3c6ca2b_64I] checkNeedSwapCalibrationData() ConfigFile NULL
2019-10-08 17:50:46.734 744-1263/? D/Misc____: [3c6ca2b_64D] enter loadRequest
2019-10-08 17:50:46.734 744-1263/? D/EnvImpl: [HWA_CAM3]getPackageName :  com.virobugs
2019-10-08 17:50:46.734 744-1263/? D/IppAlgoFilter: [HWA_CAM3]loadPreviewRequest() REQUEST_DMAP_SWAP, status:0
2019-10-08 17:50:46.734 744-1263/? D/EnvImpl: [HWA_CAM3]getPackageName :  com.virobugs
2019-10-08 17:50:46.734 744-1263/? I/chatty: uid=1013(media) pl#2 identical 1 line
2019-10-08 17:50:46.734 744-1263/? D/EnvImpl: [HWA_CAM3]getPackageName :  com.virobugs
2019-10-08 17:50:46.757 744-2049/? D/Misc____: [3c6ca2b_64D] onProcessFrame(666), afDistance(0.000000)
2019-10-08 17:50:46.757 744-2054/? I/EnvImpl: [HWA_CAM3]getArCalorieMode mArCalorieMode 0
2019-10-08 17:50:46.757 744-2054/? I/cie: FaceStoryAlgo::isCurFrameRun isCurFrameRun. Process mode 0.
2019-10-08 17:50:46.759 613-613/? I/mediacomm@2.1-service: getMdcClient:114: get client<Camera, 221, 744>, channel<4, 1>, perfLev=1, powerStatue=0.
2019-10-08 17:50:46.759 613-613/? I/mediacomm@2.1-service: getMdcVotePerfLev:179: Connected Mdc client<Camera, 221, 744> channel<4, 1> perfLev<1>
2019-10-08 17:50:46.759 744-2052/? I/AntiBanding: onSubAlgoProcess() mAlgoCtx.continue_detect_cnt :1, mAlgoCtx.succ_detect_cnt : 0, mAlgoCtx.motion_flag = 1, detect_result:0, frequency_detected = 78,cur_expo = 20000
2019-10-08 17:50:46.761 613-613/? I/mediacomm@2.1-service: doCopybit:495: client<Camera, 0> ret = 744 finish copybit -.
2019-10-08 17:50:46.761 744-2056/? I/GRALLOC: LockFlexLayout: baseFormat: 11, yStride: 640, ySize: 307200, uOffset: 307200,  uStride: 640
2019-10-08 17:50:46.761 744-2056/? I/GRALLOC: LockFlexLayout: baseFormat: 11, yStride: 640, ySize: 307200, uOffset: 307200,  uStride: 640
2019-10-08 17:50:46.762 1572-2001/com.virobugs I/GRALLOC: LockFlexLayout: baseFormat: 11, yStride: 640, ySize: 307200, uOffset: 307200,  uStride: 640
2019-10-08 17:50:46.764 744-1263/? D/EnvImpl: [HWA_CAM3]getPackageName :  com.virobugs
2019-10-08 17:50:46.764 744-1263/? I/HwaUtils: [3c6ca2b_64I] getProductExtendName() path=EMILY
2019-10-08 17:50:46.765 744-1263/? I/HwaUtils: [3c6ca2b_64I] getOneCfgFile() path=NULL
2019-10-08 17:50:46.765 744-1263/? I/HwaDMapIpp: [3c6ca2b_64I] checkNeedSwapCalibrationData() ConfigFile NULL
2019-10-08 17:50:46.765 744-1263/? D/Misc____: [3c6ca2b_64D] enter loadRequest
2019-10-08 17:50:46.765 744-1263/? D/EnvImpl: [HWA_CAM3]getPackageName :  com.virobugs
2019-10-08 17:50:46.765 744-1263/? D/IppAlgoFilter: [HWA_CAM3]loadPreviewRequest() REQUEST_DMAP_SWAP, status:0
2019-10-08 17:50:46.765 744-1263/? D/EnvImpl: [HWA_CAM3]getPackageName :  com.virobugs
2019-10-08 17:50:46.765 744-1263/? I/chatty: uid=1013(media) pl#2 identical 1 line
2019-10-08 17:50:46.765 744-1263/? D/EnvImpl: [HWA_CAM3]getPackageName :  com.virobugs
2019-10-08 17:50:46.770 744-2046/? I/HwaStatInfo: [3c6ca2b_64I] algotype is 0, videoRatio is 1.000000, ratio is 1.875000, faceNum is 0
2019-10-08 17:50:46.790 744-2046/? I/HwaStatInfo: [3c6ca2b_64I] algotype is 0, videoRatio is 1.000000, ratio is 1.875000, faceNum is 0
2019-10-08 17:50:46.790 744-2054/? I/EnvImpl: [HWA_CAM3]getArCalorieMode mArCalorieMode 0
2019-10-08 17:50:46.791 744-2049/? D/Misc____: [3c6ca2b_64D] onProcessFrame(666), afDistance(0.000000)
2019-10-08 17:50:46.791 744-2054/? I/cie: FaceStoryAlgo::isCurFrameRun isCurFrameRun. Process mode 0.
2019-10-08 17:50:46.794 613-613/? I/mediacomm@2.1-service: getMdcClient:114: get client<Camera, 221, 744>, channel<4, 1>, perfLev=1, powerStatue=0.
2019-10-08 17:50:46.794 613-613/? I/mediacomm@2.1-service: getMdcVotePerfLev:179: Connected Mdc client<Camera, 221, 744> channel<4, 1> perfLev<1>
2019-10-08 17:50:46.794 744-2052/? I/AntiBanding: onSubAlgoProcess() mAlgoCtx.continue_detect_cnt :1, mAlgoCtx.succ_detect_cnt : 0, mAlgoCtx.motion_flag = 1, detect_result:0, frequency_detected = 26,cur_expo = 20000
2019-10-08 17:50:46.796 613-613/? I/mediacomm@2.1-service: doCopybit:495: client<Camera, 0> ret = 744 finish copybit -.
2019-10-08 17:50:46.796 744-2056/? I/GRALLOC: LockFlexLayout: baseFormat: 11, yStride: 640, ySize: 307200, uOffset: 307200,  uStride: 640
2019-10-08 17:50:46.796 744-2056/? I/GRALLOC: LockFlexLayout: baseFormat: 11, yStride: 640, ySize: 307200, uOffset: 307200,  uStride: 640
2019-10-08 17:50:46.797 723-2012/? I/Camera3-Stream: getBuffer: Stream 0, 0xe8721c00: Already dequeued max output buffers (7), wait for next returned one.
2019-10-08 17:50:46.797 723-2012/? I/Camera3-Stream: getBuffer: Stream 1, 0xe8722f80: Already dequeued max output buffers (7), wait for next returned one.
2019-10-08 17:50:46.798 1572-2001/com.virobugs I/GRALLOC: LockFlexLayout: baseFormat: 11, yStride: 640, ySize: 307200, uOffset: 307200,  uStride: 640
2019-10-08 17:50:46.799 744-1263/? D/EnvImpl: [HWA_CAM3]getPackageName :  com.virobugs
2019-10-08 17:50:46.799 744-1263/? I/HwaUtils: [3c6ca2b_64I] getProductExtendName() path=EMILY
2019-10-08 17:50:46.800 744-1263/? I/HwaUtils: [3c6ca2b_64I] getOneCfgFile() path=NULL
2019-10-08 17:50:46.800 744-1263/? I/HwaDMapIpp: [3c6ca2b_64I] checkNeedSwapCalibrationData() ConfigFile NULL
2019-10-08 17:50:46.800 744-1263/? D/Misc____: [3c6ca2b_64D] enter loadRequest
2019-10-08 17:50:46.800 744-1263/? D/EnvImpl: [HWA_CAM3]getPackageName :  com.virobugs
2019-10-08 17:50:46.800 744-1263/? D/IppAlgoFilter: [HWA_CAM3]loadPreviewRequest() REQUEST_DMAP_SWAP, status:0
2019-10-08 17:50:46.800 744-1263/? D/EnvImpl: [HWA_CAM3]getPackageName :  com.virobugs
2019-10-08 17:50:46.800 744-1263/? I/chatty: uid=1013(media) pl#2 identical 1 line
2019-10-08 17:50:46.800 744-1263/? D/EnvImpl: [HWA_CAM3]getPackageName :  com.virobugs
2019-10-08 17:50:46.808 24394-24394/? I/aptouch_daemon: print_log, touch:1, down:1 (+0)
2019-10-08 17:50:46.808 1173-1555/? D/libfingersense_wrapper: Calling fingersense_classify_touch()
2019-10-08 17:50:46.813 1173-1555/? D/libfingersense_wrapper: fingersense_classify_touch() finished
2019-10-08 17:50:46.813 1173-1555/? D/fingerTest: event.x=:332.0 event.y=:778.0
2019-10-08 17:50:46.813 1173-1555/? D/fingerTest: MotionEvent.ACTION_DOWN
2019-10-08 17:50:46.815 1173-1278/? D/KnockGestureDetector: onAnyTouchEvent current appFilter=0
2019-10-08 17:50:46.824 744-2054/? I/EnvImpl: [HWA_CAM3]getArCalorieMode mArCalorieMode 0
2019-10-08 17:50:46.824 744-2049/? D/Misc____: [3c6ca2b_64D] onProcessFrame(666), afDistance(0.000000)
2019-10-08 17:50:46.824 744-2054/? I/cie: FaceStoryAlgo::isCurFrameRun isCurFrameRun. Process mode 0.
2019-10-08 17:50:46.826 613-613/? I/mediacomm@2.1-service: getMdcClient:114: get client<Camera, 221, 744>, channel<4, 1>, perfLev=1, powerStatue=0.
2019-10-08 17:50:46.826 613-613/? I/mediacomm@2.1-service: getMdcVotePerfLev:179: Connected Mdc client<Camera, 221, 744> channel<4, 1> perfLev<1>
2019-10-08 17:50:46.828 613-613/? I/mediacomm@2.1-service: doCopybit:495: client<Camera, 0> ret = 744 finish copybit -.
2019-10-08 17:50:46.829 744-2056/? I/GRALLOC: LockFlexLayout: baseFormat: 11, yStride: 640, ySize: 307200, uOffset: 307200,  uStride: 640
2019-10-08 17:50:46.829 744-2056/? I/GRALLOC: LockFlexLayout: baseFormat: 11, yStride: 640, ySize: 307200, uOffset: 307200,  uStride: 640
2019-10-08 17:50:46.830 723-2012/? I/Camera3-Stream: getBuffer: Stream 1, 0xe8722f80: Already dequeued max output buffers (7), wait for next returned one.
2019-10-08 17:50:46.831 1572-2001/com.virobugs I/GRALLOC: LockFlexLayout: baseFormat: 11, yStride: 640, ySize: 307200, uOffset: 307200,  uStride: 640
2019-10-08 17:50:46.833 744-1263/? D/EnvImpl: [HWA_CAM3]getPackageName :  com.virobugs
2019-10-08 17:50:46.833 744-1263/? I/HwaUtils: [3c6ca2b_64I] getProductExtendName() path=EMILY
2019-10-08 17:50:46.833 744-1263/? I/HwaUtils: [3c6ca2b_64I] getOneCfgFile() path=NULL
2019-10-08 17:50:46.833 744-1263/? I/HwaDMapIpp: [3c6ca2b_64I] checkNeedSwapCalibrationData() ConfigFile NULL
2019-10-08 17:50:46.833 744-1263/? D/Misc____: [3c6ca2b_64D] enter loadRequest
2019-10-08 17:50:46.833 744-1263/? D/EnvImpl: [HWA_CAM3]getPackageName :  com.virobugs
2019-10-08 17:50:46.833 744-1263/? D/IppAlgoFilter: [HWA_CAM3]loadPreviewRequest() REQUEST_DMAP_SWAP, status:0
2019-10-08 17:50:46.833 744-1263/? D/EnvImpl: [HWA_CAM3]getPackageName :  com.virobugs
2019-10-08 17:50:46.833 744-1263/? I/chatty: uid=1013(media) pl#2 identical 1 line
2019-10-08 17:50:46.833 744-1263/? D/EnvImpl: [HWA_CAM3]getPackageName :  com.virobugs
2019-10-08 17:50:46.840 744-2046/? I/HwaStatInfo: [3c6ca2b_64I] algotype is 0, videoRatio is 1.000000, ratio is 1.875000, faceNum is 0
2019-10-08 17:50:46.858 744-2046/? I/HwaStatInfo: [3c6ca2b_64I] algotype is 0, videoRatio is 1.000000, ratio is 1.875000, faceNum is 0
2019-10-08 17:50:46.858 744-2049/? D/Misc____: [3c6ca2b_64D] onProcessFrame(666), afDistance(0.000000)
2019-10-08 17:50:46.858 744-2054/? I/EnvImpl: [HWA_CAM3]getArCalorieMode mArCalorieMode 0
2019-10-08 17:50:46.859 744-2054/? I/cie: FaceStoryAlgo::isCurFrameRun isCurFrameRun. Process mode 0.
2019-10-08 17:50:46.859 613-613/? I/mediacomm@2.1-service: getMdcClient:114: get client<Camera, 221, 744>, channel<4, 1>, perfLev=1, powerStatue=0.
2019-10-08 17:50:46.859 613-613/? I/mediacomm@2.1-service: getMdcVotePerfLev:179: Connected Mdc client<Camera, 221, 744> channel<4, 1> perfLev<1>
2019-10-08 17:50:46.861 613-613/? I/mediacomm@2.1-service: doCopybit:495: client<Camera, 0> ret = 744 finish copybit -.
2019-10-08 17:50:46.862 744-2056/? I/GRALLOC: LockFlexLayout: baseFormat: 11, yStride: 640, ySize: 307200, uOffset: 307200,  uStride: 640
2019-10-08 17:50:46.862 744-2056/? I/GRALLOC: LockFlexLayout: baseFormat: 11, yStride: 640, ySize: 307200, uOffset: 307200,  uStride: 640
2019-10-08 17:50:46.863 723-2012/? I/Camera3-Stream: getBuffer: Stream 1, 0xe8722f80: Already dequeued max output buffers (7), wait for next returned one.
2019-10-08 17:50:46.863 1572-2001/com.virobugs I/GRALLOC: LockFlexLayout: baseFormat: 11, yStride: 640, ySize: 307200, uOffset: 307200,  uStride: 640
2019-10-08 17:50:46.865 744-1263/? D/EnvImpl: [HWA_CAM3]getPackageName :  com.virobugs
2019-10-08 17:50:46.865 744-1263/? I/HwaUtils: [3c6ca2b_64I] getProductExtendName() path=EMILY
2019-10-08 17:50:46.865 744-1263/? I/HwaUtils: [3c6ca2b_64I] getOneCfgFile() path=NULL
2019-10-08 17:50:46.865 744-1263/? I/HwaDMapIpp: [3c6ca2b_64I] checkNeedSwapCalibrationData() ConfigFile NULL
2019-10-08 17:50:46.865 744-1263/? D/Misc____: [3c6ca2b_64D] enter loadRequest
2019-10-08 17:50:46.865 744-1263/? D/EnvImpl: [HWA_CAM3]getPackageName :  com.virobugs
2019-10-08 17:50:46.865 744-1263/? D/IppAlgoFilter: [HWA_CAM3]loadPreviewRequest() REQUEST_DMAP_SWAP, status:0
2019-10-08 17:50:46.865 744-1263/? D/EnvImpl: [HWA_CAM3]getPackageName :  com.virobugs
2019-10-08 17:50:46.865 744-1263/? I/chatty: uid=1013(media) pl#2 identical 1 line
2019-10-08 17:50:46.865 744-1263/? D/EnvImpl: [HWA_CAM3]getPackageName :  com.virobugs
