2019-10-08 17:50:46.891 744-2054/? I/EnvImpl: [HWA_CAM3]getArCalorieMode mArCalorieMode 0
2019-10-08 17:50:46.892 744-2054/? I/cie: FaceStoryAlgo::isCurFrameRun isCurFrameRun. Process mode 0.
2019-10-08 17:50:46.892 744-2052/? I/AntiBanding: onSubAlgoProcess() mAlgoCtx.continue_detect_cnt :1, mAlgoCtx.succ_detect_cnt : 0, mAlgoCtx.motion_flag = 1, detect_result:0, frequency_detected = 26,cur_expo = 20000
2019-10-08 17:50:46.892 744-2049/? D/Misc____: [3c6ca2b_64D] onProcessFrame(666), afDistance(0.000000)
2019-10-08 17:50:46.893 613-613/? I/mediacomm@2.1-service: getMdcClient:114: get client<Camera, 221, 744>, channel<4, 1>, perfLev=1, powerStatue=0.
2019-10-08 17:50:46.893 613-613/? I/mediacomm@2.1-service: getMdcVotePerfLev:179: Connected Mdc client<Camera, 221, 744> channel<4, 1> perfLev<1>
2019-10-08 17:50:46.895 613-613/? I/mediacomm@2.1-service: doCopybit:495: client<Camera, 0> ret = 744 finish copybit -.
2019-10-08 17:50:46.895 744-2056/? I/GRALLOC: LockFlexLayout: baseFormat: 11, yStride: 640, ySize: 307200, uOffset: 307200,  uStride: 640
2019-10-08 17:50:46.895 744-2056/? I/GRALLOC: LockFlexLayout: baseFormat: 11, yStride: 640, ySize: 307200, uOffset: 307200,  uStride: 640
2019-10-08 17:50:46.896 723-2012/? I/Camera3-Stream: getBuffer: Stream 0, 0xe8721c00: Already dequeued max output buffers (7), wait for next returned one.
2019-10-08 17:50:46.896 723-2012/? I/Camera3-Stream: getBuffer: Stream 1, 0xe8722f80: Already dequeued max output buffers (7), wait for next returned one.
2019-10-08 17:50:46.896 1572-2001/com.virobugs I/GRALLOC: LockFlexLayout: baseFormat: 11, yStride: 640, ySize: 307200, uOffset: 307200,  uStride: 640
2019-10-08 17:50:46.898 744-1263/? D/EnvImpl: [HWA_CAM3]getPackageName :  com.virobugs
2019-10-08 17:50:46.898 744-1263/? I/HwaUtils: [3c6ca2b_64I] getProductExtendName() path=EMILY
2019-10-08 17:50:46.898 744-1263/? I/HwaUtils: [3c6ca2b_64I] getOneCfgFile() path=NULL
2019-10-08 17:50:46.898 744-1263/? I/HwaDMapIpp: [3c6ca2b_64I] checkNeedSwapCalibrationData() ConfigFile NULL
2019-10-08 17:50:46.898 744-1263/? D/Misc____: [3c6ca2b_64D] enter loadRequest
2019-10-08 17:50:46.898 744-1263/? D/EnvImpl: [HWA_CAM3]getPackageName :  com.virobugs
2019-10-08 17:50:46.898 744-1263/? D/IppAlgoFilter: [HWA_CAM3]loadPreviewRequest() REQUEST_DMAP_SWAP, status:0
2019-10-08 17:50:46.898 744-1263/? D/EnvImpl: [HWA_CAM3]getPackageName :  com.virobugs
2019-10-08 17:50:46.898 744-1263/? I/chatty: uid=1013(media) pl#2 identical 1 line
2019-10-08 17:50:46.898 744-1263/? D/EnvImpl: [HWA_CAM3]getPackageName :  com.virobugs
2019-10-08 17:50:46.907 744-2046/? I/HwaStatInfo: [3c6ca2b_64I] algotype is 0, videoRatio is 1.000000, ratio is 1.875000, faceNum is 0
2019-10-08 17:50:46.924 744-2046/? I/HwaStatInfo: [3c6ca2b_64I] algotype is 0, videoRatio is 1.000000, ratio is 1.875000, faceNum is 0
2019-10-08 17:50:46.924 744-2054/? I/EnvImpl: [HWA_CAM3]getArCalorieMode mArCalorieMode 0
2019-10-08 17:50:46.924 744-2054/? I/cie: FaceStoryAlgo::isCurFrameRun isCurFrameRun. Process mode 0.
2019-10-08 17:50:46.924 744-2049/? D/Misc____: [3c6ca2b_64D] onProcessFrame(666), afDistance(0.000000)
2019-10-08 17:50:46.926 744-2052/? I/AntiBanding: onSubAlgoProcess() mAlgoCtx.continue_detect_cnt :1, mAlgoCtx.succ_detect_cnt : 0, mAlgoCtx.motion_flag = 1, detect_result:0, frequency_detected = 157,cur_expo = 20000
2019-10-08 17:50:46.927 613-613/? I/mediacomm@2.1-service: getMdcClient:114: get client<Camera, 221, 744>, channel<4, 1>, perfLev=1, powerStatue=0.
2019-10-08 17:50:46.927 613-613/? I/mediacomm@2.1-service: getMdcVotePerfLev:179: Connected Mdc client<Camera, 221, 744> channel<4, 1> perfLev<1>
2019-10-08 17:50:46.929 613-613/? I/mediacomm@2.1-service: doCopybit:495: client<Camera, 0> ret = 744 finish copybit -.
2019-10-08 17:50:46.930 744-2056/? I/GRALLOC: LockFlexLayout: baseFormat: 11, yStride: 640, ySize: 307200, uOffset: 307200,  uStride: 640
2019-10-08 17:50:46.930 744-2056/? I/GRALLOC: LockFlexLayout: baseFormat: 11, yStride: 640, ySize: 307200, uOffset: 307200,  uStride: 640
2019-10-08 17:50:46.930 723-2012/? I/Camera3-Stream: getBuffer: Stream 1, 0xe8722f80: Already dequeued max output buffers (7), wait for next returned one.
2019-10-08 17:50:46.931 1572-2001/com.virobugs I/GRALLOC: LockFlexLayout: baseFormat: 11, yStride: 640, ySize: 307200, uOffset: 307200,  uStride: 640
2019-10-08 17:50:46.932 744-1263/? D/EnvImpl: [HWA_CAM3]getPackageName :  com.virobugs
2019-10-08 17:50:46.932 744-1263/? I/HwaUtils: [3c6ca2b_64I] getProductExtendName() path=EMILY
2019-10-08 17:50:46.932 744-1263/? I/HwaUtils: [3c6ca2b_64I] getOneCfgFile() path=NULL
2019-10-08 17:50:46.932 744-1263/? I/HwaDMapIpp: [3c6ca2b_64I] checkNeedSwapCalibrationData() ConfigFile NULL
2019-10-08 17:50:46.933 744-1263/? D/Misc____: [3c6ca2b_64D] enter loadRequest
2019-10-08 17:50:46.933 744-1263/? D/EnvImpl: [HWA_CAM3]getPackageName :  com.virobugs
2019-10-08 17:50:46.933 744-1263/? D/IppAlgoFilter: [HWA_CAM3]loadPreviewRequest() REQUEST_DMAP_SWAP, status:0
2019-10-08 17:50:46.933 744-1263/? D/EnvImpl: [HWA_CAM3]getPackageName :  com.virobugs
2019-10-08 17:50:46.933 744-1263/? I/chatty: uid=1013(media) pl#2 identical 1 line
2019-10-08 17:50:46.933 744-1263/? D/EnvImpl: [HWA_CAM3]getPackageName :  com.virobugs
2019-10-08 17:50:46.941 24394-24394/? I/aptouch_daemon: print_log, touch:0, down:0
2019-10-08 17:50:46.942 1173-1555/? D/fingerTest: event.x=:332.0 event.y=:778.0
2019-10-08 17:50:46.942 1173-1555/? D/fingerTest: MotionEvent.ACTION_UP
2019-10-08 17:50:46.957 744-2049/? D/Misc____: [3c6ca2b_64D] onProcessFrame(666), afDistance(0.000000)
2019-10-08 17:50:46.958 744-2054/? I/EnvImpl: [HWA_CAM3]getArCalorieMode mArCalorieMode 0
2019-10-08 17:50:46.958 744-2054/? I/cie: FaceStoryAlgo::isCurFrameRun isCurFrameRun. Process mode 0.
2019-10-08 17:50:46.960 613-613/? I/mediacomm@2.1-service: getMdcClient:114: get client<Camera, 221, 744>, channel<4, 1>, perfLev=1, powerStatue=0.
2019-10-08 17:50:46.960 613-613/? I/mediacomm@2.1-service: getMdcVotePerfLev:179: Connected Mdc client<Camera, 221, 744> channel<4, 1> perfLev<1>
2019-10-08 17:50:46.962 613-613/? I/mediacomm@2.1-service: doCopybit:495: client<Camera, 0> ret = 744 finish copybit -.
2019-10-08 17:50:46.963 744-2056/? I/GRALLOC: LockFlexLayout: baseFormat: 11, yStride: 640, ySize: 307200, uOffset: 307200,  uStride: 640
2019-10-08 17:50:46.963 744-2056/? I/GRALLOC: LockFlexLayout: baseFormat: 11, yStride: 640, ySize: 307200, uOffset: 307200,  uStride: 640
2019-10-08 17:50:46.964 723-2012/? I/Camera3-Stream: getBuffer: Stream 1, 0xe8722f80: Already dequeued max output buffers (7), wait for next returned one.
2019-10-08 17:50:46.964 1572-2001/com.virobugs I/GRALLOC: LockFlexLayout: baseFormat: 11, yStride: 640, ySize: 307200, uOffset: 307200,  uStride: 640
2019-10-08 17:50:46.967 744-1263/? D/EnvImpl: [HWA_CAM3]getPackageName :  com.virobugs
2019-10-08 17:50:46.967 744-1263/? I/HwaUtils: [3c6ca2b_64I] getProductExtendName() path=EMILY
2019-10-08 17:50:46.967 744-1263/? I/HwaUtils: [3c6ca2b_64I] getOneCfgFile() path=NULL
2019-10-08 17:50:46.967 744-1263/? I/HwaDMapIpp: [3c6ca2b_64I] checkNeedSwapCalibrationData() ConfigFile NULL
2019-10-08 17:50:46.967 744-1263/? D/Misc____: [3c6ca2b_64D] enter loadRequest
2019-10-08 17:50:46.967 744-1263/? D/EnvImpl: [HWA_CAM3]getPackageName :  com.virobugs
2019-10-08 17:50:46.968 744-1263/? D/IppAlgoFilter: [HWA_CAM3]loadPreviewRequest() REQUEST_DMAP_SWAP, status:0
2019-10-08 17:50:46.968 744-1263/? D/EnvImpl: [HWA_CAM3]getPackageName :  com.virobugs
2019-10-08 17:50:46.968 744-1263/? I/chatty: uid=1013(media) pl#2 identical 1 line
2019-10-08 17:50:46.968 744-1263/? D/EnvImpl: [HWA_CAM3]getPackageName :  com.virobugs
2019-10-08 17:50:46.972 744-2046/? I/HwaStatInfo: [3c6ca2b_64I] algotype is 0, videoRatio is 1.000000, ratio is 1.875000, faceNum is 0
2019-10-08 17:50:46.991 744-2046/? I/HwaStatInfo: [3c6ca2b_64I] algotype is 0, videoRatio is 1.000000, ratio is 1.875000, faceNum is 0
2019-10-08 17:50:46.991 744-2054/? I/EnvImpl: [HWA_CAM3]getArCalorieMode mArCalorieMode 0
2019-10-08 17:50:46.991 744-2049/? D/Misc____: [3c6ca2b_64D] onProcessFrame(666), afDistance(0.000000)
2019-10-08 17:50:46.991 744-2054/? I/cie: FaceStoryAlgo::isCurFrameRun isCurFrameRun. Process mode 0.
2019-10-08 17:50:46.993 744-2052/? I/AntiBanding: onSubAlgoProcess() mAlgoCtx.continue_detect_cnt :1, mAlgoCtx.succ_detect_cnt : 0, mAlgoCtx.motion_flag = 1, detect_result:0, frequency_detected = 26,cur_expo = 20000
2019-10-08 17:50:46.994 613-613/? I/mediacomm@2.1-service: getMdcClient:114: get client<Camera, 221, 744>, channel<4, 1>, perfLev=1, powerStatue=0.
2019-10-08 17:50:46.995 613-613/? I/mediacomm@2.1-service: getMdcVotePerfLev:179: Connected Mdc client<Camera, 221, 744> channel<4, 1> perfLev<1>
2019-10-08 17:50:46.997 613-613/? I/mediacomm@2.1-service: doCopybit:495: client<Camera, 0> ret = 744 finish copybit -.
2019-10-08 17:50:46.997 744-2056/? I/GRALLOC: LockFlexLayout: baseFormat: 11, yStride: 640, ySize: 307200, uOffset: 307200,  uStride: 640
2019-10-08 17:50:46.997 744-2056/? I/GRALLOC: LockFlexLayout: baseFormat: 11, yStride: 640, ySize: 307200, uOffset: 307200,  uStride: 640
2019-10-08 17:50:46.998 723-2012/? I/Camera3-Stream: getBuffer: Stream 0, 0xe8721c00: Already dequeued max output buffers (7), wait for next returned one.
2019-10-08 17:50:46.998 723-2012/? I/Camera3-Stream: getBuffer: Stream 1, 0xe8722f80: Already dequeued max output buffers (7), wait for next returned one.
2019-10-08 17:50:46.999 1572-2001/com.virobugs I/GRALLOC: LockFlexLayout: baseFormat: 11, yStride: 640, ySize: 307200, uOffset: 307200,  uStride: 640
2019-10-08 17:50:47.001 744-1263/? D/EnvImpl: [HWA_CAM3]getPackageName :  com.virobugs
2019-10-08 17:50:47.001 744-1263/? I/HwaUtils: [3c6ca2b_64I] getProductExtendName() path=EMILY
2019-10-08 17:50:47.001 744-1263/? I/HwaUtils: [3c6ca2b_64I] getOneCfgFile() path=NULL
2019-10-08 17:50:47.001 744-1263/? I/HwaDMapIpp: [3c6ca2b_64I] checkNeedSwapCalibrationData() ConfigFile NULL
2019-10-08 17:50:47.001 744-1263/? D/Misc____: [3c6ca2b_64D] enter loadRequest
2019-10-08 17:50:47.001 744-1263/? D/EnvImpl: [HWA_CAM3]getPackageName :  com.virobugs
2019-10-08 17:50:47.001 744-1263/? D/IppAlgoFilter: [HWA_CAM3]loadPreviewRequest() REQUEST_DMAP_SWAP, status:0
2019-10-08 17:50:47.001 744-1263/? D/EnvImpl: [HWA_CAM3]getPackageName :  com.virobugs
2019-10-08 17:50:47.001 744-1263/? I/chatty: uid=1013(media) pl#2 identical 1 line
2019-10-08 17:50:47.001 744-1263/? D/EnvImpl: [HWA_CAM3]getPackageName :  com.virobugs
2019-10-08 17:50:47.024 744-2054/? I/EnvImpl: [HWA_CAM3]getArCalorieMode mArCalorieMode 0
2019-10-08 17:50:47.024 744-2049/? D/Misc____: [3c6ca2b_64D] onProcessFrame(666), afDistance(0.000000)
2019-10-08 17:50:47.024 744-2054/? I/cie: FaceStoryAlgo::isCurFrameRun isCurFrameRun. Process mode 0.
2019-10-08 17:50:47.025 744-2052/? I/AntiBanding: onSubAlgoProcess() mAlgoCtx.continue_detect_cnt :1, mAlgoCtx.succ_detect_cnt : 0, mAlgoCtx.motion_flag = 1, detect_result:0, frequency_detected = 26,cur_expo = 20000
2019-10-08 17:50:47.026 613-613/? I/mediacomm@2.1-service: getMdcClient:114: get client<Camera, 221, 744>, channel<4, 1>, perfLev=1, powerStatue=0.
2019-10-08 17:50:47.026 613-613/? I/mediacomm@2.1-service: getMdcVotePerfLev:179: Connected Mdc client<Camera, 221, 744> channel<4, 1> perfLev<1>
2019-10-08 17:50:47.028 613-613/? I/mediacomm@2.1-service: doCopybit:495: client<Camera, 0> ret = 744 finish copybit -.
2019-10-08 17:50:47.029 744-2056/? I/GRALLOC: LockFlexLayout: baseFormat: 11, yStride: 640, ySize: 307200, uOffset: 307200,  uStride: 640
2019-10-08 17:50:47.029 744-2056/? I/GRALLOC: LockFlexLayout: baseFormat: 11, yStride: 640, ySize: 307200, uOffset: 307200,  uStride: 640
2019-10-08 17:50:47.029 723-2012/? I/Camera3-Stream: getBuffer: Stream 1, 0xe8722f80: Already dequeued max output buffers (7), wait for next returned one.
2019-10-08 17:50:47.031 1572-2001/com.virobugs I/GRALLOC: LockFlexLayout: baseFormat: 11, yStride: 640, ySize: 307200, uOffset: 307200,  uStride: 640
2019-10-08 17:50:47.032 744-1263/? D/EnvImpl: [HWA_CAM3]getPackageName :  com.virobugs
2019-10-08 17:50:47.032 744-1263/? I/HwaUtils: [3c6ca2b_64I] getProductExtendName() path=EMILY
2019-10-08 17:50:47.032 744-1263/? I/HwaUtils: [3c6ca2b_64I] getOneCfgFile() path=NULL
2019-10-08 17:50:47.032 744-1263/? I/HwaDMapIpp: [3c6ca2b_64I] checkNeedSwapCalibrationData() ConfigFile NULL
2019-10-08 17:50:47.032 744-1263/? D/Misc____: [3c6ca2b_64D] enter loadRequest
2019-10-08 17:50:47.032 744-1263/? D/EnvImpl: [HWA_CAM3]getPackageName :  com.virobugs
2019-10-08 17:50:47.032 744-1263/? D/IppAlgoFilter: [HWA_CAM3]loadPreviewRequest() REQUEST_DMAP_SWAP, status:0
2019-10-08 17:50:47.032 744-1263/? D/EnvImpl: [HWA_CAM3]getPackageName :  com.virobugs
2019-10-08 17:50:47.032 744-1263/? I/chatty: uid=1013(media) pl#2 identical 1 line
2019-10-08 17:50:47.032 744-1263/? D/EnvImpl: [HWA_CAM3]getPackageName :  com.virobugs
2019-10-08 17:50:47.040 744-2046/? I/HwaStatInfo: [3c6ca2b_64I] algotype is 0, videoRatio is 1.000000, ratio is 1.875000, faceNum is 0
2019-10-08 17:50:47.058 744-2054/? I/EnvImpl: [HWA_CAM3]getArCalorieMode mArCalorieMode 0
2019-10-08 17:50:47.059 744-2054/? I/cie: FaceStoryAlgo::isCurFrameRun isCurFrameRun. Process mode 0.
2019-10-08 17:50:47.060 744-2046/? I/HwaStatInfo: [3c6ca2b_64I] algotype is 0, videoRatio is 1.000000, ratio is 1.875000, faceNum is 0
2019-10-08 17:50:47.060 744-2049/? D/Misc____: [3c6ca2b_64D] onProcessFrame(666), afDistance(0.000000)
2019-10-08 17:50:47.060 613-613/? I/mediacomm@2.1-service: getMdcClient:114: get client<Camera, 221, 744>, channel<4, 1>, perfLev=1, powerStatue=0.
2019-10-08 17:50:47.060 613-613/? I/mediacomm@2.1-service: getMdcVotePerfLev:179: Connected Mdc client<Camera, 221, 744> channel<4, 1> perfLev<1>
2019-10-08 17:50:47.060 744-2052/? I/AntiBanding: onSubAlgoProcess() mAlgoCtx.continue_detect_cnt :1, mAlgoCtx.succ_detect_cnt : 0, mAlgoCtx.motion_flag = 1, detect_result:0, frequency_detected = 0,cur_expo = 20000
2019-10-08 17:50:47.062 613-613/? I/mediacomm@2.1-service: doCopybit:495: client<Camera, 0> ret = 744 finish copybit -.
2019-10-08 17:50:47.062 611-1341/? D/asd_primary_out: L[0],R[0], continus 20 times!
2019-10-08 17:50:47.062 744-2056/? I/GRALLOC: LockFlexLayout: baseFormat: 11, yStride: 640, ySize: 307200, uOffset: 307200,  uStride: 640
2019-10-08 17:50:47.063 744-2056/? I/GRALLOC: LockFlexLayout: baseFormat: 11, yStride: 640, ySize: 307200, uOffset: 307200,  uStride: 640
2019-10-08 17:50:47.063 723-2012/? I/Camera3-Stream: getBuffer: Stream 0, 0xe8721c00: Already dequeued max output buffers (7), wait for next returned one.
2019-10-08 17:50:47.064 723-2012/? I/Camera3-Stream: getBuffer: Stream 1, 0xe8722f80: Already dequeued max output buffers (7), wait for next returned one.
2019-10-08 17:50:47.064 1572-2001/com.virobugs I/GRALLOC: LockFlexLayout: baseFormat: 11, yStride: 640, ySize: 307200, uOffset: 307200,  uStride: 640
2019-10-08 17:50:47.066 744-1263/? D/EnvImpl: [HWA_CAM3]getPackageName :  com.virobugs
2019-10-08 17:50:47.066 744-1263/? I/HwaUtils: [3c6ca2b_64I] getProductExtendName() path=EMILY
2019-10-08 17:50:47.066 744-1263/? I/HwaUtils: [3c6ca2b_64I] getOneCfgFile() path=NULL
2019-10-08 17:50:47.066 744-1263/? I/HwaDMapIpp: [3c6ca2b_64I] checkNeedSwapCalibrationData() ConfigFile NULL
2019-10-08 17:50:47.066 744-1263/? D/Misc____: [3c6ca2b_64D] enter loadRequest
2019-10-08 17:50:47.066 744-1263/? D/EnvImpl: [HWA_CAM3]getPackageName :  com.virobugs
2019-10-08 17:50:47.066 744-1263/? D/IppAlgoFilter: [HWA_CAM3]loadPreviewRequest() REQUEST_DMAP_SWAP, status:0
2019-10-08 17:50:47.067 744-1263/? D/EnvImpl: [HWA_CAM3]getPackageName :  com.virobugs
2019-10-08 17:50:47.067 744-1263/? I/chatty: uid=1013(media) pl#2 identical 1 line
2019-10-08 17:50:47.067 744-1263/? D/EnvImpl: [HWA_CAM3]getPackageName :  com.virobugs
2019-10-08 17:50:47.068 24394-24394/? I/aptouch_daemon: print_log, touch:1, down:1 (+0)
2019-10-08 17:50:47.068 1173-1555/? D/libfingersense_wrapper: Calling fingersense_classify_touch()
2019-10-08 17:50:47.075 1173-1555/? D/libfingersense_wrapper: fingersense_classify_touch() finished
2019-10-08 17:50:47.076 1173-1555/? D/fingerTest: event.x=:341.0 event.y=:792.0
2019-10-08 17:50:47.076 1173-1555/? D/fingerTest: MotionEvent.ACTION_DOWN
2019-10-08 17:50:47.078 1173-1278/? D/KnockGestureDetector: onAnyTouchEvent current appFilter=0
2019-10-08 17:50:47.091 744-2054/? I/EnvImpl: [HWA_CAM3]getArCalorieMode mArCalorieMode 0
2019-10-08 17:50:47.091 744-2054/? I/cie: FaceStoryAlgo::isCurFrameRun isCurFrameRun. Process mode 0.
2019-10-08 17:50:47.093 613-613/? I/mediacomm@2.1-service: getMdcClient:114: get client<Camera, 221, 744>, channel<4, 1>, perfLev=1, powerStatue=0.
2019-10-08 17:50:47.093 613-613/? I/mediacomm@2.1-service: getMdcVotePerfLev:179: Connected Mdc client<Camera, 221, 744> channel<4, 1> perfLev<1>
2019-10-08 17:50:47.096 613-613/? I/mediacomm@2.1-service: doCopybit:495: client<Camera, 0> ret = 744 finish copybit -.
2019-10-08 17:50:47.096 744-2056/? I/GRALLOC: LockFlexLayout: baseFormat: 11, yStride: 640, ySize: 307200, uOffset: 307200,  uStride: 640
2019-10-08 17:50:47.097 744-2056/? I/GRALLOC: LockFlexLayout: baseFormat: 11, yStride: 640, ySize: 307200, uOffset: 307200,  uStride: 640
2019-10-08 17:50:47.098 723-2012/? I/Camera3-Stream: getBuffer: Stream 1, 0xe8722f80: Already dequeued max output buffers (7), wait for next returned one.
2019-10-08 17:50:47.099 1572-2001/com.virobugs I/GRALLOC: LockFlexLayout: baseFormat: 11, yStride: 640, ySize: 307200, uOffset: 307200,  uStride: 640
2019-10-08 17:50:47.102 744-1263/? D/EnvImpl: [HWA_CAM3]getPackageName :  com.virobugs
2019-10-08 17:50:47.103 744-1263/? I/HwaUtils: [3c6ca2b_64I] getProductExtendName() path=EMILY
2019-10-08 17:50:47.103 744-1263/? I/HwaUtils: [3c6ca2b_64I] getOneCfgFile() path=NULL
2019-10-08 17:50:47.103 744-1263/? I/HwaDMapIpp: [3c6ca2b_64I] checkNeedSwapCalibrationData() ConfigFile NULL
2019-10-08 17:50:47.103 744-1263/? D/Misc____: [3c6ca2b_64D] enter loadRequest
2019-10-08 17:50:47.103 744-1263/? D/EnvImpl: [HWA_CAM3]getPackageName :  com.virobugs
2019-10-08 17:50:47.103 744-1263/? D/IppAlgoFilter: [HWA_CAM3]loadPreviewRequest() REQUEST_DMAP_SWAP, status:0
2019-10-08 17:50:47.103 744-1263/? D/EnvImpl: [HWA_CAM3]getPackageName :  com.virobugs
2019-10-08 17:50:47.103 744-1263/? I/chatty: uid=1013(media) pl#2 identical 1 line
2019-10-08 17:50:47.103 744-1263/? D/EnvImpl: [HWA_CAM3]getPackageName :  com.virobugs
2019-10-08 17:50:47.104 744-1254/? I/MRMain: [3c6ca2b_64I] onConfig ret: 0,mLastEnableStatus: 0
2019-10-08 17:50:47.107 744-2046/? I/HwaStatInfo: [3c6ca2b_64I] algotype is 0, videoRatio is 1.000000, ratio is 1.875000, faceNum is 0
2019-10-08 17:50:47.108 611-8154/? D/DlbDap2Process: process() called [1416000] times
2019-10-08 17:50:47.108 611-8154/? D/DlbDap2Process: process in: cap=256 ch=2 stride=8 samplesize=4
2019-10-08 17:50:47.108 611-8154/? D/DlbDap2Process: process out: cap=256 ch=2 stride=8 samplesize=4
2019-10-08 17:50:47.125 744-2046/? I/HwaStatInfo: [3c6ca2b_64I] algotype is 0, videoRatio is 1.000000, ratio is 1.875000, faceNum is 0
2019-10-08 17:50:47.125 744-2049/? D/Misc____: [3c6ca2b_64D] onProcessFrame(666), afDistance(0.000000)
2019-10-08 17:50:47.126 744-2054/? I/EnvImpl: [HWA_CAM3]getArCalorieMode mArCalorieMode 0
2019-10-08 17:50:47.126 744-2054/? I/cie: FaceStoryAlgo::isCurFrameRun isCurFrameRun. Process mode 0.
2019-10-08 17:50:47.128 744-2052/? I/AntiBanding: onSubAlgoProcess() mAlgoCtx.continue_detect_cnt :1, mAlgoCtx.succ_detect_cnt : 1, mAlgoCtx.motion_flag = 1, detect_result:1, frequency_detected = 183,cur_expo = 20000
2019-10-08 17:50:47.129 613-613/? I/mediacomm@2.1-service: getMdcClient:114: get client<Camera, 221, 744>, channel<4, 1>, perfLev=1, powerStatue=0.
2019-10-08 17:50:47.129 613-613/? I/mediacomm@2.1-service: getMdcVotePerfLev:179: Connected Mdc client<Camera, 221, 744> channel<4, 1> perfLev<1>
2019-10-08 17:50:47.131 613-613/? I/mediacomm@2.1-service: doCopybit:495: client<Camera, 0> ret = 744 finish copybit -.
2019-10-08 17:50:47.132 744-2056/? I/GRALLOC: LockFlexLayout: baseFormat: 11, yStride: 640, ySize: 307200, uOffset: 307200,  uStride: 640
2019-10-08 17:50:47.132 744-2056/? I/GRALLOC: LockFlexLayout: baseFormat: 11, yStride: 640, ySize: 307200, uOffset: 307200,  uStride: 640
2019-10-08 17:50:47.133 723-2012/? I/Camera3-Stream: getBuffer: Stream 1, 0xe8722f80: Already dequeued max output buffers (7), wait for next returned one.
2019-10-08 17:50:47.133 1572-2001/com.virobugs I/GRALLOC: LockFlexLayout: baseFormat: 11, yStride: 640, ySize: 307200, uOffset: 307200,  uStride: 640
2019-10-08 17:50:47.135 744-1263/? D/EnvImpl: [HWA_CAM3]getPackageName :  com.virobugs
2019-10-08 17:50:47.135 744-1263/? I/HwaUtils: [3c6ca2b_64I] getProductExtendName() path=EMILY
2019-10-08 17:50:47.136 744-1263/? I/HwaUtils: [3c6ca2b_64I] getOneCfgFile() path=NULL
2019-10-08 17:50:47.136 744-1263/? I/HwaDMapIpp: [3c6ca2b_64I] checkNeedSwapCalibrationData() ConfigFile NULL
2019-10-08 17:50:47.136 744-1263/? D/Misc____: [3c6ca2b_64D] enter loadRequest
2019-10-08 17:50:47.136 744-1263/? D/EnvImpl: [HWA_CAM3]getPackageName :  com.virobugs
2019-10-08 17:50:47.137 744-1263/? D/IppAlgoFilter: [HWA_CAM3]loadPreviewRequest() REQUEST_DMAP_SWAP, status:0
2019-10-08 17:50:47.137 744-1263/? D/EnvImpl: [HWA_CAM3]getPackageName :  com.virobugs
2019-10-08 17:50:47.137 744-1263/? I/chatty: uid=1013(media) pl#2 identical 1 line
2019-10-08 17:50:47.137 744-1263/? D/EnvImpl: [HWA_CAM3]getPackageName :  com.virobugs
2019-10-08 17:50:47.138 744-1254/? I/MRMain: [3c6ca2b_64I] checkConfig(), enableV1=0, enableV2=0, enableV3=0
2019-10-08 17:50:47.158 744-2054/? I/EnvImpl: [HWA_CAM3]getArCalorieMode mArCalorieMode 0
2019-10-08 17:50:47.159 744-2054/? I/cie: SceneRecognition::isCurFrameRun needTrigger = 1
2019-10-08 17:50:47.159 744-2054/? I/cie: SceneRecognition::isCurFrameRun monoMode=0, mStatus=1, isCurFrameStable=0, lastStableState=0, mStableCnt=0, mUnStableCnt=15
2019-10-08 17:50:47.159 744-2054/? I/cie: FaceStoryAlgo::isCurFrameRun isCurFrameRun. Process mode 0.
2019-10-08 17:50:47.159 744-2054/? I/cie: CIE::onProcess::SceneRecognition share buffer[112*112][0x7c4c64e868][1] public preProcess running
2019-10-08 17:50:47.160 744-2054/? I/cie: Enter SceneRecognition::process
2019-10-08 17:50:47.160 744-2049/? D/Misc____: [3c6ca2b_64D] onProcessFrame(666), afDistance(0.000000)
2019-10-08 17:50:47.161 744-2052/? I/AntiBanding: onSubAlgoProcess() mAlgoCtx.continue_detect_cnt :1, mAlgoCtx.succ_detect_cnt : 1, mAlgoCtx.motion_flag = 1, detect_result:1, frequency_detected = 183,cur_expo = 20000
2019-10-08 17:50:47.162 613-613/? I/mediacomm@2.1-service: getMdcClient:114: get client<Camera, 221, 744>, channel<4, 1>, perfLev=1, powerStatue=0.
2019-10-08 17:50:47.162 613-613/? I/mediacomm@2.1-service: getMdcVotePerfLev:179: Connected Mdc client<Camera, 221, 744> channel<4, 1> perfLev<1>
2019-10-08 17:50:47.164 613-613/? I/mediacomm@2.1-service: doCopybit:495: client<Camera, 0> ret = 744 finish copybit -.
2019-10-08 17:50:47.164 760-2073/? I/hcs: IPUTaskScheduler::AddTask Add task to task queue successs.
2019-10-08 17:50:47.164 760-2073/? I/hcs: IPUExecutor::ForwardCompute Insert Forward_compute task[model id: 0, task id: 1] to task queue success.
2019-10-08 17:50:47.164 760-8346/? I/hcs: IPUTaskScheduler::IPUTaskHandler IPU task queue has task now, we will back to work.
2019-10-08 17:50:47.164 760-8346/? I/hcs: IPUTaskScheduler::IPUTaskHandler Not pipeline running.
2019-10-08 17:50:47.164 744-2056/? I/GRALLOC: LockFlexLayout: baseFormat: 11, yStride: 640, ySize: 307200, uOffset: 307200,  uStride: 640
2019-10-08 17:50:47.164 744-2056/? I/GRALLOC: LockFlexLayout: baseFormat: 11, yStride: 640, ySize: 307200, uOffset: 307200,  uStride: 640
2019-10-08 17:50:47.165 723-2012/? I/Camera3-Stream: getBuffer: Stream 1, 0xe8722f80: Already dequeued max output buffers (7), wait for next returned one.
2019-10-08 17:50:47.165 1572-2001/com.virobugs I/GRALLOC: LockFlexLayout: baseFormat: 11, yStride: 640, ySize: 307200, uOffset: 307200,  uStride: 640
2019-10-08 17:50:47.169 744-1263/? D/EnvImpl: [HWA_CAM3]getPackageName :  com.virobugs
2019-10-08 17:50:47.170 744-1263/? I/HwaUtils: [3c6ca2b_64I] getProductExtendName() path=EMILY
2019-10-08 17:50:47.170 744-1263/? I/HwaUtils: [3c6ca2b_64I] getOneCfgFile() path=NULL
2019-10-08 17:50:47.170 744-1263/? I/HwaDMapIpp: [3c6ca2b_64I] checkNeedSwapCalibrationData() ConfigFile NULL
2019-10-08 17:50:47.170 744-1263/? D/Misc____: [3c6ca2b_64D] enter loadRequest
2019-10-08 17:50:47.170 744-1263/? D/EnvImpl: [HWA_CAM3]getPackageName :  com.virobugs
2019-10-08 17:50:47.170 744-1263/? D/IppAlgoFilter: [HWA_CAM3]loadPreviewRequest() REQUEST_DMAP_SWAP, status:0
2019-10-08 17:50:47.170 744-1263/? D/EnvImpl: [HWA_CAM3]getPackageName :  com.virobugs
2019-10-08 17:50:47.170 744-1263/? I/chatty: uid=1013(media) pl#2 identical 1 line
2019-10-08 17:50:47.170 744-1263/? D/EnvImpl: [HWA_CAM3]getPackageName :  com.virobugs
2019-10-08 17:50:47.172 744-2046/? I/HwaStatInfo: [3c6ca2b_64I] algotype is 0, videoRatio is 1.000000, ratio is 1.875000, faceNum is 0
2019-10-08 17:50:47.176 24394-24394/? I/aptouch_daemon: print_log, touch:0, down:0
2019-10-08 17:50:47.176 1173-1555/? D/fingerTest: event.x=:341.0 event.y=:792.0
2019-10-08 17:50:47.176 1173-1555/? D/fingerTest: MotionEvent.ACTION_UP
2019-10-08 17:50:47.177 760-8346/? I/hcs: IPUMngr_ForwardCompute Forward computing success.
2019-10-08 17:50:47.178 760-8346/? W/hcs: IPUTaskScheduler::GetIPUTask IPU task queue is empty!
2019-10-08 17:50:47.178 760-8346/? I/hcs: IPUTaskScheduler::IPUTaskHandler IPU task queue is empty, so we wait here for task.
2019-10-08 17:50:47.179 744-8936/? I/cie: Enter SceneRecognitionListener::OnProcessDone
2019-10-08 17:50:47.179 744-8936/? I/cie: SceneRecognitionListener::convertResultToVec Result1:NIGHT Conf:985.496399.
2019-10-08 17:50:47.179 744-8936/? I/cie: SceneRecognitionListener::convertResultToVec Result1:SUNSET Conf:2.424926.
2019-10-08 17:50:47.179 744-8936/? I/cie: SceneRecognitionListener::convertResultToVec Result1:STAGE Conf:0.399768.
2019-10-08 17:50:47.179 744-8936/? I/cie: SceneRecognitionListener::convertResultToVec Result1:TEXT Conf:0.103116.
2019-10-08 17:50:47.179 744-8936/? I/cie: SceneRecognitionListener::convertResultToVec Result1:PANDA Conf:0.076026.
2019-10-08 17:50:47.179 744-8936/? I/cie: SceneRecognitionListener::convertResultToVec Result2:NIGHTWITHSKY Conf:445.092316.
2019-10-08 17:50:47.179 744-8936/? I/cie: SceneRecognitionListener::convertResultToVec Result2:NIGHTNOSKY Conf:554.907654.
2019-10-08 17:50:47.179 744-8936/? I/cie: SceneRecognition::filterSceneThd::i 950 80 1 49 1
2019-10-08 17:50:47.179 744-8936/? I/cie: AfterFilterResult1st: NIGHT
2019-10-08 17:50:47.179 744-8936/? I/cie: SceneRecognition::filterSceneThd::i 950 0 0 49 1
2019-10-08 17:50:47.179 744-8936/? I/cie: SceneRecognition::filterSceneThd::i 950 80 0 49 1
2019-10-08 17:50:47.179 744-8936/? I/cie: SceneRecognition::filterSceneThd::i 950 0 0 49 1
2019-10-08 17:50:47.179 744-8936/? I/cie: SceneRecognition::filterSceneThd::i 950 0 0 49 1
2019-10-08 17:50:47.179 744-8936/? I/cie: AfterFilterResult2nd: NIGHTWITHSKY
2019-10-08 17:50:47.179 744-8936/? I/cie: AfterFilterResult2nd: NIGHTNOSKY
2019-10-08 17:50:47.179 744-8936/? I/CIEProxy: CIECallBackMgr::onSceneRecognitionProcessDone result1:NIGHT 8 985
2019-10-08 17:50:47.179 744-8936/? I/CIEProxy: CIECallBackMgr::onSceneRecognitionProcessDone result2:NIGHTWITHSKY 21 445
2019-10-08 17:50:47.179 744-8936/? I/CIEProxy: CIECallBackMgr::onSceneRecognitionProcessDone rsltsOrig:NIGHT 8 985
2019-10-08 17:50:47.179 744-8936/? I/CIEProxy: CIECallBackMgr::onSceneRecognitionProcessDone result2:NIGHTNOSKY 22 554
2019-10-08 17:50:47.179 744-8936/? I/CIEProxy: CIECallBackMgr::onSceneRecognitionProcessDone rsltsOrig:SUNSET 3 2
2019-10-08 17:50:47.179 744-8936/? I/CIEProxy: CIECallBackMgr::onSceneRecognitionProcessDone rsltsOrig:STAGE 10 0
2019-10-08 17:50:47.179 744-8936/? I/CIEProxy: CIECallBackMgr::onSceneRecognitionProcessDone rsltsOrig:TEXT 9 0
2019-10-08 17:50:47.179 744-8936/? I/CIEProxy: CIECallBackMgr::onSceneRecognitionProcessDone rsltsOrig:PANDA 16 0
2019-10-08 17:50:47.179 744-8936/? D/EventCallbackImpl: [HWA_CAM3]enter notifySDResult()
2019-10-08 17:50:47.179 744-8936/? D/EventCallbackImpl: [HWA_CAM3]enter notifyICSDResult()
2019-10-08 17:50:47.193 744-2046/? I/HwaStatInfo: [3c6ca2b_64I] algotype is 0, videoRatio is 1.000000, ratio is 1.875000, faceNum is 0
2019-10-08 17:50:47.193 744-2054/? I/EnvImpl: [HWA_CAM3]getArCalorieMode mArCalorieMode 0
2019-10-08 17:50:47.193 744-2054/? I/cie: FaceStoryAlgo::isCurFrameRun isCurFrameRun. Process mode 0.
2019-10-08 17:50:47.193 744-2049/? D/Misc____: [3c6ca2b_64D] onProcessFrame(666), afDistance(0.000000)
2019-10-08 17:50:47.195 613-613/? I/mediacomm@2.1-service: getMdcClient:114: get client<Camera, 221, 744>, channel<4, 1>, perfLev=1, powerStatue=0.
2019-10-08 17:50:47.195 613-613/? I/mediacomm@2.1-service: getMdcVotePerfLev:179: Connected Mdc client<Camera, 221, 744> channel<4, 1> perfLev<1>
2019-10-08 17:50:47.195 744-2052/? I/AntiBanding: onSubAlgoProcess() mAlgoCtx.continue_detect_cnt :1, mAlgoCtx.succ_detect_cnt : 0, mAlgoCtx.motion_flag = 1, detect_result:0, frequency_detected = 157,cur_expo = 20000
2019-10-08 17:50:47.197 613-613/? I/mediacomm@2.1-service: doCopybit:495: client<Camera, 0> ret = 744 finish copybit -.
2019-10-08 17:50:47.197 744-2056/? I/GRALLOC: LockFlexLayout: baseFormat: 11, yStride: 640, ySize: 307200, uOffset: 307200,  uStride: 640
2019-10-08 17:50:47.197 744-2056/? I/GRALLOC: LockFlexLayout: baseFormat: 11, yStride: 640, ySize: 307200, uOffset: 307200,  uStride: 640
2019-10-08 17:50:47.198 723-2012/? I/Camera3-Stream: getBuffer: Stream 1, 0xe8722f80: Already dequeued max output buffers (7), wait for next returned one.
2019-10-08 17:50:47.200 1572-2001/com.virobugs I/GRALLOC: LockFlexLayout: baseFormat: 11, yStride: 640, ySize: 307200, uOffset: 307200,  uStride: 640
2019-10-08 17:50:47.200 744-1263/? D/EnvImpl: [HWA_CAM3]getPackageName :  com.virobugs
2019-10-08 17:50:47.200 744-1263/? I/HwaUtils: [3c6ca2b_64I] getProductExtendName() path=EMILY
2019-10-08 17:50:47.200 744-1263/? I/HwaUtils: [3c6ca2b_64I] getOneCfgFile() path=NULL
2019-10-08 17:50:47.200 744-1263/? I/HwaDMapIpp: [3c6ca2b_64I] checkNeedSwapCalibrationData() ConfigFile NULL
2019-10-08 17:50:47.200 744-1263/? D/Misc____: [3c6ca2b_64D] enter loadRequest
2019-10-08 17:50:47.200 744-1263/? D/EnvImpl: [HWA_CAM3]getPackageName :  com.virobugs
2019-10-08 17:50:47.200 744-1263/? D/IppAlgoFilter: [HWA_CAM3]loadPreviewRequest() REQUEST_DMAP_SWAP, status:0
2019-10-08 17:50:47.200 744-1263/? D/EnvImpl: [HWA_CAM3]getPackageName :  com.virobugs
2019-10-08 17:50:47.200 744-1263/? I/chatty: uid=1013(media) pl#2 identical 1 line
2019-10-08 17:50:47.200 744-1263/? D/EnvImpl: [HWA_CAM3]getPackageName :  com.virobugs
2019-10-08 17:50:47.225 744-2054/? I/EnvImpl: [HWA_CAM3]getArCalorieMode mArCalorieMode 0
2019-10-08 17:50:47.226 744-2054/? I/cie: FaceStoryAlgo::isCurFrameRun isCurFrameRun. Process mode 0.
2019-10-08 17:50:47.226 744-2049/? D/Misc____: [3c6ca2b_64D] onProcessFrame(666), afDistance(0.000000)
2019-10-08 17:50:47.227 744-2052/? I/AntiBanding: onSubAlgoProcess() mAlgoCtx.continue_detect_cnt :1, mAlgoCtx.succ_detect_cnt : 1, mAlgoCtx.motion_flag = 1, detect_result:1, frequency_detected = 104,cur_expo = 20000
2019-10-08 17:50:47.228 613-613/? I/mediacomm@2.1-service: getMdcClient:114: get client<Camera, 221, 744>, channel<4, 1>, perfLev=1, powerStatue=0.
2019-10-08 17:50:47.228 613-613/? I/mediacomm@2.1-service: getMdcVotePerfLev:179: Connected Mdc client<Camera, 221, 744> channel<4, 1> perfLev<1>
2019-10-08 17:50:47.231 613-613/? I/mediacomm@2.1-service: doCopybit:495: client<Camera, 0> ret = 744 finish copybit -.
2019-10-08 17:50:47.231 744-2056/? I/GRALLOC: LockFlexLayout: baseFormat: 11, yStride: 640, ySize: 307200, uOffset: 307200,  uStride: 640
2019-10-08 17:50:47.232 744-2056/? I/GRALLOC: LockFlexLayout: baseFormat: 11, yStride: 640, ySize: 307200, uOffset: 307200,  uStride: 640
2019-10-08 17:50:47.232 723-2012/? I/Camera3-Stream: getBuffer: Stream 1, 0xe8722f80: Already dequeued max output buffers (7), wait for next returned one.
2019-10-08 17:50:47.232 1572-2001/com.virobugs I/GRALLOC: LockFlexLayout: baseFormat: 11, yStride: 640, ySize: 307200, uOffset: 307200,  uStride: 640
2019-10-08 17:50:47.234 744-1263/? D/EnvImpl: [HWA_CAM3]getPackageName :  com.virobugs
2019-10-08 17:50:47.234 744-1263/? I/HwaUtils: [3c6ca2b_64I] getProductExtendName() path=EMILY
2019-10-08 17:50:47.234 744-1263/? I/HwaUtils: [3c6ca2b_64I] getOneCfgFile() path=NULL
2019-10-08 17:50:47.234 744-1263/? I/HwaDMapIpp: [3c6ca2b_64I] checkNeedSwapCalibrationData() ConfigFile NULL
2019-10-08 17:50:47.234 744-1263/? D/Misc____: [3c6ca2b_64D] enter loadRequest
2019-10-08 17:50:47.234 744-1263/? D/EnvImpl: [HWA_CAM3]getPackageName :  com.virobugs
2019-10-08 17:50:47.234 744-1263/? D/IppAlgoFilter: [HWA_CAM3]loadPreviewRequest() REQUEST_DMAP_SWAP, status:0
2019-10-08 17:50:47.234 744-1263/? D/EnvImpl: [HWA_CAM3]getPackageName :  com.virobugs
2019-10-08 17:50:47.234 744-1263/? I/chatty: uid=1013(media) pl#2 identical 1 line
2019-10-08 17:50:47.234 744-1263/? D/EnvImpl: [HWA_CAM3]getPackageName :  com.virobugs
2019-10-08 17:50:47.240 744-2046/? I/HwaStatInfo: [3c6ca2b_64I] algotype is 0, videoRatio is 1.000000, ratio is 1.875000, faceNum is 0
2019-10-08 17:50:47.259 744-2054/? I/EnvImpl: [HWA_CAM3]getArCalorieMode mArCalorieMode 0
2019-10-08 17:50:47.259 744-2054/? I/cie: FaceStoryAlgo::isCurFrameRun isCurFrameRun. Process mode 0.
2019-10-08 17:50:47.260 744-2046/? I/HwaStatInfo: [3c6ca2b_64I] algotype is 0, videoRatio is 1.000000, ratio is 1.875000, faceNum is 0
2019-10-08 17:50:47.260 744-2049/? D/Misc____: [3c6ca2b_64D] onProcessFrame(666), afDistance(0.000000)
2019-10-08 17:50:47.260 613-613/? I/mediacomm@2.1-service: getMdcClient:114: get client<Camera, 221, 744>, channel<4, 1>, perfLev=1, powerStatue=0.
2019-10-08 17:50:47.260 613-613/? I/mediacomm@2.1-service: getMdcVotePerfLev:179: Connected Mdc client<Camera, 221, 744> channel<4, 1> perfLev<1>
2019-10-08 17:50:47.262 744-2052/? I/AntiBanding: onSubAlgoProcess() mAlgoCtx.continue_detect_cnt :1, mAlgoCtx.succ_detect_cnt : 0, mAlgoCtx.motion_flag = 1, detect_result:0, frequency_detected = 26,cur_expo = 20000
2019-10-08 17:50:47.262 613-613/? I/mediacomm@2.1-service: doCopybit:495: client<Camera, 0> ret = 744 finish copybit -.
2019-10-08 17:50:47.263 744-2056/? I/GRALLOC: LockFlexLayout: baseFormat: 11, yStride: 640, ySize: 307200, uOffset: 307200,  uStride: 640
2019-10-08 17:50:47.263 744-2056/? I/GRALLOC: LockFlexLayout: baseFormat: 11, yStride: 640, ySize: 307200, uOffset: 307200,  uStride: 640
2019-10-08 17:50:47.263 723-2012/? I/Camera3-Stream: getBuffer: Stream 0, 0xe8721c00: Already dequeued max output buffers (7), wait for next returned one.
2019-10-08 17:50:47.264 1572-2001/com.virobugs I/GRALLOC: LockFlexLayout: baseFormat: 11, yStride: 640, ySize: 307200, uOffset: 307200,  uStride: 640
2019-10-08 17:50:47.268 744-1263/? D/EnvImpl: [HWA_CAM3]getPackageName :  com.virobugs
2019-10-08 17:50:47.268 744-1263/? I/HwaUtils: [3c6ca2b_64I] getProductExtendName() path=EMILY
2019-10-08 17:50:47.268 744-1263/? I/HwaUtils: [3c6ca2b_64I] getOneCfgFile() path=NULL
2019-10-08 17:50:47.268 744-1263/? I/HwaDMapIpp: [3c6ca2b_64I] checkNeedSwapCalibrationData() ConfigFile NULL
2019-10-08 17:50:47.269 744-1263/? D/Misc____: [3c6ca2b_64D] enter loadRequest
2019-10-08 17:50:47.269 744-1263/? D/EnvImpl: [HWA_CAM3]getPackageName :  com.virobugs
2019-10-08 17:50:47.269 744-1263/? D/IppAlgoFilter: [HWA_CAM3]loadPreviewRequest() REQUEST_DMAP_SWAP, status:0
2019-10-08 17:50:47.269 744-1263/? D/EnvImpl: [HWA_CAM3]getPackageName :  com.virobugs
2019-10-08 17:50:47.269 744-1263/? I/chatty: uid=1013(media) pl#2 identical 1 line
2019-10-08 17:50:47.269 744-1263/? D/EnvImpl: [HWA_CAM3]getPackageName :  com.virobugs
2019-10-08 17:50:47.285 580-644/? I/PreDnsController: canPreDnsQuery,persist.sys.predns is false!
2019-10-08 17:50:47.293 744-2054/? I/EnvImpl: [HWA_CAM3]getArCalorieMode mArCalorieMode 0
2019-10-08 17:50:47.294 744-2054/? I/cie: FaceStoryAlgo::isCurFrameRun isCurFrameRun. Process mode 0.
2019-10-08 17:50:47.294 744-2049/? D/Misc____: [3c6ca2b_64D] onProcessFrame(666), afDistance(0.000000)
2019-10-08 17:50:47.296 613-613/? I/mediacomm@2.1-service: getMdcClient:114: get client<Camera, 221, 744>, channel<4, 1>, perfLev=1, powerStatue=0.
2019-10-08 17:50:47.296 613-613/? I/mediacomm@2.1-service: getMdcVotePerfLev:179: Connected Mdc client<Camera, 221, 744> channel<4, 1> perfLev<1>
2019-10-08 17:50:47.296 744-2052/? I/AntiBanding: onSubAlgoProcess() mAlgoCtx.continue_detect_cnt :1, mAlgoCtx.succ_detect_cnt : 0, mAlgoCtx.motion_flag = 1, detect_result:0, frequency_detected = 0,cur_expo = 20000
2019-10-08 17:50:47.298 613-613/? I/mediacomm@2.1-service: doCopybit:495: client<Camera, 0> ret = 744 finish copybit -.
2019-10-08 17:50:47.299 744-2056/? I/GRALLOC: LockFlexLayout: baseFormat: 11, yStride: 640, ySize: 307200, uOffset: 307200,  uStride: 640
2019-10-08 17:50:47.299 744-2056/? I/GRALLOC: LockFlexLayout: baseFormat: 11, yStride: 640, ySize: 307200, uOffset: 307200,  uStride: 640
2019-10-08 17:50:47.299 723-2012/? I/Camera3-Stream: getBuffer: Stream 1, 0xe8722f80: Already dequeued max output buffers (7), wait for next returned one.
2019-10-08 17:50:47.300 1572-2001/com.virobugs I/GRALLOC: LockFlexLayout: baseFormat: 11, yStride: 640, ySize: 307200, uOffset: 307200,  uStride: 640
2019-10-08 17:50:47.301 744-1263/? D/EnvImpl: [HWA_CAM3]getPackageName :  com.virobugs
2019-10-08 17:50:47.302 744-1263/? I/HwaUtils: [3c6ca2b_64I] getProductExtendName() path=EMILY
2019-10-08 17:50:47.302 744-1263/? I/HwaUtils: [3c6ca2b_64I] getOneCfgFile() path=NULL
2019-10-08 17:50:47.302 744-1263/? I/HwaDMapIpp: [3c6ca2b_64I] checkNeedSwapCalibrationData() ConfigFile NULL
2019-10-08 17:50:47.302 744-1263/? D/Misc____: [3c6ca2b_64D] enter loadRequest
2019-10-08 17:50:47.302 744-1263/? D/EnvImpl: [HWA_CAM3]getPackageName :  com.virobugs
2019-10-08 17:50:47.302 744-1263/? D/IppAlgoFilter: [HWA_CAM3]loadPreviewRequest() REQUEST_DMAP_SWAP, status:0
2019-10-08 17:50:47.302 744-1263/? D/EnvImpl: [HWA_CAM3]getPackageName :  com.virobugs
2019-10-08 17:50:47.302 744-1263/? I/chatty: uid=1013(media) pl#2 identical 1 line
2019-10-08 17:50:47.302 744-1263/? D/EnvImpl: [HWA_CAM3]getPackageName :  com.virobugs
2019-10-08 17:50:47.307 744-2046/? I/HwaStatInfo: [3c6ca2b_64I] algotype is 0, videoRatio is 1.000000, ratio is 1.875000, faceNum is 0
2019-10-08 17:50:47.325 744-2046/? I/HwaStatInfo: [3c6ca2b_64I] algotype is 0, videoRatio is 1.000000, ratio is 1.875000, faceNum is 0
2019-10-08 17:50:47.325 744-2054/? I/EnvImpl: [HWA_CAM3]getArCalorieMode mArCalorieMode 0
2019-10-08 17:50:47.325 744-2049/? D/Misc____: [3c6ca2b_64D] onProcessFrame(666), afDistance(0.000000)
2019-10-08 17:50:47.326 744-2054/? I/cie: FaceStoryAlgo::isCurFrameRun isCurFrameRun. Process mode 0.
2019-10-08 17:50:47.326 744-2052/? I/AntiBanding: onSubAlgoProcess() mAlgoCtx.continue_detect_cnt :1, mAlgoCtx.succ_detect_cnt : 0, mAlgoCtx.motion_flag = 1, detect_result:0, frequency_detected = 26,cur_expo = 20000
2019-10-08 17:50:47.327 613-613/? I/mediacomm@2.1-service: getMdcClient:114: get client<Camera, 221, 744>, channel<4, 1>, perfLev=1, powerStatue=0.
2019-10-08 17:50:47.328 613-613/? I/mediacomm@2.1-service: getMdcVotePerfLev:179: Connected Mdc client<Camera, 221, 744> channel<4, 1> perfLev<1>
2019-10-08 17:50:47.330 613-613/? I/mediacomm@2.1-service: doCopybit:495: client<Camera, 0> ret = 744 finish copybit -.
2019-10-08 17:50:47.330 744-2056/? I/GRALLOC: LockFlexLayout: baseFormat: 11, yStride: 640, ySize: 307200, uOffset: 307200,  uStride: 640
2019-10-08 17:50:47.330 744-2056/? I/GRALLOC: LockFlexLayout: baseFormat: 11, yStride: 640, ySize: 307200, uOffset: 307200,  uStride: 640
2019-10-08 17:50:47.331 723-2012/? I/Camera3-Stream: getBuffer: Stream 1, 0xe8722f80: Already dequeued max output buffers (7), wait for next returned one.
2019-10-08 17:50:47.332 1572-2001/com.virobugs I/GRALLOC: LockFlexLayout: baseFormat: 11, yStride: 640, ySize: 307200, uOffset: 307200,  uStride: 640
2019-10-08 17:50:47.333 744-1263/? D/EnvImpl: [HWA_CAM3]getPackageName :  com.virobugs
2019-10-08 17:50:47.333 744-1263/? I/HwaUtils: [3c6ca2b_64I] getProductExtendName() path=EMILY
2019-10-08 17:50:47.333 744-1263/? I/HwaUtils: [3c6ca2b_64I] getOneCfgFile() path=NULL
2019-10-08 17:50:47.333 744-1263/? I/HwaDMapIpp: [3c6ca2b_64I] checkNeedSwapCalibrationData() ConfigFile NULL
2019-10-08 17:50:47.333 744-1263/? D/Misc____: [3c6ca2b_64D] enter loadRequest
2019-10-08 17:50:47.333 744-1263/? D/EnvImpl: [HWA_CAM3]getPackageName :  com.virobugs
2019-10-08 17:50:47.333 744-1263/? D/IppAlgoFilter: [HWA_CAM3]loadPreviewRequest() REQUEST_DMAP_SWAP, status:0
2019-10-08 17:50:47.333 744-1263/? D/EnvImpl: [HWA_CAM3]getPackageName :  com.virobugs
2019-10-08 17:50:47.333 744-1263/? I/chatty: uid=1013(media) pl#2 identical 1 line
2019-10-08 17:50:47.333 744-1263/? D/EnvImpl: [HWA_CAM3]getPackageName :  com.virobugs
2019-10-08 17:50:47.359 744-2049/? D/Misc____: [3c6ca2b_64D] onProcessFrame(666), afDistance(0.000000)
2019-10-08 17:50:47.360 744-2054/? I/EnvImpl: [HWA_CAM3]getArCalorieMode mArCalorieMode 0
2019-10-08 17:50:47.360 744-2054/? I/cie: FaceStoryAlgo::isCurFrameRun isCurFrameRun. Process mode 0.
2019-10-08 17:50:47.360 744-2052/? I/AntiBanding: onSubAlgoProcess() mAlgoCtx.continue_detect_cnt :1, mAlgoCtx.succ_detect_cnt : 0, mAlgoCtx.motion_flag = 1, detect_result:0, frequency_detected = 26,cur_expo = 20000
2019-10-08 17:50:47.362 613-613/? I/mediacomm@2.1-service: getMdcClient:114: get client<Camera, 221, 744>, channel<4, 1>, perfLev=1, powerStatue=0.
2019-10-08 17:50:47.362 613-613/? I/mediacomm@2.1-service: getMdcVotePerfLev:179: Connected Mdc client<Camera, 221, 744> channel<4, 1> perfLev<1>
2019-10-08 17:50:47.366 613-613/? I/mediacomm@2.1-service: doCopybit:495: client<Camera, 0> ret = 744 finish copybit -.
2019-10-08 17:50:47.366 744-2056/? I/GRALLOC: LockFlexLayout: baseFormat: 11, yStride: 640, ySize: 307200, uOffset: 307200,  uStride: 640
2019-10-08 17:50:47.366 744-2056/? I/GRALLOC: LockFlexLayout: baseFormat: 11, yStride: 640, ySize: 307200, uOffset: 307200,  uStride: 640
2019-10-08 17:50:47.367 723-2012/? I/Camera3-Stream: getBuffer: Stream 1, 0xe8722f80: Already dequeued max output buffers (7), wait for next returned one.
2019-10-08 17:50:47.368 1572-2001/com.virobugs I/GRALLOC: LockFlexLayout: baseFormat: 11, yStride: 640, ySize: 307200, uOffset: 307200,  uStride: 640
2019-10-08 17:50:47.370 744-1263/? D/EnvImpl: [HWA_CAM3]getPackageName :  com.virobugs
2019-10-08 17:50:47.371 744-1263/? I/HwaUtils: [3c6ca2b_64I] getProductExtendName() path=EMILY
2019-10-08 17:50:47.371 744-1263/? I/HwaUtils: [3c6ca2b_64I] getOneCfgFile() path=NULL
2019-10-08 17:50:47.371 744-1263/? I/HwaDMapIpp: [3c6ca2b_64I] checkNeedSwapCalibrationData() ConfigFile NULL
2019-10-08 17:50:47.371 744-1263/? D/Misc____: [3c6ca2b_64D] enter loadRequest
2019-10-08 17:50:47.371 744-1263/? D/EnvImpl: [HWA_CAM3]getPackageName :  com.virobugs
2019-10-08 17:50:47.371 744-1263/? D/IppAlgoFilter: [HWA_CAM3]loadPreviewRequest() REQUEST_DMAP_SWAP, status:0
2019-10-08 17:50:47.371 744-1263/? D/EnvImpl: [HWA_CAM3]getPackageName :  com.virobugs
2019-10-08 17:50:47.371 744-1263/? I/chatty: uid=1013(media) pl#2 identical 1 line
2019-10-08 17:50:47.371 744-1263/? D/EnvImpl: [HWA_CAM3]getPackageName :  com.virobugs
2019-10-08 17:50:47.373 744-2046/? I/HwaStatInfo: [3c6ca2b_64I] algotype is 0, videoRatio is 1.000000, ratio is 1.875000, faceNum is 0
2019-10-08 17:50:47.393 744-2046/? I/HwaStatInfo: [3c6ca2b_64I] algotype is 0, videoRatio is 1.000000, ratio is 1.875000, faceNum is 0
2019-10-08 17:50:47.393 744-2049/? D/Misc____: [3c6ca2b_64D] onProcessFrame(666), afDistance(0.000000)
2019-10-08 17:50:47.393 744-2054/? I/EnvImpl: [HWA_CAM3]getArCalorieMode mArCalorieMode 0
2019-10-08 17:50:47.394 744-2054/? I/cie: FaceStoryAlgo::isCurFrameRun isCurFrameRun. Process mode 0.
2019-10-08 17:50:47.396 744-2052/? I/AntiBanding: onSubAlgoProcess() mAlgoCtx.continue_detect_cnt :1, mAlgoCtx.succ_detect_cnt : 0, mAlgoCtx.motion_flag = 1, detect_result:0, frequency_detected = 0,cur_expo = 20000
2019-10-08 17:50:47.396 613-613/? I/mediacomm@2.1-service: getMdcClient:114: get client<Camera, 221, 744>, channel<4, 1>, perfLev=1, powerStatue=0.
2019-10-08 17:50:47.397 613-613/? I/mediacomm@2.1-service: getMdcVotePerfLev:179: Connected Mdc client<Camera, 221, 744> channel<4, 1> perfLev<1>
2019-10-08 17:50:47.399 613-613/? I/mediacomm@2.1-service: doCopybit:495: client<Camera, 0> ret = 744 finish copybit -.
2019-10-08 17:50:47.399 744-2056/? I/GRALLOC: LockFlexLayout: baseFormat: 11, yStride: 640, ySize: 307200, uOffset: 307200,  uStride: 640
2019-10-08 17:50:47.399 744-2056/? I/GRALLOC: LockFlexLayout: baseFormat: 11, yStride: 640, ySize: 307200, uOffset: 307200,  uStride: 640
2019-10-08 17:50:47.400 723-2012/? I/Camera3-Stream: getBuffer: Stream 1, 0xe8722f80: Already dequeued max output buffers (7), wait for next returned one.
2019-10-08 17:50:47.401 1572-2001/com.virobugs I/GRALLOC: LockFlexLayout: baseFormat: 11, yStride: 640, ySize: 307200, uOffset: 307200,  uStride: 640
2019-10-08 17:50:47.403 744-1263/? D/EnvImpl: [HWA_CAM3]getPackageName :  com.virobugs
2019-10-08 17:50:47.403 744-1263/? I/HwaUtils: [3c6ca2b_64I] getProductExtendName() path=EMILY
2019-10-08 17:50:47.403 744-1263/? I/HwaUtils: [3c6ca2b_64I] getOneCfgFile() path=NULL
2019-10-08 17:50:47.403 744-1263/? I/HwaDMapIpp: [3c6ca2b_64I] checkNeedSwapCalibrationData() ConfigFile NULL
2019-10-08 17:50:47.403 744-1263/? D/Misc____: [3c6ca2b_64D] enter loadRequest
2019-10-08 17:50:47.404 744-1263/? D/EnvImpl: [HWA_CAM3]getPackageName :  com.virobugs
2019-10-08 17:50:47.404 744-1263/? D/IppAlgoFilter: [HWA_CAM3]loadPreviewRequest() REQUEST_DMAP_SWAP, status:0
2019-10-08 17:50:47.404 744-1263/? D/EnvImpl: [HWA_CAM3]getPackageName :  com.virobugs
2019-10-08 17:50:47.404 744-1263/? I/chatty: uid=1013(media) pl#2 identical 1 line
2019-10-08 17:50:47.404 744-1263/? D/EnvImpl: [HWA_CAM3]getPackageName :  com.virobugs
2019-10-08 17:50:47.426 744-2054/? I/EnvImpl: [HWA_CAM3]getArCalorieMode mArCalorieMode 0
2019-10-08 17:50:47.426 744-2049/? D/Misc____: [3c6ca2b_64D] onProcessFrame(666), afDistance(0.000000)
2019-10-08 17:50:47.426 744-2054/? I/cie: FaceStoryAlgo::isCurFrameRun isCurFrameRun. Process mode 0.
2019-10-08 17:50:47.429 744-2052/? I/AntiBanding: onSubAlgoProcess() mAlgoCtx.continue_detect_cnt :1, mAlgoCtx.succ_detect_cnt : 0, mAlgoCtx.motion_flag = 1, detect_result:0, frequency_detected = 26,cur_expo = 20000
2019-10-08 17:50:47.430 613-613/? I/mediacomm@2.1-service: getMdcClient:114: get client<Camera, 221, 744>, channel<4, 1>, perfLev=1, powerStatue=0.
2019-10-08 17:50:47.430 613-613/? I/mediacomm@2.1-service: getMdcVotePerfLev:179: Connected Mdc client<Camera, 221, 744> channel<4, 1> perfLev<1>
2019-10-08 17:50:47.432 613-613/? I/mediacomm@2.1-service: doCopybit:495: client<Camera, 0> ret = 744 finish copybit -.
2019-10-08 17:50:47.433 744-2056/? I/GRALLOC: LockFlexLayout: baseFormat: 11, yStride: 640, ySize: 307200, uOffset: 307200,  uStride: 640
2019-10-08 17:50:47.433 744-2056/? I/GRALLOC: LockFlexLayout: baseFormat: 11, yStride: 640, ySize: 307200, uOffset: 307200,  uStride: 640
2019-10-08 17:50:47.433 723-2012/? I/Camera3-Stream: getBuffer: Stream 0, 0xe8721c00: Already dequeued max output buffers (7), wait for next returned one.
2019-10-08 17:50:47.434 723-2012/? I/Camera3-Stream: getBuffer: Stream 1, 0xe8722f80: Already dequeued max output buffers (7), wait for next returned one.
2019-10-08 17:50:47.434 1572-2001/com.virobugs I/GRALLOC: LockFlexLayout: baseFormat: 11, yStride: 640, ySize: 307200, uOffset: 307200,  uStride: 640
2019-10-08 17:50:47.436 744-1263/? D/EnvImpl: [HWA_CAM3]getPackageName :  com.virobugs
2019-10-08 17:50:47.436 744-1263/? I/HwaUtils: [3c6ca2b_64I] getProductExtendName() path=EMILY
2019-10-08 17:50:47.436 744-1263/? I/HwaUtils: [3c6ca2b_64I] getOneCfgFile() path=NULL
2019-10-08 17:50:47.436 744-1263/? I/HwaDMapIpp: [3c6ca2b_64I] checkNeedSwapCalibrationData() ConfigFile NULL
2019-10-08 17:50:47.437 744-1263/? D/Misc____: [3c6ca2b_64D] enter loadRequest
2019-10-08 17:50:47.437 744-1263/? D/EnvImpl: [HWA_CAM3]getPackageName :  com.virobugs
2019-10-08 17:50:47.437 744-1263/? D/IppAlgoFilter: [HWA_CAM3]loadPreviewRequest() REQUEST_DMAP_SWAP, status:0
2019-10-08 17:50:47.437 744-1263/? D/EnvImpl: [HWA_CAM3]getPackageName :  com.virobugs
2019-10-08 17:50:47.437 744-1263/? I/chatty: uid=1013(media) pl#2 identical 1 line
2019-10-08 17:50:47.437 744-1263/? D/EnvImpl: [HWA_CAM3]getPackageName :  com.virobugs
2019-10-08 17:50:47.441 744-2046/? I/HwaStatInfo: [3c6ca2b_64I] algotype is 0, videoRatio is 1.000000, ratio is 1.875000, faceNum is 0
2019-10-08 17:50:47.458 744-2054/? I/EnvImpl: [HWA_CAM3]getArCalorieMode mArCalorieMode 0
2019-10-08 17:50:47.459 613-613/? I/mediacomm@2.1-service: getMdcClient:114: get client<Camera, 221, 744>, channel<4, 1>, perfLev=1, powerStatue=0.
2019-10-08 17:50:47.459 744-2049/? D/Misc____: [3c6ca2b_64D] onProcessFrame(666), afDistance(0.000000)
2019-10-08 17:50:47.459 613-613/? I/mediacomm@2.1-service: getMdcVotePerfLev:179: Connected Mdc client<Camera, 221, 744> channel<4, 1> perfLev<1>
2019-10-08 17:50:47.460 744-2046/? I/HwaStatInfo: [3c6ca2b_64I] algotype is 0, videoRatio is 1.000000, ratio is 1.875000, faceNum is 0
2019-10-08 17:50:47.460 744-2054/? I/cie: FaceStoryAlgo::isCurFrameRun isCurFrameRun. Process mode 0.
