2019-10-08 17:50:45.051 744-2054/? I/cie: FaceStoryAlgo::isCurFrameRun isCurFrameRun. Process mode 0.
2019-10-08 17:50:45.051 744-2049/? D/Misc____: [3c6ca2b_64D] onProcessFrame(666), afDistance(0.000000)
2019-10-08 17:50:45.053 744-2052/? I/AntiBanding: onSubAlgoProcess() mAlgoCtx.continue_detect_cnt :0, mAlgoCtx.succ_detect_cnt : 0, mAlgoCtx.motion_flag = 0, detect_result:0, frequency_detected = 0,cur_expo = 20000
2019-10-08 17:50:45.053 613-613/? I/mediacomm@2.1-service: getMdcClient:114: get client<Camera, 221, 744>, channel<4, 1>, perfLev=1, powerStatue=0.
2019-10-08 17:50:45.053 613-613/? I/mediacomm@2.1-service: getMdcVotePerfLev:179: Connected Mdc client<Camera, 221, 744> channel<4, 1> perfLev<1>
2019-10-08 17:50:45.057 613-613/? I/mediacomm@2.1-service: doCopybit:495: client<Camera, 0> ret = 744 finish copybit -.
2019-10-08 17:50:45.057 744-2056/? I/GRALLOC: LockFlexLayout: baseFormat: 11, yStride: 640, ySize: 307200, uOffset: 307200,  uStride: 640
2019-10-08 17:50:45.058 744-2056/? I/GRALLOC: LockFlexLayout: baseFormat: 11, yStride: 640, ySize: 307200, uOffset: 307200,  uStride: 640
2019-10-08 17:50:45.060 1572-2001/com.virobugs I/GRALLOC: LockFlexLayout: baseFormat: 11, yStride: 640, ySize: 307200, uOffset: 307200,  uStride: 640
2019-10-08 17:50:45.060 744-1263/? D/EnvImpl: [HWA_CAM3]getPackageName :  com.virobugs
2019-10-08 17:50:45.061 744-1263/? I/HwaUtils: [3c6ca2b_64I] getProductExtendName() path=EMILY
2019-10-08 17:50:45.061 744-1263/? I/HwaUtils: [3c6ca2b_64I] getOneCfgFile() path=NULL
2019-10-08 17:50:45.061 744-1263/? I/HwaDMapIpp: [3c6ca2b_64I] checkNeedSwapCalibrationData() ConfigFile NULL
2019-10-08 17:50:45.061 744-1263/? D/Misc____: [3c6ca2b_64D] enter loadRequest
2019-10-08 17:50:45.061 744-1263/? D/EnvImpl: [HWA_CAM3]getPackageName :  com.virobugs
2019-10-08 17:50:45.061 744-1263/? D/IppAlgoFilter: [HWA_CAM3]loadPreviewRequest() REQUEST_DMAP_SWAP, status:0
2019-10-08 17:50:45.061 744-1263/? D/EnvImpl: [HWA_CAM3]getPackageName :  com.virobugs
2019-10-08 17:50:45.061 744-1263/? I/chatty: uid=1013(media) pl#2 identical 1 line
2019-10-08 17:50:45.061 744-1263/? D/EnvImpl: [HWA_CAM3]getPackageName :  com.virobugs
2019-10-08 17:50:45.062 611-1341/? D/asd_primary_out: L[0],R[0], continus 20 times!
2019-10-08 17:50:45.083 744-2049/? D/Misc____: [3c6ca2b_64D] onProcessFrame(666), afDistance(0.000000)
2019-10-08 17:50:45.084 744-2054/? I/EnvImpl: [HWA_CAM3]getArCalorieMode mArCalorieMode 0
2019-10-08 17:50:45.084 744-2054/? I/cie: FaceStoryAlgo::isCurFrameRun isCurFrameRun. Process mode 0.
2019-10-08 17:50:45.085 744-2052/? I/AntiBanding: onSubAlgoProcess() mAlgoCtx.continue_detect_cnt :1, mAlgoCtx.succ_detect_cnt : 0, mAlgoCtx.motion_flag = 0, detect_result:0, frequency_detected = 26,cur_expo = 20000
2019-10-08 17:50:45.088 613-613/? I/mediacomm@2.1-service: getMdcClient:114: get client<Camera, 221, 744>, channel<4, 1>, perfLev=1, powerStatue=0.
2019-10-08 17:50:45.088 613-613/? I/mediacomm@2.1-service: getMdcVotePerfLev:179: Connected Mdc client<Camera, 221, 744> channel<4, 1> perfLev<1>
2019-10-08 17:50:45.090 613-613/? I/mediacomm@2.1-service: doCopybit:495: client<Camera, 0> ret = 744 finish copybit -.
2019-10-08 17:50:45.090 744-2056/? I/GRALLOC: LockFlexLayout: baseFormat: 11, yStride: 640, ySize: 307200, uOffset: 307200,  uStride: 640
2019-10-08 17:50:45.090 744-2056/? I/GRALLOC: LockFlexLayout: baseFormat: 11, yStride: 640, ySize: 307200, uOffset: 307200,  uStride: 640
2019-10-08 17:50:45.091 723-2012/? I/Camera3-Stream: getBuffer: Stream 1, 0xe8722f80: Already dequeued max output buffers (7), wait for next returned one.
2019-10-08 17:50:45.092 1572-2001/com.virobugs I/GRALLOC: LockFlexLayout: baseFormat: 11, yStride: 640, ySize: 307200, uOffset: 307200,  uStride: 640
2019-10-08 17:50:45.096 744-1263/? D/EnvImpl: [HWA_CAM3]getPackageName :  com.virobugs
2019-10-08 17:50:45.096 744-1263/? I/HwaUtils: [3c6ca2b_64I] getProductExtendName() path=EMILY
2019-10-08 17:50:45.097 744-1263/? I/HwaUtils: [3c6ca2b_64I] getOneCfgFile() path=NULL
2019-10-08 17:50:45.097 744-1263/? I/HwaDMapIpp: [3c6ca2b_64I] checkNeedSwapCalibrationData() ConfigFile NULL
2019-10-08 17:50:45.097 744-1263/? D/Misc____: [3c6ca2b_64D] enter loadRequest
2019-10-08 17:50:45.097 744-1263/? D/EnvImpl: [HWA_CAM3]getPackageName :  com.virobugs
2019-10-08 17:50:45.097 744-1263/? D/IppAlgoFilter: [HWA_CAM3]loadPreviewRequest() REQUEST_DMAP_SWAP, status:0
2019-10-08 17:50:45.097 744-1263/? D/EnvImpl: [HWA_CAM3]getPackageName :  com.virobugs
2019-10-08 17:50:45.097 744-1263/? I/chatty: uid=1013(media) pl#2 identical 1 line
2019-10-08 17:50:45.097 744-1263/? D/EnvImpl: [HWA_CAM3]getPackageName :  com.virobugs
2019-10-08 17:50:45.097 744-2046/? I/HwaStatInfo: [3c6ca2b_64I] algotype is 0, videoRatio is 1.000000, ratio is 1.875000, faceNum is 0
2019-10-08 17:50:45.098 744-1254/? I/MRMain: [3c6ca2b_64I] onConfig ret: 0,mLastEnableStatus: 0
2019-10-08 17:50:45.117 744-2046/? I/HwaStatInfo: [3c6ca2b_64I] algotype is 0, videoRatio is 1.000000, ratio is 1.875000, faceNum is 0
2019-10-08 17:50:45.117 744-2054/? I/EnvImpl: [HWA_CAM3]getArCalorieMode mArCalorieMode 0
2019-10-08 17:50:45.117 744-2052/? I/AntiBanding: onSubAlgoProcess() mAlgoCtx.continue_detect_cnt :2, mAlgoCtx.succ_detect_cnt : 0, mAlgoCtx.motion_flag = 0, detect_result:0, frequency_detected = 0,cur_expo = 20000
2019-10-08 17:50:45.117 744-2054/? I/cie: FaceStoryAlgo::isCurFrameRun isCurFrameRun. Process mode 0.
2019-10-08 17:50:45.118 744-2049/? D/Misc____: [3c6ca2b_64D] onProcessFrame(666), afDistance(0.000000)
2019-10-08 17:50:45.120 613-613/? I/mediacomm@2.1-service: getMdcClient:114: get client<Camera, 221, 744>, channel<4, 1>, perfLev=1, powerStatue=0.
2019-10-08 17:50:45.120 613-613/? I/mediacomm@2.1-service: getMdcVotePerfLev:179: Connected Mdc client<Camera, 221, 744> channel<4, 1> perfLev<1>
2019-10-08 17:50:45.123 613-613/? I/mediacomm@2.1-service: doCopybit:495: client<Camera, 0> ret = 744 finish copybit -.
2019-10-08 17:50:45.123 744-2056/? I/GRALLOC: LockFlexLayout: baseFormat: 11, yStride: 640, ySize: 307200, uOffset: 307200,  uStride: 640
2019-10-08 17:50:45.123 744-2056/? I/GRALLOC: LockFlexLayout: baseFormat: 11, yStride: 640, ySize: 307200, uOffset: 307200,  uStride: 640
2019-10-08 17:50:45.124 723-2012/? I/Camera3-Stream: getBuffer: Stream 1, 0xe8722f80: Already dequeued max output buffers (7), wait for next returned one.
2019-10-08 17:50:45.124 1572-2001/com.virobugs I/GRALLOC: LockFlexLayout: baseFormat: 11, yStride: 640, ySize: 307200, uOffset: 307200,  uStride: 640
2019-10-08 17:50:45.128 744-1263/? D/EnvImpl: [HWA_CAM3]getPackageName :  com.virobugs
2019-10-08 17:50:45.128 744-1263/? I/HwaUtils: [3c6ca2b_64I] getProductExtendName() path=EMILY
2019-10-08 17:50:45.128 744-1263/? I/HwaUtils: [3c6ca2b_64I] getOneCfgFile() path=NULL
2019-10-08 17:50:45.128 744-1263/? I/HwaDMapIpp: [3c6ca2b_64I] checkNeedSwapCalibrationData() ConfigFile NULL
2019-10-08 17:50:45.128 744-1263/? D/Misc____: [3c6ca2b_64D] enter loadRequest
2019-10-08 17:50:45.128 744-1263/? D/EnvImpl: [HWA_CAM3]getPackageName :  com.virobugs
2019-10-08 17:50:45.128 744-1263/? D/IppAlgoFilter: [HWA_CAM3]loadPreviewRequest() REQUEST_DMAP_SWAP, status:0
2019-10-08 17:50:45.128 744-1263/? D/EnvImpl: [HWA_CAM3]getPackageName :  com.virobugs
2019-10-08 17:50:45.128 744-1263/? I/chatty: uid=1013(media) pl#2 identical 1 line
2019-10-08 17:50:45.128 744-1263/? D/EnvImpl: [HWA_CAM3]getPackageName :  com.virobugs
2019-10-08 17:50:45.129 744-1254/? I/MRMain: [3c6ca2b_64I] checkConfig(), enableV1=0, enableV2=0, enableV3=0
2019-10-08 17:50:45.151 744-2049/? D/Misc____: [3c6ca2b_64D] onProcessFrame(666), afDistance(0.000000)
2019-10-08 17:50:45.153 744-2054/? I/EnvImpl: [HWA_CAM3]getArCalorieMode mArCalorieMode 0
2019-10-08 17:50:45.153 744-2054/? I/cie: FaceStoryAlgo::isCurFrameRun isCurFrameRun. Process mode 0.
2019-10-08 17:50:45.154 613-613/? I/mediacomm@2.1-service: getMdcClient:114: get client<Camera, 221, 744>, channel<4, 1>, perfLev=1, powerStatue=0.
2019-10-08 17:50:45.154 613-613/? I/mediacomm@2.1-service: getMdcVotePerfLev:179: Connected Mdc client<Camera, 221, 744> channel<4, 1> perfLev<1>
2019-10-08 17:50:45.156 613-613/? I/mediacomm@2.1-service: doCopybit:495: client<Camera, 0> ret = 744 finish copybit -.
2019-10-08 17:50:45.156 744-2056/? I/GRALLOC: LockFlexLayout: baseFormat: 11, yStride: 640, ySize: 307200, uOffset: 307200,  uStride: 640
2019-10-08 17:50:45.157 744-2056/? I/GRALLOC: LockFlexLayout: baseFormat: 11, yStride: 640, ySize: 307200, uOffset: 307200,  uStride: 640
2019-10-08 17:50:45.157 723-2012/? I/Camera3-Stream: getBuffer: Stream 1, 0xe8722f80: Already dequeued max output buffers (7), wait for next returned one.
2019-10-08 17:50:45.157 1572-2001/com.virobugs I/GRALLOC: LockFlexLayout: baseFormat: 11, yStride: 640, ySize: 307200, uOffset: 307200,  uStride: 640
2019-10-08 17:50:45.159 744-1263/? D/EnvImpl: [HWA_CAM3]getPackageName :  com.virobugs
2019-10-08 17:50:45.159 744-1263/? I/HwaUtils: [3c6ca2b_64I] getProductExtendName() path=EMILY
2019-10-08 17:50:45.159 744-1263/? I/HwaUtils: [3c6ca2b_64I] getOneCfgFile() path=NULL
2019-10-08 17:50:45.159 744-1263/? I/HwaDMapIpp: [3c6ca2b_64I] checkNeedSwapCalibrationData() ConfigFile NULL
2019-10-08 17:50:45.159 744-1263/? D/Misc____: [3c6ca2b_64D] enter loadRequest
2019-10-08 17:50:45.159 744-1263/? D/EnvImpl: [HWA_CAM3]getPackageName :  com.virobugs
2019-10-08 17:50:45.159 744-1263/? D/IppAlgoFilter: [HWA_CAM3]loadPreviewRequest() REQUEST_DMAP_SWAP, status:0
2019-10-08 17:50:45.159 744-1263/? D/EnvImpl: [HWA_CAM3]getPackageName :  com.virobugs
2019-10-08 17:50:45.159 744-1263/? I/chatty: uid=1013(media) pl#2 identical 1 line
2019-10-08 17:50:45.159 744-1263/? D/EnvImpl: [HWA_CAM3]getPackageName :  com.virobugs
2019-10-08 17:50:45.164 744-2046/? I/HwaStatInfo: [3c6ca2b_64I] algotype is 0, videoRatio is 1.000000, ratio is 1.875000, faceNum is 0
2019-10-08 17:50:45.184 744-2046/? I/HwaStatInfo: [3c6ca2b_64I] algotype is 0, videoRatio is 1.000000, ratio is 1.875000, faceNum is 0
2019-10-08 17:50:45.184 744-2049/? D/Misc____: [3c6ca2b_64D] onProcessFrame(666), afDistance(0.000000)
2019-10-08 17:50:45.184 744-2054/? I/EnvImpl: [HWA_CAM3]getArCalorieMode mArCalorieMode 0
2019-10-08 17:50:45.184 744-2054/? I/cie: FaceStoryAlgo::isCurFrameRun isCurFrameRun. Process mode 0.
2019-10-08 17:50:45.186 744-2052/? I/AntiBanding: onSubAlgoProcess() mAlgoCtx.continue_detect_cnt :0, mAlgoCtx.succ_detect_cnt : 0, mAlgoCtx.motion_flag = 0, detect_result:0, frequency_detected = 0,cur_expo = 20000
2019-10-08 17:50:45.188 613-613/? I/mediacomm@2.1-service: getMdcClient:114: get client<Camera, 221, 744>, channel<4, 1>, perfLev=1, powerStatue=0.
2019-10-08 17:50:45.188 613-613/? I/mediacomm@2.1-service: getMdcVotePerfLev:179: Connected Mdc client<Camera, 221, 744> channel<4, 1> perfLev<1>
2019-10-08 17:50:45.190 613-613/? I/mediacomm@2.1-service: doCopybit:495: client<Camera, 0> ret = 744 finish copybit -.
2019-10-08 17:50:45.190 744-2056/? I/GRALLOC: LockFlexLayout: baseFormat: 11, yStride: 640, ySize: 307200, uOffset: 307200,  uStride: 640
2019-10-08 17:50:45.190 744-2056/? I/GRALLOC: LockFlexLayout: baseFormat: 11, yStride: 640, ySize: 307200, uOffset: 307200,  uStride: 640
2019-10-08 17:50:45.191 723-2012/? I/Camera3-Stream: getBuffer: Stream 0, 0xe8721c00: Already dequeued max output buffers (7), wait for next returned one.
2019-10-08 17:50:45.191 1572-2001/com.virobugs I/GRALLOC: LockFlexLayout: baseFormat: 11, yStride: 640, ySize: 307200, uOffset: 307200,  uStride: 640
2019-10-08 17:50:45.195 744-1263/? D/EnvImpl: [HWA_CAM3]getPackageName :  com.virobugs
2019-10-08 17:50:45.195 744-1263/? I/HwaUtils: [3c6ca2b_64I] getProductExtendName() path=EMILY
2019-10-08 17:50:45.195 744-1263/? I/HwaUtils: [3c6ca2b_64I] getOneCfgFile() path=NULL
2019-10-08 17:50:45.195 744-1263/? I/HwaDMapIpp: [3c6ca2b_64I] checkNeedSwapCalibrationData() ConfigFile NULL
2019-10-08 17:50:45.195 744-1263/? D/Misc____: [3c6ca2b_64D] enter loadRequest
2019-10-08 17:50:45.195 744-1263/? D/EnvImpl: [HWA_CAM3]getPackageName :  com.virobugs
2019-10-08 17:50:45.195 744-1263/? D/IppAlgoFilter: [HWA_CAM3]loadPreviewRequest() REQUEST_DMAP_SWAP, status:0
2019-10-08 17:50:45.195 744-1263/? D/EnvImpl: [HWA_CAM3]getPackageName :  com.virobugs
2019-10-08 17:50:45.195 744-1263/? I/chatty: uid=1013(media) pl#2 identical 1 line
2019-10-08 17:50:45.195 744-1263/? D/EnvImpl: [HWA_CAM3]getPackageName :  com.virobugs
2019-10-08 17:50:45.216 744-2054/? I/EnvImpl: [HWA_CAM3]getArCalorieMode mArCalorieMode 0
2019-10-08 17:50:45.216 744-2054/? I/cie: FaceStoryAlgo::isCurFrameRun isCurFrameRun. Process mode 0.
2019-10-08 17:50:45.216 744-2049/? D/Misc____: [3c6ca2b_64D] onProcessFrame(666), afDistance(0.000000)
2019-10-08 17:50:45.219 744-2052/? I/AntiBanding: onSubAlgoProcess() mAlgoCtx.continue_detect_cnt :1, mAlgoCtx.succ_detect_cnt : 0, mAlgoCtx.motion_flag = 0, detect_result:0, frequency_detected = 78,cur_expo = 20000
2019-10-08 17:50:45.221 613-613/? I/mediacomm@2.1-service: getMdcClient:114: get client<Camera, 221, 744>, channel<4, 1>, perfLev=1, powerStatue=0.
2019-10-08 17:50:45.221 613-613/? I/mediacomm@2.1-service: getMdcVotePerfLev:179: Connected Mdc client<Camera, 221, 744> channel<4, 1> perfLev<1>
2019-10-08 17:50:45.223 613-613/? I/mediacomm@2.1-service: doCopybit:495: client<Camera, 0> ret = 744 finish copybit -.
2019-10-08 17:50:45.223 744-2056/? I/GRALLOC: LockFlexLayout: baseFormat: 11, yStride: 640, ySize: 307200, uOffset: 307200,  uStride: 640
2019-10-08 17:50:45.224 744-2056/? I/GRALLOC: LockFlexLayout: baseFormat: 11, yStride: 640, ySize: 307200, uOffset: 307200,  uStride: 640
2019-10-08 17:50:45.224 723-2012/? I/Camera3-Stream: getBuffer: Stream 0, 0xe8721c00: Already dequeued max output buffers (7), wait for next returned one.
2019-10-08 17:50:45.225 723-2012/? I/Camera3-Stream: getBuffer: Stream 1, 0xe8722f80: Already dequeued max output buffers (7), wait for next returned one.
2019-10-08 17:50:45.226 1572-2001/com.virobugs I/GRALLOC: LockFlexLayout: baseFormat: 11, yStride: 640, ySize: 307200, uOffset: 307200,  uStride: 640
2019-10-08 17:50:45.227 744-1263/? D/EnvImpl: [HWA_CAM3]getPackageName :  com.virobugs
2019-10-08 17:50:45.227 744-1263/? I/HwaUtils: [3c6ca2b_64I] getProductExtendName() path=EMILY
2019-10-08 17:50:45.227 744-1263/? I/HwaUtils: [3c6ca2b_64I] getOneCfgFile() path=NULL
2019-10-08 17:50:45.227 744-1263/? I/HwaDMapIpp: [3c6ca2b_64I] checkNeedSwapCalibrationData() ConfigFile NULL
2019-10-08 17:50:45.227 744-1263/? D/Misc____: [3c6ca2b_64D] enter loadRequest
2019-10-08 17:50:45.227 744-1263/? D/EnvImpl: [HWA_CAM3]getPackageName :  com.virobugs
2019-10-08 17:50:45.227 744-1263/? D/IppAlgoFilter: [HWA_CAM3]loadPreviewRequest() REQUEST_DMAP_SWAP, status:0
2019-10-08 17:50:45.227 744-1263/? D/EnvImpl: [HWA_CAM3]getPackageName :  com.virobugs
2019-10-08 17:50:45.227 744-1263/? I/chatty: uid=1013(media) pl#2 identical 1 line
2019-10-08 17:50:45.227 744-1263/? D/EnvImpl: [HWA_CAM3]getPackageName :  com.virobugs
2019-10-08 17:50:45.232 744-2046/? I/HwaStatInfo: [3c6ca2b_64I] algotype is 0, videoRatio is 1.000000, ratio is 1.875000, faceNum is 0
2019-10-08 17:50:45.249 744-2046/? I/HwaStatInfo: [3c6ca2b_64I] algotype is 0, videoRatio is 1.000000, ratio is 1.875000, faceNum is 0
2019-10-08 17:50:45.250 744-2049/? D/Misc____: [3c6ca2b_64D] onProcessFrame(666), afDistance(0.000000)
2019-10-08 17:50:45.250 744-2054/? I/EnvImpl: [HWA_CAM3]getArCalorieMode mArCalorieMode 0
2019-10-08 17:50:45.251 744-2054/? I/cie: FaceStoryAlgo::isCurFrameRun isCurFrameRun. Process mode 0.
2019-10-08 17:50:45.251 744-2052/? I/AntiBanding: onSubAlgoProcess() mAlgoCtx.continue_detect_cnt :2, mAlgoCtx.succ_detect_cnt : 0, mAlgoCtx.motion_flag = 0, detect_result:0, frequency_detected = 0,cur_expo = 20000
2019-10-08 17:50:45.251 613-613/? I/mediacomm@2.1-service: getMdcClient:114: get client<Camera, 221, 744>, channel<4, 1>, perfLev=1, powerStatue=0.
2019-10-08 17:50:45.251 613-613/? I/mediacomm@2.1-service: getMdcVotePerfLev:179: Connected Mdc client<Camera, 221, 744> channel<4, 1> perfLev<1>
2019-10-08 17:50:45.253 613-613/? I/mediacomm@2.1-service: doCopybit:495: client<Camera, 0> ret = 744 finish copybit -.
2019-10-08 17:50:45.254 744-2056/? I/GRALLOC: LockFlexLayout: baseFormat: 11, yStride: 640, ySize: 307200, uOffset: 307200,  uStride: 640
2019-10-08 17:50:45.254 744-2056/? I/GRALLOC: LockFlexLayout: baseFormat: 11, yStride: 640, ySize: 307200, uOffset: 307200,  uStride: 640
2019-10-08 17:50:45.254 723-2012/? I/Camera3-Stream: getBuffer: Stream 0, 0xe8721c00: Already dequeued max output buffers (7), wait for next returned one.
2019-10-08 17:50:45.255 723-2012/? I/Camera3-Stream: getBuffer: Stream 1, 0xe8722f80: Already dequeued max output buffers (7), wait for next returned one.
2019-10-08 17:50:45.257 1572-2001/com.virobugs I/GRALLOC: LockFlexLayout: baseFormat: 11, yStride: 640, ySize: 307200, uOffset: 307200,  uStride: 640
2019-10-08 17:50:45.258 744-1263/? D/EnvImpl: [HWA_CAM3]getPackageName :  com.virobugs
2019-10-08 17:50:45.258 744-1263/? I/HwaUtils: [3c6ca2b_64I] getProductExtendName() path=EMILY
2019-10-08 17:50:45.258 744-1263/? I/HwaUtils: [3c6ca2b_64I] getOneCfgFile() path=NULL
2019-10-08 17:50:45.258 744-1263/? I/HwaDMapIpp: [3c6ca2b_64I] checkNeedSwapCalibrationData() ConfigFile NULL
2019-10-08 17:50:45.259 744-1263/? D/Misc____: [3c6ca2b_64D] enter loadRequest
2019-10-08 17:50:45.259 744-1263/? D/EnvImpl: [HWA_CAM3]getPackageName :  com.virobugs
2019-10-08 17:50:45.259 744-1263/? D/IppAlgoFilter: [HWA_CAM3]loadPreviewRequest() REQUEST_DMAP_SWAP, status:0
2019-10-08 17:50:45.259 744-1263/? D/EnvImpl: [HWA_CAM3]getPackageName :  com.virobugs
2019-10-08 17:50:45.259 744-1263/? I/chatty: uid=1013(media) pl#2 identical 1 line
2019-10-08 17:50:45.259 744-1263/? D/EnvImpl: [HWA_CAM3]getPackageName :  com.virobugs
2019-10-08 17:50:45.270 580-644/? I/PreDnsController: canPreDnsQuery,persist.sys.predns is false!
2019-10-08 17:50:45.284 744-2054/? I/EnvImpl: [HWA_CAM3]getArCalorieMode mArCalorieMode 0
2019-10-08 17:50:45.284 744-2054/? I/cie: FaceStoryAlgo::isCurFrameRun isCurFrameRun. Process mode 0.
2019-10-08 17:50:45.285 744-2049/? D/Misc____: [3c6ca2b_64D] onProcessFrame(666), afDistance(0.000000)
2019-10-08 17:50:45.286 613-613/? I/mediacomm@2.1-service: getMdcClient:114: get client<Camera, 221, 744>, channel<4, 1>, perfLev=1, powerStatue=0.
2019-10-08 17:50:45.286 613-613/? I/mediacomm@2.1-service: getMdcVotePerfLev:179: Connected Mdc client<Camera, 221, 744> channel<4, 1> perfLev<1>
2019-10-08 17:50:45.288 613-613/? I/mediacomm@2.1-service: doCopybit:495: client<Camera, 0> ret = 744 finish copybit -.
2019-10-08 17:50:45.289 744-2056/? I/GRALLOC: LockFlexLayout: baseFormat: 11, yStride: 640, ySize: 307200, uOffset: 307200,  uStride: 640
2019-10-08 17:50:45.289 744-2056/? I/GRALLOC: LockFlexLayout: baseFormat: 11, yStride: 640, ySize: 307200, uOffset: 307200,  uStride: 640
2019-10-08 17:50:45.290 723-2012/? I/Camera3-Stream: getBuffer: Stream 1, 0xe8722f80: Already dequeued max output buffers (7), wait for next returned one.
2019-10-08 17:50:45.290 1572-2001/com.virobugs I/GRALLOC: LockFlexLayout: baseFormat: 11, yStride: 640, ySize: 307200, uOffset: 307200,  uStride: 640
2019-10-08 17:50:45.294 744-1263/? D/EnvImpl: [HWA_CAM3]getPackageName :  com.virobugs
2019-10-08 17:50:45.294 744-1263/? I/HwaUtils: [3c6ca2b_64I] getProductExtendName() path=EMILY
2019-10-08 17:50:45.294 744-1263/? I/HwaUtils: [3c6ca2b_64I] getOneCfgFile() path=NULL
2019-10-08 17:50:45.294 744-1263/? I/HwaDMapIpp: [3c6ca2b_64I] checkNeedSwapCalibrationData() ConfigFile NULL
2019-10-08 17:50:45.294 744-1263/? D/Misc____: [3c6ca2b_64D] enter loadRequest
2019-10-08 17:50:45.294 744-1263/? D/EnvImpl: [HWA_CAM3]getPackageName :  com.virobugs
2019-10-08 17:50:45.294 744-1263/? D/IppAlgoFilter: [HWA_CAM3]loadPreviewRequest() REQUEST_DMAP_SWAP, status:0
2019-10-08 17:50:45.294 744-1263/? D/EnvImpl: [HWA_CAM3]getPackageName :  com.virobugs
2019-10-08 17:50:45.295 744-1263/? I/chatty: uid=1013(media) pl#2 identical 1 line
2019-10-08 17:50:45.295 744-1263/? D/EnvImpl: [HWA_CAM3]getPackageName :  com.virobugs
2019-10-08 17:50:45.300 744-2046/? I/HwaStatInfo: [3c6ca2b_64I] algotype is 0, videoRatio is 1.000000, ratio is 1.875000, faceNum is 0
2019-10-08 17:50:45.317 744-2046/? I/HwaStatInfo: [3c6ca2b_64I] algotype is 0, videoRatio is 1.000000, ratio is 1.875000, faceNum is 0
2019-10-08 17:50:45.317 744-2054/? I/EnvImpl: [HWA_CAM3]getArCalorieMode mArCalorieMode 0
2019-10-08 17:50:45.317 744-2054/? I/cie: FaceStoryAlgo::isCurFrameRun isCurFrameRun. Process mode 0.
2019-10-08 17:50:45.318 744-2049/? D/Misc____: [3c6ca2b_64D] onProcessFrame(666), afDistance(0.000000)
2019-10-08 17:50:45.319 744-2052/? I/AntiBanding: onSubAlgoProcess() mAlgoCtx.continue_detect_cnt :0, mAlgoCtx.succ_detect_cnt : 0, mAlgoCtx.motion_flag = 0, detect_result:0, frequency_detected = 0,cur_expo = 20000
2019-10-08 17:50:45.321 613-613/? I/mediacomm@2.1-service: getMdcClient:114: get client<Camera, 221, 744>, channel<4, 1>, perfLev=1, powerStatue=0.
2019-10-08 17:50:45.321 613-613/? I/mediacomm@2.1-service: getMdcVotePerfLev:179: Connected Mdc client<Camera, 221, 744> channel<4, 1> perfLev<1>
2019-10-08 17:50:45.323 613-613/? I/mediacomm@2.1-service: doCopybit:495: client<Camera, 0> ret = 744 finish copybit -.
2019-10-08 17:50:45.324 744-2056/? I/GRALLOC: LockFlexLayout: baseFormat: 11, yStride: 640, ySize: 307200, uOffset: 307200,  uStride: 640
2019-10-08 17:50:45.324 744-2056/? I/GRALLOC: LockFlexLayout: baseFormat: 11, yStride: 640, ySize: 307200, uOffset: 307200,  uStride: 640
2019-10-08 17:50:45.325 723-2012/? I/Camera3-Stream: getBuffer: Stream 1, 0xe8722f80: Already dequeued max output buffers (7), wait for next returned one.
2019-10-08 17:50:45.325 1572-2001/com.virobugs I/GRALLOC: LockFlexLayout: baseFormat: 11, yStride: 640, ySize: 307200, uOffset: 307200,  uStride: 640
2019-10-08 17:50:45.327 744-1263/? D/EnvImpl: [HWA_CAM3]getPackageName :  com.virobugs
2019-10-08 17:50:45.327 744-1263/? I/HwaUtils: [3c6ca2b_64I] getProductExtendName() path=EMILY
2019-10-08 17:50:45.327 744-1263/? I/HwaUtils: [3c6ca2b_64I] getOneCfgFile() path=NULL
2019-10-08 17:50:45.327 744-1263/? I/HwaDMapIpp: [3c6ca2b_64I] checkNeedSwapCalibrationData() ConfigFile NULL
2019-10-08 17:50:45.327 744-1263/? D/Misc____: [3c6ca2b_64D] enter loadRequest
2019-10-08 17:50:45.327 744-1263/? D/EnvImpl: [HWA_CAM3]getPackageName :  com.virobugs
2019-10-08 17:50:45.327 744-1263/? D/IppAlgoFilter: [HWA_CAM3]loadPreviewRequest() REQUEST_DMAP_SWAP, status:0
2019-10-08 17:50:45.327 744-1263/? D/EnvImpl: [HWA_CAM3]getPackageName :  com.virobugs
2019-10-08 17:50:45.327 744-1263/? I/chatty: uid=1013(media) pl#2 identical 1 line
2019-10-08 17:50:45.327 744-1263/? D/EnvImpl: [HWA_CAM3]getPackageName :  com.virobugs
2019-10-08 17:50:45.351 744-2054/? I/EnvImpl: [HWA_CAM3]getArCalorieMode mArCalorieMode 0
2019-10-08 17:50:45.351 744-2054/? I/cie: FaceStoryAlgo::isCurFrameRun isCurFrameRun. Process mode 0.
2019-10-08 17:50:45.352 744-2049/? D/Misc____: [3c6ca2b_64D] onProcessFrame(666), afDistance(0.000000)
2019-10-08 17:50:45.354 613-613/? I/mediacomm@2.1-service: getMdcClient:114: get client<Camera, 221, 744>, channel<4, 1>, perfLev=1, powerStatue=0.
2019-10-08 17:50:45.354 613-613/? I/mediacomm@2.1-service: getMdcVotePerfLev:179: Connected Mdc client<Camera, 221, 744> channel<4, 1> perfLev<1>
2019-10-08 17:50:45.354 744-2052/? I/AntiBanding: onSubAlgoProcess() mAlgoCtx.continue_detect_cnt :1, mAlgoCtx.succ_detect_cnt : 0, mAlgoCtx.motion_flag = 0, detect_result:0, frequency_detected = 26,cur_expo = 20000
2019-10-08 17:50:45.356 613-613/? I/mediacomm@2.1-service: doCopybit:495: client<Camera, 0> ret = 744 finish copybit -.
2019-10-08 17:50:45.357 744-2056/? I/GRALLOC: LockFlexLayout: baseFormat: 11, yStride: 640, ySize: 307200, uOffset: 307200,  uStride: 640
2019-10-08 17:50:45.357 744-2056/? I/GRALLOC: LockFlexLayout: baseFormat: 11, yStride: 640, ySize: 307200, uOffset: 307200,  uStride: 640
2019-10-08 17:50:45.358 723-2012/? I/Camera3-Stream: getBuffer: Stream 1, 0xe8722f80: Already dequeued max output buffers (7), wait for next returned one.
2019-10-08 17:50:45.358 1572-2001/com.virobugs I/GRALLOC: LockFlexLayout: baseFormat: 11, yStride: 640, ySize: 307200, uOffset: 307200,  uStride: 640
2019-10-08 17:50:45.361 744-1263/? D/EnvImpl: [HWA_CAM3]getPackageName :  com.virobugs
2019-10-08 17:50:45.361 744-1263/? I/HwaUtils: [3c6ca2b_64I] getProductExtendName() path=EMILY
2019-10-08 17:50:45.361 744-1263/? I/HwaUtils: [3c6ca2b_64I] getOneCfgFile() path=NULL
2019-10-08 17:50:45.361 744-1263/? I/HwaDMapIpp: [3c6ca2b_64I] checkNeedSwapCalibrationData() ConfigFile NULL
2019-10-08 17:50:45.361 744-1263/? D/Misc____: [3c6ca2b_64D] enter loadRequest
2019-10-08 17:50:45.361 744-1263/? D/EnvImpl: [HWA_CAM3]getPackageName :  com.virobugs
2019-10-08 17:50:45.361 744-1263/? D/IppAlgoFilter: [HWA_CAM3]loadPreviewRequest() REQUEST_DMAP_SWAP, status:0
2019-10-08 17:50:45.361 744-1263/? D/EnvImpl: [HWA_CAM3]getPackageName :  com.virobugs
2019-10-08 17:50:45.361 744-1263/? I/chatty: uid=1013(media) pl#2 identical 1 line
2019-10-08 17:50:45.361 744-1263/? D/EnvImpl: [HWA_CAM3]getPackageName :  com.virobugs
2019-10-08 17:50:45.366 744-2046/? I/HwaStatInfo: [3c6ca2b_64I] algotype is 0, videoRatio is 1.000000, ratio is 1.875000, faceNum is 0
2019-10-08 17:50:45.385 744-2046/? I/HwaStatInfo: [3c6ca2b_64I] algotype is 0, videoRatio is 1.000000, ratio is 1.875000, faceNum is 0
2019-10-08 17:50:45.385 744-2049/? D/Misc____: [3c6ca2b_64D] onProcessFrame(666), afDistance(0.000000)
2019-10-08 17:50:45.385 744-2054/? I/EnvImpl: [HWA_CAM3]getArCalorieMode mArCalorieMode 0
2019-10-08 17:50:45.385 744-2054/? I/cie: FaceStoryAlgo::isCurFrameRun isCurFrameRun. Process mode 0.
2019-10-08 17:50:45.386 613-613/? I/mediacomm@2.1-service: getMdcClient:114: get client<Camera, 221, 744>, channel<4, 1>, perfLev=1, powerStatue=0.
2019-10-08 17:50:45.386 613-613/? I/mediacomm@2.1-service: getMdcVotePerfLev:179: Connected Mdc client<Camera, 221, 744> channel<4, 1> perfLev<1>
2019-10-08 17:50:45.388 613-613/? I/mediacomm@2.1-service: doCopybit:495: client<Camera, 0> ret = 744 finish copybit -.
2019-10-08 17:50:45.389 744-2056/? I/GRALLOC: LockFlexLayout: baseFormat: 11, yStride: 640, ySize: 307200, uOffset: 307200,  uStride: 640
2019-10-08 17:50:45.389 744-2056/? I/GRALLOC: LockFlexLayout: baseFormat: 11, yStride: 640, ySize: 307200, uOffset: 307200,  uStride: 640
2019-10-08 17:50:45.389 723-2012/? I/Camera3-Stream: getBuffer: Stream 0, 0xe8721c00: Already dequeued max output buffers (7), wait for next returned one.
2019-10-08 17:50:45.390 723-2012/? I/Camera3-Stream: getBuffer: Stream 1, 0xe8722f80: Already dequeued max output buffers (7), wait for next returned one.
2019-10-08 17:50:45.390 1572-2001/com.virobugs I/GRALLOC: LockFlexLayout: baseFormat: 11, yStride: 640, ySize: 307200, uOffset: 307200,  uStride: 640
2019-10-08 17:50:45.392 744-1263/? D/EnvImpl: [HWA_CAM3]getPackageName :  com.virobugs
2019-10-08 17:50:45.392 744-1263/? I/HwaUtils: [3c6ca2b_64I] getProductExtendName() path=EMILY
2019-10-08 17:50:45.392 744-1263/? I/HwaUtils: [3c6ca2b_64I] getOneCfgFile() path=NULL
2019-10-08 17:50:45.392 744-1263/? I/HwaDMapIpp: [3c6ca2b_64I] checkNeedSwapCalibrationData() ConfigFile NULL
2019-10-08 17:50:45.392 744-1263/? D/Misc____: [3c6ca2b_64D] enter loadRequest
2019-10-08 17:50:45.392 744-1263/? D/EnvImpl: [HWA_CAM3]getPackageName :  com.virobugs
2019-10-08 17:50:45.392 744-1263/? D/IppAlgoFilter: [HWA_CAM3]loadPreviewRequest() REQUEST_DMAP_SWAP, status:0
2019-10-08 17:50:45.392 744-1263/? D/EnvImpl: [HWA_CAM3]getPackageName :  com.virobugs
2019-10-08 17:50:45.392 744-1263/? I/chatty: uid=1013(media) pl#2 identical 1 line
2019-10-08 17:50:45.392 744-1263/? D/EnvImpl: [HWA_CAM3]getPackageName :  com.virobugs
2019-10-08 17:50:45.417 744-2054/? I/EnvImpl: [HWA_CAM3]getArCalorieMode mArCalorieMode 0
2019-10-08 17:50:45.418 744-2054/? I/cie: FaceStoryAlgo::isCurFrameRun isCurFrameRun. Process mode 0.
2019-10-08 17:50:45.418 744-2049/? D/Misc____: [3c6ca2b_64D] onProcessFrame(666), afDistance(0.000000)
2019-10-08 17:50:45.420 613-613/? I/mediacomm@2.1-service: getMdcClient:114: get client<Camera, 221, 744>, channel<4, 1>, perfLev=1, powerStatue=0.
2019-10-08 17:50:45.420 613-613/? I/mediacomm@2.1-service: getMdcVotePerfLev:179: Connected Mdc client<Camera, 221, 744> channel<4, 1> perfLev<1>
2019-10-08 17:50:45.422 613-613/? I/mediacomm@2.1-service: doCopybit:495: client<Camera, 0> ret = 744 finish copybit -.
2019-10-08 17:50:45.422 744-2052/? I/AntiBanding: onSubAlgoProcess() mAlgoCtx.continue_detect_cnt :1, mAlgoCtx.succ_detect_cnt : 0, mAlgoCtx.motion_flag = 1, detect_result:0, frequency_detected = 0,cur_expo = 20000
2019-10-08 17:50:45.422 744-2056/? I/GRALLOC: LockFlexLayout: baseFormat: 11, yStride: 640, ySize: 307200, uOffset: 307200,  uStride: 640
2019-10-08 17:50:45.422 744-2056/? I/GRALLOC: LockFlexLayout: baseFormat: 11, yStride: 640, ySize: 307200, uOffset: 307200,  uStride: 640
2019-10-08 17:50:45.423 723-2012/? I/Camera3-Stream: getBuffer: Stream 1, 0xe8722f80: Already dequeued max output buffers (7), wait for next returned one.
2019-10-08 17:50:45.423 1572-2001/com.virobugs I/GRALLOC: LockFlexLayout: baseFormat: 11, yStride: 640, ySize: 307200, uOffset: 307200,  uStride: 640
2019-10-08 17:50:45.425 744-1263/? D/EnvImpl: [HWA_CAM3]getPackageName :  com.virobugs
2019-10-08 17:50:45.425 744-1263/? I/HwaUtils: [3c6ca2b_64I] getProductExtendName() path=EMILY
2019-10-08 17:50:45.425 744-1263/? I/HwaUtils: [3c6ca2b_64I] getOneCfgFile() path=NULL
2019-10-08 17:50:45.425 744-1263/? I/HwaDMapIpp: [3c6ca2b_64I] checkNeedSwapCalibrationData() ConfigFile NULL
2019-10-08 17:50:45.426 744-1263/? D/Misc____: [3c6ca2b_64D] enter loadRequest
2019-10-08 17:50:45.426 744-1263/? D/EnvImpl: [HWA_CAM3]getPackageName :  com.virobugs
2019-10-08 17:50:45.426 744-1263/? D/IppAlgoFilter: [HWA_CAM3]loadPreviewRequest() REQUEST_DMAP_SWAP, status:0
2019-10-08 17:50:45.426 744-1263/? D/EnvImpl: [HWA_CAM3]getPackageName :  com.virobugs
2019-10-08 17:50:45.426 744-1263/? I/chatty: uid=1013(media) pl#2 identical 1 line
2019-10-08 17:50:45.426 744-1263/? D/EnvImpl: [HWA_CAM3]getPackageName :  com.virobugs
2019-10-08 17:50:45.433 744-2046/? I/HwaStatInfo: [3c6ca2b_64I] algotype is 0, videoRatio is 1.000000, ratio is 1.875000, faceNum is 0
2019-10-08 17:50:45.447 1173-1543/? W/ActivityManager: Sending non-protected broadcast telephony.dataconnection.DNS_MONITOR_ACTION from system uid 1000 pkg android
2019-10-08 17:50:45.451 744-2049/? D/Misc____: [3c6ca2b_64D] onProcessFrame(666), afDistance(0.000000)
2019-10-08 17:50:45.451 744-2046/? I/HwaStatInfo: [3c6ca2b_64I] algotype is 0, videoRatio is 1.000000, ratio is 1.875000, faceNum is 0
2019-10-08 17:50:45.451 744-2054/? I/EnvImpl: [HWA_CAM3]getArCalorieMode mArCalorieMode 0
2019-10-08 17:50:45.452 744-2054/? I/cie: FaceStoryAlgo::isCurFrameRun isCurFrameRun. Process mode 0.
2019-10-08 17:50:45.454 744-2052/? I/AntiBanding: onSubAlgoProcess() mAlgoCtx.continue_detect_cnt :1, mAlgoCtx.succ_detect_cnt : 0, mAlgoCtx.motion_flag = 1, detect_result:0, frequency_detected = 26,cur_expo = 20000
2019-10-08 17:50:45.459 613-613/? I/mediacomm@2.1-service: getMdcClient:114: get client<Camera, 221, 744>, channel<4, 1>, perfLev=1, powerStatue=0.
2019-10-08 17:50:45.459 613-613/? I/mediacomm@2.1-service: getMdcVotePerfLev:179: Connected Mdc client<Camera, 221, 744> channel<4, 1> perfLev<1>
2019-10-08 17:50:45.461 613-613/? I/mediacomm@2.1-service: doCopybit:495: client<Camera, 0> ret = 744 finish copybit -.
2019-10-08 17:50:45.461 744-2056/? I/GRALLOC: LockFlexLayout: baseFormat: 11, yStride: 640, ySize: 307200, uOffset: 307200,  uStride: 640
2019-10-08 17:50:45.461 744-2056/? I/GRALLOC: LockFlexLayout: baseFormat: 11, yStride: 640, ySize: 307200, uOffset: 307200,  uStride: 640
2019-10-08 17:50:45.462 723-2012/? I/Camera3-Stream: getBuffer: Stream 1, 0xe8722f80: Already dequeued max output buffers (7), wait for next returned one.
2019-10-08 17:50:45.462 611-1341/? D/asd_primary_out: L[0],R[0], continus 20 times!
2019-10-08 17:50:45.463 1572-2001/com.virobugs I/GRALLOC: LockFlexLayout: baseFormat: 11, yStride: 640, ySize: 307200, uOffset: 307200,  uStride: 640
2019-10-08 17:50:45.464 744-1263/? D/EnvImpl: [HWA_CAM3]getPackageName :  com.virobugs
2019-10-08 17:50:45.464 744-1263/? I/HwaUtils: [3c6ca2b_64I] getProductExtendName() path=EMILY
2019-10-08 17:50:45.464 744-1263/? I/HwaUtils: [3c6ca2b_64I] getOneCfgFile() path=NULL
2019-10-08 17:50:45.464 744-1263/? I/HwaDMapIpp: [3c6ca2b_64I] checkNeedSwapCalibrationData() ConfigFile NULL
2019-10-08 17:50:45.464 744-1263/? D/Misc____: [3c6ca2b_64D] enter loadRequest
2019-10-08 17:50:45.465 744-1263/? D/EnvImpl: [HWA_CAM3]getPackageName :  com.virobugs
2019-10-08 17:50:45.465 744-1263/? D/IppAlgoFilter: [HWA_CAM3]loadPreviewRequest() REQUEST_DMAP_SWAP, status:0
2019-10-08 17:50:45.465 744-1263/? D/EnvImpl: [HWA_CAM3]getPackageName :  com.virobugs
2019-10-08 17:50:45.465 744-1263/? I/chatty: uid=1013(media) pl#2 identical 1 line
2019-10-08 17:50:45.465 744-1263/? D/EnvImpl: [HWA_CAM3]getPackageName :  com.virobugs
2019-10-08 17:50:45.485 744-2049/? D/Misc____: [3c6ca2b_64D] onProcessFrame(666), afDistance(0.000000)
2019-10-08 17:50:45.486 744-2052/? I/AntiBanding: onSubAlgoProcess() mAlgoCtx.continue_detect_cnt :1, mAlgoCtx.succ_detect_cnt : 0, mAlgoCtx.motion_flag = 1, detect_result:0, frequency_detected = 26,cur_expo = 20000
2019-10-08 17:50:45.487 744-2054/? I/EnvImpl: [HWA_CAM3]getArCalorieMode mArCalorieMode 0
2019-10-08 17:50:45.487 744-2054/? I/cie: FaceStoryAlgo::isCurFrameRun isCurFrameRun. Process mode 0.
2019-10-08 17:50:45.488 613-613/? I/mediacomm@2.1-service: getMdcClient:114: get client<Camera, 221, 744>, channel<4, 1>, perfLev=1, powerStatue=0.
2019-10-08 17:50:45.488 613-613/? I/mediacomm@2.1-service: getMdcVotePerfLev:179: Connected Mdc client<Camera, 221, 744> channel<4, 1> perfLev<1>
2019-10-08 17:50:45.490 613-613/? I/mediacomm@2.1-service: doCopybit:495: client<Camera, 0> ret = 744 finish copybit -.
2019-10-08 17:50:45.490 744-2056/? I/GRALLOC: LockFlexLayout: baseFormat: 11, yStride: 640, ySize: 307200, uOffset: 307200,  uStride: 640
2019-10-08 17:50:45.490 744-2056/? I/GRALLOC: LockFlexLayout: baseFormat: 11, yStride: 640, ySize: 307200, uOffset: 307200,  uStride: 640
2019-10-08 17:50:45.491 1572-2001/com.virobugs I/GRALLOC: LockFlexLayout: baseFormat: 11, yStride: 640, ySize: 307200, uOffset: 307200,  uStride: 640
2019-10-08 17:50:45.492 744-1263/? D/EnvImpl: [HWA_CAM3]getPackageName :  com.virobugs
2019-10-08 17:50:45.492 744-1263/? I/HwaUtils: [3c6ca2b_64I] getProductExtendName() path=EMILY
2019-10-08 17:50:45.492 744-1263/? I/HwaUtils: [3c6ca2b_64I] getOneCfgFile() path=NULL
2019-10-08 17:50:45.492 744-1263/? I/HwaDMapIpp: [3c6ca2b_64I] checkNeedSwapCalibrationData() ConfigFile NULL
2019-10-08 17:50:45.492 744-1263/? D/Misc____: [3c6ca2b_64D] enter loadRequest
2019-10-08 17:50:45.492 744-1263/? D/EnvImpl: [HWA_CAM3]getPackageName :  com.virobugs
2019-10-08 17:50:45.493 744-1263/? D/IppAlgoFilter: [HWA_CAM3]loadPreviewRequest() REQUEST_DMAP_SWAP, status:0
2019-10-08 17:50:45.493 744-1263/? D/EnvImpl: [HWA_CAM3]getPackageName :  com.virobugs
2019-10-08 17:50:45.493 744-1263/? I/chatty: uid=1013(media) pl#2 identical 1 line
2019-10-08 17:50:45.493 744-1263/? D/EnvImpl: [HWA_CAM3]getPackageName :  com.virobugs
2019-10-08 17:50:45.498 744-2046/? I/HwaStatInfo: [3c6ca2b_64I] algotype is 0, videoRatio is 1.000000, ratio is 1.875000, faceNum is 0
2019-10-08 17:50:45.517 744-2046/? I/HwaStatInfo: [3c6ca2b_64I] algotype is 0, videoRatio is 1.000000, ratio is 1.875000, faceNum is 0
2019-10-08 17:50:45.518 744-2054/? I/EnvImpl: [HWA_CAM3]getArCalorieMode mArCalorieMode 0
2019-10-08 17:50:45.518 744-2052/? I/AntiBanding: onSubAlgoProcess() mAlgoCtx.continue_detect_cnt :2, mAlgoCtx.succ_detect_cnt : 0, mAlgoCtx.motion_flag = 0, detect_result:0, frequency_detected = 0,cur_expo = 20000
2019-10-08 17:50:45.518 744-2054/? I/cie: FaceStoryAlgo::isCurFrameRun isCurFrameRun. Process mode 0.
2019-10-08 17:50:45.518 744-2049/? D/Misc____: [3c6ca2b_64D] onProcessFrame(666), afDistance(0.000000)
2019-10-08 17:50:45.525 613-613/? I/mediacomm@2.1-service: getMdcClient:114: get client<Camera, 221, 744>, channel<4, 1>, perfLev=1, powerStatue=0.
2019-10-08 17:50:45.525 613-613/? I/mediacomm@2.1-service: getMdcVotePerfLev:179: Connected Mdc client<Camera, 221, 744> channel<4, 1> perfLev<1>
2019-10-08 17:50:45.527 613-613/? I/mediacomm@2.1-service: doCopybit:495: client<Camera, 0> ret = 744 finish copybit -.
2019-10-08 17:50:45.528 744-2056/? I/GRALLOC: LockFlexLayout: baseFormat: 11, yStride: 640, ySize: 307200, uOffset: 307200,  uStride: 640
2019-10-08 17:50:45.528 744-2056/? I/GRALLOC: LockFlexLayout: baseFormat: 11, yStride: 640, ySize: 307200, uOffset: 307200,  uStride: 640
2019-10-08 17:50:45.529 723-2012/? I/Camera3-Stream: getBuffer: Stream 1, 0xe8722f80: Already dequeued max output buffers (7), wait for next returned one.
2019-10-08 17:50:45.529 1572-2001/com.virobugs I/GRALLOC: LockFlexLayout: baseFormat: 11, yStride: 640, ySize: 307200, uOffset: 307200,  uStride: 640
2019-10-08 17:50:45.531 744-1263/? D/EnvImpl: [HWA_CAM3]getPackageName :  com.virobugs
2019-10-08 17:50:45.531 744-1263/? I/HwaUtils: [3c6ca2b_64I] getProductExtendName() path=EMILY
2019-10-08 17:50:45.531 744-1263/? I/HwaUtils: [3c6ca2b_64I] getOneCfgFile() path=NULL
2019-10-08 17:50:45.531 744-1263/? I/HwaDMapIpp: [3c6ca2b_64I] checkNeedSwapCalibrationData() ConfigFile NULL
2019-10-08 17:50:45.531 744-1263/? D/Misc____: [3c6ca2b_64D] enter loadRequest
2019-10-08 17:50:45.531 744-1263/? D/EnvImpl: [HWA_CAM3]getPackageName :  com.virobugs
2019-10-08 17:50:45.531 744-1263/? D/IppAlgoFilter: [HWA_CAM3]loadPreviewRequest() REQUEST_DMAP_SWAP, status:0
2019-10-08 17:50:45.531 744-1263/? D/EnvImpl: [HWA_CAM3]getPackageName :  com.virobugs
2019-10-08 17:50:45.531 744-1263/? I/chatty: uid=1013(media) pl#2 identical 1 line
2019-10-08 17:50:45.531 744-1263/? D/EnvImpl: [HWA_CAM3]getPackageName :  com.virobugs
2019-10-08 17:50:45.551 744-2054/? I/EnvImpl: [HWA_CAM3]getArCalorieMode mArCalorieMode 0
2019-10-08 17:50:45.551 744-2054/? I/cie: FaceStoryAlgo::isCurFrameRun isCurFrameRun. Process mode 0.
2019-10-08 17:50:45.552 744-2049/? D/Misc____: [3c6ca2b_64D] onProcessFrame(666), afDistance(0.000000)
2019-10-08 17:50:45.553 613-613/? I/mediacomm@2.1-service: getMdcClient:114: get client<Camera, 221, 744>, channel<4, 1>, perfLev=1, powerStatue=0.
2019-10-08 17:50:45.553 613-613/? I/mediacomm@2.1-service: getMdcVotePerfLev:179: Connected Mdc client<Camera, 221, 744> channel<4, 1> perfLev<1>
2019-10-08 17:50:45.554 744-2052/? I/AntiBanding: onSubAlgoProcess() mAlgoCtx.continue_detect_cnt :1, mAlgoCtx.succ_detect_cnt : 0, mAlgoCtx.motion_flag = 1, detect_result:0, frequency_detected = 52,cur_expo = 20000
2019-10-08 17:50:45.556 613-613/? I/mediacomm@2.1-service: doCopybit:495: client<Camera, 0> ret = 744 finish copybit -.
2019-10-08 17:50:45.556 744-2056/? I/GRALLOC: LockFlexLayout: baseFormat: 11, yStride: 640, ySize: 307200, uOffset: 307200,  uStride: 640
2019-10-08 17:50:45.556 744-2056/? I/GRALLOC: LockFlexLayout: baseFormat: 11, yStride: 640, ySize: 307200, uOffset: 307200,  uStride: 640
2019-10-08 17:50:45.557 723-2012/? I/Camera3-Stream: getBuffer: Stream 1, 0xe8722f80: Already dequeued max output buffers (7), wait for next returned one.
2019-10-08 17:50:45.557 1572-2001/com.virobugs I/GRALLOC: LockFlexLayout: baseFormat: 11, yStride: 640, ySize: 307200, uOffset: 307200,  uStride: 640
2019-10-08 17:50:45.558 744-1263/? D/EnvImpl: [HWA_CAM3]getPackageName :  com.virobugs
2019-10-08 17:50:45.559 744-1263/? I/HwaUtils: [3c6ca2b_64I] getProductExtendName() path=EMILY
2019-10-08 17:50:45.559 744-1263/? I/HwaUtils: [3c6ca2b_64I] getOneCfgFile() path=NULL
2019-10-08 17:50:45.559 744-1263/? I/HwaDMapIpp: [3c6ca2b_64I] checkNeedSwapCalibrationData() ConfigFile NULL
2019-10-08 17:50:45.559 744-1263/? D/Misc____: [3c6ca2b_64D] enter loadRequest
2019-10-08 17:50:45.559 744-1263/? D/EnvImpl: [HWA_CAM3]getPackageName :  com.virobugs
2019-10-08 17:50:45.559 744-1263/? D/IppAlgoFilter: [HWA_CAM3]loadPreviewRequest() REQUEST_DMAP_SWAP, status:0
2019-10-08 17:50:45.559 744-1263/? D/EnvImpl: [HWA_CAM3]getPackageName :  com.virobugs
2019-10-08 17:50:45.559 744-1263/? I/chatty: uid=1013(media) pl#2 identical 1 line
2019-10-08 17:50:45.559 744-1263/? D/EnvImpl: [HWA_CAM3]getPackageName :  com.virobugs
2019-10-08 17:50:45.565 744-2046/? I/HwaStatInfo: [3c6ca2b_64I] algotype is 0, videoRatio is 1.000000, ratio is 1.875000, faceNum is 0
2019-10-08 17:50:45.586 744-2046/? I/HwaStatInfo: [3c6ca2b_64I] algotype is 0, videoRatio is 1.000000, ratio is 1.875000, faceNum is 0
2019-10-08 17:50:45.586 744-2049/? D/Misc____: [3c6ca2b_64D] onProcessFrame(666), afDistance(0.000000)
2019-10-08 17:50:45.587 744-2054/? I/EnvImpl: [HWA_CAM3]getArCalorieMode mArCalorieMode 0
2019-10-08 17:50:45.587 744-2054/? I/cie: SceneRecognition::isCurFrameRun needTrigger = 1
2019-10-08 17:50:45.587 744-2054/? I/cie: SceneRecognition::isCurFrameRun monoMode=0, mStatus=1, isCurFrameStable=0, lastStableState=0, mStableCnt=0, mUnStableCnt=15
2019-10-08 17:50:45.587 744-2054/? I/cie: FaceStoryAlgo::isCurFrameRun isCurFrameRun. Process mode 0.
2019-10-08 17:50:45.587 744-2054/? I/cie: CIE::onProcess::SceneRecognition share buffer[112*112][0x7c4c64e868][1] public preProcess running
2019-10-08 17:50:45.588 613-613/? I/mediacomm@2.1-service: getMdcClient:114: get client<Camera, 221, 744>, channel<4, 1>, perfLev=1, powerStatue=0.
2019-10-08 17:50:45.588 613-613/? I/mediacomm@2.1-service: getMdcVotePerfLev:179: Connected Mdc client<Camera, 221, 744> channel<4, 1> perfLev<1>
2019-10-08 17:50:45.588 744-2054/? I/cie: Enter SceneRecognition::process
2019-10-08 17:50:45.590 613-613/? I/mediacomm@2.1-service: doCopybit:495: client<Camera, 0> ret = 744 finish copybit -.
2019-10-08 17:50:45.590 760-2073/? I/hcs: IPUTaskScheduler::AddTask Add task to task queue successs.
2019-10-08 17:50:45.590 760-2073/? I/hcs: IPUExecutor::ForwardCompute Insert Forward_compute task[model id: 0, task id: 1] to task queue success.
2019-10-08 17:50:45.590 760-8346/? I/hcs: IPUTaskScheduler::IPUTaskHandler IPU task queue has task now, we will back to work.
2019-10-08 17:50:45.590 760-8346/? I/hcs: IPUTaskScheduler::IPUTaskHandler Not pipeline running.
2019-10-08 17:50:45.590 744-2056/? I/GRALLOC: LockFlexLayout: baseFormat: 11, yStride: 640, ySize: 307200, uOffset: 307200,  uStride: 640
2019-10-08 17:50:45.591 744-2056/? I/GRALLOC: LockFlexLayout: baseFormat: 11, yStride: 640, ySize: 307200, uOffset: 307200,  uStride: 640
2019-10-08 17:50:45.592 723-2012/? I/Camera3-Stream: getBuffer: Stream 1, 0xe8722f80: Already dequeued max output buffers (7), wait for next returned one.
2019-10-08 17:50:45.594 1572-2001/com.virobugs I/GRALLOC: LockFlexLayout: baseFormat: 11, yStride: 640, ySize: 307200, uOffset: 307200,  uStride: 640
2019-10-08 17:50:45.595 744-1263/? D/EnvImpl: [HWA_CAM3]getPackageName :  com.virobugs
2019-10-08 17:50:45.595 744-1263/? I/HwaUtils: [3c6ca2b_64I] getProductExtendName() path=EMILY
2019-10-08 17:50:45.595 744-1263/? I/HwaUtils: [3c6ca2b_64I] getOneCfgFile() path=NULL
2019-10-08 17:50:45.595 744-1263/? I/HwaDMapIpp: [3c6ca2b_64I] checkNeedSwapCalibrationData() ConfigFile NULL
2019-10-08 17:50:45.596 744-1263/? D/Misc____: [3c6ca2b_64D] enter loadRequest
2019-10-08 17:50:45.596 744-1263/? D/EnvImpl: [HWA_CAM3]getPackageName :  com.virobugs
2019-10-08 17:50:45.596 744-1263/? D/IppAlgoFilter: [HWA_CAM3]loadPreviewRequest() REQUEST_DMAP_SWAP, status:0
2019-10-08 17:50:45.596 744-1263/? D/EnvImpl: [HWA_CAM3]getPackageName :  com.virobugs
2019-10-08 17:50:45.596 744-1263/? I/chatty: uid=1013(media) pl#2 identical 1 line
2019-10-08 17:50:45.596 744-1263/? D/EnvImpl: [HWA_CAM3]getPackageName :  com.virobugs
2019-10-08 17:50:45.597 744-1254/? I/MRMain: [3c6ca2b_64I] onConfig ret: 0,mLastEnableStatus: 0
2019-10-08 17:50:45.604 760-8346/? I/hcs: IPUMngr_ForwardCompute Forward computing success.
2019-10-08 17:50:45.604 760-8346/? W/hcs: IPUTaskScheduler::GetIPUTask IPU task queue is empty!
2019-10-08 17:50:45.604 760-8346/? I/hcs: IPUTaskScheduler::IPUTaskHandler IPU task queue is empty, so we wait here for task.
2019-10-08 17:50:45.605 744-1266/? I/cie: Enter SceneRecognitionListener::OnProcessDone
2019-10-08 17:50:45.605 744-1266/? I/cie: SceneRecognitionListener::convertResultToVec Result1:NIGHT Conf:401.570465.
2019-10-08 17:50:45.605 744-1266/? I/cie: SceneRecognitionListener::convertResultToVec Result1:SUNSET Conf:1.388520.
2019-10-08 17:50:45.605 744-1266/? I/cie: SceneRecognitionListener::convertResultToVec Result1:STAGE Conf:0.679851.
2019-10-08 17:50:45.605 744-1266/? I/cie: SceneRecognitionListener::convertResultToVec Result1:DOG Conf:0.130326.
2019-10-08 17:50:45.605 744-1266/? I/cie: SceneRecognitionListener::convertResultToVec Result1:TEXT Conf:0.125349.
2019-10-08 17:50:45.605 744-1266/? I/cie: SceneRecognitionListener::convertResultToVec Result2:NIGHTWITHSKY Conf:384.449829.
2019-10-08 17:50:45.605 744-1266/? I/cie: SceneRecognitionListener::convertResultToVec Result2:NIGHTNOSKY Conf:615.550171.
2019-10-08 17:50:45.605 744-1266/? I/cie: SceneRecognition::filterSceneThd::o 700 90 0 50 1
2019-10-08 17:50:45.605 744-1266/? I/cie: SceneRecognition::filterSceneThd::i 950 0 0 50 1
2019-10-08 17:50:45.605 744-1266/? I/cie: SceneRecognition::filterSceneThd::i 950 80 0 50 1
2019-10-08 17:50:45.605 744-1266/? I/cie: SceneRecognition::filterSceneThd::i 950 0 0 50 1
2019-10-08 17:50:45.605 744-1266/? I/cie: SceneRecognition::filterSceneThd::i 950 0 0 50 1
2019-10-08 17:50:45.605 744-1266/? I/CIEProxy: CIECallBackMgr::onSceneRecognitionProcessDone rsltsOrig:NIGHT 8 401
2019-10-08 17:50:45.605 744-1266/? I/CIEProxy: CIECallBackMgr::onSceneRecognitionProcessDone rsltsOrig:SUNSET 3 1
2019-10-08 17:50:45.605 744-1266/? I/CIEProxy: CIECallBackMgr::onSceneRecognitionProcessDone rsltsOrig:STAGE 10 0
2019-10-08 17:50:45.605 744-1266/? I/CIEProxy: CIECallBackMgr::onSceneRecognitionProcessDone rsltsOrig:DOG 12 0
2019-10-08 17:50:45.605 744-1266/? I/CIEProxy: CIECallBackMgr::onSceneRecognitionProcessDone rsltsOrig:TEXT 9 0
2019-10-08 17:50:45.605 744-1266/? D/EventCallbackImpl: [HWA_CAM3]enter notifySDResult()
2019-10-08 17:50:45.606 744-1266/? D/EventCallbackImpl: [HWA_CAM3]enter notifyICSDResult()
2019-10-08 17:50:45.618 744-2054/? I/EnvImpl: [HWA_CAM3]getArCalorieMode mArCalorieMode 0
2019-10-08 17:50:45.618 744-2054/? I/cie: FaceStoryAlgo::isCurFrameRun isCurFrameRun. Process mode 0.
2019-10-08 17:50:45.619 744-2049/? D/Misc____: [3c6ca2b_64D] onProcessFrame(666), afDistance(0.000000)
2019-10-08 17:50:45.619 744-2052/? I/AntiBanding: onSubAlgoProcess() mAlgoCtx.continue_detect_cnt :1, mAlgoCtx.succ_detect_cnt : 0, mAlgoCtx.motion_flag = 1, detect_result:0, frequency_detected = 26,cur_expo = 20000
2019-10-08 17:50:45.620 613-613/? I/mediacomm@2.1-service: getMdcClient:114: get client<Camera, 221, 744>, channel<4, 1>, perfLev=1, powerStatue=0.
2019-10-08 17:50:45.620 613-613/? I/mediacomm@2.1-service: getMdcVotePerfLev:179: Connected Mdc client<Camera, 221, 744> channel<4, 1> perfLev<1>
2019-10-08 17:50:45.622 613-613/? I/mediacomm@2.1-service: doCopybit:495: client<Camera, 0> ret = 744 finish copybit -.
2019-10-08 17:50:45.622 744-2056/? I/GRALLOC: LockFlexLayout: baseFormat: 11, yStride: 640, ySize: 307200, uOffset: 307200,  uStride: 640
2019-10-08 17:50:45.622 744-2056/? I/GRALLOC: LockFlexLayout: baseFormat: 11, yStride: 640, ySize: 307200, uOffset: 307200,  uStride: 640
2019-10-08 17:50:45.623 723-2012/? I/Camera3-Stream: getBuffer: Stream 1, 0xe8722f80: Already dequeued max output buffers (7), wait for next returned one.
2019-10-08 17:50:45.623 1572-2001/com.virobugs I/GRALLOC: LockFlexLayout: baseFormat: 11, yStride: 640, ySize: 307200, uOffset: 307200,  uStride: 640
2019-10-08 17:50:45.625 744-1263/? D/EnvImpl: [HWA_CAM3]getPackageName :  com.virobugs
2019-10-08 17:50:45.625 744-1263/? I/HwaUtils: [3c6ca2b_64I] getProductExtendName() path=EMILY
2019-10-08 17:50:45.625 744-1263/? I/HwaUtils: [3c6ca2b_64I] getOneCfgFile() path=NULL
2019-10-08 17:50:45.625 744-1263/? I/HwaDMapIpp: [3c6ca2b_64I] checkNeedSwapCalibrationData() ConfigFile NULL
2019-10-08 17:50:45.625 744-1263/? D/Misc____: [3c6ca2b_64D] enter loadRequest
2019-10-08 17:50:45.626 744-1263/? D/EnvImpl: [HWA_CAM3]getPackageName :  com.virobugs
2019-10-08 17:50:45.626 744-1263/? D/IppAlgoFilter: [HWA_CAM3]loadPreviewRequest() REQUEST_DMAP_SWAP, status:0
2019-10-08 17:50:45.626 744-1263/? D/EnvImpl: [HWA_CAM3]getPackageName :  com.virobugs
2019-10-08 17:50:45.626 744-1263/? I/chatty: uid=1013(media) pl#2 identical 1 line
2019-10-08 17:50:45.626 744-1263/? D/EnvImpl: [HWA_CAM3]getPackageName :  com.virobugs
2019-10-08 17:50:45.627 744-1254/? I/MRMain: [3c6ca2b_64I] checkConfig(), enableV1=0, enableV2=0, enableV3=0
2019-10-08 17:50:45.632 744-2046/? I/HwaStatInfo: [3c6ca2b_64I] algotype is 0, videoRatio is 1.000000, ratio is 1.875000, faceNum is 0
2019-10-08 17:50:45.652 744-2046/? I/HwaStatInfo: [3c6ca2b_64I] algotype is 0, videoRatio is 1.000000, ratio is 1.875000, faceNum is 0
2019-10-08 17:50:45.652 744-2049/? D/Misc____: [3c6ca2b_64D] onProcessFrame(666), afDistance(0.000000)
2019-10-08 17:50:45.652 744-2054/? I/EnvImpl: [HWA_CAM3]getArCalorieMode mArCalorieMode 0
2019-10-08 17:50:45.652 744-2054/? I/cie: FaceStoryAlgo::isCurFrameRun isCurFrameRun. Process mode 0.
2019-10-08 17:50:45.654 613-613/? I/mediacomm@2.1-service: getMdcClient:114: get client<Camera, 221, 744>, channel<4, 1>, perfLev=1, powerStatue=0.
2019-10-08 17:50:45.654 613-613/? I/mediacomm@2.1-service: getMdcVotePerfLev:179: Connected Mdc client<Camera, 221, 744> channel<4, 1> perfLev<1>
