2019-10-08 09:55:59.450 27091-27130/? D/HwMSDPDeviceStatus: reportLatencyNs:200000000000
2019-10-08 09:55:59.450 27091-27130/? D/HwMSDPDeviceStatus: android.msdp.device_status.high_still,1,200000000000
2019-10-08 09:55:59.452 27091-27091/? I/com.huawei.hiai.awareness.service.ServiceBindingManager:  CAWARENESS: addBindingCallback() register success topKey : cawareness.getmovementstatus_1:1;1,0,0
2019-10-08 09:55:59.452 27091-27130/? D/HwMSDPDeviceStatus: enableDeviceStatusEvent
2019-10-08 09:55:59.452 27091-27130/? D/HwMSDPDeviceStatus: deviceStatus:android.msdp.device_status.high_still
2019-10-08 09:55:59.452 27091-27130/? D/HwMSDPDeviceStatus: eventType:2
2019-10-08 09:55:59.452 27091-27130/? D/HwMSDPDeviceStatus: reportLatencyNs:200000000000
2019-10-08 09:55:59.452 27091-27130/? D/HwMSDPDeviceStatus: android.msdp.device_status.high_still,2,200000000000
2019-10-08 09:55:59.452 744-22453/? I/HwaStatInfo: [3c6ca2b_64I] algotype is 0, videoRatio is 1.000000, ratio is 1.875000, faceNum is 0
2019-10-08 09:55:59.453 744-22456/? D/Misc____: [3c6ca2b_64D] onProcessFrame(666), afDistance(0.000000)
2019-10-08 09:55:59.454 744-22462/? I/EnvImpl: [HWA_CAM3]getArCalorieMode mArCalorieMode 0
2019-10-08 09:55:59.454 744-22462/? I/cie: FaceStoryAlgo::isCurFrameRun isCurFrameRun. Process mode 0.
2019-10-08 09:55:59.456 744-22459/? I/AntiBanding: onSubAlgoProcess() mAlgoCtx.continue_detect_cnt :0, mAlgoCtx.succ_detect_cnt : 0, mAlgoCtx.motion_flag = 0, detect_result:0, frequency_detected = 0,cur_expo = 30000
2019-10-08 09:55:59.456 27091-27091/? I/OdmfHelper:  CAWARENESS: Odmf service is connected
2019-10-08 09:55:59.457 613-613/? I/mediacomm@2.1-service: getMdcClient:114: get client<Camera, 7, 744>, channel<4, 1>, perfLev=1, powerStatue=0.
2019-10-08 09:55:59.457 613-613/? I/mediacomm@2.1-service: getMdcVotePerfLev:179: Connected Mdc client<Camera, 7, 744> channel<4, 1> perfLev<1>
2019-10-08 09:55:59.458 27091-27132/? I/HwMSDPMovementManager: enableMovementEvent  type =1
2019-10-08 09:55:59.458 27091-27091/? I/HwNaturalBaseClient: Succeed to connect to NaturalBase Data Service.
2019-10-08 09:55:59.459 613-613/? I/mediacomm@2.1-service: doCopybit:495: client<Camera, 0> ret = 744 finish copybit -.
2019-10-08 09:55:59.460 744-22464/? I/GRALLOC: LockFlexLayout: baseFormat: 11, yStride: 640, ySize: 307200, uOffset: 307200,  uStride: 640
2019-10-08 09:55:59.460 744-22464/? I/GRALLOC: LockFlexLayout: baseFormat: 11, yStride: 640, ySize: 307200, uOffset: 307200,  uStride: 640
2019-10-08 09:55:59.462 22181-22421/com.virobugs I/GRALLOC: LockFlexLayout: baseFormat: 11, yStride: 640, ySize: 307200, uOffset: 307200,  uStride: 640
2019-10-08 09:55:59.463 723-22429/? I/Camera3-Stream: getBuffer: Stream 1, 0xe84db180: Already dequeued max output buffers (7), wait for next returned one.
2019-10-08 09:55:59.466 744-1263/? D/EnvImpl: [HWA_CAM3]getPackageName :  com.virobugs
2019-10-08 09:55:59.466 744-1263/? I/HwaUtils: [3c6ca2b_64I] getProductExtendName() path=EMILY
2019-10-08 09:55:59.466 744-1263/? I/HwaUtils: [3c6ca2b_64I] getOneCfgFile() path=NULL
2019-10-08 09:55:59.466 744-1263/? I/HwaDMapIpp: [3c6ca2b_64I] checkNeedSwapCalibrationData() ConfigFile NULL
2019-10-08 09:55:59.466 744-1263/? D/Misc____: [3c6ca2b_64D] enter loadRequest
2019-10-08 09:55:59.466 744-1263/? D/EnvImpl: [HWA_CAM3]getPackageName :  com.virobugs
2019-10-08 09:55:59.466 744-1263/? D/IppAlgoFilter: [HWA_CAM3]loadPreviewRequest() REQUEST_DMAP_SWAP, status:0
2019-10-08 09:55:59.467 744-1263/? D/EnvImpl: [HWA_CAM3]getPackageName :  com.virobugs
2019-10-08 09:55:59.467 744-1263/? I/chatty: uid=1013(media) pl#2 identical 1 line
2019-10-08 09:55:59.467 744-1263/? D/EnvImpl: [HWA_CAM3]getPackageName :  com.virobugs
2019-10-08 09:55:59.467 27091-27130/? I/com.huawei.hiai.awareness.service.ServiceBindingManager:  CAWARENESS: RequestRunnable run() start result : RequestResult{type = 0, status = 0, action = 0, secondAction = null, time = 0, sensorTime = 0, confidence = 0, registerTopKey = cawareness.getdevicestatus_1:1;3,0,0, resultType = 1, content = null, triggerStatus = 3, errorCode = -1, errorResult = null}
2019-10-08 09:55:59.475 1927-1950/? I/iMonitor: create: 942022000
2019-10-08 09:55:59.481 1927-1950/? I/iMonitor: send: 942022000
2019-10-08 09:55:59.484 1927-1950/? D/ARMoudle.HwActivityRecognition: enableActivityExtendEvent
2019-10-08 09:55:59.485 1927-1950/? D/ARMoudle.HwActivityRecognition: android.activity_recognition.walking,1,200000000000,Param1=1.0, Param2=0.0, Param3=0.0, Param4=0.0, Param5=
2019-10-08 09:55:59.488 744-22456/? D/Misc____: [3c6ca2b_64D] onProcessFrame(666), afDistance(0.000000)
2019-10-08 09:55:59.490 744-22462/? I/EnvImpl: [HWA_CAM3]getArCalorieMode mArCalorieMode 0
2019-10-08 09:55:59.490 744-22462/? I/cie: FaceStoryAlgo::isCurFrameRun isCurFrameRun. Process mode 0.
2019-10-08 09:55:59.490 613-613/? I/mediacomm@2.1-service: getMdcClient:114: get client<Camera, 7, 744>, channel<4, 1>, perfLev=1, powerStatue=0.
2019-10-08 09:55:59.490 613-613/? I/mediacomm@2.1-service: getMdcVotePerfLev:179: Connected Mdc client<Camera, 7, 744> channel<4, 1> perfLev<1>
2019-10-08 09:55:59.493 613-613/? I/mediacomm@2.1-service: doCopybit:495: client<Camera, 0> ret = 744 finish copybit -.
2019-10-08 09:55:59.493 1859-10650/? D/ARMoudle.ARService: handleEnableActivityExtendEvent no wake
2019-10-08 09:55:59.493 744-22464/? I/GRALLOC: LockFlexLayout: baseFormat: 11, yStride: 640, ySize: 307200, uOffset: 307200,  uStride: 640
2019-10-08 09:55:59.493 744-22464/? I/GRALLOC: LockFlexLayout: baseFormat: 11, yStride: 640, ySize: 307200, uOffset: 307200,  uStride: 640
2019-10-08 09:55:59.494 723-22429/? I/Camera3-Stream: getBuffer: Stream 0, 0xe84dc800: Already dequeued max output buffers (7), wait for next returned one.
2019-10-08 09:55:59.495 22181-22421/com.virobugs I/GRALLOC: LockFlexLayout: baseFormat: 11, yStride: 640, ySize: 307200, uOffset: 307200,  uStride: 640
2019-10-08 09:55:59.499 744-1263/? D/EnvImpl: [HWA_CAM3]getPackageName :  com.virobugs
2019-10-08 09:55:59.499 744-1263/? I/HwaUtils: [3c6ca2b_64I] getProductExtendName() path=EMILY
2019-10-08 09:55:59.499 744-1263/? I/HwaUtils: [3c6ca2b_64I] getOneCfgFile() path=NULL
2019-10-08 09:55:59.499 744-1263/? I/HwaDMapIpp: [3c6ca2b_64I] checkNeedSwapCalibrationData() ConfigFile NULL
2019-10-08 09:55:59.499 744-1263/? D/Misc____: [3c6ca2b_64D] enter loadRequest
2019-10-08 09:55:59.499 744-1263/? D/EnvImpl: [HWA_CAM3]getPackageName :  com.virobugs
2019-10-08 09:55:59.499 744-1263/? D/IppAlgoFilter: [HWA_CAM3]loadPreviewRequest() REQUEST_DMAP_SWAP, status:0
2019-10-08 09:55:59.499 744-1263/? D/EnvImpl: [HWA_CAM3]getPackageName :  com.virobugs
2019-10-08 09:55:59.499 744-1263/? I/chatty: uid=1013(media) pl#2 identical 1 line
2019-10-08 09:55:59.499 744-1263/? D/EnvImpl: [HWA_CAM3]getPackageName :  com.virobugs
2019-10-08 09:55:59.505 744-22453/? I/HwaStatInfo: [3c6ca2b_64I] algotype is 0, videoRatio is 1.000000, ratio is 1.875000, faceNum is 0
2019-10-08 09:55:59.511 589-10827/? I/ArHal: (ar_data_enable_activity_event:619):successfully
2019-10-08 09:55:59.512 1859-10650/? D/ARMoudle.ARService: com.huawei.android.chr 2:604800000000000
2019-10-08 09:55:59.514 589-10827/? I/ArHal: (ar_data_get_state:1235):id[2]
2019-10-08 09:55:59.517 1927-1950/? D/ARMoudle.HwActivityRecognition: activityExtendEventEnable:true
2019-10-08 09:55:59.517 27091-27132/? I/HwMSDPMovementManager: enableMovementEvent  type =1
2019-10-08 09:55:59.518 744-22453/? I/HwaStatInfo: [3c6ca2b_64I] algotype is 0, videoRatio is 1.000000, ratio is 1.875000, faceNum is 0
2019-10-08 09:55:59.518 27091-27126/? I/AppLifeChangeSensor:  CAWARENESS: registerAMS
2019-10-08 09:55:59.518 589-649/? I/ArHal: (ar_data_netlink_cb:821):cmd[2].length[240]
2019-10-08 09:55:59.518 744-22456/? D/Misc____: [3c6ca2b_64D] onProcessFrame(666), afDistance(0.000000)
2019-10-08 09:55:59.520 744-22462/? I/EnvImpl: [HWA_CAM3]getArCalorieMode mArCalorieMode 0
2019-10-08 09:55:59.520 744-22462/? I/cie: FaceStoryAlgo::isCurFrameRun isCurFrameRun. Process mode 0.
2019-10-08 09:55:59.521 744-22459/? I/AntiBanding: onSubAlgoProcess() mAlgoCtx.continue_detect_cnt :0, mAlgoCtx.succ_detect_cnt : 0, mAlgoCtx.motion_flag = 0, detect_result:0, frequency_detected = 0,cur_expo = 30000
2019-10-08 09:55:59.521 1927-1950/? I/iMonitor: create: 942022000
2019-10-08 09:55:59.522 1927-1950/? I/iMonitor: send: 942022000
2019-10-08 09:55:59.522 1927-1950/? D/ARMoudle.HwActivityRecognition: enableActivityExtendEvent
2019-10-08 09:55:59.524 1927-1950/? D/ARMoudle.HwActivityRecognition: android.activity_recognition.walking,2,200000000000,Param1=1.0, Param2=0.0, Param3=0.0, Param4=0.0, Param5=
2019-10-08 09:55:59.525 1859-10650/? D/ARMoudle.ARService: handleEnableActivityExtendEvent no wake
2019-10-08 09:55:59.525 613-613/? I/mediacomm@2.1-service: getMdcClient:114: get client<Camera, 7, 744>, channel<4, 1>, perfLev=1, powerStatue=0.
2019-10-08 09:55:59.525 613-613/? I/mediacomm@2.1-service: getMdcVotePerfLev:179: Connected Mdc client<Camera, 7, 744> channel<4, 1> perfLev<1>
2019-10-08 09:55:59.526 589-10827/? I/ArHal: (ar_data_enable_activity_event:619):successfully
2019-10-08 09:55:59.526 1859-10650/? D/ARMoudle.ARService: com.huawei.android.chr 2:604800000000000
2019-10-08 09:55:59.527 589-649/? I/ArHal: (ar_data_netlink_cb:821):cmd[2].length[240]
2019-10-08 09:55:59.527 589-10827/? I/ArHal: (ar_data_get_state:1235):id[2]
2019-10-08 09:55:59.529 1173-1277/? W/BroadcastQueue: Permission Denial: broadcasting Intent { act=android.net.conn.CONNECTIVITY_CHANGE flg=0x4200010 (has extras) } from null (pid=-1, uid=-1) requires com.huawei.systemmanager.permission.ACCESS_INTERFACE due to registered receiver BroadcastFilter{c00762a u0 ReceiverList{578d315 26456 com.huawei.systemmanager:service/1000/u0 remote:f1434cc}}
2019-10-08 09:55:59.530 1927-1950/? D/ARMoudle.HwActivityRecognition: activityExtendEventEnable:true
2019-10-08 09:55:59.530 27091-27132/? I/HwMSDPMovementManager: enableMovementEvent  type =1
2019-10-08 09:55:59.531 1859-2008/? D/ARMoudle.ARService: onActivityChanged...
2019-10-08 09:55:59.531 613-613/? I/mediacomm@2.1-service: doCopybit:495: client<Camera, 0> ret = 744 finish copybit -.
2019-10-08 09:55:59.531 744-22464/? I/GRALLOC: LockFlexLayout: baseFormat: 11, yStride: 640, ySize: 307200, uOffset: 307200,  uStride: 640
2019-10-08 09:55:59.531 1927-1950/? I/iMonitor: create: 942022000
2019-10-08 09:55:59.531 744-22464/? I/GRALLOC: LockFlexLayout: baseFormat: 11, yStride: 640, ySize: 307200, uOffset: 307200,  uStride: 640
2019-10-08 09:55:59.532 1927-1950/? I/iMonitor: send: 942022000
2019-10-08 09:55:59.532 1927-1950/? D/ARMoudle.HwActivityRecognition: enableActivityExtendEvent
2019-10-08 09:55:59.532 723-22429/? I/Camera3-Stream: getBuffer: Stream 0, 0xe84dc800: Already dequeued max output buffers (7), wait for next returned one.
2019-10-08 09:55:59.532 1927-1950/? D/ARMoudle.HwActivityRecognition: android.activity_recognition.elevator,1,200000000000,Param1=1.0, Param2=0.0, Param3=0.0, Param4=0.0, Param5=
2019-10-08 09:55:59.534 1859-10650/? D/ARMoudle.ARService: handleEnableActivityExtendEvent no wake
2019-10-08 09:55:59.535 22181-22421/com.virobugs I/GRALLOC: LockFlexLayout: baseFormat: 11, yStride: 640, ySize: 307200, uOffset: 307200,  uStride: 640
2019-10-08 09:55:59.536 589-10827/? I/ArHal: (ar_data_enable_activity_event:619):successfully
2019-10-08 09:55:59.536 1859-10650/? D/ARMoudle.ARService: com.huawei.android.chr 2:604800000000000
2019-10-08 09:55:59.537 589-10827/? I/ArHal: (ar_data_get_state:1235):id[2]
2019-10-08 09:55:59.537 589-649/? I/ArHal: (ar_data_netlink_cb:821):cmd[2].length[240]
2019-10-08 09:55:59.539 1859-2008/? D/ARMoudle.ARService: onActivityChanged...
2019-10-08 09:55:59.542 744-1263/? D/EnvImpl: [HWA_CAM3]getPackageName :  com.virobugs
2019-10-08 09:55:59.542 1927-1950/? D/ARMoudle.HwActivityRecognition: activityExtendEventEnable:true
2019-10-08 09:55:59.542 744-1263/? I/HwaUtils: [3c6ca2b_64I] getProductExtendName() path=EMILY
2019-10-08 09:55:59.542 744-1263/? I/HwaUtils: [3c6ca2b_64I] getOneCfgFile() path=NULL
2019-10-08 09:55:59.542 744-1263/? I/HwaDMapIpp: [3c6ca2b_64I] checkNeedSwapCalibrationData() ConfigFile NULL
2019-10-08 09:55:59.542 744-1263/? D/Misc____: [3c6ca2b_64D] enter loadRequest
2019-10-08 09:55:59.542 744-1263/? D/EnvImpl: [HWA_CAM3]getPackageName :  com.virobugs
2019-10-08 09:55:59.542 744-1263/? D/IppAlgoFilter: [HWA_CAM3]loadPreviewRequest() REQUEST_DMAP_SWAP, status:0
2019-10-08 09:55:59.542 27091-27132/? I/HwMSDPMovementManager: enableMovementEvent  type =1
2019-10-08 09:55:59.542 744-1263/? D/EnvImpl: [HWA_CAM3]getPackageName :  com.virobugs
2019-10-08 09:55:59.542 744-1263/? I/chatty: uid=1013(media) pl#2 identical 1 line
2019-10-08 09:55:59.542 744-1263/? D/EnvImpl: [HWA_CAM3]getPackageName :  com.virobugs
2019-10-08 09:55:59.545 1927-1950/? I/iMonitor: create: 942022000
2019-10-08 09:55:59.545 1859-2008/? D/ARMoudle.ARService: onActivityChanged...
2019-10-08 09:55:59.545 1927-1950/? I/iMonitor: send: 942022000
2019-10-08 09:55:59.546 1927-1950/? D/ARMoudle.HwActivityRecognition: enableActivityExtendEvent
2019-10-08 09:55:59.546 1927-1950/? D/ARMoudle.HwActivityRecognition: android.activity_recognition.elevator,2,200000000000,Param1=1.0, Param2=0.0, Param3=0.0, Param4=0.0, Param5=
2019-10-08 09:55:59.547 1859-7314/? D/ARMoudle.ARService: handleEnableActivityExtendEvent no wake
2019-10-08 09:55:59.549 589-10827/? I/ArHal: (ar_data_enable_activity_event:619):successfully
2019-10-08 09:55:59.549 589-649/? I/ArHal: (ar_data_netlink_cb:821):cmd[2].length[240]
2019-10-08 09:55:59.549 1859-7314/? D/ARMoudle.ARService: com.huawei.android.chr 2:604800000000000
2019-10-08 09:55:59.550 26738-26753/? I/d.process.acor: WaitForGcToComplete blocked HeapTrim on ProfileSaver for 776.350ms
2019-10-08 09:55:59.550 1859-2008/? D/ARMoudle.ARService: onActivityChanged...
2019-10-08 09:55:59.550 589-589/? I/ArHal: (ar_data_get_state:1235):id[2]
2019-10-08 09:55:59.551 1927-1950/? D/ARMoudle.HwActivityRecognition: activityExtendEventEnable:true
2019-10-08 09:55:59.551 27091-27132/? I/HwMSDPMovementManager: enableMovementEvent  type =1
2019-10-08 09:55:59.555 744-22462/? I/EnvImpl: [HWA_CAM3]getArCalorieMode mArCalorieMode 0
2019-10-08 09:55:59.556 744-22462/? I/cie: FaceStoryAlgo::isCurFrameRun isCurFrameRun. Process mode 0.
2019-10-08 09:55:59.556 1927-1950/? I/iMonitor: create: 942022000
2019-10-08 09:55:59.556 1927-1950/? I/iMonitor: send: 942022000
2019-10-08 09:55:59.557 1927-1950/? D/ARMoudle.HwActivityRecognition: enableActivityExtendEvent
2019-10-08 09:55:59.557 1927-1950/? D/ARMoudle.HwActivityRecognition: android.activity_recognition.on_bicycle,1,200000000000,Param1=1.0, Param2=0.0, Param3=0.0, Param4=0.0, Param5=
2019-10-08 09:55:59.559 744-22456/? D/Misc____: [3c6ca2b_64D] onProcessFrame(666), afDistance(0.000000)
2019-10-08 09:55:59.559 613-613/? I/mediacomm@2.1-service: getMdcClient:114: get client<Camera, 7, 744>, channel<4, 1>, perfLev=1, powerStatue=0.
2019-10-08 09:55:59.559 613-613/? I/mediacomm@2.1-service: getMdcVotePerfLev:179: Connected Mdc client<Camera, 7, 744> channel<4, 1> perfLev<1>
2019-10-08 09:55:59.562 613-613/? I/mediacomm@2.1-service: doCopybit:495: client<Camera, 0> ret = 744 finish copybit -.
2019-10-08 09:55:59.562 1859-7314/? D/ARMoudle.ARService: handleEnableActivityExtendEvent no wake
2019-10-08 09:55:59.562 744-22464/? I/GRALLOC: LockFlexLayout: baseFormat: 11, yStride: 640, ySize: 307200, uOffset: 307200,  uStride: 640
2019-10-08 09:55:59.563 744-22464/? I/GRALLOC: LockFlexLayout: baseFormat: 11, yStride: 640, ySize: 307200, uOffset: 307200,  uStride: 640
2019-10-08 09:55:59.563 589-589/? I/ArHal: (ar_data_enable_activity_event:619):successfully
2019-10-08 09:55:59.563 1859-7314/? D/ARMoudle.ARService: com.huawei.android.chr 2:604800000000000
2019-10-08 09:55:59.564 723-22429/? I/Camera3-Stream: getBuffer: Stream 0, 0xe84dc800: Already dequeued max output buffers (7), wait for next returned one.
2019-10-08 09:55:59.564 589-589/? I/ArHal: (ar_data_get_state:1235):id[2]
2019-10-08 09:55:59.564 22181-22421/com.virobugs I/GRALLOC: LockFlexLayout: baseFormat: 11, yStride: 640, ySize: 307200, uOffset: 307200,  uStride: 640
2019-10-08 09:55:59.565 589-649/? I/ArHal: (ar_data_netlink_cb:821):cmd[2].length[240]
2019-10-08 09:55:59.566 1859-2008/? D/ARMoudle.ARService: onActivityChanged...
2019-10-08 09:55:59.566 1927-1950/? D/ARMoudle.HwActivityRecognition: activityExtendEventEnable:true
2019-10-08 09:55:59.566 744-1263/? D/EnvImpl: [HWA_CAM3]getPackageName :  com.virobugs
2019-10-08 09:55:59.566 744-1263/? I/HwaUtils: [3c6ca2b_64I] getProductExtendName() path=EMILY
2019-10-08 09:55:59.566 744-1263/? I/HwaUtils: [3c6ca2b_64I] getOneCfgFile() path=NULL
2019-10-08 09:55:59.566 744-1263/? I/HwaDMapIpp: [3c6ca2b_64I] checkNeedSwapCalibrationData() ConfigFile NULL
2019-10-08 09:55:59.566 744-1263/? D/Misc____: [3c6ca2b_64D] enter loadRequest
2019-10-08 09:55:59.566 744-1263/? D/EnvImpl: [HWA_CAM3]getPackageName :  com.virobugs
2019-10-08 09:55:59.566 744-1263/? D/IppAlgoFilter: [HWA_CAM3]loadPreviewRequest() REQUEST_DMAP_SWAP, status:0
2019-10-08 09:55:59.566 744-1263/? D/EnvImpl: [HWA_CAM3]getPackageName :  com.virobugs
2019-10-08 09:55:59.566 744-1263/? I/chatty: uid=1013(media) pl#2 identical 1 line
2019-10-08 09:55:59.567 744-1263/? D/EnvImpl: [HWA_CAM3]getPackageName :  com.virobugs
2019-10-08 09:55:59.567 27091-27132/? I/HwMSDPMovementManager: enableMovementEvent  type =1
2019-10-08 09:55:59.569 1927-1950/? I/iMonitor: create: 942022000
2019-10-08 09:55:59.570 1927-1950/? I/iMonitor: send: 942022000
2019-10-08 09:55:59.570 1927-1950/? D/ARMoudle.HwActivityRecognition: enableActivityExtendEvent
2019-10-08 09:55:59.570 1927-1950/? D/ARMoudle.HwActivityRecognition: android.activity_recognition.on_bicycle,2,200000000000,Param1=1.0, Param2=0.0, Param3=0.0, Param4=0.0, Param5=
2019-10-08 09:55:59.571 744-22453/? I/HwaStatInfo: [3c6ca2b_64I] algotype is 0, videoRatio is 1.000000, ratio is 1.875000, faceNum is 0
2019-10-08 09:55:59.571 1859-7314/? D/ARMoudle.ARService: handleEnableActivityExtendEvent no wake
2019-10-08 09:55:59.572 589-589/? I/ArHal: (ar_data_enable_activity_event:619):successfully
2019-10-08 09:55:59.573 1859-7314/? D/ARMoudle.ARService: com.huawei.android.chr 2:604800000000000
2019-10-08 09:55:59.573 589-589/? I/ArHal: (ar_data_get_state:1235):id[2]
2019-10-08 09:55:59.573 589-649/? I/ArHal: (ar_data_netlink_cb:821):cmd[2].length[240]
2019-10-08 09:55:59.575 1859-2008/? D/ARMoudle.ARService: onActivityChanged...
2019-10-08 09:55:59.576 1927-1950/? D/ARMoudle.HwActivityRecognition: activityExtendEventEnable:true
2019-10-08 09:55:59.576 27091-27132/? I/HwMSDPMovementManager: enableMovementEvent  type =1
2019-10-08 09:55:59.578 1927-1950/? I/iMonitor: create: 942022000
2019-10-08 09:55:59.578 1927-1950/? I/iMonitor: send: 942022000
2019-10-08 09:55:59.579 1927-1950/? D/ARMoudle.HwActivityRecognition: enableActivityExtendEvent
2019-10-08 09:55:59.579 1927-1950/? D/ARMoudle.HwActivityRecognition: android.activity_recognition.fast_walking,1,200000000000,Param1=1.0, Param2=0.0, Param3=0.0, Param4=0.0, Param5=
2019-10-08 09:55:59.581 1859-7314/? D/ARMoudle.ARService: handleEnableActivityExtendEvent no wake
2019-10-08 09:55:59.583 589-589/? I/ArHal: (ar_data_enable_activity_event:619):successfully
2019-10-08 09:55:59.584 1859-7314/? D/ARMoudle.ARService: com.huawei.android.chr 2:604800000000000
2019-10-08 09:55:59.584 589-649/? I/ArHal: (ar_data_netlink_cb:821):cmd[2].length[240]
2019-10-08 09:55:59.584 589-589/? I/ArHal: (ar_data_get_state:1235):id[2]
2019-10-08 09:55:59.589 1927-1950/? D/ARMoudle.HwActivityRecognition: activityExtendEventEnable:true
2019-10-08 09:55:59.589 27091-27132/? I/HwMSDPMovementManager: enableMovementEvent  type =1
2019-10-08 09:55:59.591 1927-1950/? I/iMonitor: create: 942022000
2019-10-08 09:55:59.592 1927-1950/? I/iMonitor: send: 942022000
2019-10-08 09:55:59.592 1927-1950/? D/ARMoudle.HwActivityRecognition: enableActivityExtendEvent
2019-10-08 09:55:59.592 1927-1950/? D/ARMoudle.HwActivityRecognition: android.activity_recognition.fast_walking,2,200000000000,Param1=1.0, Param2=0.0, Param3=0.0, Param4=0.0, Param5=
2019-10-08 09:55:59.592 744-22453/? I/HwaStatInfo: [3c6ca2b_64I] algotype is 0, videoRatio is 1.000000, ratio is 1.875000, faceNum is 0
2019-10-08 09:55:59.593 744-22456/? D/Misc____: [3c6ca2b_64D] onProcessFrame(666), afDistance(0.000000)
2019-10-08 09:55:59.593 744-22462/? I/EnvImpl: [HWA_CAM3]getArCalorieMode mArCalorieMode 0
2019-10-08 09:55:59.593 744-22462/? I/cie: SceneRecognition::isCurFrameRun needTrigger = 1
2019-10-08 09:55:59.593 744-22462/? I/cie: SceneRecognition::isCurFrameRun monoMode=0, mStatus=1, isCurFrameStable=1, lastStableState=1, mStableCnt=30, mUnStableCnt=0
2019-10-08 09:55:59.593 744-22462/? I/cie: FaceStoryAlgo::isCurFrameRun isCurFrameRun. Process mode 0.
2019-10-08 09:55:59.593 744-22462/? I/cie: CIE::onProcess::SceneRecognition share buffer[112*112][0x7bbbf1cf48][1] public preProcess running
2019-10-08 09:55:59.593 744-22459/? I/AntiBanding: onSubAlgoProcess() mAlgoCtx.continue_detect_cnt :0, mAlgoCtx.succ_detect_cnt : 0, mAlgoCtx.motion_flag = 0, detect_result:0, frequency_detected = 0,cur_expo = 30000
2019-10-08 09:55:59.594 744-22462/? I/cie: Enter SceneRecognition::process
2019-10-08 09:55:59.597 1859-2008/? D/ARMoudle.ARService: onActivityChanged...
2019-10-08 09:55:59.599 760-22478/? I/hcs: IPUTaskScheduler::AddTask Add task to task queue successs.
2019-10-08 09:55:59.599 760-22478/? I/hcs: IPUExecutor::ForwardCompute Insert Forward_compute task[model id: 0, task id: 1] to task queue success.
2019-10-08 09:55:59.599 760-8346/? I/hcs: IPUTaskScheduler::IPUTaskHandler IPU task queue has task now, we will back to work.
2019-10-08 09:55:59.599 760-8346/? I/hcs: IPUTaskScheduler::IPUTaskHandler Not pipeline running.
2019-10-08 09:55:59.602 1859-7314/? D/ARMoudle.ARService: handleEnableActivityExtendEvent no wake
2019-10-08 09:55:59.603 589-589/? I/ArHal: (ar_data_enable_activity_event:619):successfully
2019-10-08 09:55:59.603 1859-7314/? D/ARMoudle.ARService: com.huawei.android.chr 2:604800000000000
2019-10-08 09:55:59.603 589-589/? I/ArHal: (ar_data_get_state:1235):id[2]
2019-10-08 09:55:59.604 589-649/? I/ArHal: (ar_data_netlink_cb:821):cmd[2].length[240]
2019-10-08 09:55:59.605 1859-2008/? D/ARMoudle.ARService: onActivityChanged...
2019-10-08 09:55:59.605 1927-1950/? D/ARMoudle.HwActivityRecognition: activityExtendEventEnable:true
2019-10-08 09:55:59.606 27091-27132/? I/HwMSDPMovementManager: enableMovementEvent  type =1
2019-10-08 09:55:59.607 1927-1950/? I/iMonitor: create: 942022000
2019-10-08 09:55:59.607 613-613/? I/mediacomm@2.1-service: getMdcClient:114: get client<Camera, 7, 744>, channel<4, 1>, perfLev=1, powerStatue=0.
2019-10-08 09:55:59.607 613-613/? I/mediacomm@2.1-service: getMdcVotePerfLev:179: Connected Mdc client<Camera, 7, 744> channel<4, 1> perfLev<1>
2019-10-08 09:55:59.607 1927-1950/? I/iMonitor: send: 942022000
2019-10-08 09:55:59.607 1927-1950/? D/ARMoudle.HwActivityRecognition: enableActivityExtendEvent
2019-10-08 09:55:59.607 1927-1950/? D/ARMoudle.HwActivityRecognition: android.activity_recognition.in_vehicle,1,200000000000,Param1=1.0, Param2=0.0, Param3=0.0, Param4=0.0, Param5=
2019-10-08 09:55:59.609 1859-7314/? D/ARMoudle.ARService: handleEnableActivityExtendEvent no wake
2019-10-08 09:55:59.610 613-613/? I/mediacomm@2.1-service: doCopybit:495: client<Camera, 0> ret = 744 finish copybit -.
2019-10-08 09:55:59.610 589-589/? I/ArHal: (ar_data_enable_activity_event:619):successfully
2019-10-08 09:55:59.610 744-22464/? I/GRALLOC: LockFlexLayout: baseFormat: 11, yStride: 640, ySize: 307200, uOffset: 307200,  uStride: 640
2019-10-08 09:55:59.611 744-22464/? I/GRALLOC: LockFlexLayout: baseFormat: 11, yStride: 640, ySize: 307200, uOffset: 307200,  uStride: 640
2019-10-08 09:55:59.612 589-649/? I/ArHal: (ar_data_netlink_cb:821):cmd[2].length[240]
2019-10-08 09:55:59.613 1859-7314/? D/ARMoudle.ARService: com.huawei.android.chr 2:604800000000000
2019-10-08 09:55:59.614 760-8346/? I/hcs: IPUMngr_ForwardCompute Forward computing success.
2019-10-08 09:55:59.614 589-589/? I/ArHal: (ar_data_get_state:1235):id[2]
2019-10-08 09:55:59.614 760-8346/? W/hcs: IPUTaskScheduler::GetIPUTask IPU task queue is empty!
2019-10-08 09:55:59.614 760-8346/? I/hcs: IPUTaskScheduler::IPUTaskHandler IPU task queue is empty, so we wait here for task.
2019-10-08 09:55:59.614 723-22429/? I/Camera3-Stream: getBuffer: Stream 0, 0xe84dc800: Already dequeued max output buffers (7), wait for next returned one.
2019-10-08 09:55:59.615 744-9454/? I/cie: Enter SceneRecognitionListener::OnProcessDone
2019-10-08 09:55:59.615 744-9454/? I/cie: SceneRecognitionListener::convertResultToVec Result1:SUNSET Conf:314.998016.
2019-10-08 09:55:59.615 744-9454/? I/cie: SceneRecognitionListener::convertResultToVec Result1:NIGHT Conf:1.069129.
2019-10-08 09:55:59.615 744-9454/? I/cie: SceneRecognitionListener::convertResultToVec Result1:TEXT Conf:0.216544.
2019-10-08 09:55:59.615 744-9454/? I/cie: SceneRecognitionListener::convertResultToVec Result1:FALLEN Conf:0.183791.
2019-10-08 09:55:59.615 744-9454/? I/cie: SceneRecognitionListener::convertResultToVec Result1:BICYCLE Conf:0.135511.
2019-10-08 09:55:59.615 744-9454/? I/cie: SceneRecognitionListener::convertResultToVec Result2:NIGHTWITHSKY Conf:396.769165.
2019-10-08 09:55:59.615 744-9454/? I/cie: SceneRecognitionListener::convertResultToVec Result2:NIGHTNOSKY Conf:603.230835.
2019-10-08 09:55:59.615 744-9454/? I/cie: SceneRecognition::filterSceneThd::o 700 0 0 41 1
2019-10-08 09:55:59.615 744-9454/? I/cie: SceneRecognition::filterSceneThd::i 950 80 0 41 1
2019-10-08 09:55:59.615 744-9454/? I/cie: SceneRecognition::filterSceneThd::i 950 0 0 41 1
2019-10-08 09:55:59.615 744-9454/? I/cie: SceneRecognition::filterSceneThd::i 950 10 0 41 1
2019-10-08 09:55:59.615 744-9454/? I/cie: SceneRecognition::filterSceneThd::i 950 0 0 41 1
2019-10-08 09:55:59.615 744-9454/? I/CIEProxy: CIECallBackMgr::onSceneRecognitionProcessDone rsltsOrig:SUNSET 3 314
2019-10-08 09:55:59.615 744-9454/? I/CIEProxy: CIECallBackMgr::onSceneRecognitionProcessDone rsltsOrig:NIGHT 8 1
2019-10-08 09:55:59.615 744-9454/? I/CIEProxy: CIECallBackMgr::onSceneRecognitionProcessDone rsltsOrig:TEXT 9 0
2019-10-08 09:55:59.615 744-9454/? I/CIEProxy: CIECallBackMgr::onSceneRecognitionProcessDone rsltsOrig:FALLEN 15 0
2019-10-08 09:55:59.615 744-9454/? I/CIEProxy: CIECallBackMgr::onSceneRecognitionProcessDone rsltsOrig:BICYCLE 19 0
2019-10-08 09:55:59.615 744-9454/? D/EventCallbackImpl: [HWA_CAM3]enter notifySDResult()
2019-10-08 09:55:59.616 1859-2008/? D/ARMoudle.ARService: onActivityChanged...
2019-10-08 09:55:59.616 1927-1950/? D/ARMoudle.HwActivityRecognition: activityExtendEventEnable:true
2019-10-08 09:55:59.616 27091-27132/? I/HwMSDPMovementManager: enableMovementEvent  type =1
2019-10-08 09:55:59.617 22181-22421/com.virobugs I/GRALLOC: LockFlexLayout: baseFormat: 11, yStride: 640, ySize: 307200, uOffset: 307200,  uStride: 640
2019-10-08 09:55:59.617 1927-1950/? I/iMonitor: create: 942022000
2019-10-08 09:55:59.618 1927-1950/? I/iMonitor: send: 942022000
2019-10-08 09:55:59.618 1927-1950/? D/ARMoudle.HwActivityRecognition: enableActivityExtendEvent
2019-10-08 09:55:59.618 1927-1950/? D/ARMoudle.HwActivityRecognition: android.activity_recognition.in_vehicle,2,200000000000,Param1=1.0, Param2=0.0, Param3=0.0, Param4=0.0, Param5=
2019-10-08 09:55:59.618 744-9454/? D/EventCallbackImpl: [HWA_CAM3]enter notifyICSDResult()
2019-10-08 09:55:59.619 1859-7314/? D/ARMoudle.ARService: handleEnableActivityExtendEvent no wake
2019-10-08 09:55:59.619 589-589/? I/ArHal: (ar_data_enable_activity_event:619):successfully
2019-10-08 09:55:59.619 1859-7314/? D/ARMoudle.ARService: com.huawei.android.chr 2:604800000000000
2019-10-08 09:55:59.620 589-589/? I/ArHal: (ar_data_get_state:1235):id[2]
2019-10-08 09:55:59.620 744-1263/? D/EnvImpl: [HWA_CAM3]getPackageName :  com.virobugs
2019-10-08 09:55:59.620 744-1263/? I/HwaUtils: [3c6ca2b_64I] getProductExtendName() path=EMILY
2019-10-08 09:55:59.620 744-1263/? I/HwaUtils: [3c6ca2b_64I] getOneCfgFile() path=NULL
2019-10-08 09:55:59.620 744-1263/? I/HwaDMapIpp: [3c6ca2b_64I] checkNeedSwapCalibrationData() ConfigFile NULL
2019-10-08 09:55:59.620 589-649/? I/ArHal: (ar_data_netlink_cb:821):cmd[2].length[240]
2019-10-08 09:55:59.620 744-1263/? D/Misc____: [3c6ca2b_64D] enter loadRequest
2019-10-08 09:55:59.620 744-22456/? D/Misc____: [3c6ca2b_64D] onProcessFrame(666), afDistance(0.000000)
2019-10-08 09:55:59.620 744-1263/? D/EnvImpl: [HWA_CAM3]getPackageName :  com.virobugs
2019-10-08 09:55:59.621 744-1263/? D/IppAlgoFilter: [HWA_CAM3]loadPreviewRequest() REQUEST_DMAP_SWAP, status:0
2019-10-08 09:55:59.621 1859-2008/? D/ARMoudle.ARService: onActivityChanged...
2019-10-08 09:55:59.621 744-1263/? D/EnvImpl: [HWA_CAM3]getPackageName :  com.virobugs
2019-10-08 09:55:59.621 744-1263/? I/chatty: uid=1013(media) pl#2 identical 1 line
2019-10-08 09:55:59.621 744-1263/? D/EnvImpl: [HWA_CAM3]getPackageName :  com.virobugs
2019-10-08 09:55:59.621 1927-1950/? D/ARMoudle.HwActivityRecognition: activityExtendEventEnable:true
2019-10-08 09:55:59.621 744-22462/? I/EnvImpl: [HWA_CAM3]getArCalorieMode mArCalorieMode 0
2019-10-08 09:55:59.621 27091-27132/? I/HwMSDPMovementManager: enableMovementEvent  type =1
2019-10-08 09:55:59.621 744-22462/? I/cie: FaceStoryAlgo::isCurFrameRun isCurFrameRun. Process mode 0.
2019-10-08 09:55:59.622 1927-1950/? I/iMonitor: create: 942022000
2019-10-08 09:55:59.623 1927-1950/? I/iMonitor: send: 942022000
2019-10-08 09:55:59.623 1927-1950/? D/ARMoudle.HwActivityRecognition: enableActivityExtendEvent
2019-10-08 09:55:59.623 1927-1950/? D/ARMoudle.HwActivityRecognition: android.activity_recognition.running,1,200000000000,Param1=1.0, Param2=0.0, Param3=0.0, Param4=0.0, Param5=
2019-10-08 09:55:59.624 1859-7314/? D/ARMoudle.ARService: handleEnableActivityExtendEvent no wake
2019-10-08 09:55:59.626 613-613/? I/mediacomm@2.1-service: getMdcClient:114: get client<Camera, 7, 744>, channel<4, 1>, perfLev=1, powerStatue=0.
2019-10-08 09:55:59.626 613-613/? I/mediacomm@2.1-service: getMdcVotePerfLev:179: Connected Mdc client<Camera, 7, 744> channel<4, 1> perfLev<1>
2019-10-08 09:55:59.626 589-589/? I/ArHal: (ar_data_enable_activity_event:619):successfully
2019-10-08 09:55:59.626 1859-7314/? D/ARMoudle.ARService: com.huawei.android.chr 2:604800000000000
2019-10-08 09:55:59.626 589-589/? I/ArHal: (ar_data_get_state:1235):id[2]
2019-10-08 09:55:59.627 589-649/? I/ArHal: (ar_data_netlink_cb:821):cmd[2].length[240]
2019-10-08 09:55:59.627 1859-2008/? D/ARMoudle.ARService: onActivityChanged...
2019-10-08 09:55:59.627 1927-1950/? D/ARMoudle.HwActivityRecognition: activityExtendEventEnable:true
2019-10-08 09:55:59.627 27091-27132/? I/HwMSDPMovementManager: enableMovementEvent  type =1
2019-10-08 09:55:59.628 613-613/? I/mediacomm@2.1-service: doCopybit:495: client<Camera, 0> ret = 744 finish copybit -.
2019-10-08 09:55:59.629 744-22464/? I/GRALLOC: LockFlexLayout: baseFormat: 11, yStride: 640, ySize: 307200, uOffset: 307200,  uStride: 640
2019-10-08 09:55:59.629 1927-2020/? I/iMonitor: create: 942022000
2019-10-08 09:55:59.629 744-22464/? I/GRALLOC: LockFlexLayout: baseFormat: 11, yStride: 640, ySize: 307200, uOffset: 307200,  uStride: 640
2019-10-08 09:55:59.629 1927-2020/? I/iMonitor: send: 942022000
2019-10-08 09:55:59.629 1927-2020/? D/ARMoudle.HwActivityRecognition: enableActivityExtendEvent
2019-10-08 09:55:59.629 1927-2020/? D/ARMoudle.HwActivityRecognition: android.activity_recognition.running,2,200000000000,Param1=1.0, Param2=0.0, Param3=0.0, Param4=0.0, Param5=
2019-10-08 09:55:59.629 723-22429/? I/Camera3-Stream: getBuffer: Stream 0, 0xe84dc800: Already dequeued max output buffers (7), wait for next returned one.
2019-10-08 09:55:59.631 22181-22421/com.virobugs I/GRALLOC: LockFlexLayout: baseFormat: 11, yStride: 640, ySize: 307200, uOffset: 307200,  uStride: 640
2019-10-08 09:55:59.632 1859-7314/? D/ARMoudle.ARService: handleEnableActivityExtendEvent no wake
2019-10-08 09:55:59.634 744-1263/? D/EnvImpl: [HWA_CAM3]getPackageName :  com.virobugs
2019-10-08 09:55:59.635 744-1263/? I/HwaUtils: [3c6ca2b_64I] getProductExtendName() path=EMILY
2019-10-08 09:55:59.635 744-1263/? I/HwaUtils: [3c6ca2b_64I] getOneCfgFile() path=NULL
2019-10-08 09:55:59.635 744-1263/? I/HwaDMapIpp: [3c6ca2b_64I] checkNeedSwapCalibrationData() ConfigFile NULL
2019-10-08 09:55:59.635 744-1263/? D/Misc____: [3c6ca2b_64D] enter loadRequest
2019-10-08 09:55:59.635 744-1263/? D/EnvImpl: [HWA_CAM3]getPackageName :  com.virobugs
2019-10-08 09:55:59.635 744-1263/? D/IppAlgoFilter: [HWA_CAM3]loadPreviewRequest() REQUEST_DMAP_SWAP, status:0
2019-10-08 09:55:59.635 744-1263/? D/EnvImpl: [HWA_CAM3]getPackageName :  com.virobugs
2019-10-08 09:55:59.635 744-1263/? I/chatty: uid=1013(media) pl#2 identical 1 line
2019-10-08 09:55:59.635 744-1263/? D/EnvImpl: [HWA_CAM3]getPackageName :  com.virobugs
2019-10-08 09:55:59.636 744-22453/? I/HwaStatInfo: [3c6ca2b_64I] algotype is 0, videoRatio is 1.000000, ratio is 1.875000, faceNum is 0
2019-10-08 09:55:59.637 589-589/? I/ArHal: (ar_data_enable_activity_event:619):successfully
2019-10-08 09:55:59.637 589-649/? I/ArHal: (ar_data_netlink_cb:821):cmd[2].length[240]
2019-10-08 09:55:59.637 1859-7314/? D/ARMoudle.ARService: com.huawei.android.chr 2:604800000000000
2019-10-08 09:55:59.637 589-589/? I/ArHal: (ar_data_get_state:1235):id[2]
2019-10-08 09:55:59.637 1859-2008/? D/ARMoudle.ARService: onActivityChanged...
2019-10-08 09:55:59.638 1927-2020/? D/ARMoudle.HwActivityRecognition: activityExtendEventEnable:true
2019-10-08 09:55:59.640 580-644/? I/PreDnsController: canPreDnsQuery,persist.sys.predns is false!
2019-10-08 09:55:59.651 744-22453/? I/HwaStatInfo: [3c6ca2b_64I] algotype is 0, videoRatio is 1.000000, ratio is 1.875000, faceNum is 0
2019-10-08 09:55:59.652 744-22462/? I/EnvImpl: [HWA_CAM3]getArCalorieMode mArCalorieMode 0
2019-10-08 09:55:59.652 580-638/? W/SocketListener: sending broadcast to Pid = 1173, Uid = 1000
2019-10-08 09:55:59.652 744-22462/? I/cie: FaceStoryAlgo::isCurFrameRun isCurFrameRun. Process mode 0.
2019-10-08 09:55:59.653 744-22456/? D/Misc____: [3c6ca2b_64D] onProcessFrame(666), afDistance(0.000000)
2019-10-08 09:55:59.653 611-1341/? D/asd_primary_out: L[0],R[0], continus 20 times!
2019-10-08 09:55:59.656 613-613/? I/mediacomm@2.1-service: getMdcClient:114: get client<Camera, 7, 744>, channel<4, 1>, perfLev=1, powerStatue=0.
2019-10-08 09:55:59.656 613-613/? I/mediacomm@2.1-service: getMdcVotePerfLev:179: Connected Mdc client<Camera, 7, 744> channel<4, 1> perfLev<1>
2019-10-08 09:55:59.657 744-22459/? I/AntiBanding: onSubAlgoProcess() mAlgoCtx.continue_detect_cnt :0, mAlgoCtx.succ_detect_cnt : 0, mAlgoCtx.motion_flag = 0, detect_result:0, frequency_detected = 0,cur_expo = 30000
2019-10-08 09:55:59.658 1173-1571/? D/NetdConnector: RCV <- {601 limit alert globalAlert lo}
2019-10-08 09:55:59.658 613-613/? I/mediacomm@2.1-service: doCopybit:495: client<Camera, 0> ret = 744 finish copybit -.
2019-10-08 09:55:59.659 744-22464/? I/GRALLOC: LockFlexLayout: baseFormat: 11, yStride: 640, ySize: 307200, uOffset: 307200,  uStride: 640
2019-10-08 09:55:59.659 744-22464/? I/GRALLOC: LockFlexLayout: baseFormat: 11, yStride: 640, ySize: 307200, uOffset: 307200,  uStride: 640
2019-10-08 09:55:59.660 723-22429/? I/Camera3-Stream: getBuffer: Stream 0, 0xe84dc800: Already dequeued max output buffers (7), wait for next returned one.
2019-10-08 09:55:59.660 1173-1292/? D/NetdConnector: RCV unsolicited event from native daemon, event = 601
2019-10-08 09:55:59.660 22181-22421/com.virobugs I/GRALLOC: LockFlexLayout: baseFormat: 11, yStride: 640, ySize: 307200, uOffset: 307200,  uStride: 640
2019-10-08 09:55:59.666 744-1263/? D/EnvImpl: [HWA_CAM3]getPackageName :  com.virobugs
2019-10-08 09:55:59.666 744-1263/? I/HwaUtils: [3c6ca2b_64I] getProductExtendName() path=EMILY
2019-10-08 09:55:59.666 744-1263/? I/HwaUtils: [3c6ca2b_64I] getOneCfgFile() path=NULL
2019-10-08 09:55:59.666 744-1263/? I/HwaDMapIpp: [3c6ca2b_64I] checkNeedSwapCalibrationData() ConfigFile NULL
2019-10-08 09:55:59.666 744-1263/? D/Misc____: [3c6ca2b_64D] enter loadRequest
2019-10-08 09:55:59.666 744-1263/? D/EnvImpl: [HWA_CAM3]getPackageName :  com.virobugs
2019-10-08 09:55:59.666 744-1263/? D/IppAlgoFilter: [HWA_CAM3]loadPreviewRequest() REQUEST_DMAP_SWAP, status:0
2019-10-08 09:55:59.666 744-1263/? D/EnvImpl: [HWA_CAM3]getPackageName :  com.virobugs
2019-10-08 09:55:59.668 1173-1292/? I/NetworkStats: limitReached
2019-10-08 09:55:59.670 27091-27132/? I/com.huawei.hiai.awareness.service.ServiceBindingManager:  CAWARENESS: RequestRunnable run() start result : RequestResult{type = 0, status = 0, action = 0, secondAction = null, time = 0, sensorTime = 0, confidence = 0, registerTopKey = cawareness.getmovementstatus_1:1;1,0,0, resultType = 1, content = null, triggerStatus = 3, errorCode = -1, errorResult = null}
2019-10-08 09:55:59.684 1173-1574/? I/NetworkStats: performPollLocked, pid = 1173
2019-10-08 09:55:59.690 744-22456/? D/Misc____: [3c6ca2b_64D] onProcessFrame(666), afDistance(0.000000)
2019-10-08 09:55:59.692 744-22462/? I/EnvImpl: [HWA_CAM3]getArCalorieMode mArCalorieMode 0
2019-10-08 09:55:59.692 613-613/? I/mediacomm@2.1-service: getMdcClient:114: get client<Camera, 7, 744>, channel<4, 1>, perfLev=1, powerStatue=0.
2019-10-08 09:55:59.692 613-613/? I/mediacomm@2.1-service: getMdcVotePerfLev:179: Connected Mdc client<Camera, 7, 744> channel<4, 1> perfLev<1>
2019-10-08 09:55:59.693 744-22462/? I/cie: FaceStoryAlgo::isCurFrameRun isCurFrameRun. Process mode 0.
2019-10-08 09:55:59.696 613-613/? I/mediacomm@2.1-service: doCopybit:495: client<Camera, 0> ret = 744 finish copybit -.
2019-10-08 09:55:59.697 744-22464/? I/GRALLOC: LockFlexLayout: baseFormat: 11, yStride: 640, ySize: 307200, uOffset: 307200,  uStride: 640
2019-10-08 09:55:59.697 744-22464/? I/GRALLOC: LockFlexLayout: baseFormat: 11, yStride: 640, ySize: 307200, uOffset: 307200,  uStride: 640
2019-10-08 09:55:59.698 723-22429/? I/Camera3-Stream: getBuffer: Stream 0, 0xe84dc800: Already dequeued max output buffers (7), wait for next returned one.
2019-10-08 09:55:59.699 22181-22421/com.virobugs I/GRALLOC: LockFlexLayout: baseFormat: 11, yStride: 640, ySize: 307200, uOffset: 307200,  uStride: 640
2019-10-08 09:55:59.702 744-1263/? D/EnvImpl: [HWA_CAM3]getPackageName :  com.virobugs
2019-10-08 09:55:59.702 744-1263/? I/HwaUtils: [3c6ca2b_64I] getProductExtendName() path=EMILY
2019-10-08 09:55:59.702 744-1263/? I/HwaUtils: [3c6ca2b_64I] getOneCfgFile() path=NULL
2019-10-08 09:55:59.702 744-1263/? I/HwaDMapIpp: [3c6ca2b_64I] checkNeedSwapCalibrationData() ConfigFile NULL
2019-10-08 09:55:59.702 744-1263/? D/Misc____: [3c6ca2b_64D] enter loadRequest
2019-10-08 09:55:59.702 744-1263/? D/EnvImpl: [HWA_CAM3]getPackageName :  com.virobugs
2019-10-08 09:55:59.702 744-1263/? D/IppAlgoFilter: [HWA_CAM3]loadPreviewRequest() REQUEST_DMAP_SWAP, status:0
2019-10-08 09:55:59.702 744-1263/? D/EnvImpl: [HWA_CAM3]getPackageName :  com.virobugs
2019-10-08 09:55:59.702 744-1263/? I/chatty: uid=1013(media) pl#2 identical 1 line
2019-10-08 09:55:59.703 744-1263/? D/EnvImpl: [HWA_CAM3]getPackageName :  com.virobugs
2019-10-08 09:55:59.706 744-22453/? I/HwaStatInfo: [3c6ca2b_64I] algotype is 0, videoRatio is 1.000000, ratio is 1.875000, faceNum is 0
2019-10-08 09:55:59.718 26456-26456/? W/ContextImpl: Calling a method in the system process without a qualified user: android.app.ContextImpl.bindService:1844 android.content.ContextWrapper.bindService:698 com.huawei.library.stat.client.HsmStatProxy.bindService:276 com.huawei.library.stat.client.HsmStatProxy.access$000:34 com.huawei.library.stat.client.HsmStatProxy$1.handleMessage:67
2019-10-08 09:55:59.720 744-22456/? D/Misc____: [3c6ca2b_64D] onProcessFrame(666), afDistance(0.000000)
2019-10-08 09:55:59.721 744-22453/? I/HwaStatInfo: [3c6ca2b_64I] algotype is 0, videoRatio is 1.000000, ratio is 1.875000, faceNum is 0
2019-10-08 09:55:59.721 613-613/? I/mediacomm@2.1-service: getMdcClient:114: get client<Camera, 7, 744>, channel<4, 1>, perfLev=1, powerStatue=0.
2019-10-08 09:55:59.721 613-613/? I/mediacomm@2.1-service: getMdcVotePerfLev:179: Connected Mdc client<Camera, 7, 744> channel<4, 1> perfLev<1>
2019-10-08 09:55:59.721 744-22462/? I/EnvImpl: [HWA_CAM3]getArCalorieMode mArCalorieMode 0
2019-10-08 09:55:59.722 744-22462/? I/cie: FaceStoryAlgo::isCurFrameRun isCurFrameRun. Process mode 0.
2019-10-08 09:55:59.722 744-22459/? I/AntiBanding: onSubAlgoProcess() mAlgoCtx.continue_detect_cnt :0, mAlgoCtx.succ_detect_cnt : 0, mAlgoCtx.motion_flag = 0, detect_result:0, frequency_detected = 0,cur_expo = 30000
2019-10-08 09:55:59.727 613-613/? I/mediacomm@2.1-service: doCopybit:495: client<Camera, 0> ret = 744 finish copybit -.
2019-10-08 09:55:59.727 744-22464/? I/GRALLOC: LockFlexLayout: baseFormat: 11, yStride: 640, ySize: 307200, uOffset: 307200,  uStride: 640
2019-10-08 09:55:59.728 744-22464/? I/GRALLOC: LockFlexLayout: baseFormat: 11, yStride: 640, ySize: 307200, uOffset: 307200,  uStride: 640
2019-10-08 09:55:59.728 723-22429/? I/Camera3-Stream: getBuffer: Stream 0, 0xe84dc800: Already dequeued max output buffers (7), wait for next returned one.
2019-10-08 09:55:59.730 744-1263/? D/EnvImpl: [HWA_CAM3]getPackageName :  com.virobugs
2019-10-08 09:55:59.730 744-1263/? I/HwaUtils: [3c6ca2b_64I] getProductExtendName() path=EMILY
2019-10-08 09:55:59.731 744-1263/? I/HwaUtils: [3c6ca2b_64I] getOneCfgFile() path=NULL
2019-10-08 09:55:59.731 744-1263/? I/HwaDMapIpp: [3c6ca2b_64I] checkNeedSwapCalibrationData() ConfigFile NULL
2019-10-08 09:55:59.731 744-1263/? D/Misc____: [3c6ca2b_64D] enter loadRequest
2019-10-08 09:55:59.731 744-1263/? D/EnvImpl: [HWA_CAM3]getPackageName :  com.virobugs
2019-10-08 09:55:59.731 744-1263/? D/IppAlgoFilter: [HWA_CAM3]loadPreviewRequest() REQUEST_DMAP_SWAP, status:0
2019-10-08 09:55:59.731 744-1263/? D/EnvImpl: [HWA_CAM3]getPackageName :  com.virobugs
2019-10-08 09:55:59.731 744-1263/? I/chatty: uid=1013(media) pl#2 identical 1 line
2019-10-08 09:55:59.731 744-1263/? D/EnvImpl: [HWA_CAM3]getPackageName :  com.virobugs
2019-10-08 09:55:59.731 22181-22421/com.virobugs I/GRALLOC: LockFlexLayout: baseFormat: 11, yStride: 640, ySize: 307200, uOffset: 307200,  uStride: 640
2019-10-08 09:55:59.750 744-22456/? D/Misc____: [3c6ca2b_64D] onProcessFrame(666), afDistance(0.000000)
2019-10-08 09:55:59.751 744-22462/? I/EnvImpl: [HWA_CAM3]getArCalorieMode mArCalorieMode 0
2019-10-08 09:55:59.751 744-22462/? I/cie: FaceStoryAlgo::isCurFrameRun isCurFrameRun. Process mode 0.
2019-10-08 09:55:59.752 613-613/? I/mediacomm@2.1-service: getMdcClient:114: get client<Camera, 7, 744>, channel<4, 1>, perfLev=1, powerStatue=0.
2019-10-08 09:55:59.752 613-613/? I/mediacomm@2.1-service: getMdcVotePerfLev:179: Connected Mdc client<Camera, 7, 744> channel<4, 1> perfLev<1>
2019-10-08 09:55:59.754 613-613/? I/mediacomm@2.1-service: doCopybit:495: client<Camera, 0> ret = 744 finish copybit -.
2019-10-08 09:55:59.755 744-22464/? I/GRALLOC: LockFlexLayout: baseFormat: 11, yStride: 640, ySize: 307200, uOffset: 307200,  uStride: 640
2019-10-08 09:55:59.755 744-22464/? I/GRALLOC: LockFlexLayout: baseFormat: 11, yStride: 640, ySize: 307200, uOffset: 307200,  uStride: 640
2019-10-08 09:55:59.756 22181-22421/com.virobugs I/GRALLOC: LockFlexLayout: baseFormat: 11, yStride: 640, ySize: 307200, uOffset: 307200,  uStride: 640
2019-10-08 09:55:59.758 723-22429/? I/Camera3-Stream: getBuffer: Stream 1, 0xe84db180: Already dequeued max output buffers (7), wait for next returned one.
2019-10-08 09:55:59.761 744-1263/? D/EnvImpl: [HWA_CAM3]getPackageName :  com.virobugs
2019-10-08 09:55:59.761 744-1263/? I/HwaUtils: [3c6ca2b_64I] getProductExtendName() path=EMILY
2019-10-08 09:55:59.761 744-1263/? I/HwaUtils: [3c6ca2b_64I] getOneCfgFile() path=NULL
2019-10-08 09:55:59.761 744-1263/? I/HwaDMapIpp: [3c6ca2b_64I] checkNeedSwapCalibrationData() ConfigFile NULL
2019-10-08 09:55:59.761 744-1263/? D/Misc____: [3c6ca2b_64D] enter loadRequest
2019-10-08 09:55:59.761 744-1263/? D/EnvImpl: [HWA_CAM3]getPackageName :  com.virobugs
2019-10-08 09:55:59.761 744-1263/? D/IppAlgoFilter: [HWA_CAM3]loadPreviewRequest() REQUEST_DMAP_SWAP, status:0
2019-10-08 09:55:59.761 744-1263/? D/EnvImpl: [HWA_CAM3]getPackageName :  com.virobugs
2019-10-08 09:55:59.761 744-1263/? I/chatty: uid=1013(media) pl#2 identical 1 line
2019-10-08 09:55:59.761 744-1263/? D/EnvImpl: [HWA_CAM3]getPackageName :  com.virobugs
2019-10-08 09:55:59.764 744-22453/? I/HwaStatInfo: [3c6ca2b_64I] algotype is 0, videoRatio is 1.000000, ratio is 1.875000, faceNum is 0
2019-10-08 09:55:59.795 613-613/? I/mediacomm@2.1-service: getMdcClient:114: get client<Camera, 7, 744>, channel<4, 1>, perfLev=1, powerStatue=0.
2019-10-08 09:55:59.795 613-613/? I/mediacomm@2.1-service: getMdcVotePerfLev:179: Connected Mdc client<Camera, 7, 744> channel<4, 1> perfLev<1>
2019-10-08 09:55:59.798 744-22462/? I/EnvImpl: [HWA_CAM3]getArCalorieMode mArCalorieMode 0
2019-10-08 09:55:59.798 744-22462/? I/cie: FaceStoryAlgo::isCurFrameRun isCurFrameRun. Process mode 0.
2019-10-08 09:55:59.799 744-22459/? I/AntiBanding: onSubAlgoProcess() mAlgoCtx.continue_detect_cnt :0, mAlgoCtx.succ_detect_cnt : 0, mAlgoCtx.motion_flag = 0, detect_result:0, frequency_detected = 0,cur_expo = 30000
2019-10-08 09:55:59.803 744-22453/? I/HwaStatInfo: [3c6ca2b_64I] algotype is 0, videoRatio is 1.000000, ratio is 1.875000, faceNum is 0
2019-10-08 09:55:59.813 613-613/? I/mediacomm@2.1-service: doCopybit:495: client<Camera, 0> ret = 744 finish copybit -.
2019-10-08 09:55:59.814 744-22464/? I/GRALLOC: LockFlexLayout: baseFormat: 11, yStride: 640, ySize: 307200, uOffset: 307200,  uStride: 640
2019-10-08 09:55:59.814 744-22464/? I/GRALLOC: LockFlexLayout: baseFormat: 11, yStride: 640, ySize: 307200, uOffset: 307200,  uStride: 640
2019-10-08 09:55:59.814 723-22429/? I/Camera3-Stream: getBuffer: Stream 0, 0xe84dc800: Already dequeued max output buffers (7), wait for next returned one.
2019-10-08 09:55:59.873 634-1347/? E/AudioFlinger: writing blocked, write to hal costs: 69 ms
2019-10-08 09:55:59.873 634-1347/? D/AudioFlinger: mixer(0x71a3905bc0) throttle end: throttle time(2)
2019-10-08 09:55:59.880 744-22462/? I/EnvImpl: [HWA_CAM3]getArCalorieMode mArCalorieMode 0
2019-10-08 09:55:59.880 744-22462/? I/cie: FaceStoryAlgo::isCurFrameRun isCurFrameRun. Process mode 0.
2019-10-08 09:56:03.627 681-681/? I/aptouch_daemon: monitor_handeframe, time: 49ms.
2019-10-08 09:56:03.676 681-708/? I/aptouch_daemon: process no response, timeout in 3s. ret: 110, need holdon: 0. begin_time:1976448, wakup_time:1980350
2019-10-08 09:56:03.678 1173-1822/? W/HwGeocoderProxy: rebind count:0
2019-10-08 09:56:03.688 1173-1822/? I/HwGeocoderProxy: unbinding ComponentInfo{com.google.android.gms/com.google.android.location.geocode.GeocodeService}
2019-10-08 09:56:03.701 744-22456/? D/Misc____: [3c6ca2b_64D] onProcessFrame(666), afDistance(0.000000)
2019-10-08 09:56:03.707 681-681/? E/aptouch_daemon: update_frame, thp_afe_get_frame return nullptr
2019-10-08 09:56:03.734 26985-26985/? D/AwareBitmapCacher: handleInit disable com.google.process.gservices
2019-10-08 09:56:03.736 1173-1574/? W/NetworkStatsFactory: mStatsXtProcUid: /proc/net/comm/stats does not exist!
2019-10-08 09:56:03.775 744-22453/? I/HwaStatInfo: [3c6ca2b_64I] algotype is 0, videoRatio is 1.000000, ratio is 1.875000, faceNum is 0
2019-10-08 09:56:03.793 27091-27129/? I/OdmfReport:  CAWARENESS: odmfConnected
2019-10-08 09:56:03.797 1173-1574/? D/HwNetworkStatsService: hwRecordUidAndProcSnapshotLocked currentTime = 1570521360470
2019-10-08 09:56:03.840 1173-1574/? I/NetworkStatsFactory: javaReadNetworkStatsUidAndProcDetail. cost time = 28
2019-10-08 09:56:03.854 681-708/? I/aptouch_daemon: set odm.thp.dae_alive as: false
2019-10-08 09:56:03.859 681-27150/? I/aptouch_daemon: simulate_screen_off, -------- called
2019-10-08 09:56:03.859 681-27150/? I/aptouch_daemon: broadcast, UEVENT_SCREEN_OFF
2019-10-08 09:56:03.859 681-27150/? I/aptouch_daemon: log_dmd, operator(), DMD triggered, 926011006_DMDW_THP_DAE_PROCESS_TIMEOUT
2019-10-08 09:56:03.859 681-27150/? I/aptouch_daemon: log_dmd, operator(), time:1980534, no response in 3s
2019-10-08 09:56:03.860 681-706/? I/aptouch_daemon: tsa_set_ctrlflag, set TSA_CTRL_SCREEN_OFF
2019-10-08 09:56:03.860 681-681/? I/aptouch_daemon: request_lock_timed, +
2019-10-08 09:56:03.860 681-706/? I/aptouch_daemon: screen_off, thp_afe_screenoff wrapper ret=[0], state:THPAFE_WORKINGSCREENOFF
2019-10-08 09:56:03.860 681-681/? I/aptouch_daemon: request_lock_timed, -, 0ms, 0
2019-10-08 09:56:03.860 681-681/? E/aptouch_daemon: update_frame, thp_afe_get_frame return nullptr
2019-10-08 09:56:03.863 681-681/? I/aptouch_daemon: thp_main, skipbelow: EMLY621600, release.9.1/2.8.19.5/1.14.0/0.4.67b(PR2745896)
2019-10-08 09:56:03.863 681-681/? I/aptouch_daemon: wait_for_resume, -	-	-	-	--->holding
2019-10-08 09:56:03.864 681-27150/? E/aptouch_daemon: Error:1, zrhung_send_event disabled
2019-10-08 09:56:03.869 681-708/? I/aptouch_daemon: say_goodbye, the log takes 10ms
2019-10-08 09:56:03.871 681-708/? I/aptouch_daemon: set odm.thp.dae_alive as: false
2019-10-08 09:56:03.871 681-708/? I/aptouch_daemon: self_exit
2019-10-08 09:56:03.876 723-22429/? E/Camera3-Stream: getBuffer: wait for output buffer return timed out after 3000ms (max_buffers 7)
2019-10-08 09:56:03.877 723-22429/? E/Camera3-Device: RequestThread: Can't get output buffer, skipping request: Connection timed out (-110)
2019-10-08 09:56:03.879 723-22429/? I/CameraDeviceClient: notifyError(), device error: 0x3
2019-10-08 09:56:03.880 763-941/? I/iMonitor: create: 926011006
2019-10-08 09:56:03.880 763-941/? E/iMonitor: Invalid value for varchar type
