2019-10-08 09:43:05.062 744-17986/? D/Misc____: [3c6ca2b_64D] onProcessFrame(666), afDistance(0.000000)
2019-10-08 09:43:05.063 744-17983/? I/HwaStatInfo: [3c6ca2b_64I] algotype is 0, videoRatio is 1.000000, ratio is 1.875000, faceNum is 0
2019-10-08 09:43:05.067 744-17989/? I/AntiBanding: onSubAlgoProcess() mAlgoCtx.continue_detect_cnt :0, mAlgoCtx.succ_detect_cnt : 0, mAlgoCtx.motion_flag = 0, detect_result:0, frequency_detected = 0,cur_expo = 20000
2019-10-08 09:43:05.078 613-613/? I/mediacomm@2.1-service: getMdcClient:114: get client<Camera, 6, 744>, channel<4, 1>, perfLev=1, powerStatue=0.
2019-10-08 09:43:05.078 613-613/? I/mediacomm@2.1-service: getMdcVotePerfLev:179: Connected Mdc client<Camera, 6, 744> channel<4, 1> perfLev<1>
2019-10-08 09:43:05.081 613-613/? I/mediacomm@2.1-service: doCopybit:495: client<Camera, 0> ret = 744 finish copybit -.
2019-10-08 09:43:05.081 744-17993/? I/GRALLOC: LockFlexLayout: baseFormat: 11, yStride: 640, ySize: 307200, uOffset: 307200,  uStride: 640
2019-10-08 09:43:05.082 744-17993/? I/GRALLOC: LockFlexLayout: baseFormat: 11, yStride: 640, ySize: 307200, uOffset: 307200,  uStride: 640
2019-10-08 09:43:05.080 17711-17950/com.virobugs I/GRALLOC: LockFlexLayout: baseFormat: 11, yStride: 640, ySize: 307200, uOffset: 307200,  uStride: 640
2019-10-08 09:43:05.084 723-17960/? I/Camera3-Stream: getBuffer: Stream 0, 0xe8722380: Already dequeued max output buffers (7), wait for next returned one.
2019-10-08 09:43:05.086 744-1263/? D/EnvImpl: [HWA_CAM3]getPackageName :  com.virobugs
2019-10-08 09:43:05.086 744-1263/? I/HwaUtils: [3c6ca2b_64I] getProductExtendName() path=EMILY
2019-10-08 09:43:05.086 744-1263/? I/HwaUtils: [3c6ca2b_64I] getOneCfgFile() path=NULL
2019-10-08 09:43:05.086 744-1263/? I/HwaDMapIpp: [3c6ca2b_64I] checkNeedSwapCalibrationData() ConfigFile NULL
2019-10-08 09:43:05.087 744-1263/? D/Misc____: [3c6ca2b_64D] enter loadRequest
2019-10-08 09:43:05.087 744-1263/? D/EnvImpl: [HWA_CAM3]getPackageName :  com.virobugs
2019-10-08 09:43:05.087 744-1263/? D/IppAlgoFilter: [HWA_CAM3]loadPreviewRequest() REQUEST_DMAP_SWAP, status:0
2019-10-08 09:43:05.087 744-1263/? D/EnvImpl: [HWA_CAM3]getPackageName :  com.virobugs
2019-10-08 09:43:05.087 744-1263/? I/chatty: uid=1013(media) pl#2 identical 1 line
2019-10-08 09:43:05.087 744-1263/? D/EnvImpl: [HWA_CAM3]getPackageName :  com.virobugs
2019-10-08 09:43:05.087 20979-20994/? D/ContentProvider: openAssetFile
2019-10-08 09:43:05.089 17711-17950/com.virobugs I/GRALLOC: LockFlexLayout: baseFormat: 11, yStride: 640, ySize: 307200, uOffset: 307200,  uStride: 640
2019-10-08 09:43:05.099 744-17986/? D/Misc____: [3c6ca2b_64D] onProcessFrame(666), afDistance(0.000000)
2019-10-08 09:43:05.100 744-17991/? I/EnvImpl: [HWA_CAM3]getArCalorieMode mArCalorieMode 0
2019-10-08 09:43:05.100 744-17991/? I/cie: FaceStoryAlgo::isCurFrameRun isCurFrameRun. Process mode 0. 
2019-10-08 09:43:05.105 1173-1524/? I/HwBatteryService: quick charge status : 0
2019-10-08 09:43:05.106 1173-1524/? D/HwBatteryService: onUEvent fcpStatus = 0
2019-10-08 09:43:05.106 1173-1524/? D/HwBatteryService: onUEvent scpStatus = 0 ,ovpStatus = 0
2019-10-08 09:43:05.108 613-613/? I/mediacomm@2.1-service: getMdcClient:114: get client<Camera, 6, 744>, channel<4, 1>, perfLev=1, powerStatue=0.
2019-10-08 09:43:05.108 613-613/? I/mediacomm@2.1-service: getMdcVotePerfLev:179: Connected Mdc client<Camera, 6, 744> channel<4, 1> perfLev<1>
2019-10-08 09:43:05.109 20979-20994/? D/ContentProvider: openAssetFile
2019-10-08 09:43:05.112 744-17983/? I/HwaStatInfo: [3c6ca2b_64I] algotype is 0, videoRatio is 1.000000, ratio is 1.875000, faceNum is 0
2019-10-08 09:43:05.112 744-1263/? D/EnvImpl: [HWA_CAM3]getPackageName :  com.virobugs
2019-10-08 09:43:05.112 744-1263/? I/HwaUtils: [3c6ca2b_64I] getProductExtendName() path=EMILY
2019-10-08 09:43:05.112 744-1263/? I/HwaUtils: [3c6ca2b_64I] getOneCfgFile() path=NULL
2019-10-08 09:43:05.112 744-1263/? I/HwaDMapIpp: [3c6ca2b_64I] checkNeedSwapCalibrationData() ConfigFile NULL
2019-10-08 09:43:05.112 744-1263/? D/Misc____: [3c6ca2b_64D] enter loadRequest
2019-10-08 09:43:05.112 744-1263/? D/EnvImpl: [HWA_CAM3]getPackageName :  com.virobugs
2019-10-08 09:43:05.112 744-1263/? D/IppAlgoFilter: [HWA_CAM3]loadPreviewRequest() REQUEST_DMAP_SWAP, status:0
2019-10-08 09:43:05.112 744-1263/? D/EnvImpl: [HWA_CAM3]getPackageName :  com.virobugs
2019-10-08 09:43:05.112 744-1263/? I/chatty: uid=1013(media) pl#2 identical 1 line
2019-10-08 09:43:05.112 744-1263/? D/EnvImpl: [HWA_CAM3]getPackageName :  com.virobugs
2019-10-08 09:43:05.113 613-613/? I/mediacomm@2.1-service: doCopybit:495: client<Camera, 0> ret = 744 finish copybit -.
2019-10-08 09:43:05.114 744-17993/? I/GRALLOC: LockFlexLayout: baseFormat: 11, yStride: 640, ySize: 307200, uOffset: 307200,  uStride: 640
2019-10-08 09:43:05.114 744-17993/? I/GRALLOC: LockFlexLayout: baseFormat: 11, yStride: 640, ySize: 307200, uOffset: 307200,  uStride: 640
2019-10-08 09:43:05.114 723-17960/? I/Camera3-Stream: getBuffer: Stream 0, 0xe8722380: Already dequeued max output buffers (7), wait for next returned one.
2019-10-08 09:43:05.116 17711-17950/com.virobugs I/GRALLOC: LockFlexLayout: baseFormat: 11, yStride: 640, ySize: 307200, uOffset: 307200,  uStride: 640
2019-10-08 09:43:05.120 1173-1524/? I/HwBatteryService: handleWirelessTxStatus
2019-10-08 09:43:05.120 1173-1524/? I/HwBatteryService: switch not open, return, mWirelessTxFlag : 0
2019-10-08 09:43:05.121 1173-1524/? I/UsbDeviceManager: water_intrused state= 0
2019-10-08 09:43:05.123 744-1263/? D/EnvImpl: [HWA_CAM3]getPackageName :  com.virobugs
2019-10-08 09:43:05.123 744-1263/? I/HwaUtils: [3c6ca2b_64I] getProductExtendName() path=EMILY
2019-10-08 09:43:05.123 744-1263/? I/HwaUtils: [3c6ca2b_64I] getOneCfgFile() path=NULL
2019-10-08 09:43:05.123 744-1263/? I/HwaDMapIpp: [3c6ca2b_64I] checkNeedSwapCalibrationData() ConfigFile NULL
2019-10-08 09:43:05.123 744-1263/? D/Misc____: [3c6ca2b_64D] enter loadRequest
2019-10-08 09:43:05.123 744-1263/? D/EnvImpl: [HWA_CAM3]getPackageName :  com.virobugs
2019-10-08 09:43:05.123 744-1263/? D/IppAlgoFilter: [HWA_CAM3]loadPreviewRequest() REQUEST_DMAP_SWAP, status:0
2019-10-08 09:43:05.124 744-1263/? D/EnvImpl: [HWA_CAM3]getPackageName :  com.virobugs
2019-10-08 09:43:05.124 744-1263/? I/chatty: uid=1013(media) pl#2 identical 1 line
2019-10-08 09:43:05.124 744-1263/? D/EnvImpl: [HWA_CAM3]getPackageName :  com.virobugs
2019-10-08 09:43:05.132 744-17986/? D/Misc____: [3c6ca2b_64D] onProcessFrame(666), afDistance(0.000000)
2019-10-08 09:43:05.132 744-17991/? I/EnvImpl: [HWA_CAM3]getArCalorieMode mArCalorieMode 0
2019-10-08 09:43:05.133 744-17991/? I/cie: FaceStoryAlgo::isCurFrameRun isCurFrameRun. Process mode 0. 
2019-10-08 09:43:05.133 744-17989/? I/AntiBanding: onSubAlgoProcess() mAlgoCtx.continue_detect_cnt :0, mAlgoCtx.succ_detect_cnt : 0, mAlgoCtx.motion_flag = 0, detect_result:0, frequency_detected = 0,cur_expo = 20000
2019-10-08 09:43:05.137 613-613/? I/mediacomm@2.1-service: getMdcClient:114: get client<Camera, 6, 744>, channel<4, 1>, perfLev=1, powerStatue=0.
2019-10-08 09:43:05.137 613-613/? I/mediacomm@2.1-service: getMdcVotePerfLev:179: Connected Mdc client<Camera, 6, 744> channel<4, 1> perfLev<1>
2019-10-08 09:43:05.139 744-17983/? I/HwaStatInfo: [3c6ca2b_64I] algotype is 0, videoRatio is 1.000000, ratio is 1.875000, faceNum is 0
2019-10-08 09:43:05.140 613-613/? I/mediacomm@2.1-service: doCopybit:495: client<Camera, 0> ret = 744 finish copybit -.
2019-10-08 09:43:05.141 744-17993/? I/GRALLOC: LockFlexLayout: baseFormat: 11, yStride: 640, ySize: 307200, uOffset: 307200,  uStride: 640
2019-10-08 09:43:05.141 744-17993/? I/GRALLOC: LockFlexLayout: baseFormat: 11, yStride: 640, ySize: 307200, uOffset: 307200,  uStride: 640
2019-10-08 09:43:05.142 723-17960/? I/Camera3-Stream: getBuffer: Stream 0, 0xe8722380: Already dequeued max output buffers (7), wait for next returned one.
2019-10-08 09:43:05.143 17711-17950/com.virobugs I/GRALLOC: LockFlexLayout: baseFormat: 11, yStride: 640, ySize: 307200, uOffset: 307200,  uStride: 640
2019-10-08 09:43:05.146 744-1263/? D/EnvImpl: [HWA_CAM3]getPackageName :  com.virobugs
2019-10-08 09:43:05.147 744-1263/? I/HwaUtils: [3c6ca2b_64I] getProductExtendName() path=EMILY
2019-10-08 09:43:05.147 744-1263/? I/HwaUtils: [3c6ca2b_64I] getOneCfgFile() path=NULL
2019-10-08 09:43:05.147 744-1263/? I/HwaDMapIpp: [3c6ca2b_64I] checkNeedSwapCalibrationData() ConfigFile NULL
2019-10-08 09:43:05.147 744-1263/? D/Misc____: [3c6ca2b_64D] enter loadRequest
2019-10-08 09:43:05.147 744-1263/? D/EnvImpl: [HWA_CAM3]getPackageName :  com.virobugs
2019-10-08 09:43:05.147 744-1263/? D/IppAlgoFilter: [HWA_CAM3]loadPreviewRequest() REQUEST_DMAP_SWAP, status:0
2019-10-08 09:43:05.147 744-1263/? D/EnvImpl: [HWA_CAM3]getPackageName :  com.virobugs
2019-10-08 09:43:05.147 744-1263/? I/chatty: uid=1013(media) pl#2 identical 1 line
2019-10-08 09:43:05.147 744-1263/? D/EnvImpl: [HWA_CAM3]getPackageName :  com.virobugs
2019-10-08 09:43:05.150 580-644/? I/PreDnsController: canPreDnsQuery,persist.sys.predns is false!
2019-10-08 09:43:05.168 744-17986/? D/Misc____: [3c6ca2b_64D] onProcessFrame(666), afDistance(0.000000)
2019-10-08 09:43:05.169 744-17991/? I/EnvImpl: [HWA_CAM3]getArCalorieMode mArCalorieMode 0
2019-10-08 09:43:05.169 744-17991/? I/cie: FaceStoryAlgo::isCurFrameRun isCurFrameRun. Process mode 0. 
2019-10-08 09:43:05.172 20979-20994/? D/ContentProvider: openAssetFile
2019-10-08 09:43:05.180 613-613/? I/mediacomm@2.1-service: getMdcClient:114: get client<Camera, 6, 744>, channel<4, 1>, perfLev=1, powerStatue=0.
2019-10-08 09:43:05.180 613-613/? I/mediacomm@2.1-service: getMdcVotePerfLev:179: Connected Mdc client<Camera, 6, 744> channel<4, 1> perfLev<1>
2019-10-08 09:43:05.182 580-638/? W/SocketListener: sending broadcast to Pid = 1173, Uid = 1000 
2019-10-08 09:43:05.183 744-17983/? I/HwaStatInfo: [3c6ca2b_64I] algotype is 0, videoRatio is 1.000000, ratio is 1.875000, faceNum is 0
2019-10-08 09:43:05.185 613-613/? I/mediacomm@2.1-service: doCopybit:495: client<Camera, 0> ret = 744 finish copybit -.
2019-10-08 09:43:05.189 744-17993/? I/GRALLOC: LockFlexLayout: baseFormat: 11, yStride: 640, ySize: 307200, uOffset: 307200,  uStride: 640
2019-10-08 09:43:05.191 744-17993/? I/GRALLOC: LockFlexLayout: baseFormat: 11, yStride: 640, ySize: 307200, uOffset: 307200,  uStride: 640
2019-10-08 09:43:05.193 723-17960/? I/Camera3-Stream: getBuffer: Stream 0, 0xe8722380: Already dequeued max output buffers (7), wait for next returned one.
2019-10-08 09:43:05.194 17711-17950/com.virobugs I/GRALLOC: LockFlexLayout: baseFormat: 11, yStride: 640, ySize: 307200, uOffset: 307200,  uStride: 640
2019-10-08 09:43:05.195 1173-1571/? D/NetdConnector: RCV <- {601 limit alert globalAlert lo}
2019-10-08 09:43:05.197 1173-1571/? D/NetdConnector: RCV <- {601 limit alert globalAlert lo}
2019-10-08 09:43:05.199 1173-1292/? D/NetdConnector: RCV unsolicited event from native daemon, event = 601
2019-10-08 09:43:05.202 744-1263/? D/EnvImpl: [HWA_CAM3]getPackageName :  com.virobugs
2019-10-08 09:43:05.202 744-1263/? I/HwaUtils: [3c6ca2b_64I] getProductExtendName() path=EMILY
2019-10-08 09:43:05.203 744-1263/? I/HwaUtils: [3c6ca2b_64I] getOneCfgFile() path=NULL
2019-10-08 09:43:05.203 744-1263/? I/HwaDMapIpp: [3c6ca2b_64I] checkNeedSwapCalibrationData() ConfigFile NULL
2019-10-08 09:43:05.203 744-1263/? D/Misc____: [3c6ca2b_64D] enter loadRequest
2019-10-08 09:43:05.203 744-1263/? D/EnvImpl: [HWA_CAM3]getPackageName :  com.virobugs
2019-10-08 09:43:05.203 744-1263/? D/IppAlgoFilter: [HWA_CAM3]loadPreviewRequest() REQUEST_DMAP_SWAP, status:0
2019-10-08 09:43:05.203 744-1263/? D/EnvImpl: [HWA_CAM3]getPackageName :  com.virobugs
2019-10-08 09:43:05.203 744-1263/? I/chatty: uid=1013(media) pl#2 identical 1 line
2019-10-08 09:43:05.203 744-1263/? D/EnvImpl: [HWA_CAM3]getPackageName :  com.virobugs
2019-10-08 09:43:05.206 611-1341/? D/asd_primary_out: L[0],R[0], continus 20 times!
2019-10-08 09:43:05.207 744-17991/? I/EnvImpl: [HWA_CAM3]getArCalorieMode mArCalorieMode 0
2019-10-08 09:43:05.207 744-17991/? I/cie: FaceStoryAlgo::isCurFrameRun isCurFrameRun. Process mode 0. 
2019-10-08 09:43:05.208 744-17986/? D/Misc____: [3c6ca2b_64D] onProcessFrame(666), afDistance(0.000000)
2019-10-08 09:43:05.208 744-17989/? I/AntiBanding: onSubAlgoProcess() mAlgoCtx.continue_detect_cnt :0, mAlgoCtx.succ_detect_cnt : 0, mAlgoCtx.motion_flag = 0, detect_result:0, frequency_detected = 0,cur_expo = 20000
2019-10-08 09:43:05.214 744-17983/? I/HwaStatInfo: [3c6ca2b_64I] algotype is 0, videoRatio is 1.000000, ratio is 1.875000, faceNum is 0
2019-10-08 09:43:05.218 613-613/? I/mediacomm@2.1-service: getMdcClient:114: get client<Camera, 6, 744>, channel<4, 1>, perfLev=1, powerStatue=0.
2019-10-08 09:43:05.218 613-613/? I/mediacomm@2.1-service: getMdcVotePerfLev:179: Connected Mdc client<Camera, 6, 744> channel<4, 1> perfLev<1>
2019-10-08 09:43:05.224 613-613/? I/mediacomm@2.1-service: doCopybit:495: client<Camera, 0> ret = 744 finish copybit -.
2019-10-08 09:43:05.225 744-17993/? I/GRALLOC: LockFlexLayout: baseFormat: 11, yStride: 640, ySize: 307200, uOffset: 307200,  uStride: 640
2019-10-08 09:43:05.226 744-17993/? I/GRALLOC: LockFlexLayout: baseFormat: 11, yStride: 640, ySize: 307200, uOffset: 307200,  uStride: 640
2019-10-08 09:43:05.227 723-17960/? I/Camera3-Stream: getBuffer: Stream 0, 0xe8722380: Already dequeued max output buffers (7), wait for next returned one.
2019-10-08 09:43:05.231 744-17986/? D/Misc____: [3c6ca2b_64D] onProcessFrame(666), afDistance(0.000000)
2019-10-08 09:43:05.232 744-17991/? I/EnvImpl: [HWA_CAM3]getArCalorieMode mArCalorieMode 0
2019-10-08 09:43:05.232 744-17991/? I/cie: FaceStoryAlgo::isCurFrameRun isCurFrameRun. Process mode 0. 
2019-10-08 09:43:05.232 17711-17950/com.virobugs I/GRALLOC: LockFlexLayout: baseFormat: 11, yStride: 640, ySize: 307200, uOffset: 307200,  uStride: 640
2019-10-08 09:43:05.237 744-1263/? D/EnvImpl: [HWA_CAM3]getPackageName :  com.virobugs
2019-10-08 09:43:05.237 744-1263/? I/HwaUtils: [3c6ca2b_64I] getProductExtendName() path=EMILY
2019-10-08 09:43:05.237 744-1263/? I/HwaUtils: [3c6ca2b_64I] getOneCfgFile() path=NULL
2019-10-08 09:43:05.237 744-1263/? I/HwaDMapIpp: [3c6ca2b_64I] checkNeedSwapCalibrationData() ConfigFile NULL
2019-10-08 09:43:05.237 744-1263/? D/Misc____: [3c6ca2b_64D] enter loadRequest
2019-10-08 09:43:05.239 613-613/? I/mediacomm@2.1-service: getMdcClient:114: get client<Camera, 6, 744>, channel<4, 1>, perfLev=1, powerStatue=0.
2019-10-08 09:43:05.239 613-613/? I/mediacomm@2.1-service: getMdcVotePerfLev:179: Connected Mdc client<Camera, 6, 744> channel<4, 1> perfLev<1>
2019-10-08 09:43:05.241 613-613/? I/mediacomm@2.1-service: doCopybit:495: client<Camera, 0> ret = 744 finish copybit -.
2019-10-08 09:43:05.242 744-17993/? I/GRALLOC: LockFlexLayout: baseFormat: 11, yStride: 640, ySize: 307200, uOffset: 307200,  uStride: 640
2019-10-08 09:43:05.242 744-1263/? D/IppAlgoFilter: [HWA_CAM3]loadPreviewRequest() REQUEST_DMAP_SWAP, status:0
2019-10-08 09:43:05.242 744-1263/? D/EnvImpl: [HWA_CAM3]getPackageName :  com.virobugs
2019-10-08 09:43:05.242 744-1263/? I/chatty: uid=1013(media) pl#2 identical 1 line
2019-10-08 09:43:05.242 744-1263/? D/EnvImpl: [HWA_CAM3]getPackageName :  com.virobugs
2019-10-08 09:43:05.243 744-17993/? I/GRALLOC: LockFlexLayout: baseFormat: 11, yStride: 640, ySize: 307200, uOffset: 307200,  uStride: 640
2019-10-08 09:43:05.248 744-17983/? I/HwaStatInfo: [3c6ca2b_64I] algotype is 0, videoRatio is 1.000000, ratio is 1.875000, faceNum is 0
2019-10-08 09:43:05.249 723-17960/? I/Camera3-Stream: getBuffer: Stream 1, 0xe8721780: Already dequeued max output buffers (7), wait for next returned one.
2019-10-08 09:43:05.250 17711-17950/com.virobugs I/GRALLOC: LockFlexLayout: baseFormat: 11, yStride: 640, ySize: 307200, uOffset: 307200,  uStride: 640
2019-10-08 09:43:05.257 744-1263/? D/EnvImpl: [HWA_CAM3]getPackageName :  com.virobugs
2019-10-08 09:43:05.257 744-1263/? I/HwaUtils: [3c6ca2b_64I] getProductExtendName() path=EMILY
2019-10-08 09:43:05.257 744-1263/? I/HwaUtils: [3c6ca2b_64I] getOneCfgFile() path=NULL
2019-10-08 09:43:05.257 744-1263/? I/HwaDMapIpp: [3c6ca2b_64I] checkNeedSwapCalibrationData() ConfigFile NULL
2019-10-08 09:43:05.257 744-1263/? D/Misc____: [3c6ca2b_64D] enter loadRequest
2019-10-08 09:43:05.257 744-1263/? D/EnvImpl: [HWA_CAM3]getPackageName :  com.virobugs
2019-10-08 09:43:05.257 744-1263/? D/IppAlgoFilter: [HWA_CAM3]loadPreviewRequest() REQUEST_DMAP_SWAP, status:0
2019-10-08 09:43:05.257 744-1263/? D/EnvImpl: [HWA_CAM3]getPackageName :  com.virobugs
2019-10-08 09:43:05.257 744-1263/? I/chatty: uid=1013(media) pl#2 identical 1 line
2019-10-08 09:43:05.257 744-1263/? D/EnvImpl: [HWA_CAM3]getPackageName :  com.virobugs
2019-10-08 09:43:05.269 744-17986/? D/Misc____: [3c6ca2b_64D] onProcessFrame(666), afDistance(0.000000)
2019-10-08 09:43:05.269 744-17991/? I/EnvImpl: [HWA_CAM3]getArCalorieMode mArCalorieMode 0
2019-10-08 09:43:05.269 744-17991/? I/cie: FaceStoryAlgo::isCurFrameRun isCurFrameRun. Process mode 0. 
2019-10-08 09:43:05.273 1173-1292/? W/Binder: Outgoing transactions from this process must be FLAG_ONEWAY
    java.lang.Throwable
        at android.os.BinderProxy.transact(Binder.java:1132)
        at android.net.INetworkManagementEventObserver$Stub$Proxy.limitReached(INetworkManagementEventObserver.java:365)
        at com.android.server.NetworkManagementService.lambda$notifyLimitReached$4(NetworkManagementService.java:583)
        at com.android.server.-$$Lambda$NetworkManagementService$xer7k2RLU4mODjrkZqaX89S9gD8.sendCallback(Unknown Source:4)
        at com.android.server.NetworkManagementService.invokeForAllObservers(NetworkManagementService.java:536)
        at com.android.server.NetworkManagementService.notifyLimitReached(NetworkManagementService.java:583)
        at com.android.server.NetworkManagementService.access$1000(NetworkManagementService.java:155)
        at com.android.server.NetworkManagementService$NetdCallbackReceiver.onEvent(NetworkManagementService.java:941)
        at com.android.server.NativeDaemonConnector.handleMessage(NativeDaemonConnector.java:176)
        at android.os.Handler.dispatchMessage(Handler.java:108)
        at android.os.Looper.loop(Looper.java:216)
        at android.os.HandlerThread.run(HandlerThread.java:65)
        at com.android.server.ServiceThread.run(ServiceThread.java:44)
2019-10-08 09:43:05.274 613-613/? I/mediacomm@2.1-service: getMdcClient:114: get client<Camera, 6, 744>, channel<4, 1>, perfLev=1, powerStatue=0.
2019-10-08 09:43:05.274 613-613/? I/mediacomm@2.1-service: getMdcVotePerfLev:179: Connected Mdc client<Camera, 6, 744> channel<4, 1> perfLev<1>
2019-10-08 09:43:05.278 744-17983/? I/HwaStatInfo: [3c6ca2b_64I] algotype is 0, videoRatio is 1.000000, ratio is 1.875000, faceNum is 0
2019-10-08 09:43:05.281 613-613/? I/mediacomm@2.1-service: doCopybit:495: client<Camera, 0> ret = 744 finish copybit -.
2019-10-08 09:43:05.283 744-17989/? I/AntiBanding: onSubAlgoProcess() mAlgoCtx.continue_detect_cnt :0, mAlgoCtx.succ_detect_cnt : 0, mAlgoCtx.motion_flag = 0, detect_result:0, frequency_detected = 0,cur_expo = 20000
2019-10-08 09:43:05.285 744-17993/? I/GRALLOC: LockFlexLayout: baseFormat: 11, yStride: 640, ySize: 307200, uOffset: 307200,  uStride: 640
2019-10-08 09:43:05.285 744-17993/? I/GRALLOC: LockFlexLayout: baseFormat: 11, yStride: 640, ySize: 307200, uOffset: 307200,  uStride: 640
2019-10-08 09:43:05.286 723-17960/? I/Camera3-Stream: getBuffer: Stream 0, 0xe8722380: Already dequeued max output buffers (7), wait for next returned one.
2019-10-08 09:43:05.289 17711-17950/com.virobugs I/GRALLOC: LockFlexLayout: baseFormat: 11, yStride: 640, ySize: 307200, uOffset: 307200,  uStride: 640
2019-10-08 09:43:05.292 1173-1292/? I/NetworkStats: limitReached
2019-10-08 09:43:05.292 744-1263/? D/EnvImpl: [HWA_CAM3]getPackageName :  com.virobugs
2019-10-08 09:43:05.292 744-1263/? I/HwaUtils: [3c6ca2b_64I] getProductExtendName() path=EMILY
2019-10-08 09:43:05.292 744-1263/? I/HwaUtils: [3c6ca2b_64I] getOneCfgFile() path=NULL
2019-10-08 09:43:05.292 744-1263/? I/HwaDMapIpp: [3c6ca2b_64I] checkNeedSwapCalibrationData() ConfigFile NULL
2019-10-08 09:43:05.292 744-1263/? D/Misc____: [3c6ca2b_64D] enter loadRequest
2019-10-08 09:43:05.292 744-1263/? D/EnvImpl: [HWA_CAM3]getPackageName :  com.virobugs
2019-10-08 09:43:05.292 744-1263/? D/IppAlgoFilter: [HWA_CAM3]loadPreviewRequest() REQUEST_DMAP_SWAP, status:0
2019-10-08 09:43:05.292 744-1263/? D/EnvImpl: [HWA_CAM3]getPackageName :  com.virobugs
2019-10-08 09:43:05.292 744-1263/? I/chatty: uid=1013(media) pl#2 identical 1 line
2019-10-08 09:43:05.292 744-1263/? D/EnvImpl: [HWA_CAM3]getPackageName :  com.virobugs
2019-10-08 09:43:05.299 744-1254/? I/MRMain: [3c6ca2b_64I] onConfig ret: 0,mLastEnableStatus: 0
2019-10-08 09:43:05.300 744-17986/? D/Misc____: [3c6ca2b_64D] onProcessFrame(666), afDistance(0.000000)
2019-10-08 09:43:05.301 744-17991/? I/EnvImpl: [HWA_CAM3]getArCalorieMode mArCalorieMode 0
2019-10-08 09:43:05.301 744-17991/? I/cie: FaceStoryAlgo::isCurFrameRun isCurFrameRun. Process mode 0. 
2019-10-08 09:43:05.311 613-613/? I/mediacomm@2.1-service: getMdcClient:114: get client<Camera, 6, 744>, channel<4, 1>, perfLev=1, powerStatue=0.
2019-10-08 09:43:05.311 613-613/? I/mediacomm@2.1-service: getMdcVotePerfLev:179: Connected Mdc client<Camera, 6, 744> channel<4, 1> perfLev<1>
2019-10-08 09:43:05.314 613-613/? I/mediacomm@2.1-service: doCopybit:495: client<Camera, 0> ret = 744 finish copybit -.
2019-10-08 09:43:05.314 744-17993/? I/GRALLOC: LockFlexLayout: baseFormat: 11, yStride: 640, ySize: 307200, uOffset: 307200,  uStride: 640
2019-10-08 09:43:05.315 744-17993/? I/GRALLOC: LockFlexLayout: baseFormat: 11, yStride: 640, ySize: 307200, uOffset: 307200,  uStride: 640
2019-10-08 09:43:05.315 723-17960/? I/Camera3-Stream: getBuffer: Stream 0, 0xe8722380: Already dequeued max output buffers (7), wait for next returned one.
2019-10-08 09:43:05.315 744-17983/? I/HwaStatInfo: [3c6ca2b_64I] algotype is 0, videoRatio is 1.000000, ratio is 1.875000, faceNum is 0
2019-10-08 09:43:05.322 17711-17950/com.virobugs I/GRALLOC: LockFlexLayout: baseFormat: 11, yStride: 640, ySize: 307200, uOffset: 307200,  uStride: 640
2019-10-08 09:43:05.324 744-1263/? D/EnvImpl: [HWA_CAM3]getPackageName :  com.virobugs
2019-10-08 09:43:05.324 744-1263/? I/HwaUtils: [3c6ca2b_64I] getProductExtendName() path=EMILY
2019-10-08 09:43:05.324 744-1263/? I/HwaUtils: [3c6ca2b_64I] getOneCfgFile() path=NULL
2019-10-08 09:43:05.324 744-1263/? I/HwaDMapIpp: [3c6ca2b_64I] checkNeedSwapCalibrationData() ConfigFile NULL
2019-10-08 09:43:05.325 744-1263/? D/Misc____: [3c6ca2b_64D] enter loadRequest
2019-10-08 09:43:05.325 744-1263/? D/EnvImpl: [HWA_CAM3]getPackageName :  com.virobugs
2019-10-08 09:43:05.325 744-1263/? D/IppAlgoFilter: [HWA_CAM3]loadPreviewRequest() REQUEST_DMAP_SWAP, status:0
2019-10-08 09:43:05.325 744-1263/? D/EnvImpl: [HWA_CAM3]getPackageName :  com.virobugs
2019-10-08 09:43:05.325 744-1263/? I/chatty: uid=1013(media) pl#2 identical 1 line
2019-10-08 09:43:05.325 744-1263/? D/EnvImpl: [HWA_CAM3]getPackageName :  com.virobugs
2019-10-08 09:43:05.326 744-1254/? I/MRMain: [3c6ca2b_64I] checkConfig(), enableV1=0, enableV2=0, enableV3=0
2019-10-08 09:43:05.328 744-17983/? I/HwaStatInfo: [3c6ca2b_64I] algotype is 0, videoRatio is 1.000000, ratio is 1.875000, faceNum is 0
2019-10-08 09:43:05.329 744-17986/? D/Misc____: [3c6ca2b_64D] onProcessFrame(666), afDistance(0.000000)
2019-10-08 09:43:05.330 744-17991/? I/EnvImpl: [HWA_CAM3]getArCalorieMode mArCalorieMode 0
2019-10-08 09:43:05.330 744-17991/? I/cie: FaceStoryAlgo::isCurFrameRun isCurFrameRun. Process mode 0. 
2019-10-08 09:43:05.336 744-17989/? I/AntiBanding: onSubAlgoProcess() mAlgoCtx.continue_detect_cnt :0, mAlgoCtx.succ_detect_cnt : 0, mAlgoCtx.motion_flag = 0, detect_result:0, frequency_detected = 0,cur_expo = 20000
2019-10-08 09:43:05.341 613-613/? I/mediacomm@2.1-service: getMdcClient:114: get client<Camera, 6, 744>, channel<4, 1>, perfLev=1, powerStatue=0.
2019-10-08 09:43:05.341 613-613/? I/mediacomm@2.1-service: getMdcVotePerfLev:179: Connected Mdc client<Camera, 6, 744> channel<4, 1> perfLev<1>
2019-10-08 09:43:05.345 1173-1574/? I/NetworkStats: performPollLocked, pid = 1173
2019-10-08 09:43:05.345 613-613/? I/mediacomm@2.1-service: doCopybit:495: client<Camera, 0> ret = 744 finish copybit -.
2019-10-08 09:43:05.348 744-17993/? I/GRALLOC: LockFlexLayout: baseFormat: 11, yStride: 640, ySize: 307200, uOffset: 307200,  uStride: 640
2019-10-08 09:43:05.349 744-17993/? I/GRALLOC: LockFlexLayout: baseFormat: 11, yStride: 640, ySize: 307200, uOffset: 307200,  uStride: 640
2019-10-08 09:43:05.350 723-17960/? I/Camera3-Stream: getBuffer: Stream 0, 0xe8722380: Already dequeued max output buffers (7), wait for next returned one.
2019-10-08 09:43:05.351 17711-17950/com.virobugs I/GRALLOC: LockFlexLayout: baseFormat: 11, yStride: 640, ySize: 307200, uOffset: 307200,  uStride: 640
2019-10-08 09:43:05.356 744-1263/? D/EnvImpl: [HWA_CAM3]getPackageName :  com.virobugs
2019-10-08 09:43:05.356 744-1263/? I/HwaUtils: [3c6ca2b_64I] getProductExtendName() path=EMILY
2019-10-08 09:43:05.356 744-1263/? I/HwaUtils: [3c6ca2b_64I] getOneCfgFile() path=NULL
2019-10-08 09:43:05.356 744-1263/? I/HwaDMapIpp: [3c6ca2b_64I] checkNeedSwapCalibrationData() ConfigFile NULL
2019-10-08 09:43:05.356 744-1263/? D/Misc____: [3c6ca2b_64D] enter loadRequest
2019-10-08 09:43:05.356 744-1263/? D/EnvImpl: [HWA_CAM3]getPackageName :  com.virobugs
2019-10-08 09:43:05.357 744-1263/? D/IppAlgoFilter: [HWA_CAM3]loadPreviewRequest() REQUEST_DMAP_SWAP, status:0
2019-10-08 09:43:05.357 744-1263/? D/EnvImpl: [HWA_CAM3]getPackageName :  com.virobugs
2019-10-08 09:43:05.357 744-1263/? I/chatty: uid=1013(media) pl#2 identical 1 line
2019-10-08 09:43:05.357 744-1263/? D/EnvImpl: [HWA_CAM3]getPackageName :  com.virobugs
2019-10-08 09:43:05.362 744-17986/? D/Misc____: [3c6ca2b_64D] onProcessFrame(666), afDistance(0.000000)
2019-10-08 09:43:05.363 744-17991/? I/EnvImpl: [HWA_CAM3]getArCalorieMode mArCalorieMode 0
2019-10-08 09:43:05.363 744-17991/? I/cie: FaceStoryAlgo::isCurFrameRun isCurFrameRun. Process mode 0. 
2019-10-08 09:43:05.369 613-613/? I/mediacomm@2.1-service: getMdcClient:114: get client<Camera, 6, 744>, channel<4, 1>, perfLev=1, powerStatue=0.
2019-10-08 09:43:05.369 613-613/? I/mediacomm@2.1-service: getMdcVotePerfLev:179: Connected Mdc client<Camera, 6, 744> channel<4, 1> perfLev<1>
2019-10-08 09:43:05.371 613-613/? I/mediacomm@2.1-service: doCopybit:495: client<Camera, 0> ret = 744 finish copybit -.
2019-10-08 09:43:05.372 744-17993/? I/GRALLOC: LockFlexLayout: baseFormat: 11, yStride: 640, ySize: 307200, uOffset: 307200,  uStride: 640
2019-10-08 09:43:05.372 744-17993/? I/GRALLOC: LockFlexLayout: baseFormat: 11, yStride: 640, ySize: 307200, uOffset: 307200,  uStride: 640
2019-10-08 09:43:05.373 723-17960/? I/Camera3-Stream: getBuffer: Stream 0, 0xe8722380: Already dequeued max output buffers (7), wait for next returned one.
2019-10-08 09:43:05.375 17711-17950/com.virobugs I/GRALLOC: LockFlexLayout: baseFormat: 11, yStride: 640, ySize: 307200, uOffset: 307200,  uStride: 640
2019-10-08 09:43:05.377 744-17983/? I/HwaStatInfo: [3c6ca2b_64I] algotype is 0, videoRatio is 1.000000, ratio is 1.875000, faceNum is 0
2019-10-08 09:43:05.377 744-1263/? D/EnvImpl: [HWA_CAM3]getPackageName :  com.virobugs
2019-10-08 09:43:05.377 744-1263/? I/HwaUtils: [3c6ca2b_64I] getProductExtendName() path=EMILY
2019-10-08 09:43:05.378 744-1263/? I/HwaUtils: [3c6ca2b_64I] getOneCfgFile() path=NULL
2019-10-08 09:43:05.378 744-1263/? I/HwaDMapIpp: [3c6ca2b_64I] checkNeedSwapCalibrationData() ConfigFile NULL
2019-10-08 09:43:05.378 744-1263/? D/Misc____: [3c6ca2b_64D] enter loadRequest
2019-10-08 09:43:05.378 744-1263/? D/EnvImpl: [HWA_CAM3]getPackageName :  com.virobugs
2019-10-08 09:43:05.378 744-1263/? D/IppAlgoFilter: [HWA_CAM3]loadPreviewRequest() REQUEST_DMAP_SWAP, status:0
2019-10-08 09:43:05.379 744-1263/? D/EnvImpl: [HWA_CAM3]getPackageName :  com.virobugs
2019-10-08 09:43:05.379 744-1263/? I/chatty: uid=1013(media) pl#2 identical 1 line
2019-10-08 09:43:05.379 744-1263/? D/EnvImpl: [HWA_CAM3]getPackageName :  com.virobugs
2019-10-08 09:43:05.395 20697-20697/? E/HSM_BG: PhoneSimCardInfo:/getDataUsedSimCard: SIM card type: single
2019-10-08 09:43:05.397 744-17983/? I/HwaStatInfo: [3c6ca2b_64I] algotype is 0, videoRatio is 1.000000, ratio is 1.875000, faceNum is 0
2019-10-08 09:43:05.399 744-17986/? D/Misc____: [3c6ca2b_64D] onProcessFrame(666), afDistance(0.000000)
2019-10-08 09:43:05.399 744-17991/? I/EnvImpl: [HWA_CAM3]getArCalorieMode mArCalorieMode 0
2019-10-08 09:43:05.399 744-17991/? I/cie: SceneRecognition::isCurFrameRun needTrigger = 1
2019-10-08 09:43:05.399 744-17991/? I/cie: SceneRecognition::isCurFrameRun monoMode=0, mStatus=1, isCurFrameStable=1, lastStableState=1, mStableCnt=15, mUnStableCnt=0
2019-10-08 09:43:05.399 744-17991/? I/cie: FaceStoryAlgo::isCurFrameRun isCurFrameRun. Process mode 0. 
2019-10-08 09:43:05.399 744-17991/? I/cie: CIE::onProcess::SceneRecognition share buffer[112*112][0x7bbbf1c948][1] public preProcess running
2019-10-08 09:43:05.402 744-17991/? I/cie: Enter SceneRecognition::process
2019-10-08 09:43:05.403 744-17989/? I/AntiBanding: onSubAlgoProcess() mAlgoCtx.continue_detect_cnt :0, mAlgoCtx.succ_detect_cnt : 0, mAlgoCtx.motion_flag = 0, detect_result:0, frequency_detected = 0,cur_expo = 20000
2019-10-08 09:43:05.405 613-613/? I/mediacomm@2.1-service: getMdcClient:114: get client<Camera, 6, 744>, channel<4, 1>, perfLev=1, powerStatue=0.
2019-10-08 09:43:05.405 613-613/? I/mediacomm@2.1-service: getMdcVotePerfLev:179: Connected Mdc client<Camera, 6, 744> channel<4, 1> perfLev<1>
2019-10-08 09:43:05.407 613-613/? I/mediacomm@2.1-service: doCopybit:495: client<Camera, 0> ret = 744 finish copybit -.
2019-10-08 09:43:05.408 744-17993/? I/GRALLOC: LockFlexLayout: baseFormat: 11, yStride: 640, ySize: 307200, uOffset: 307200,  uStride: 640
2019-10-08 09:43:05.409 760-18007/? I/hcs: IPUTaskScheduler::AddTask Add task to task queue successs.
2019-10-08 09:43:05.409 760-18007/? I/hcs: IPUExecutor::ForwardCompute Insert Forward_compute task[model id: 0, task id: 1] to task queue success.
2019-10-08 09:43:05.409 760-8346/? I/hcs: IPUTaskScheduler::IPUTaskHandler IPU task queue has task now, we will back to work.
2019-10-08 09:43:05.409 760-8346/? I/hcs: IPUTaskScheduler::IPUTaskHandler Not pipeline running.
2019-10-08 09:43:05.409 744-17993/? I/GRALLOC: LockFlexLayout: baseFormat: 11, yStride: 640, ySize: 307200, uOffset: 307200,  uStride: 640
2019-10-08 09:43:05.410 723-17960/? I/Camera3-Stream: getBuffer: Stream 0, 0xe8722380: Already dequeued max output buffers (7), wait for next returned one.
2019-10-08 09:43:05.414 17711-17950/com.virobugs I/GRALLOC: LockFlexLayout: baseFormat: 11, yStride: 640, ySize: 307200, uOffset: 307200,  uStride: 640
2019-10-08 09:43:05.418 744-1263/? D/EnvImpl: [HWA_CAM3]getPackageName :  com.virobugs
2019-10-08 09:43:05.418 744-1263/? I/HwaUtils: [3c6ca2b_64I] getProductExtendName() path=EMILY
2019-10-08 09:43:05.418 744-1263/? I/HwaUtils: [3c6ca2b_64I] getOneCfgFile() path=NULL
2019-10-08 09:43:05.418 744-1263/? I/HwaDMapIpp: [3c6ca2b_64I] checkNeedSwapCalibrationData() ConfigFile NULL
2019-10-08 09:43:05.418 744-1263/? D/Misc____: [3c6ca2b_64D] enter loadRequest
2019-10-08 09:43:05.418 744-1263/? D/EnvImpl: [HWA_CAM3]getPackageName :  com.virobugs
2019-10-08 09:43:05.418 20697-20697/? W/HSM_BG: NetAssistantHelper:/query : operate DB faild ! 
2019-10-08 09:43:05.418 744-1263/? D/IppAlgoFilter: [HWA_CAM3]loadPreviewRequest() REQUEST_DMAP_SWAP, status:0
2019-10-08 09:43:05.418 744-1263/? D/EnvImpl: [HWA_CAM3]getPackageName :  com.virobugs
2019-10-08 09:43:05.418 744-1263/? I/chatty: uid=1013(media) pl#2 identical 1 line
2019-10-08 09:43:05.418 744-1263/? D/EnvImpl: [HWA_CAM3]getPackageName :  com.virobugs
2019-10-08 09:43:05.425 760-8346/? I/hcs: IPUMngr_ForwardCompute Forward computing success.
2019-10-08 09:43:05.429 760-8346/? W/hcs: IPUTaskScheduler::GetIPUTask IPU task queue is empty!
2019-10-08 09:43:05.429 760-8346/? I/hcs: IPUTaskScheduler::IPUTaskHandler IPU task queue is empty, so we wait here for task.
2019-10-08 09:43:05.430 744-17991/? I/EnvImpl: [HWA_CAM3]getArCalorieMode mArCalorieMode 0
2019-10-08 09:43:05.431 744-17991/? I/cie: FaceStoryAlgo::isCurFrameRun isCurFrameRun. Process mode 0. 
2019-10-08 09:43:05.431 744-11011/? I/cie: Enter SceneRecognitionListener::OnProcessDone
2019-10-08 09:43:05.431 744-11011/? I/cie: SceneRecognitionListener::convertResultToVec Result1:SUNSET Conf:0.089586.
2019-10-08 09:43:05.431 744-11011/? I/cie: SceneRecognitionListener::convertResultToVec Result1:CAT Conf:0.030726.
2019-10-08 09:43:05.431 744-11011/? I/cie: SceneRecognitionListener::convertResultToVec Result1:DOG Conf:0.026911.
2019-10-08 09:43:05.431 744-11011/? I/cie: SceneRecognitionListener::convertResultToVec Result1:FIREWORKS Conf:0.025272.
2019-10-08 09:43:05.431 744-11011/? I/cie: SceneRecognitionListener::convertResultToVec Result1:NIGHT Conf:0.021785.
2019-10-08 09:43:05.431 744-11011/? I/cie: SceneRecognitionListener::convertResultToVec Result2:NIGHTWITHSKY Conf:971.979187.
2019-10-08 09:43:05.431 744-11011/? I/cie: SceneRecognitionListener::convertResultToVec Result2:NIGHTNOSKY Conf:28.020817.
2019-10-08 09:43:05.431 744-11011/? I/cie: SceneRecognition::filterSceneThd::i 950 0 0 64 1
2019-10-08 09:43:05.431 744-11011/? I/chatty: uid=1013(media) HwBinder:744_D identical 1 line
2019-10-08 09:43:05.431 744-11011/? I/cie: SceneRecognition::filterSceneThd::i 950 0 0 64 1
2019-10-08 09:43:05.431 744-11011/? I/cie: SceneRecognition::filterSceneThd::i 950 80 0 64 1
2019-10-08 09:43:05.431 744-11011/? I/cie: SceneRecognition::filterSceneThd::i 950 80 0 64 1
2019-10-08 09:43:05.431 744-11011/? I/CIEProxy: CIECallBackMgr::onSceneRecognitionProcessDone rsltsOrig:SUNSET 3 0 
2019-10-08 09:43:05.431 744-11011/? I/CIEProxy: CIECallBackMgr::onSceneRecognitionProcessDone rsltsOrig:CAT 11 0 
2019-10-08 09:43:05.431 744-11011/? I/CIEProxy: CIECallBackMgr::onSceneRecognitionProcessDone rsltsOrig:DOG 12 0 
2019-10-08 09:43:05.431 744-11011/? I/CIEProxy: CIECallBackMgr::onSceneRecognitionProcessDone rsltsOrig:FIREWORKS 13 0 
2019-10-08 09:43:05.431 744-17986/? D/Misc____: [3c6ca2b_64D] onProcessFrame(666), afDistance(0.000000)
2019-10-08 09:43:05.431 744-11011/? I/CIEProxy: CIECallBackMgr::onSceneRecognitionProcessDone rsltsOrig:NIGHT 8 0 
2019-10-08 09:43:05.431 744-11011/? D/EventCallbackImpl: [HWA_CAM3]enter notifySDResult() 
2019-10-08 09:43:05.432 744-11011/? D/EventCallbackImpl: [HWA_CAM3]enter notifyICSDResult() 
2019-10-08 09:43:05.441 613-613/? I/mediacomm@2.1-service: getMdcClient:114: get client<Camera, 6, 744>, channel<4, 1>, perfLev=1, powerStatue=0.
2019-10-08 09:43:05.441 613-613/? I/mediacomm@2.1-service: getMdcVotePerfLev:179: Connected Mdc client<Camera, 6, 744> channel<4, 1> perfLev<1>
2019-10-08 09:43:05.443 1173-1574/? W/NetworkStatsFactory: mStatsXtProcUid: /proc/net/comm/stats does not exist!
2019-10-08 09:43:05.443 1173-1574/? D/HwNetworkStatsService: hwRecordUidAndProcSnapshotLocked currentTime = 1570520586132
2019-10-08 09:43:05.443 613-613/? I/mediacomm@2.1-service: doCopybit:495: client<Camera, 0> ret = 744 finish copybit -.
2019-10-08 09:43:05.445 744-17993/? I/GRALLOC: LockFlexLayout: baseFormat: 11, yStride: 640, ySize: 307200, uOffset: 307200,  uStride: 640
2019-10-08 09:43:05.445 744-17993/? I/GRALLOC: LockFlexLayout: baseFormat: 11, yStride: 640, ySize: 307200, uOffset: 307200,  uStride: 640
2019-10-08 09:43:05.446 723-17960/? I/Camera3-Stream: getBuffer: Stream 0, 0xe8722380: Already dequeued max output buffers (7), wait for next returned one.
2019-10-08 09:43:05.447 744-17983/? I/HwaStatInfo: [3c6ca2b_64I] algotype is 0, videoRatio is 1.000000, ratio is 1.875000, faceNum is 0
2019-10-08 09:43:05.450 17711-17950/com.virobugs I/GRALLOC: LockFlexLayout: baseFormat: 11, yStride: 640, ySize: 307200, uOffset: 307200,  uStride: 640
2019-10-08 09:43:05.452 744-1263/? D/EnvImpl: [HWA_CAM3]getPackageName :  com.virobugs
2019-10-08 09:43:05.453 744-1263/? I/HwaUtils: [3c6ca2b_64I] getProductExtendName() path=EMILY
2019-10-08 09:43:05.453 744-1263/? I/HwaUtils: [3c6ca2b_64I] getOneCfgFile() path=NULL
2019-10-08 09:43:05.453 744-1263/? I/HwaDMapIpp: [3c6ca2b_64I] checkNeedSwapCalibrationData() ConfigFile NULL
2019-10-08 09:43:05.453 744-1263/? D/Misc____: [3c6ca2b_64D] enter loadRequest
2019-10-08 09:43:05.453 744-1263/? D/EnvImpl: [HWA_CAM3]getPackageName :  com.virobugs
2019-10-08 09:43:05.453 744-1263/? D/IppAlgoFilter: [HWA_CAM3]loadPreviewRequest() REQUEST_DMAP_SWAP, status:0
2019-10-08 09:43:05.453 744-1263/? D/EnvImpl: [HWA_CAM3]getPackageName :  com.virobugs
2019-10-08 09:43:05.453 744-1263/? I/chatty: uid=1013(media) pl#2 identical 1 line
2019-10-08 09:43:05.453 744-1263/? D/EnvImpl: [HWA_CAM3]getPackageName :  com.virobugs
2019-10-08 09:43:05.462 744-17991/? I/EnvImpl: [HWA_CAM3]getArCalorieMode mArCalorieMode 0
2019-10-08 09:43:05.462 744-17991/? I/cie: FaceStoryAlgo::isCurFrameRun isCurFrameRun. Process mode 0. 
2019-10-08 09:43:05.462 744-17983/? I/HwaStatInfo: [3c6ca2b_64I] algotype is 0, videoRatio is 1.000000, ratio is 1.875000, faceNum is 0
2019-10-08 09:43:05.463 744-17986/? D/Misc____: [3c6ca2b_64D] onProcessFrame(666), afDistance(0.000000)
2019-10-08 09:43:05.466 744-17989/? I/AntiBanding: onSubAlgoProcess() mAlgoCtx.continue_detect_cnt :0, mAlgoCtx.succ_detect_cnt : 0, mAlgoCtx.motion_flag = 0, detect_result:0, frequency_detected = 0,cur_expo = 20000
2019-10-08 09:43:05.470 1173-1574/? I/NetworkStatsFactory: javaReadNetworkStatsUidAndProcDetail. cost time = 16
2019-10-08 09:43:05.480 613-613/? I/mediacomm@2.1-service: getMdcClient:114: get client<Camera, 6, 744>, channel<4, 1>, perfLev=1, powerStatue=0.
2019-10-08 09:43:05.480 613-613/? I/mediacomm@2.1-service: getMdcVotePerfLev:179: Connected Mdc client<Camera, 6, 744> channel<4, 1> perfLev<1>
2019-10-08 09:43:05.484 613-613/? I/mediacomm@2.1-service: doCopybit:495: client<Camera, 0> ret = 744 finish copybit -.
2019-10-08 09:43:05.485 744-17993/? I/GRALLOC: LockFlexLayout: baseFormat: 11, yStride: 640, ySize: 307200, uOffset: 307200,  uStride: 640
2019-10-08 09:43:05.485 744-17993/? I/GRALLOC: LockFlexLayout: baseFormat: 11, yStride: 640, ySize: 307200, uOffset: 307200,  uStride: 640
2019-10-08 09:43:05.486 723-17960/? I/Camera3-Stream: getBuffer: Stream 0, 0xe8722380: Already dequeued max output buffers (7), wait for next returned one.
2019-10-08 09:43:05.488 17711-17950/com.virobugs I/GRALLOC: LockFlexLayout: baseFormat: 11, yStride: 640, ySize: 307200, uOffset: 307200,  uStride: 640
2019-10-08 09:43:05.492 744-1263/? D/EnvImpl: [HWA_CAM3]getPackageName :  com.virobugs
2019-10-08 09:43:05.492 744-1263/? I/HwaUtils: [3c6ca2b_64I] getProductExtendName() path=EMILY
2019-10-08 09:43:05.492 744-1263/? I/HwaUtils: [3c6ca2b_64I] getOneCfgFile() path=NULL
2019-10-08 09:43:05.492 744-1263/? I/HwaDMapIpp: [3c6ca2b_64I] checkNeedSwapCalibrationData() ConfigFile NULL
2019-10-08 09:43:05.492 744-1263/? D/Misc____: [3c6ca2b_64D] enter loadRequest
2019-10-08 09:43:05.492 744-1263/? D/EnvImpl: [HWA_CAM3]getPackageName :  com.virobugs
2019-10-08 09:43:05.492 744-1263/? D/IppAlgoFilter: [HWA_CAM3]loadPreviewRequest() REQUEST_DMAP_SWAP, status:0
2019-10-08 09:43:05.492 744-1263/? D/EnvImpl: [HWA_CAM3]getPackageName :  com.virobugs
2019-10-08 09:43:05.492 744-1263/? I/chatty: uid=1013(media) pl#2 identical 1 line
2019-10-08 09:43:05.492 744-1263/? D/EnvImpl: [HWA_CAM3]getPackageName :  com.virobugs
2019-10-08 09:43:05.499 744-17991/? I/EnvImpl: [HWA_CAM3]getArCalorieMode mArCalorieMode 0
2019-10-08 09:43:05.499 744-17991/? I/cie: FaceStoryAlgo::isCurFrameRun isCurFrameRun. Process mode 0. 
2019-10-08 09:43:05.500 744-17986/? D/Misc____: [3c6ca2b_64D] onProcessFrame(666), afDistance(0.000000)
2019-10-08 09:43:05.502 613-613/? I/mediacomm@2.1-service: getMdcClient:114: get client<Camera, 6, 744>, channel<4, 1>, perfLev=1, powerStatue=0.
2019-10-08 09:43:05.502 613-613/? I/mediacomm@2.1-service: getMdcVotePerfLev:179: Connected Mdc client<Camera, 6, 744> channel<4, 1> perfLev<1>
2019-10-08 09:43:05.508 613-613/? I/mediacomm@2.1-service: doCopybit:495: client<Camera, 0> ret = 744 finish copybit -.
2019-10-08 09:43:05.510 744-17993/? I/GRALLOC: LockFlexLayout: baseFormat: 11, yStride: 640, ySize: 307200, uOffset: 307200,  uStride: 640
2019-10-08 09:43:05.510 744-17993/? I/GRALLOC: LockFlexLayout: baseFormat: 11, yStride: 640, ySize: 307200, uOffset: 307200,  uStride: 640
2019-10-08 09:43:05.511 723-17960/? I/Camera3-Stream: getBuffer: Stream 0, 0xe8722380: Already dequeued max output buffers (7), wait for next returned one.
2019-10-08 09:43:05.511 744-17983/? I/HwaStatInfo: [3c6ca2b_64I] algotype is 0, videoRatio is 1.000000, ratio is 1.875000, faceNum is 0
2019-10-08 09:43:05.513 17711-17950/com.virobugs I/GRALLOC: LockFlexLayout: baseFormat: 11, yStride: 640, ySize: 307200, uOffset: 307200,  uStride: 640
2019-10-08 09:43:05.515 744-1263/? D/EnvImpl: [HWA_CAM3]getPackageName :  com.virobugs
2019-10-08 09:43:05.515 744-1263/? I/HwaUtils: [3c6ca2b_64I] getProductExtendName() path=EMILY
2019-10-08 09:43:05.516 744-1263/? I/HwaUtils: [3c6ca2b_64I] getOneCfgFile() path=NULL
2019-10-08 09:43:05.516 744-1263/? I/HwaDMapIpp: [3c6ca2b_64I] checkNeedSwapCalibrationData() ConfigFile NULL
2019-10-08 09:43:05.516 744-1263/? D/Misc____: [3c6ca2b_64D] enter loadRequest
2019-10-08 09:43:05.516 744-1263/? D/EnvImpl: [HWA_CAM3]getPackageName :  com.virobugs
2019-10-08 09:43:05.516 744-1263/? D/IppAlgoFilter: [HWA_CAM3]loadPreviewRequest() REQUEST_DMAP_SWAP, status:0
2019-10-08 09:43:05.516 744-1263/? D/EnvImpl: [HWA_CAM3]getPackageName :  com.virobugs
2019-10-08 09:43:05.518 1173-1574/? D/NetdConnector: SND -> {344 bandwidth setglobalalert 2097152}
2019-10-08 09:43:05.524 1173-1571/? D/NetdConnector: RCV <- {200 344 Bandwidth command succeeeded}
2019-10-08 09:43:05.528 744-17986/? D/Misc____: [3c6ca2b_64D] onProcessFrame(666), afDistance(0.000000)
2019-10-08 09:43:05.528 744-17983/? I/HwaStatInfo: [3c6ca2b_64I] algotype is 0, videoRatio is 1.000000, ratio is 1.875000, faceNum is 0
2019-10-08 09:43:05.529 744-17991/? I/EnvImpl: [HWA_CAM3]getArCalorieMode mArCalorieMode 0
2019-10-08 09:43:05.529 744-17991/? I/cie: FaceStoryAlgo::isCurFrameRun isCurFrameRun. Process mode 0. 
2019-10-08 09:43:05.535 744-17989/? I/AntiBanding: onSubAlgoProcess() mAlgoCtx.continue_detect_cnt :0, mAlgoCtx.succ_detect_cnt : 0, mAlgoCtx.motion_flag = 0, detect_result:0, frequency_detected = 0,cur_expo = 20000
2019-10-08 09:43:05.539 613-613/? I/mediacomm@2.1-service: getMdcClient:114: get client<Camera, 6, 744>, channel<4, 1>, perfLev=1, powerStatue=0.
2019-10-08 09:43:05.539 613-613/? I/mediacomm@2.1-service: getMdcVotePerfLev:179: Connected Mdc client<Camera, 6, 744> channel<4, 1> perfLev<1>
2019-10-08 09:43:05.543 613-613/? I/mediacomm@2.1-service: doCopybit:495: client<Camera, 0> ret = 744 finish copybit -.
2019-10-08 09:43:05.545 744-17993/? I/GRALLOC: LockFlexLayout: baseFormat: 11, yStride: 640, ySize: 307200, uOffset: 307200,  uStride: 640
2019-10-08 09:43:05.546 744-17993/? I/GRALLOC: LockFlexLayout: baseFormat: 11, yStride: 640, ySize: 307200, uOffset: 307200,  uStride: 640
2019-10-08 09:43:05.546 723-17960/? I/Camera3-Stream: getBuffer: Stream 0, 0xe8722380: Already dequeued max output buffers (7), wait for next returned one.
2019-10-08 09:43:05.548 17711-17950/com.virobugs I/GRALLOC: LockFlexLayout: baseFormat: 11, yStride: 640, ySize: 307200, uOffset: 307200,  uStride: 640
2019-10-08 09:43:05.550 20697-21031/? E/HSM_BG: PhoneSimCardInfo:/getDataUsedSimCard: SIM card type: single
2019-10-08 09:43:05.552 744-1263/? D/EnvImpl: [HWA_CAM3]getPackageName :  com.virobugs
2019-10-08 09:43:05.552 744-1263/? I/HwaUtils: [3c6ca2b_64I] getProductExtendName() path=EMILY
2019-10-08 09:43:05.552 744-1263/? I/HwaUtils: [3c6ca2b_64I] getOneCfgFile() path=NULL
2019-10-08 09:43:05.552 744-1263/? I/HwaDMapIpp: [3c6ca2b_64I] checkNeedSwapCalibrationData() ConfigFile NULL
2019-10-08 09:43:05.552 744-1263/? D/Misc____: [3c6ca2b_64D] enter loadRequest
2019-10-08 09:43:05.553 744-1263/? D/EnvImpl: [HWA_CAM3]getPackageName :  com.virobugs
2019-10-08 09:43:05.553 744-1263/? D/IppAlgoFilter: [HWA_CAM3]loadPreviewRequest() REQUEST_DMAP_SWAP, status:0
2019-10-08 09:43:05.553 744-1263/? D/EnvImpl: [HWA_CAM3]getPackageName :  com.virobugs
2019-10-08 09:43:05.553 744-1263/? I/chatty: uid=1013(media) pl#2 identical 1 line
2019-10-08 09:43:05.553 744-1263/? D/EnvImpl: [HWA_CAM3]getPackageName :  com.virobugs
2019-10-08 09:43:05.563 744-17986/? D/Misc____: [3c6ca2b_64D] onProcessFrame(666), afDistance(0.000000)
2019-10-08 09:43:05.563 744-17991/? I/EnvImpl: [HWA_CAM3]getArCalorieMode mArCalorieMode 0
2019-10-08 09:43:05.564 744-17991/? I/cie: FaceStoryAlgo::isCurFrameRun isCurFrameRun. Process mode 0. 
2019-10-08 09:43:05.568 20697-21031/? W/HSM_BG: NetAssistantHelper:/query : operate DB faild ! 
2019-10-08 09:43:05.575 744-17983/? I/HwaStatInfo: [3c6ca2b_64I] algotype is 0, videoRatio is 1.000000, ratio is 1.875000, faceNum is 0
2019-10-08 09:43:05.578 613-613/? I/mediacomm@2.1-service: getMdcClient:114: get client<Camera, 6, 744>, channel<4, 1>, perfLev=1, powerStatue=0.
2019-10-08 09:43:05.578 613-613/? I/mediacomm@2.1-service: getMdcVotePerfLev:179: Connected Mdc client<Camera, 6, 744> channel<4, 1> perfLev<1>
2019-10-08 09:43:05.581 613-613/? I/mediacomm@2.1-service: doCopybit:495: client<Camera, 0> ret = 744 finish copybit -.
2019-10-08 09:43:05.582 744-17993/? I/GRALLOC: LockFlexLayout: baseFormat: 11, yStride: 640, ySize: 307200, uOffset: 307200,  uStride: 640
2019-10-08 09:43:05.582 744-17993/? I/GRALLOC: LockFlexLayout: baseFormat: 11, yStride: 640, ySize: 307200, uOffset: 307200,  uStride: 640
2019-10-08 09:43:05.583 723-17960/? I/Camera3-Stream: getBuffer: Stream 0, 0xe8722380: Already dequeued max output buffers (7), wait for next returned one.
2019-10-08 09:43:05.584 17711-17950/com.virobugs I/GRALLOC: LockFlexLayout: baseFormat: 11, yStride: 640, ySize: 307200, uOffset: 307200,  uStride: 640
2019-10-08 09:43:05.588 744-1263/? D/EnvImpl: [HWA_CAM3]getPackageName :  com.virobugs
2019-10-08 09:43:05.588 744-1263/? I/HwaUtils: [3c6ca2b_64I] getProductExtendName() path=EMILY
2019-10-08 09:43:05.588 744-1263/? I/HwaUtils: [3c6ca2b_64I] getOneCfgFile() path=NULL
2019-10-08 09:43:05.588 744-1263/? I/HwaDMapIpp: [3c6ca2b_64I] checkNeedSwapCalibrationData() ConfigFile NULL
2019-10-08 09:43:05.588 744-1263/? D/Misc____: [3c6ca2b_64D] enter loadRequest
2019-10-08 09:43:05.588 744-1263/? D/EnvImpl: [HWA_CAM3]getPackageName :  com.virobugs
2019-10-08 09:43:05.588 744-1263/? D/IppAlgoFilter: [HWA_CAM3]loadPreviewRequest() REQUEST_DMAP_SWAP, status:0
2019-10-08 09:43:05.588 744-1263/? D/EnvImpl: [HWA_CAM3]getPackageName :  com.virobugs
2019-10-08 09:43:05.588 744-1263/? I/chatty: uid=1013(media) pl#2 identical 1 line
2019-10-08 09:43:05.588 744-1263/? D/EnvImpl: [HWA_CAM3]getPackageName :  com.virobugs
2019-10-08 09:43:05.596 744-17983/? I/HwaStatInfo: [3c6ca2b_64I] algotype is 0, videoRatio is 1.000000, ratio is 1.875000, faceNum is 0
2019-10-08 09:43:05.599 744-17986/? D/Misc____: [3c6ca2b_64D] onProcessFrame(666), afDistance(0.000000)
2019-10-08 09:43:05.602 744-17989/? I/AntiBanding: onSubAlgoProcess() mAlgoCtx.continue_detect_cnt :0, mAlgoCtx.succ_detect_cnt : 0, mAlgoCtx.motion_flag = 0, detect_result:0, frequency_detected = 0,cur_expo = 20000
2019-10-08 09:43:05.602 744-17991/? I/EnvImpl: [HWA_CAM3]getArCalorieMode mArCalorieMode 0
2019-10-08 09:43:05.603 744-17991/? I/cie: FaceStoryAlgo::isCurFrameRun isCurFrameRun. Process mode 0. 
2019-10-08 09:43:05.603 613-613/? I/mediacomm@2.1-service: getMdcClient:114: get client<Camera, 6, 744>, channel<4, 1>, perfLev=1, powerStatue=0.
2019-10-08 09:43:05.603 613-613/? I/mediacomm@2.1-service: getMdcVotePerfLev:179: Connected Mdc client<Camera, 6, 744> channel<4, 1> perfLev<1>
2019-10-08 09:43:05.607 613-613/? I/mediacomm@2.1-service: doCopybit:495: client<Camera, 0> ret = 744 finish copybit -.
2019-10-08 09:43:05.608 744-17993/? I/GRALLOC: LockFlexLayout: baseFormat: 11, yStride: 640, ySize: 307200, uOffset: 307200,  uStride: 640
2019-10-08 09:43:05.608 744-17993/? I/GRALLOC: LockFlexLayout: baseFormat: 11, yStride: 640, ySize: 307200, uOffset: 307200,  uStride: 640
2019-10-08 09:43:05.608 723-17960/? I/Camera3-Stream: getBuffer: Stream 0, 0xe8722380: Already dequeued max output buffers (7), wait for next returned one.
2019-10-08 09:43:05.609 611-1341/? D/asd_primary_out: L[0],R[0], continus 20 times!
2019-10-08 09:43:05.611 17711-17950/com.virobugs I/GRALLOC: LockFlexLayout: baseFormat: 11, yStride: 640, ySize: 307200, uOffset: 307200,  uStride: 640
2019-10-08 09:43:05.613 744-1263/? D/EnvImpl: [HWA_CAM3]getPackageName :  com.virobugs
2019-10-08 09:43:05.613 744-1263/? I/HwaUtils: [3c6ca2b_64I] getProductExtendName() path=EMILY
2019-10-08 09:43:05.613 744-1263/? I/HwaUtils: [3c6ca2b_64I] getOneCfgFile() path=NULL
2019-10-08 09:43:05.613 744-1263/? I/HwaDMapIpp: [3c6ca2b_64I] checkNeedSwapCalibrationData() ConfigFile NULL
2019-10-08 09:43:05.614 744-1263/? D/Misc____: [3c6ca2b_64D] enter loadRequest
2019-10-08 09:43:05.614 744-1263/? D/EnvImpl: [HWA_CAM3]getPackageName :  com.virobugs
2019-10-08 09:43:05.614 744-1263/? D/IppAlgoFilter: [HWA_CAM3]loadPreviewRequest() REQUEST_DMAP_SWAP, status:0
2019-10-08 09:43:05.614 744-1263/? D/EnvImpl: [HWA_CAM3]getPackageName :  com.virobugs
2019-10-08 09:43:05.614 744-1263/? I/chatty: uid=1013(media) pl#2 identical 1 line
2019-10-08 09:43:05.614 744-1263/? D/EnvImpl: [HWA_CAM3]getPackageName :  com.virobugs
2019-10-08 09:43:05.624 20697-21032/? E/HSM_BG: PhoneSimCardInfo:/getDataUsedSimCard: SIM card type: single
