2019-10-08 09:43:04.456 744-1263/? I/HwaUtils: [3c6ca2b_64I] getOneCfgFile() path=NULL
2019-10-08 09:43:04.456 744-1263/? I/HwaDMapIpp: [3c6ca2b_64I] checkNeedSwapCalibrationData() ConfigFile NULL
2019-10-08 09:43:04.456 744-1263/? D/Misc____: [3c6ca2b_64D] enter loadRequest
2019-10-08 09:43:04.456 744-1263/? D/EnvImpl: [HWA_CAM3]getPackageName :  com.virobugs
2019-10-08 09:43:04.456 744-1263/? D/IppAlgoFilter: [HWA_CAM3]loadPreviewRequest() REQUEST_DMAP_SWAP, status:0
2019-10-08 09:43:04.457 744-1263/? D/EnvImpl: [HWA_CAM3]getPackageName :  com.virobugs
2019-10-08 09:43:04.457 744-1263/? I/chatty: uid=1013(media) pl#2 identical 1 line
2019-10-08 09:43:04.457 744-1263/? D/EnvImpl: [HWA_CAM3]getPackageName :  com.virobugs
2019-10-08 09:43:04.460 744-17983/? I/HwaStatInfo: [3c6ca2b_64I] algotype is 0, videoRatio is 1.000000, ratio is 1.875000, faceNum is 0
2019-10-08 09:43:04.460 744-17991/? I/EnvImpl: [HWA_CAM3]getArCalorieMode mArCalorieMode 0
2019-10-08 09:43:04.460 744-17986/? D/Misc____: [3c6ca2b_64D] onProcessFrame(666), afDistance(0.000000)
2019-10-08 09:43:04.460 744-17991/? I/cie: FaceStoryAlgo::isCurFrameRun isCurFrameRun. Process mode 0. 
2019-10-08 09:43:04.470 613-613/? I/mediacomm@2.1-service: getMdcClient:114: get client<Camera, 6, 744>, channel<4, 1>, perfLev=1, powerStatue=0.
2019-10-08 09:43:04.470 613-613/? I/mediacomm@2.1-service: getMdcVotePerfLev:179: Connected Mdc client<Camera, 6, 744> channel<4, 1> perfLev<1>
2019-10-08 09:43:04.472 613-613/? I/mediacomm@2.1-service: doCopybit:495: client<Camera, 0> ret = 744 finish copybit -.
2019-10-08 09:43:04.473 744-17993/? I/GRALLOC: LockFlexLayout: baseFormat: 11, yStride: 640, ySize: 307200, uOffset: 307200,  uStride: 640
2019-10-08 09:43:04.474 744-17993/? I/GRALLOC: LockFlexLayout: baseFormat: 11, yStride: 640, ySize: 307200, uOffset: 307200,  uStride: 640
2019-10-08 09:43:04.474 723-17960/? I/Camera3-Stream: getBuffer: Stream 0, 0xe8722380: Already dequeued max output buffers (7), wait for next returned one.
2019-10-08 09:43:04.475 17711-17950/com.virobugs I/GRALLOC: LockFlexLayout: baseFormat: 11, yStride: 640, ySize: 307200, uOffset: 307200,  uStride: 640
2019-10-08 09:43:04.478 744-1263/? D/EnvImpl: [HWA_CAM3]getPackageName :  com.virobugs
2019-10-08 09:43:04.479 744-1263/? I/HwaUtils: [3c6ca2b_64I] getProductExtendName() path=EMILY
2019-10-08 09:43:04.479 744-1263/? I/HwaUtils: [3c6ca2b_64I] getOneCfgFile() path=NULL
2019-10-08 09:43:04.479 744-1263/? I/HwaDMapIpp: [3c6ca2b_64I] checkNeedSwapCalibrationData() ConfigFile NULL
2019-10-08 09:43:04.479 744-1263/? D/Misc____: [3c6ca2b_64D] enter loadRequest
2019-10-08 09:43:04.479 744-1263/? D/EnvImpl: [HWA_CAM3]getPackageName :  com.virobugs
2019-10-08 09:43:04.479 744-1263/? D/IppAlgoFilter: [HWA_CAM3]loadPreviewRequest() REQUEST_DMAP_SWAP, status:0
2019-10-08 09:43:04.479 744-1263/? D/EnvImpl: [HWA_CAM3]getPackageName :  com.virobugs
2019-10-08 09:43:04.479 744-1263/? I/chatty: uid=1013(media) pl#2 identical 1 line
2019-10-08 09:43:04.479 744-1263/? D/EnvImpl: [HWA_CAM3]getPackageName :  com.virobugs
2019-10-08 09:43:04.485 21001-21001/? W/ContactsProvider: CountryMonitor CountryIso changed.
2019-10-08 09:43:04.491 744-17986/? D/Misc____: [3c6ca2b_64D] onProcessFrame(666), afDistance(0.000000)
2019-10-08 09:43:04.491 744-17991/? I/EnvImpl: [HWA_CAM3]getArCalorieMode mArCalorieMode 0
2019-10-08 09:43:04.494 744-17991/? I/cie: FaceStoryAlgo::isCurFrameRun isCurFrameRun. Process mode 0. 
2019-10-08 09:43:04.496 613-613/? I/mediacomm@2.1-service: getMdcClient:114: get client<Camera, 6, 744>, channel<4, 1>, perfLev=1, powerStatue=0.
2019-10-08 09:43:04.496 613-613/? I/mediacomm@2.1-service: getMdcVotePerfLev:179: Connected Mdc client<Camera, 6, 744> channel<4, 1> perfLev<1>
2019-10-08 09:43:04.496 744-17989/? I/AntiBanding: onSubAlgoProcess() mAlgoCtx.continue_detect_cnt :0, mAlgoCtx.succ_detect_cnt : 0, mAlgoCtx.motion_flag = 0, detect_result:0, frequency_detected = 0,cur_expo = 20000
2019-10-08 09:43:04.498 613-613/? I/mediacomm@2.1-service: doCopybit:495: client<Camera, 0> ret = 744 finish copybit -.
2019-10-08 09:43:04.499 744-17993/? I/GRALLOC: LockFlexLayout: baseFormat: 11, yStride: 640, ySize: 307200, uOffset: 307200,  uStride: 640
2019-10-08 09:43:04.499 744-17993/? I/GRALLOC: LockFlexLayout: baseFormat: 11, yStride: 640, ySize: 307200, uOffset: 307200,  uStride: 640
2019-10-08 09:43:04.500 723-17960/? I/Camera3-Stream: getBuffer: Stream 0, 0xe8722380: Already dequeued max output buffers (7), wait for next returned one.
2019-10-08 09:43:04.500 17711-17950/com.virobugs I/GRALLOC: LockFlexLayout: baseFormat: 11, yStride: 640, ySize: 307200, uOffset: 307200,  uStride: 640
2019-10-08 09:43:04.502 723-17960/? I/Camera3-Stream: getBuffer: Stream 1, 0xe8721780: Already dequeued max output buffers (7), wait for next returned one.
2019-10-08 09:43:04.506 744-17983/? I/HwaStatInfo: [3c6ca2b_64I] algotype is 0, videoRatio is 1.000000, ratio is 1.875000, faceNum is 0
2019-10-08 09:43:04.507 744-1263/? D/EnvImpl: [HWA_CAM3]getPackageName :  com.virobugs
2019-10-08 09:43:04.507 744-1263/? I/HwaUtils: [3c6ca2b_64I] getProductExtendName() path=EMILY
2019-10-08 09:43:04.507 744-1263/? I/HwaUtils: [3c6ca2b_64I] getOneCfgFile() path=NULL
2019-10-08 09:43:04.507 744-1263/? I/HwaDMapIpp: [3c6ca2b_64I] checkNeedSwapCalibrationData() ConfigFile NULL
2019-10-08 09:43:04.507 744-1263/? D/Misc____: [3c6ca2b_64D] enter loadRequest
2019-10-08 09:43:04.507 744-1263/? D/EnvImpl: [HWA_CAM3]getPackageName :  com.virobugs
2019-10-08 09:43:04.507 744-1263/? D/IppAlgoFilter: [HWA_CAM3]loadPreviewRequest() REQUEST_DMAP_SWAP, status:0
2019-10-08 09:43:04.507 744-1263/? D/EnvImpl: [HWA_CAM3]getPackageName :  com.virobugs
2019-10-08 09:43:04.514 1173-8921/? D/CountryDetector: The first listener is added
2019-10-08 09:43:04.518 1173-1274/? D/StubTelephonyRegistry: uid:1000 pid:1173 PhoneStateListener.LISTEN_CELL_LOCATION:16 events:1
2019-10-08 09:43:04.525 744-17983/? I/HwaStatInfo: [3c6ca2b_64I] algotype is 0, videoRatio is 1.000000, ratio is 1.875000, faceNum is 0
2019-10-08 09:43:04.527 744-17986/? D/Misc____: [3c6ca2b_64D] onProcessFrame(666), afDistance(0.000000)
2019-10-08 09:43:04.530 744-17991/? I/EnvImpl: [HWA_CAM3]getArCalorieMode mArCalorieMode 0
2019-10-08 09:43:04.530 744-17991/? I/cie: FaceStoryAlgo::isCurFrameRun isCurFrameRun. Process mode 0. 
2019-10-08 09:43:04.531 613-613/? I/mediacomm@2.1-service: getMdcClient:114: get client<Camera, 6, 744>, channel<4, 1>, perfLev=1, powerStatue=0.
2019-10-08 09:43:04.532 613-613/? I/mediacomm@2.1-service: getMdcVotePerfLev:179: Connected Mdc client<Camera, 6, 744> channel<4, 1> perfLev<1>
2019-10-08 09:43:04.535 613-613/? I/mediacomm@2.1-service: doCopybit:495: client<Camera, 0> ret = 744 finish copybit -.
2019-10-08 09:43:04.535 744-17993/? I/GRALLOC: LockFlexLayout: baseFormat: 11, yStride: 640, ySize: 307200, uOffset: 307200,  uStride: 640
2019-10-08 09:43:04.535 744-17993/? I/GRALLOC: LockFlexLayout: baseFormat: 11, yStride: 640, ySize: 307200, uOffset: 307200,  uStride: 640
2019-10-08 09:43:04.536 723-17960/? I/Camera3-Stream: getBuffer: Stream 0, 0xe8722380: Already dequeued max output buffers (7), wait for next returned one.
2019-10-08 09:43:04.537 17711-17950/com.virobugs I/GRALLOC: LockFlexLayout: baseFormat: 11, yStride: 640, ySize: 307200, uOffset: 307200,  uStride: 640
2019-10-08 09:43:04.539 1173-8921/? I/AlarmManager: remove alarm:Alarm{862c4d type 1 when 1570606942386 PendingIntent{7322fdb: PendingIntentRecord{f00a712 com.android.providers.contacts broadcastIntent}}com.android.providers.contacts} according to operation:b2e8302
2019-10-08 09:43:04.540 744-1263/? D/EnvImpl: [HWA_CAM3]getPackageName :  com.virobugs
2019-10-08 09:43:04.540 744-1263/? I/HwaUtils: [3c6ca2b_64I] getProductExtendName() path=EMILY
2019-10-08 09:43:04.540 744-1263/? I/HwaUtils: [3c6ca2b_64I] getOneCfgFile() path=NULL
2019-10-08 09:43:04.540 744-1263/? I/HwaDMapIpp: [3c6ca2b_64I] checkNeedSwapCalibrationData() ConfigFile NULL
2019-10-08 09:43:04.540 744-1263/? D/Misc____: [3c6ca2b_64D] enter loadRequest
2019-10-08 09:43:04.540 744-1263/? D/EnvImpl: [HWA_CAM3]getPackageName :  com.virobugs
2019-10-08 09:43:04.540 744-1263/? D/IppAlgoFilter: [HWA_CAM3]loadPreviewRequest() REQUEST_DMAP_SWAP, status:0
2019-10-08 09:43:04.540 744-1263/? D/EnvImpl: [HWA_CAM3]getPackageName :  com.virobugs
2019-10-08 09:43:04.541 744-1263/? I/chatty: uid=1013(media) pl#2 identical 1 line
2019-10-08 09:43:04.541 744-1263/? D/EnvImpl: [HWA_CAM3]getPackageName :  com.virobugs
2019-10-08 09:43:04.562 744-17986/? D/Misc____: [3c6ca2b_64D] onProcessFrame(666), afDistance(0.000000)
2019-10-08 09:43:04.564 744-17991/? I/EnvImpl: [HWA_CAM3]getArCalorieMode mArCalorieMode 0
2019-10-08 09:43:04.565 744-17991/? I/cie: FaceStoryAlgo::isCurFrameRun isCurFrameRun. Process mode 0. 
2019-10-08 09:43:04.565 744-17989/? I/AntiBanding: onSubAlgoProcess() mAlgoCtx.continue_detect_cnt :0, mAlgoCtx.succ_detect_cnt : 0, mAlgoCtx.motion_flag = 0, detect_result:0, frequency_detected = 0,cur_expo = 20000
2019-10-08 09:43:04.580 613-613/? I/mediacomm@2.1-service: getMdcClient:114: get client<Camera, 6, 744>, channel<4, 1>, perfLev=1, powerStatue=0.
2019-10-08 09:43:04.581 613-613/? I/mediacomm@2.1-service: getMdcVotePerfLev:179: Connected Mdc client<Camera, 6, 744> channel<4, 1> perfLev<1>
2019-10-08 09:43:04.581 744-17983/? I/HwaStatInfo: [3c6ca2b_64I] algotype is 0, videoRatio is 1.000000, ratio is 1.875000, faceNum is 0
2019-10-08 09:43:04.584 613-613/? I/mediacomm@2.1-service: doCopybit:495: client<Camera, 0> ret = 744 finish copybit -.
2019-10-08 09:43:04.584 744-17993/? I/GRALLOC: LockFlexLayout: baseFormat: 11, yStride: 640, ySize: 307200, uOffset: 307200,  uStride: 640
2019-10-08 09:43:04.584 20943-20977/? D/HwGalleryCacheManagerImpl: mIsEffect:false
2019-10-08 09:43:04.585 744-17993/? I/GRALLOC: LockFlexLayout: baseFormat: 11, yStride: 640, ySize: 307200, uOffset: 307200,  uStride: 640
2019-10-08 09:43:04.586 723-17960/? I/Camera3-Stream: getBuffer: Stream 0, 0xe8722380: Already dequeued max output buffers (7), wait for next returned one.
2019-10-08 09:43:04.589 17711-17950/com.virobugs I/GRALLOC: LockFlexLayout: baseFormat: 11, yStride: 640, ySize: 307200, uOffset: 307200,  uStride: 640
2019-10-08 09:43:04.591 744-1263/? D/EnvImpl: [HWA_CAM3]getPackageName :  com.virobugs
2019-10-08 09:43:04.592 744-1263/? I/HwaUtils: [3c6ca2b_64I] getProductExtendName() path=EMILY
2019-10-08 09:43:04.592 744-1263/? I/HwaUtils: [3c6ca2b_64I] getOneCfgFile() path=NULL
2019-10-08 09:43:04.592 744-1263/? I/HwaDMapIpp: [3c6ca2b_64I] checkNeedSwapCalibrationData() ConfigFile NULL
2019-10-08 09:43:04.592 744-1263/? D/Misc____: [3c6ca2b_64D] enter loadRequest
2019-10-08 09:43:04.592 744-1263/? D/EnvImpl: [HWA_CAM3]getPackageName :  com.virobugs
2019-10-08 09:43:04.592 744-1263/? D/IppAlgoFilter: [HWA_CAM3]loadPreviewRequest() REQUEST_DMAP_SWAP, status:0
2019-10-08 09:43:04.592 744-1263/? D/EnvImpl: [HWA_CAM3]getPackageName :  com.virobugs
2019-10-08 09:43:04.592 744-1263/? I/chatty: uid=1013(media) pl#2 identical 1 line
2019-10-08 09:43:04.592 744-1263/? D/EnvImpl: [HWA_CAM3]getPackageName :  com.virobugs
2019-10-08 09:43:04.595 744-17983/? I/HwaStatInfo: [3c6ca2b_64I] algotype is 0, videoRatio is 1.000000, ratio is 1.875000, faceNum is 0
2019-10-08 09:43:04.596 744-17986/? D/Misc____: [3c6ca2b_64D] onProcessFrame(666), afDistance(0.000000)
2019-10-08 09:43:04.596 744-17991/? I/EnvImpl: [HWA_CAM3]getArCalorieMode mArCalorieMode 0
2019-10-08 09:43:04.596 744-17991/? I/cie: FaceStoryAlgo::isCurFrameRun isCurFrameRun. Process mode 0. 
2019-10-08 09:43:04.604 613-613/? I/mediacomm@2.1-service: getMdcClient:114: get client<Camera, 6, 744>, channel<4, 1>, perfLev=1, powerStatue=0.
2019-10-08 09:43:04.604 613-613/? I/mediacomm@2.1-service: getMdcVotePerfLev:179: Connected Mdc client<Camera, 6, 744> channel<4, 1> perfLev<1>
2019-10-08 09:43:04.607 613-613/? I/mediacomm@2.1-service: doCopybit:495: client<Camera, 0> ret = 744 finish copybit -.
2019-10-08 09:43:04.609 744-17993/? I/GRALLOC: LockFlexLayout: baseFormat: 11, yStride: 640, ySize: 307200, uOffset: 307200,  uStride: 640
2019-10-08 09:43:04.609 744-17993/? I/GRALLOC: LockFlexLayout: baseFormat: 11, yStride: 640, ySize: 307200, uOffset: 307200,  uStride: 640
2019-10-08 09:43:04.610 723-17960/? I/Camera3-Stream: getBuffer: Stream 0, 0xe8722380: Already dequeued max output buffers (7), wait for next returned one.
2019-10-08 09:43:04.611 17711-17950/com.virobugs I/GRALLOC: LockFlexLayout: baseFormat: 11, yStride: 640, ySize: 307200, uOffset: 307200,  uStride: 640
2019-10-08 09:43:04.614 744-1263/? D/EnvImpl: [HWA_CAM3]getPackageName :  com.virobugs
2019-10-08 09:43:04.614 744-1263/? I/HwaUtils: [3c6ca2b_64I] getProductExtendName() path=EMILY
2019-10-08 09:43:04.614 744-1263/? I/HwaUtils: [3c6ca2b_64I] getOneCfgFile() path=NULL
2019-10-08 09:43:04.614 744-1263/? I/HwaDMapIpp: [3c6ca2b_64I] checkNeedSwapCalibrationData() ConfigFile NULL
2019-10-08 09:43:04.614 744-1263/? D/Misc____: [3c6ca2b_64D] enter loadRequest
2019-10-08 09:43:04.614 744-1263/? D/EnvImpl: [HWA_CAM3]getPackageName :  com.virobugs
2019-10-08 09:43:04.614 744-1263/? D/IppAlgoFilter: [HWA_CAM3]loadPreviewRequest() REQUEST_DMAP_SWAP, status:0
2019-10-08 09:43:04.614 744-1263/? D/EnvImpl: [HWA_CAM3]getPackageName :  com.virobugs
2019-10-08 09:43:04.614 744-1263/? I/chatty: uid=1013(media) pl#2 identical 1 line
2019-10-08 09:43:04.614 744-1263/? D/EnvImpl: [HWA_CAM3]getPackageName :  com.virobugs
2019-10-08 09:43:04.626 744-17991/? I/EnvImpl: [HWA_CAM3]getArCalorieMode mArCalorieMode 0
2019-10-08 09:43:04.626 744-17986/? D/Misc____: [3c6ca2b_64D] onProcessFrame(666), afDistance(0.000000)
2019-10-08 09:43:04.626 744-17991/? I/cie: FaceStoryAlgo::isCurFrameRun isCurFrameRun. Process mode 0. 
2019-10-08 09:43:04.632 744-17989/? I/AntiBanding: onSubAlgoProcess() mAlgoCtx.continue_detect_cnt :0, mAlgoCtx.succ_detect_cnt : 0, mAlgoCtx.motion_flag = 0, detect_result:0, frequency_detected = 0,cur_expo = 20000
2019-10-08 09:43:04.637 613-613/? I/mediacomm@2.1-service: getMdcClient:114: get client<Camera, 6, 744>, channel<4, 1>, perfLev=1, powerStatue=0.
2019-10-08 09:43:04.637 613-613/? I/mediacomm@2.1-service: getMdcVotePerfLev:179: Connected Mdc client<Camera, 6, 744> channel<4, 1> perfLev<1>
2019-10-08 09:43:04.639 613-613/? I/mediacomm@2.1-service: doCopybit:495: client<Camera, 0> ret = 744 finish copybit -.
2019-10-08 09:43:04.640 744-17993/? I/GRALLOC: LockFlexLayout: baseFormat: 11, yStride: 640, ySize: 307200, uOffset: 307200,  uStride: 640
2019-10-08 09:43:04.640 744-17993/? I/GRALLOC: LockFlexLayout: baseFormat: 11, yStride: 640, ySize: 307200, uOffset: 307200,  uStride: 640
2019-10-08 09:43:04.641 723-17960/? I/Camera3-Stream: getBuffer: Stream 0, 0xe8722380: Already dequeued max output buffers (7), wait for next returned one.
2019-10-08 09:43:04.641 744-17983/? I/HwaStatInfo: [3c6ca2b_64I] algotype is 0, videoRatio is 1.000000, ratio is 1.875000, faceNum is 0
2019-10-08 09:43:04.642 17711-17950/com.virobugs I/GRALLOC: LockFlexLayout: baseFormat: 11, yStride: 640, ySize: 307200, uOffset: 307200,  uStride: 640
2019-10-08 09:43:04.647 744-1263/? D/EnvImpl: [HWA_CAM3]getPackageName :  com.virobugs
2019-10-08 09:43:04.647 744-1263/? I/HwaUtils: [3c6ca2b_64I] getProductExtendName() path=EMILY
2019-10-08 09:43:04.647 744-1263/? I/HwaUtils: [3c6ca2b_64I] getOneCfgFile() path=NULL
2019-10-08 09:43:04.647 744-1263/? I/HwaDMapIpp: [3c6ca2b_64I] checkNeedSwapCalibrationData() ConfigFile NULL
2019-10-08 09:43:04.647 744-1263/? D/Misc____: [3c6ca2b_64D] enter loadRequest
2019-10-08 09:43:04.647 744-1263/? D/EnvImpl: [HWA_CAM3]getPackageName :  com.virobugs
2019-10-08 09:43:04.647 744-1263/? D/IppAlgoFilter: [HWA_CAM3]loadPreviewRequest() REQUEST_DMAP_SWAP, status:0
2019-10-08 09:43:04.647 744-1263/? D/EnvImpl: [HWA_CAM3]getPackageName :  com.virobugs
2019-10-08 09:43:04.647 744-1263/? I/chatty: uid=1013(media) pl#2 identical 1 line
2019-10-08 09:43:04.647 744-1263/? D/EnvImpl: [HWA_CAM3]getPackageName :  com.virobugs
2019-10-08 09:43:04.662 744-17983/? I/HwaStatInfo: [3c6ca2b_64I] algotype is 0, videoRatio is 1.000000, ratio is 1.875000, faceNum is 0
2019-10-08 09:43:04.662 744-17991/? I/EnvImpl: [HWA_CAM3]getArCalorieMode mArCalorieMode 0
2019-10-08 09:43:04.662 744-17991/? I/cie: FaceStoryAlgo::isCurFrameRun isCurFrameRun. Process mode 0. 
2019-10-08 09:43:04.663 744-17986/? D/Misc____: [3c6ca2b_64D] onProcessFrame(666), afDistance(0.000000)
2019-10-08 09:43:04.669 613-613/? I/mediacomm@2.1-service: getMdcClient:114: get client<Camera, 6, 744>, channel<4, 1>, perfLev=1, powerStatue=0.
2019-10-08 09:43:04.669 613-613/? I/mediacomm@2.1-service: getMdcVotePerfLev:179: Connected Mdc client<Camera, 6, 744> channel<4, 1> perfLev<1>
2019-10-08 09:43:04.671 613-613/? I/mediacomm@2.1-service: doCopybit:495: client<Camera, 0> ret = 744 finish copybit -.
2019-10-08 09:43:04.672 744-17993/? I/GRALLOC: LockFlexLayout: baseFormat: 11, yStride: 640, ySize: 307200, uOffset: 307200,  uStride: 640
2019-10-08 09:43:04.672 744-17993/? I/GRALLOC: LockFlexLayout: baseFormat: 11, yStride: 640, ySize: 307200, uOffset: 307200,  uStride: 640
2019-10-08 09:43:04.673 723-17960/? I/Camera3-Stream: getBuffer: Stream 0, 0xe8722380: Already dequeued max output buffers (7), wait for next returned one.
2019-10-08 09:43:04.675 17711-17950/com.virobugs I/GRALLOC: LockFlexLayout: baseFormat: 11, yStride: 640, ySize: 307200, uOffset: 307200,  uStride: 640
2019-10-08 09:43:04.679 744-1263/? D/EnvImpl: [HWA_CAM3]getPackageName :  com.virobugs
2019-10-08 09:43:04.680 744-1263/? I/HwaUtils: [3c6ca2b_64I] getProductExtendName() path=EMILY
2019-10-08 09:43:04.680 744-1263/? I/HwaUtils: [3c6ca2b_64I] getOneCfgFile() path=NULL
2019-10-08 09:43:04.680 744-1263/? I/HwaDMapIpp: [3c6ca2b_64I] checkNeedSwapCalibrationData() ConfigFile NULL
2019-10-08 09:43:04.680 744-1263/? D/Misc____: [3c6ca2b_64D] enter loadRequest
2019-10-08 09:43:04.680 744-1263/? D/EnvImpl: [HWA_CAM3]getPackageName :  com.virobugs
2019-10-08 09:43:04.680 744-1263/? D/IppAlgoFilter: [HWA_CAM3]loadPreviewRequest() REQUEST_DMAP_SWAP, status:0
2019-10-08 09:43:04.680 744-1263/? D/EnvImpl: [HWA_CAM3]getPackageName :  com.virobugs
2019-10-08 09:43:04.680 744-1263/? I/chatty: uid=1013(media) pl#2 identical 1 line
2019-10-08 09:43:04.680 744-1263/? D/EnvImpl: [HWA_CAM3]getPackageName :  com.virobugs
2019-10-08 09:43:04.696 744-17986/? D/Misc____: [3c6ca2b_64D] onProcessFrame(666), afDistance(0.000000)
2019-10-08 09:43:04.697 744-17991/? I/EnvImpl: [HWA_CAM3]getArCalorieMode mArCalorieMode 0
2019-10-08 09:43:04.697 744-17991/? I/cie: FaceStoryAlgo::isCurFrameRun isCurFrameRun. Process mode 0. 
2019-10-08 09:43:04.698 744-17989/? I/AntiBanding: onSubAlgoProcess() mAlgoCtx.continue_detect_cnt :0, mAlgoCtx.succ_detect_cnt : 0, mAlgoCtx.motion_flag = 0, detect_result:0, frequency_detected = 0,cur_expo = 20000
2019-10-08 09:43:04.701 744-17988/? I/LaserSelfCali: laserSelfCali, ambient light: 29184 ,mFrameNum:5370,exp:20000,iso:158,RangeMilliMeter:492,RangeStatus:0,SignalRate:132096,onoff:1
2019-10-08 09:43:04.702 613-613/? I/mediacomm@2.1-service: getMdcClient:114: get client<Camera, 6, 744>, channel<4, 1>, perfLev=1, powerStatue=0.
2019-10-08 09:43:04.703 613-613/? I/mediacomm@2.1-service: getMdcVotePerfLev:179: Connected Mdc client<Camera, 6, 744> channel<4, 1> perfLev<1>
2019-10-08 09:43:04.706 613-613/? I/mediacomm@2.1-service: doCopybit:495: client<Camera, 0> ret = 744 finish copybit -.
2019-10-08 09:43:04.708 744-17983/? I/HwaStatInfo: [3c6ca2b_64I] algotype is 0, videoRatio is 1.000000, ratio is 1.875000, faceNum is 0
2019-10-08 09:43:04.709 744-17993/? I/GRALLOC: LockFlexLayout: baseFormat: 11, yStride: 640, ySize: 307200, uOffset: 307200,  uStride: 640
2019-10-08 09:43:04.710 744-17993/? I/GRALLOC: LockFlexLayout: baseFormat: 11, yStride: 640, ySize: 307200, uOffset: 307200,  uStride: 640
2019-10-08 09:43:04.711 723-17960/? I/Camera3-Stream: getBuffer: Stream 0, 0xe8722380: Already dequeued max output buffers (7), wait for next returned one.
2019-10-08 09:43:04.712 17711-17950/com.virobugs I/GRALLOC: LockFlexLayout: baseFormat: 11, yStride: 640, ySize: 307200, uOffset: 307200,  uStride: 640
2019-10-08 09:43:04.714 744-1263/? D/EnvImpl: [HWA_CAM3]getPackageName :  com.virobugs
2019-10-08 09:43:04.715 744-1263/? I/HwaUtils: [3c6ca2b_64I] getProductExtendName() path=EMILY
2019-10-08 09:43:04.715 744-1263/? I/HwaUtils: [3c6ca2b_64I] getOneCfgFile() path=NULL
2019-10-08 09:43:04.715 744-1263/? I/HwaDMapIpp: [3c6ca2b_64I] checkNeedSwapCalibrationData() ConfigFile NULL
2019-10-08 09:43:04.715 744-1263/? D/Misc____: [3c6ca2b_64D] enter loadRequest
2019-10-08 09:43:04.715 744-1263/? D/EnvImpl: [HWA_CAM3]getPackageName :  com.virobugs
2019-10-08 09:43:04.715 744-1263/? D/IppAlgoFilter: [HWA_CAM3]loadPreviewRequest() REQUEST_DMAP_SWAP, status:0
2019-10-08 09:43:04.715 744-1263/? D/EnvImpl: [HWA_CAM3]getPackageName :  com.virobugs
2019-10-08 09:43:04.715 744-1263/? I/chatty: uid=1013(media) pl#2 identical 1 line
2019-10-08 09:43:04.715 744-1263/? D/EnvImpl: [HWA_CAM3]getPackageName :  com.virobugs
2019-10-08 09:43:04.727 744-17983/? I/HwaStatInfo: [3c6ca2b_64I] algotype is 0, videoRatio is 1.000000, ratio is 1.875000, faceNum is 0
2019-10-08 09:43:04.727 744-17986/? D/Misc____: [3c6ca2b_64D] onProcessFrame(666), afDistance(0.000000)
2019-10-08 09:43:04.728 744-17991/? I/EnvImpl: [HWA_CAM3]getArCalorieMode mArCalorieMode 0
2019-10-08 09:43:04.728 744-17991/? I/cie: FaceStoryAlgo::isCurFrameRun isCurFrameRun. Process mode 0. 
2019-10-08 09:43:04.731 20979-20994/? D/ContentProvider: openAssetFile
2019-10-08 09:43:04.731 613-613/? I/mediacomm@2.1-service: getMdcClient:114: get client<Camera, 6, 744>, channel<4, 1>, perfLev=1, powerStatue=0.
2019-10-08 09:43:04.731 613-613/? I/mediacomm@2.1-service: getMdcVotePerfLev:179: Connected Mdc client<Camera, 6, 744> channel<4, 1> perfLev<1>
2019-10-08 09:43:04.734 613-613/? I/mediacomm@2.1-service: doCopybit:495: client<Camera, 0> ret = 744 finish copybit -.
2019-10-08 09:43:04.735 744-17993/? I/GRALLOC: LockFlexLayout: baseFormat: 11, yStride: 640, ySize: 307200, uOffset: 307200,  uStride: 640
2019-10-08 09:43:04.736 744-17993/? I/GRALLOC: LockFlexLayout: baseFormat: 11, yStride: 640, ySize: 307200, uOffset: 307200,  uStride: 640
2019-10-08 09:43:04.737 723-17960/? I/Camera3-Stream: getBuffer: Stream 0, 0xe8722380: Already dequeued max output buffers (7), wait for next returned one.
2019-10-08 09:43:04.738 17711-17950/com.virobugs I/GRALLOC: LockFlexLayout: baseFormat: 11, yStride: 640, ySize: 307200, uOffset: 307200,  uStride: 640
2019-10-08 09:43:04.741 744-1263/? D/EnvImpl: [HWA_CAM3]getPackageName :  com.virobugs
2019-10-08 09:43:04.741 744-1263/? I/HwaUtils: [3c6ca2b_64I] getProductExtendName() path=EMILY
2019-10-08 09:43:04.741 744-1263/? I/HwaUtils: [3c6ca2b_64I] getOneCfgFile() path=NULL
2019-10-08 09:43:04.741 744-1263/? I/HwaDMapIpp: [3c6ca2b_64I] checkNeedSwapCalibrationData() ConfigFile NULL
2019-10-08 09:43:04.741 744-1263/? D/Misc____: [3c6ca2b_64D] enter loadRequest
2019-10-08 09:43:04.741 744-1263/? D/EnvImpl: [HWA_CAM3]getPackageName :  com.virobugs
2019-10-08 09:43:04.742 744-1263/? D/IppAlgoFilter: [HWA_CAM3]loadPreviewRequest() REQUEST_DMAP_SWAP, status:0
2019-10-08 09:43:04.742 744-1263/? D/EnvImpl: [HWA_CAM3]getPackageName :  com.virobugs
2019-10-08 09:43:04.742 744-1263/? I/chatty: uid=1013(media) pl#2 identical 1 line
2019-10-08 09:43:04.742 744-1263/? D/EnvImpl: [HWA_CAM3]getPackageName :  com.virobugs
2019-10-08 09:43:04.750 20979-20994/? D/ContentProvider: openAssetFile
2019-10-08 09:43:04.762 744-17991/? I/EnvImpl: [HWA_CAM3]getArCalorieMode mArCalorieMode 0
2019-10-08 09:43:04.762 744-17991/? I/cie: FaceStoryAlgo::isCurFrameRun isCurFrameRun. Process mode 0. 
2019-10-08 09:43:04.763 744-17986/? D/Misc____: [3c6ca2b_64D] onProcessFrame(666), afDistance(0.000000)
2019-10-08 09:43:04.767 744-17989/? I/AntiBanding: onSubAlgoProcess() mAlgoCtx.continue_detect_cnt :0, mAlgoCtx.succ_detect_cnt : 0, mAlgoCtx.motion_flag = 0, detect_result:0, frequency_detected = 0,cur_expo = 20000
2019-10-08 09:43:04.772 20979-20994/? D/ContentProvider: openAssetFile
2019-10-08 09:43:04.772 613-613/? I/mediacomm@2.1-service: getMdcClient:114: get client<Camera, 6, 744>, channel<4, 1>, perfLev=1, powerStatue=0.
2019-10-08 09:43:04.772 613-613/? I/mediacomm@2.1-service: getMdcVotePerfLev:179: Connected Mdc client<Camera, 6, 744> channel<4, 1> perfLev<1>
2019-10-08 09:43:04.775 613-613/? I/mediacomm@2.1-service: doCopybit:495: client<Camera, 0> ret = 744 finish copybit -.
2019-10-08 09:43:04.775 744-17993/? I/GRALLOC: LockFlexLayout: baseFormat: 11, yStride: 640, ySize: 307200, uOffset: 307200,  uStride: 640
2019-10-08 09:43:04.776 744-17993/? I/GRALLOC: LockFlexLayout: baseFormat: 11, yStride: 640, ySize: 307200, uOffset: 307200,  uStride: 640
2019-10-08 09:43:04.776 744-17983/? I/HwaStatInfo: [3c6ca2b_64I] algotype is 0, videoRatio is 1.000000, ratio is 1.875000, faceNum is 0
2019-10-08 09:43:04.776 723-17960/? I/Camera3-Stream: getBuffer: Stream 0, 0xe8722380: Already dequeued max output buffers (7), wait for next returned one.
2019-10-08 09:43:04.776 744-17983/? I/HwaStatInfo: [3c6ca2b_64I] algotype is 0, videoRatio is 1.000000, ratio is 1.875000, faceNum is 0
2019-10-08 09:43:04.779 17711-17950/com.virobugs I/GRALLOC: LockFlexLayout: baseFormat: 11, yStride: 640, ySize: 307200, uOffset: 307200,  uStride: 640
2019-10-08 09:43:04.783 744-1263/? D/EnvImpl: [HWA_CAM3]getPackageName :  com.virobugs
2019-10-08 09:43:04.783 744-1263/? I/HwaUtils: [3c6ca2b_64I] getProductExtendName() path=EMILY
2019-10-08 09:43:04.783 744-1263/? I/HwaUtils: [3c6ca2b_64I] getOneCfgFile() path=NULL
2019-10-08 09:43:04.783 744-1263/? I/HwaDMapIpp: [3c6ca2b_64I] checkNeedSwapCalibrationData() ConfigFile NULL
2019-10-08 09:43:04.783 744-1263/? D/Misc____: [3c6ca2b_64D] enter loadRequest
2019-10-08 09:43:04.783 744-1263/? D/EnvImpl: [HWA_CAM3]getPackageName :  com.virobugs
2019-10-08 09:43:04.783 744-1263/? D/IppAlgoFilter: [HWA_CAM3]loadPreviewRequest() REQUEST_DMAP_SWAP, status:0
2019-10-08 09:43:04.784 744-1263/? D/EnvImpl: [HWA_CAM3]getPackageName :  com.virobugs
2019-10-08 09:43:04.784 744-1263/? I/chatty: uid=1013(media) pl#2 identical 1 line
2019-10-08 09:43:04.784 744-1263/? D/EnvImpl: [HWA_CAM3]getPackageName :  com.virobugs
2019-10-08 09:43:04.785 744-1254/? I/MRMain: [3c6ca2b_64I] onConfig ret: 0,mLastEnableStatus: 0
2019-10-08 09:43:04.789 20697-20697/? W/HSM_BG: NetAssistantHelper: DBHelper Create Database!  : SQLiteDatabase: /data/user_de/0/com.huawei.systemmanager/databases/netassistant.db
2019-10-08 09:43:04.792 744-17991/? I/EnvImpl: [HWA_CAM3]getArCalorieMode mArCalorieMode 0
2019-10-08 09:43:04.792 744-17986/? D/Misc____: [3c6ca2b_64D] onProcessFrame(666), afDistance(0.000000)
2019-10-08 09:43:04.792 744-17991/? I/cie: FaceStoryAlgo::isCurFrameRun isCurFrameRun. Process mode 0. 
2019-10-08 09:43:04.795 744-17983/? I/HwaStatInfo: [3c6ca2b_64I] algotype is 0, videoRatio is 1.000000, ratio is 1.875000, faceNum is 0
2019-10-08 09:43:04.802 744-17989/? I/AntiBanding: onSubAlgoProcess() mAlgoCtx.continue_detect_cnt :1, mAlgoCtx.succ_detect_cnt : 0, mAlgoCtx.motion_flag = 0, detect_result:0, frequency_detected = 0,cur_expo = 20000
2019-10-08 09:43:04.803 20697-20697/? E/HSM_BG: NetAssistantService:cursor valid
2019-10-08 09:43:04.806 613-613/? I/mediacomm@2.1-service: getMdcClient:114: get client<Camera, 6, 744>, channel<4, 1>, perfLev=1, powerStatue=0.
2019-10-08 09:43:04.806 613-613/? I/mediacomm@2.1-service: getMdcVotePerfLev:179: Connected Mdc client<Camera, 6, 744> channel<4, 1> perfLev<1>
2019-10-08 09:43:04.809 611-1341/? D/asd_primary_out: L[0],R[0], continus 20 times!
2019-10-08 09:43:04.811 613-613/? I/mediacomm@2.1-service: doCopybit:495: client<Camera, 0> ret = 744 finish copybit -.
2019-10-08 09:43:04.812 744-17993/? I/GRALLOC: LockFlexLayout: baseFormat: 11, yStride: 640, ySize: 307200, uOffset: 307200,  uStride: 640
2019-10-08 09:43:04.812 744-17993/? I/GRALLOC: LockFlexLayout: baseFormat: 11, yStride: 640, ySize: 307200, uOffset: 307200,  uStride: 640
2019-10-08 09:43:04.813 723-17960/? I/Camera3-Stream: getBuffer: Stream 0, 0xe8722380: Already dequeued max output buffers (7), wait for next returned one.
2019-10-08 09:43:04.815 17711-17950/com.virobugs I/GRALLOC: LockFlexLayout: baseFormat: 11, yStride: 640, ySize: 307200, uOffset: 307200,  uStride: 640
2019-10-08 09:43:04.818 744-1263/? D/EnvImpl: [HWA_CAM3]getPackageName :  com.virobugs
2019-10-08 09:43:04.818 744-1263/? I/HwaUtils: [3c6ca2b_64I] getProductExtendName() path=EMILY
2019-10-08 09:43:04.818 744-1263/? I/HwaUtils: [3c6ca2b_64I] getOneCfgFile() path=NULL
2019-10-08 09:43:04.818 744-1263/? I/HwaDMapIpp: [3c6ca2b_64I] checkNeedSwapCalibrationData() ConfigFile NULL
2019-10-08 09:43:04.818 744-1263/? D/Misc____: [3c6ca2b_64D] enter loadRequest
2019-10-08 09:43:04.818 744-1263/? D/EnvImpl: [HWA_CAM3]getPackageName :  com.virobugs
2019-10-08 09:43:04.818 744-1263/? D/IppAlgoFilter: [HWA_CAM3]loadPreviewRequest() REQUEST_DMAP_SWAP, status:0
2019-10-08 09:43:04.818 744-1263/? D/EnvImpl: [HWA_CAM3]getPackageName :  com.virobugs
2019-10-08 09:43:04.818 744-1263/? I/chatty: uid=1013(media) pl#2 identical 1 line
2019-10-08 09:43:04.818 744-1263/? D/EnvImpl: [HWA_CAM3]getPackageName :  com.virobugs
2019-10-08 09:43:04.821 744-1254/? I/MRMain: [3c6ca2b_64I] checkConfig(), enableV1=0, enableV2=0, enableV3=0
2019-10-08 09:43:04.830 744-17989/? I/AntiBanding: onSubAlgoProcess() mAlgoCtx.continue_detect_cnt :2, mAlgoCtx.succ_detect_cnt : 0, mAlgoCtx.motion_flag = 0, detect_result:0, frequency_detected = 0,cur_expo = 20000
2019-10-08 09:43:04.830 744-17986/? D/Misc____: [3c6ca2b_64D] onProcessFrame(666), afDistance(0.000000)
2019-10-08 09:43:04.831 744-17991/? I/EnvImpl: [HWA_CAM3]getArCalorieMode mArCalorieMode 0
2019-10-08 09:43:04.831 744-17991/? I/cie: FaceStoryAlgo::isCurFrameRun isCurFrameRun. Process mode 0. 
2019-10-08 09:43:04.834 613-613/? I/mediacomm@2.1-service: getMdcClient:114: get client<Camera, 6, 744>, channel<4, 1>, perfLev=1, powerStatue=0.
2019-10-08 09:43:04.834 613-613/? I/mediacomm@2.1-service: getMdcVotePerfLev:179: Connected Mdc client<Camera, 6, 744> channel<4, 1> perfLev<1>
2019-10-08 09:43:04.838 613-613/? I/mediacomm@2.1-service: doCopybit:495: client<Camera, 0> ret = 744 finish copybit -.
2019-10-08 09:43:04.839 744-17993/? I/GRALLOC: LockFlexLayout: baseFormat: 11, yStride: 640, ySize: 307200, uOffset: 307200,  uStride: 640
2019-10-08 09:43:04.839 744-17993/? I/GRALLOC: LockFlexLayout: baseFormat: 11, yStride: 640, ySize: 307200, uOffset: 307200,  uStride: 640
2019-10-08 09:43:04.841 723-17960/? I/Camera3-Stream: getBuffer: Stream 1, 0xe8721780: Already dequeued max output buffers (7), wait for next returned one.
2019-10-08 09:43:04.841 17711-17950/com.virobugs I/GRALLOC: LockFlexLayout: baseFormat: 11, yStride: 640, ySize: 307200, uOffset: 307200,  uStride: 640
2019-10-08 09:43:04.845 744-17983/? I/HwaStatInfo: [3c6ca2b_64I] algotype is 0, videoRatio is 1.000000, ratio is 1.875000, faceNum is 0
2019-10-08 09:43:04.846 744-1263/? D/EnvImpl: [HWA_CAM3]getPackageName :  com.virobugs
2019-10-08 09:43:04.847 744-1263/? I/HwaUtils: [3c6ca2b_64I] getProductExtendName() path=EMILY
2019-10-08 09:43:04.847 744-1263/? I/HwaUtils: [3c6ca2b_64I] getOneCfgFile() path=NULL
2019-10-08 09:43:04.847 744-1263/? I/HwaDMapIpp: [3c6ca2b_64I] checkNeedSwapCalibrationData() ConfigFile NULL
2019-10-08 09:43:04.847 744-1263/? D/Misc____: [3c6ca2b_64D] enter loadRequest
2019-10-08 09:43:04.847 744-1263/? D/EnvImpl: [HWA_CAM3]getPackageName :  com.virobugs
2019-10-08 09:43:04.847 744-1263/? D/IppAlgoFilter: [HWA_CAM3]loadPreviewRequest() REQUEST_DMAP_SWAP, status:0
2019-10-08 09:43:04.847 744-1263/? D/EnvImpl: [HWA_CAM3]getPackageName :  com.virobugs
2019-10-08 09:43:04.847 744-1263/? I/chatty: uid=1013(media) pl#2 identical 1 line
2019-10-08 09:43:04.847 744-1263/? D/EnvImpl: [HWA_CAM3]getPackageName :  com.virobugs
2019-10-08 09:43:04.865 744-17983/? I/HwaStatInfo: [3c6ca2b_64I] algotype is 0, videoRatio is 1.000000, ratio is 1.875000, faceNum is 0
2019-10-08 09:43:04.865 744-17986/? D/Misc____: [3c6ca2b_64D] onProcessFrame(666), afDistance(0.000000)
2019-10-08 09:43:04.866 744-17991/? I/EnvImpl: [HWA_CAM3]getArCalorieMode mArCalorieMode 0
2019-10-08 09:43:04.866 744-17991/? I/cie: SceneRecognition::isCurFrameRun needTrigger = 1
2019-10-08 09:43:04.866 744-17991/? I/cie: SceneRecognition::isCurFrameRun monoMode=0, mStatus=1, isCurFrameStable=1, lastStableState=1, mStableCnt=15, mUnStableCnt=0
2019-10-08 09:43:04.866 744-17991/? I/cie: FaceStoryAlgo::isCurFrameRun isCurFrameRun. Process mode 0. 
2019-10-08 09:43:04.866 744-17991/? I/cie: CIE::onProcess::SceneRecognition share buffer[112*112][0x7bbbf1c948][1] public preProcess running
2019-10-08 09:43:04.870 744-17991/? I/cie: Enter SceneRecognition::process
2019-10-08 09:43:04.870 613-613/? I/mediacomm@2.1-service: getMdcClient:114: get client<Camera, 6, 744>, channel<4, 1>, perfLev=1, powerStatue=0.
2019-10-08 09:43:04.870 613-613/? I/mediacomm@2.1-service: getMdcVotePerfLev:179: Connected Mdc client<Camera, 6, 744> channel<4, 1> perfLev<1>
2019-10-08 09:43:04.872 613-613/? I/mediacomm@2.1-service: doCopybit:495: client<Camera, 0> ret = 744 finish copybit -.
2019-10-08 09:43:04.874 744-17993/? I/GRALLOC: LockFlexLayout: baseFormat: 11, yStride: 640, ySize: 307200, uOffset: 307200,  uStride: 640
2019-10-08 09:43:04.874 744-17993/? I/GRALLOC: LockFlexLayout: baseFormat: 11, yStride: 640, ySize: 307200, uOffset: 307200,  uStride: 640
2019-10-08 09:43:04.875 723-17960/? I/Camera3-Stream: getBuffer: Stream 0, 0xe8722380: Already dequeued max output buffers (7), wait for next returned one.
2019-10-08 09:43:04.877 17711-17950/com.virobugs I/GRALLOC: LockFlexLayout: baseFormat: 11, yStride: 640, ySize: 307200, uOffset: 307200,  uStride: 640
2019-10-08 09:43:04.878 760-18007/? I/hcs: IPUTaskScheduler::AddTask Add task to task queue successs.
2019-10-08 09:43:04.878 760-18007/? I/hcs: IPUExecutor::ForwardCompute Insert Forward_compute task[model id: 0, task id: 1] to task queue success.
2019-10-08 09:43:04.878 760-8346/? I/hcs: IPUTaskScheduler::IPUTaskHandler IPU task queue has task now, we will back to work.
2019-10-08 09:43:04.879 760-8346/? I/hcs: IPUTaskScheduler::IPUTaskHandler Not pipeline running.
2019-10-08 09:43:04.881 744-1263/? D/EnvImpl: [HWA_CAM3]getPackageName :  com.virobugs
2019-10-08 09:43:04.881 744-1263/? I/HwaUtils: [3c6ca2b_64I] getProductExtendName() path=EMILY
2019-10-08 09:43:04.882 744-1263/? I/HwaUtils: [3c6ca2b_64I] getOneCfgFile() path=NULL
2019-10-08 09:43:04.882 744-1263/? I/HwaDMapIpp: [3c6ca2b_64I] checkNeedSwapCalibrationData() ConfigFile NULL
2019-10-08 09:43:04.882 744-1263/? D/Misc____: [3c6ca2b_64D] enter loadRequest
2019-10-08 09:43:04.882 744-1263/? D/EnvImpl: [HWA_CAM3]getPackageName :  com.virobugs
2019-10-08 09:43:04.882 744-1263/? D/IppAlgoFilter: [HWA_CAM3]loadPreviewRequest() REQUEST_DMAP_SWAP, status:0
2019-10-08 09:43:04.882 744-1263/? D/EnvImpl: [HWA_CAM3]getPackageName :  com.virobugs
2019-10-08 09:43:04.882 744-1263/? I/chatty: uid=1013(media) pl#2 identical 1 line
2019-10-08 09:43:04.882 744-1263/? D/EnvImpl: [HWA_CAM3]getPackageName :  com.virobugs
2019-10-08 09:43:04.899 744-17986/? D/Misc____: [3c6ca2b_64D] onProcessFrame(666), afDistance(0.000000)
2019-10-08 09:43:04.903 744-17989/? I/AntiBanding: onSubAlgoProcess() mAlgoCtx.continue_detect_cnt :0, mAlgoCtx.succ_detect_cnt : 0, mAlgoCtx.motion_flag = 0, detect_result:0, frequency_detected = 0,cur_expo = 20000
2019-10-08 09:43:04.904 744-17991/? I/EnvImpl: [HWA_CAM3]getArCalorieMode mArCalorieMode 0
2019-10-08 09:43:04.904 744-17991/? I/cie: FaceStoryAlgo::isCurFrameRun isCurFrameRun. Process mode 0. 
2019-10-08 09:43:04.906 760-8346/? I/hcs: IPUMngr_ForwardCompute Forward computing success.
2019-10-08 09:43:04.906 760-8346/? W/hcs: IPUTaskScheduler::GetIPUTask IPU task queue is empty!
2019-10-08 09:43:04.907 760-8346/? I/hcs: IPUTaskScheduler::IPUTaskHandler IPU task queue is empty, so we wait here for task.
2019-10-08 09:43:04.908 613-613/? I/mediacomm@2.1-service: getMdcClient:114: get client<Camera, 6, 744>, channel<4, 1>, perfLev=1, powerStatue=0.
2019-10-08 09:43:04.908 613-613/? I/mediacomm@2.1-service: getMdcVotePerfLev:179: Connected Mdc client<Camera, 6, 744> channel<4, 1> perfLev<1>
2019-10-08 09:43:04.911 744-11011/? I/cie: Enter SceneRecognitionListener::OnProcessDone
2019-10-08 09:43:04.911 744-11011/? I/cie: SceneRecognitionListener::convertResultToVec Result1:SUNSET Conf:0.092417.
2019-10-08 09:43:04.911 613-613/? I/mediacomm@2.1-service: doCopybit:495: client<Camera, 0> ret = 744 finish copybit -.
2019-10-08 09:43:04.911 744-11011/? I/cie: SceneRecognitionListener::convertResultToVec Result1:NIGHT Conf:0.075430.
2019-10-08 09:43:04.911 744-11011/? I/cie: SceneRecognitionListener::convertResultToVec Result1:CAT Conf:0.055611.
2019-10-08 09:43:04.911 744-11011/? I/cie: SceneRecognitionListener::convertResultToVec Result1:DOG Conf:0.020146.
2019-10-08 09:43:04.911 744-11011/? I/cie: SceneRecognitionListener::convertResultToVec Result1:FIREWORKS Conf:0.019372.
2019-10-08 09:43:04.911 744-11011/? I/cie: SceneRecognitionListener::convertResultToVec Result2:NIGHTWITHSKY Conf:972.895203.
2019-10-08 09:43:04.911 744-11011/? I/cie: SceneRecognitionListener::convertResultToVec Result2:NIGHTNOSKY Conf:27.104776.
2019-10-08 09:43:04.911 744-11011/? I/cie: SceneRecognition::filterSceneThd::i 950 0 0 64 1
2019-10-08 09:43:04.911 744-11011/? I/cie: SceneRecognition::filterSceneThd::i 950 80 0 64 1
2019-10-08 09:43:04.911 744-11011/? I/cie: SceneRecognition::filterSceneThd::i 950 0 0 64 1
2019-10-08 09:43:04.911 744-11011/? I/cie: SceneRecognition::filterSceneThd::i 950 0 0 64 1
2019-10-08 09:43:04.911 744-11011/? I/cie: SceneRecognition::filterSceneThd::i 950 80 0 64 1
2019-10-08 09:43:04.911 744-11011/? I/CIEProxy: CIECallBackMgr::onSceneRecognitionProcessDone rsltsOrig:SUNSET 3 0 
2019-10-08 09:43:04.911 744-11011/? I/CIEProxy: CIECallBackMgr::onSceneRecognitionProcessDone rsltsOrig:NIGHT 8 0 
2019-10-08 09:43:04.911 744-11011/? I/CIEProxy: CIECallBackMgr::onSceneRecognitionProcessDone rsltsOrig:CAT 11 0 
2019-10-08 09:43:04.911 744-11011/? I/CIEProxy: CIECallBackMgr::onSceneRecognitionProcessDone rsltsOrig:DOG 12 0 
2019-10-08 09:43:04.911 744-11011/? I/CIEProxy: CIECallBackMgr::onSceneRecognitionProcessDone rsltsOrig:FIREWORKS 13 0 
2019-10-08 09:43:04.911 744-11011/? D/EventCallbackImpl: [HWA_CAM3]enter notifySDResult() 
2019-10-08 09:43:04.911 744-17993/? I/GRALLOC: LockFlexLayout: baseFormat: 11, yStride: 640, ySize: 307200, uOffset: 307200,  uStride: 640
2019-10-08 09:43:04.911 744-11011/? D/EventCallbackImpl: [HWA_CAM3]enter notifyICSDResult() 
2019-10-08 09:43:04.912 744-17993/? I/GRALLOC: LockFlexLayout: baseFormat: 11, yStride: 640, ySize: 307200, uOffset: 307200,  uStride: 640
2019-10-08 09:43:04.913 723-17960/? I/Camera3-Stream: getBuffer: Stream 0, 0xe8722380: Already dequeued max output buffers (7), wait for next returned one.
2019-10-08 09:43:04.914 744-17983/? I/HwaStatInfo: [3c6ca2b_64I] algotype is 0, videoRatio is 1.000000, ratio is 1.875000, faceNum is 0
2019-10-08 09:43:04.915 17711-17950/com.virobugs I/GRALLOC: LockFlexLayout: baseFormat: 11, yStride: 640, ySize: 307200, uOffset: 307200,  uStride: 640
2019-10-08 09:43:04.916 744-1263/? D/EnvImpl: [HWA_CAM3]getPackageName :  com.virobugs
2019-10-08 09:43:04.917 744-1263/? I/HwaUtils: [3c6ca2b_64I] getProductExtendName() path=EMILY
2019-10-08 09:43:04.917 744-1263/? I/HwaUtils: [3c6ca2b_64I] getOneCfgFile() path=NULL
2019-10-08 09:43:04.917 744-1263/? I/HwaDMapIpp: [3c6ca2b_64I] checkNeedSwapCalibrationData() ConfigFile NULL
2019-10-08 09:43:04.917 744-1263/? D/Misc____: [3c6ca2b_64D] enter loadRequest
2019-10-08 09:43:04.917 744-1263/? D/EnvImpl: [HWA_CAM3]getPackageName :  com.virobugs
2019-10-08 09:43:04.917 744-1263/? D/IppAlgoFilter: [HWA_CAM3]loadPreviewRequest() REQUEST_DMAP_SWAP, status:0
2019-10-08 09:43:04.917 744-1263/? D/EnvImpl: [HWA_CAM3]getPackageName :  com.virobugs
2019-10-08 09:43:04.917 744-1263/? I/chatty: uid=1013(media) pl#2 identical 1 line
2019-10-08 09:43:04.917 744-1263/? D/EnvImpl: [HWA_CAM3]getPackageName :  com.virobugs
2019-10-08 09:43:04.929 744-17983/? I/HwaStatInfo: [3c6ca2b_64I] algotype is 0, videoRatio is 1.000000, ratio is 1.875000, faceNum is 0
2019-10-08 09:43:04.929 744-17986/? D/Misc____: [3c6ca2b_64D] onProcessFrame(666), afDistance(0.000000)
2019-10-08 09:43:04.930 744-17991/? I/EnvImpl: [HWA_CAM3]getArCalorieMode mArCalorieMode 0
2019-10-08 09:43:04.930 744-17991/? I/cie: FaceStoryAlgo::isCurFrameRun isCurFrameRun. Process mode 0. 
2019-10-08 09:43:04.936 613-613/? I/mediacomm@2.1-service: getMdcClient:114: get client<Camera, 6, 744>, channel<4, 1>, perfLev=1, powerStatue=0.
2019-10-08 09:43:04.936 613-613/? I/mediacomm@2.1-service: getMdcVotePerfLev:179: Connected Mdc client<Camera, 6, 744> channel<4, 1> perfLev<1>
2019-10-08 09:43:04.939 613-613/? I/mediacomm@2.1-service: doCopybit:495: client<Camera, 0> ret = 744 finish copybit -.
2019-10-08 09:43:04.939 744-17993/? I/GRALLOC: LockFlexLayout: baseFormat: 11, yStride: 640, ySize: 307200, uOffset: 307200,  uStride: 640
2019-10-08 09:43:04.939 744-17993/? I/GRALLOC: LockFlexLayout: baseFormat: 11, yStride: 640, ySize: 307200, uOffset: 307200,  uStride: 640
2019-10-08 09:43:04.940 723-17960/? I/Camera3-Stream: getBuffer: Stream 0, 0xe8722380: Already dequeued max output buffers (7), wait for next returned one.
2019-10-08 09:43:04.941 17711-17950/com.virobugs I/GRALLOC: LockFlexLayout: baseFormat: 11, yStride: 640, ySize: 307200, uOffset: 307200,  uStride: 640
2019-10-08 09:43:04.945 744-1263/? D/EnvImpl: [HWA_CAM3]getPackageName :  com.virobugs
2019-10-08 09:43:04.945 744-1263/? I/HwaUtils: [3c6ca2b_64I] getProductExtendName() path=EMILY
2019-10-08 09:43:04.945 744-1263/? I/HwaUtils: [3c6ca2b_64I] getOneCfgFile() path=NULL
2019-10-08 09:43:04.945 744-1263/? I/HwaDMapIpp: [3c6ca2b_64I] checkNeedSwapCalibrationData() ConfigFile NULL
2019-10-08 09:43:04.945 744-1263/? D/Misc____: [3c6ca2b_64D] enter loadRequest
2019-10-08 09:43:04.946 744-1263/? D/EnvImpl: [HWA_CAM3]getPackageName :  com.virobugs
2019-10-08 09:43:04.946 744-1263/? D/IppAlgoFilter: [HWA_CAM3]loadPreviewRequest() REQUEST_DMAP_SWAP, status:0
2019-10-08 09:43:04.946 744-1263/? D/EnvImpl: [HWA_CAM3]getPackageName :  com.virobugs
2019-10-08 09:43:04.946 744-1263/? I/chatty: uid=1013(media) pl#2 identical 1 line
2019-10-08 09:43:04.946 744-1263/? D/EnvImpl: [HWA_CAM3]getPackageName :  com.virobugs
2019-10-08 09:43:04.968 611-8154/? D/DlbDap2Process: process() called [92500] times
2019-10-08 09:43:04.968 611-8154/? D/DlbDap2Process: process in: cap=256 ch=2 stride=8 samplesize=4
2019-10-08 09:43:04.968 611-8154/? D/DlbDap2Process: process out: cap=256 ch=2 stride=8 samplesize=4
2019-10-08 09:43:04.968 613-613/? I/mediacomm@2.1-service: getMdcClient:114: get client<Camera, 6, 744>, channel<4, 1>, perfLev=1, powerStatue=0.
2019-10-08 09:43:04.968 613-613/? I/mediacomm@2.1-service: getMdcVotePerfLev:179: Connected Mdc client<Camera, 6, 744> channel<4, 1> perfLev<1>
2019-10-08 09:43:04.969 744-17986/? D/Misc____: [3c6ca2b_64D] onProcessFrame(666), afDistance(0.000000)
2019-10-08 09:43:04.970 744-17991/? I/EnvImpl: [HWA_CAM3]getArCalorieMode mArCalorieMode 0
2019-10-08 09:43:04.970 744-17991/? I/cie: FaceStoryAlgo::isCurFrameRun isCurFrameRun. Process mode 0. 
2019-10-08 09:43:04.972 613-613/? I/mediacomm@2.1-service: doCopybit:495: client<Camera, 0> ret = 744 finish copybit -.
2019-10-08 09:43:04.973 744-17993/? I/GRALLOC: LockFlexLayout: baseFormat: 11, yStride: 640, ySize: 307200, uOffset: 307200,  uStride: 640
2019-10-08 09:43:04.973 744-17993/? I/GRALLOC: LockFlexLayout: baseFormat: 11, yStride: 640, ySize: 307200, uOffset: 307200,  uStride: 640
2019-10-08 09:43:04.974 744-17989/? I/AntiBanding: onSubAlgoProcess() mAlgoCtx.continue_detect_cnt :0, mAlgoCtx.succ_detect_cnt : 0, mAlgoCtx.motion_flag = 0, detect_result:0, frequency_detected = 0,cur_expo = 20000
2019-10-08 09:43:04.976 723-17960/? I/Camera3-Stream: getBuffer: Stream 1, 0xe8721780: Already dequeued max output buffers (7), wait for next returned one.
2019-10-08 09:43:04.976 17711-17950/com.virobugs I/GRALLOC: LockFlexLayout: baseFormat: 11, yStride: 640, ySize: 307200, uOffset: 307200,  uStride: 640
2019-10-08 09:43:04.979 744-1263/? D/EnvImpl: [HWA_CAM3]getPackageName :  com.virobugs
2019-10-08 09:43:04.979 744-1263/? I/HwaUtils: [3c6ca2b_64I] getProductExtendName() path=EMILY
2019-10-08 09:43:04.979 744-1263/? I/HwaUtils: [3c6ca2b_64I] getOneCfgFile() path=NULL
2019-10-08 09:43:04.979 744-1263/? I/HwaDMapIpp: [3c6ca2b_64I] checkNeedSwapCalibrationData() ConfigFile NULL
2019-10-08 09:43:04.979 744-1263/? D/Misc____: [3c6ca2b_64D] enter loadRequest
2019-10-08 09:43:04.979 744-1263/? D/EnvImpl: [HWA_CAM3]getPackageName :  com.virobugs
2019-10-08 09:43:04.979 744-1263/? D/IppAlgoFilter: [HWA_CAM3]loadPreviewRequest() REQUEST_DMAP_SWAP, status:0
2019-10-08 09:43:04.979 20697-20697/? E/HSM_BG: NetAppManager:sysncRoamingData no data
2019-10-08 09:43:04.979 744-1263/? D/EnvImpl: [HWA_CAM3]getPackageName :  com.virobugs
2019-10-08 09:43:04.979 744-1263/? I/chatty: uid=1013(media) pl#2 identical 1 line
2019-10-08 09:43:04.979 744-1263/? D/EnvImpl: [HWA_CAM3]getPackageName :  com.virobugs
2019-10-08 09:43:04.981 744-17983/? I/HwaStatInfo: [3c6ca2b_64I] algotype is 0, videoRatio is 1.000000, ratio is 1.875000, faceNum is 0
2019-10-08 09:43:04.999 744-17983/? I/HwaStatInfo: [3c6ca2b_64I] algotype is 0, videoRatio is 1.000000, ratio is 1.875000, faceNum is 0
2019-10-08 09:43:05.000 744-17991/? I/EnvImpl: [HWA_CAM3]getArCalorieMode mArCalorieMode 0
2019-10-08 09:43:05.000 744-17991/? I/cie: FaceStoryAlgo::isCurFrameRun isCurFrameRun. Process mode 0. 
2019-10-08 09:43:05.001 744-17986/? D/Misc____: [3c6ca2b_64D] onProcessFrame(666), afDistance(0.000000)
2019-10-08 09:43:05.003 613-613/? I/mediacomm@2.1-service: getMdcClient:114: get client<Camera, 6, 744>, channel<4, 1>, perfLev=1, powerStatue=0.
2019-10-08 09:43:05.003 613-613/? I/mediacomm@2.1-service: getMdcVotePerfLev:179: Connected Mdc client<Camera, 6, 744> channel<4, 1> perfLev<1>
2019-10-08 09:43:05.003 744-17989/? I/AntiBanding: onSubAlgoProcess() mAlgoCtx.continue_detect_cnt :1, mAlgoCtx.succ_detect_cnt : 1, mAlgoCtx.motion_flag = 0, detect_result:1, frequency_detected = 104,cur_expo = 20000
2019-10-08 09:43:05.006 613-613/? I/mediacomm@2.1-service: doCopybit:495: client<Camera, 0> ret = 744 finish copybit -.
2019-10-08 09:43:05.006 744-17993/? I/GRALLOC: LockFlexLayout: baseFormat: 11, yStride: 640, ySize: 307200, uOffset: 307200,  uStride: 640
2019-10-08 09:43:05.007 744-17993/? I/GRALLOC: LockFlexLayout: baseFormat: 11, yStride: 640, ySize: 307200, uOffset: 307200,  uStride: 640
2019-10-08 09:43:05.008 723-17960/? I/Camera3-Stream: getBuffer: Stream 0, 0xe8722380: Already dequeued max output buffers (7), wait for next returned one.
2019-10-08 09:43:05.011 17711-17950/com.virobugs I/GRALLOC: LockFlexLayout: baseFormat: 11, yStride: 640, ySize: 307200, uOffset: 307200,  uStride: 640
2019-10-08 09:43:05.016 744-1263/? D/EnvImpl: [HWA_CAM3]getPackageName :  com.virobugs
2019-10-08 09:43:05.016 744-1263/? I/HwaUtils: [3c6ca2b_64I] getProductExtendName() path=EMILY
2019-10-08 09:43:05.016 744-1263/? I/HwaUtils: [3c6ca2b_64I] getOneCfgFile() path=NULL
2019-10-08 09:43:05.017 744-1263/? I/HwaDMapIpp: [3c6ca2b_64I] checkNeedSwapCalibrationData() ConfigFile NULL
2019-10-08 09:43:05.017 744-1263/? D/Misc____: [3c6ca2b_64D] enter loadRequest
2019-10-08 09:43:05.017 744-1263/? D/EnvImpl: [HWA_CAM3]getPackageName :  com.virobugs
2019-10-08 09:43:05.017 744-1263/? D/IppAlgoFilter: [HWA_CAM3]loadPreviewRequest() REQUEST_DMAP_SWAP, status:0
2019-10-08 09:43:05.017 744-1263/? D/EnvImpl: [HWA_CAM3]getPackageName :  com.virobugs
2019-10-08 09:43:05.017 744-1263/? I/chatty: uid=1013(media) pl#2 identical 1 line
2019-10-08 09:43:05.017 744-1263/? D/EnvImpl: [HWA_CAM3]getPackageName :  com.virobugs
2019-10-08 09:43:05.019 20979-20994/? D/ContentProvider: openAssetFile
2019-10-08 09:43:05.026 744-17986/? D/Misc____: [3c6ca2b_64D] onProcessFrame(666), afDistance(0.000000)
2019-10-08 09:43:05.027 744-17991/? I/EnvImpl: [HWA_CAM3]getArCalorieMode mArCalorieMode 0
2019-10-08 09:43:05.027 744-17991/? I/cie: FaceStoryAlgo::isCurFrameRun isCurFrameRun. Process mode 0. 
2019-10-08 09:43:05.030 20979-20994/? D/ContentProvider: openAssetFile
2019-10-08 09:43:05.031 613-613/? I/mediacomm@2.1-service: getMdcClient:114: get client<Camera, 6, 744>, channel<4, 1>, perfLev=1, powerStatue=0.
2019-10-08 09:43:05.031 613-613/? I/mediacomm@2.1-service: getMdcVotePerfLev:179: Connected Mdc client<Camera, 6, 744> channel<4, 1> perfLev<1>
2019-10-08 09:43:05.033 613-613/? I/mediacomm@2.1-service: doCopybit:495: client<Camera, 0> ret = 744 finish copybit -.
2019-10-08 09:43:05.034 744-17993/? I/GRALLOC: LockFlexLayout: baseFormat: 11, yStride: 640, ySize: 307200, uOffset: 307200,  uStride: 640
2019-10-08 09:43:05.034 744-17993/? I/GRALLOC: LockFlexLayout: baseFormat: 11, yStride: 640, ySize: 307200, uOffset: 307200,  uStride: 640
2019-10-08 09:43:05.035 723-17960/? I/Camera3-Stream: getBuffer: Stream 0, 0xe8722380: Already dequeued max output buffers (7), wait for next returned one.
2019-10-08 09:43:05.039 20979-20994/? D/ContentProvider: openAssetFile
2019-10-08 09:43:05.043 744-17983/? I/HwaStatInfo: [3c6ca2b_64I] algotype is 0, videoRatio is 1.000000, ratio is 1.875000, faceNum is 0
2019-10-08 09:43:05.061 744-17991/? I/EnvImpl: [HWA_CAM3]getArCalorieMode mArCalorieMode 0
2019-10-08 09:43:05.062 744-17991/? I/cie: FaceStoryAlgo::isCurFrameRun isCurFrameRun. Process mode 0. 
