    --------- beginning of system
2019-10-08 09:55:56.108 1173-1613/? I/HwAudioServiceEx: check HiRes Icon false
2019-10-08 09:55:56.108 723-22429/? I/Camera3-Stream: getBuffer: Stream 0, 0xe84dc800: Already dequeued max output buffers (7), wait for next returned one.
2019-10-08 09:55:56.109 22181-22421/com.virobugs I/GRALLOC: LockFlexLayout: baseFormat: 11, yStride: 640, ySize: 307200, uOffset: 307200,  uStride: 640
2019-10-08 09:55:56.110 1173-1613/? W/ActivityManager: Sending non-protected broadcast huawei.intent.action.hideHiResIcon from system 1173:system/1000 pkg android
2019-10-08 09:55:56.110 1173-1613/? W/ActivityManager: Sending non-protected broadcast huawei.intent.action.hideHiResIcon from system 1173:system/1000 pkg android
2019-10-08 09:55:56.111 744-1263/? D/EnvImpl: [HWA_CAM3]getPackageName :  com.virobugs
2019-10-08 09:55:56.111 744-1263/? I/HwaUtils: [3c6ca2b_64I] getProductExtendName() path=EMILY
2019-10-08 09:55:56.111 744-1263/? I/HwaUtils: [3c6ca2b_64I] getOneCfgFile() path=NULL
2019-10-08 09:55:56.112 744-1263/? I/HwaDMapIpp: [3c6ca2b_64I] checkNeedSwapCalibrationData() ConfigFile NULL
2019-10-08 09:55:56.112 744-1263/? D/Misc____: [3c6ca2b_64D] enter loadRequest
2019-10-08 09:55:56.112 744-1263/? D/EnvImpl: [HWA_CAM3]getPackageName :  com.virobugs
2019-10-08 09:55:56.112 744-1263/? D/IppAlgoFilter: [HWA_CAM3]loadPreviewRequest() REQUEST_DMAP_SWAP, status:0
2019-10-08 09:55:56.112 744-1263/? D/EnvImpl: [HWA_CAM3]getPackageName :  com.virobugs
2019-10-08 09:55:56.112 744-1263/? I/chatty: uid=1013(media) pl#2 identical 1 line
2019-10-08 09:55:56.112 744-1263/? D/EnvImpl: [HWA_CAM3]getPackageName :  com.virobugs
2019-10-08 09:55:56.131 26952-26967/? I/AwareBitmapCacher: init processName:com.huawei.android.launcher pid=26952 uid=10104
2019-10-08 09:55:56.136 611-17804/? I/audio_hw_primary: usb_ext_get_parameters: check show hires (false)
2019-10-08 09:55:56.136 634-634/? I/hash_map_utils: key: 'typec_need_show_hires' value: ''
2019-10-08 09:55:56.136 634-634/? I/bt_a2dp_hw: adev_get_parameters: audio a2dp receive kvpairs typec_need_show_hires ,but need not handle
2019-10-08 09:55:56.137 1173-1613/? I/chatty: uid=1000(system) Thread-12 identical 1 line
2019-10-08 09:55:56.137 1173-1613/? W/ActivityManager: Sending non-protected broadcast huawei.intent.action.hideHiResIcon from system 1173:system/1000 pkg android
2019-10-08 09:55:56.137 1173-1613/? W/ActivityManager: Sending non-protected broadcast huawei.intent.action.hideHiResIcon from system 1173:system/1000 pkg android
2019-10-08 09:55:56.139 744-22456/? D/Misc____: [3c6ca2b_64D] onProcessFrame(666), afDistance(0.000000)
2019-10-08 09:55:56.140 744-22462/? I/EnvImpl: [HWA_CAM3]getArCalorieMode mArCalorieMode 0
2019-10-08 09:55:56.140 744-22462/? I/cie: FaceStoryAlgo::isCurFrameRun isCurFrameRun. Process mode 0.
2019-10-08 09:55:56.142 613-613/? I/mediacomm@2.1-service: getMdcClient:114: get client<Camera, 7, 744>, channel<4, 1>, perfLev=1, powerStatue=0.
2019-10-08 09:55:56.142 613-613/? I/mediacomm@2.1-service: getMdcVotePerfLev:179: Connected Mdc client<Camera, 7, 744> channel<4, 1> perfLev<1>
2019-10-08 09:55:56.144 613-613/? I/mediacomm@2.1-service: doCopybit:495: client<Camera, 0> ret = 744 finish copybit -.
2019-10-08 09:55:56.145 744-22464/? I/GRALLOC: LockFlexLayout: baseFormat: 11, yStride: 640, ySize: 307200, uOffset: 307200,  uStride: 640
2019-10-08 09:55:56.145 744-22464/? I/GRALLOC: LockFlexLayout: baseFormat: 11, yStride: 640, ySize: 307200, uOffset: 307200,  uStride: 640
2019-10-08 09:55:56.145 723-22429/? I/Camera3-Stream: getBuffer: Stream 0, 0xe84dc800: Already dequeued max output buffers (7), wait for next returned one.
2019-10-08 09:55:56.146 22181-22421/com.virobugs I/GRALLOC: LockFlexLayout: baseFormat: 11, yStride: 640, ySize: 307200, uOffset: 307200,  uStride: 640
2019-10-08 09:55:56.147 744-1263/? D/EnvImpl: [HWA_CAM3]getPackageName :  com.virobugs
2019-10-08 09:55:56.147 744-1263/? I/HwaUtils: [3c6ca2b_64I] getProductExtendName() path=EMILY
2019-10-08 09:55:56.149 744-1263/? I/HwaUtils: [3c6ca2b_64I] getOneCfgFile() path=NULL
2019-10-08 09:55:56.149 744-1263/? I/HwaDMapIpp: [3c6ca2b_64I] checkNeedSwapCalibrationData() ConfigFile NULL
2019-10-08 09:55:56.149 744-1263/? D/Misc____: [3c6ca2b_64D] enter loadRequest
2019-10-08 09:55:56.149 744-1263/? D/EnvImpl: [HWA_CAM3]getPackageName :  com.virobugs
2019-10-08 09:55:56.149 744-1263/? D/IppAlgoFilter: [HWA_CAM3]loadPreviewRequest() REQUEST_DMAP_SWAP, status:0
2019-10-08 09:55:56.149 744-1263/? D/EnvImpl: [HWA_CAM3]getPackageName :  com.virobugs
2019-10-08 09:55:56.149 744-1263/? I/chatty: uid=1013(media) pl#2 identical 1 line
2019-10-08 09:55:56.149 744-1263/? D/EnvImpl: [HWA_CAM3]getPackageName :  com.virobugs
2019-10-08 09:55:56.152 26738-26738/? D/AwareBitmapCacher: handleInit disable android.process.acore
2019-10-08 09:55:56.153 744-22453/? I/HwaStatInfo: [3c6ca2b_64I] algotype is 0, videoRatio is 1.000000, ratio is 1.875000, faceNum is 0
2019-10-08 09:55:56.154 611-17804/? I/audio_hw_primary: usb_ext_get_parameters: check show hires (false)
2019-10-08 09:55:56.154 634-634/? I/hash_map_utils: key: 'typec_need_show_hires' value: ''
2019-10-08 09:55:56.154 634-634/? I/bt_a2dp_hw: adev_get_parameters: audio a2dp receive kvpairs typec_need_show_hires ,but need not handle
2019-10-08 09:55:56.155 1173-1613/? I/HwAudioServiceEx: check HiRes Icon false
2019-10-08 09:55:56.169 744-22453/? I/HwaStatInfo: [3c6ca2b_64I] algotype is 0, videoRatio is 1.000000, ratio is 1.875000, faceNum is 0
2019-10-08 09:55:56.170 744-22462/? I/EnvImpl: [HWA_CAM3]getArCalorieMode mArCalorieMode 0
2019-10-08 09:55:56.170 744-22462/? I/cie: FaceStoryAlgo::isCurFrameRun isCurFrameRun. Process mode 0.
2019-10-08 09:55:56.171 1173-4876/? D/PackageManager: resolve intent for uid:10104, matchs:2, res:ResolveInfo{1318ec4 com.huawei.android.launcher/.unihome.UniHomeLauncher m=0x108000}
2019-10-08 09:55:56.171 26456-26456/? E/HSM_SEC_BG: HoldService:get uid of csp fail.
2019-10-08 09:55:56.172 1173-1613/? W/ActivityManager: Sending non-protected broadcast huawei.intent.action.hideHiResIcon from system 1173:system/1000 pkg android
2019-10-08 09:55:56.172 1173-1613/? W/ActivityManager: Sending non-protected broadcast huawei.intent.action.hideHiResIcon from system 1173:system/1000 pkg android
2019-10-08 09:55:56.172 613-613/? I/mediacomm@2.1-service: getMdcClient:114: get client<Camera, 7, 744>, channel<4, 1>, perfLev=1, powerStatue=0.
2019-10-08 09:55:56.172 613-613/? I/mediacomm@2.1-service: getMdcVotePerfLev:179: Connected Mdc client<Camera, 7, 744> channel<4, 1> perfLev<1>
2019-10-08 09:55:56.174 26952-26952/? I/HwLauncher:  sHwDebug:false ; sHwInfo:false ; hwModuleLog:false
2019-10-08 09:55:56.174 613-613/? I/mediacomm@2.1-service: doCopybit:495: client<Camera, 0> ret = 744 finish copybit -.
2019-10-08 09:55:56.174 744-22459/? I/AntiBanding: onSubAlgoProcess() mAlgoCtx.continue_detect_cnt :0, mAlgoCtx.succ_detect_cnt : 0, mAlgoCtx.motion_flag = 0, detect_result:0, frequency_detected = 0,cur_expo = 30000
2019-10-08 09:55:56.174 744-22464/? I/GRALLOC: LockFlexLayout: baseFormat: 11, yStride: 640, ySize: 307200, uOffset: 307200,  uStride: 640
2019-10-08 09:55:56.174 744-22464/? I/GRALLOC: LockFlexLayout: baseFormat: 11, yStride: 640, ySize: 307200, uOffset: 307200,  uStride: 640
2019-10-08 09:55:56.174 744-22456/? D/Misc____: [3c6ca2b_64D] onProcessFrame(666), afDistance(0.000000)
2019-10-08 09:55:56.175 723-22429/? I/Camera3-Stream: getBuffer: Stream 0, 0xe84dc800: Already dequeued max output buffers (7), wait for next returned one.
2019-10-08 09:55:56.175 22181-22421/com.virobugs I/GRALLOC: LockFlexLayout: baseFormat: 11, yStride: 640, ySize: 307200, uOffset: 307200,  uStride: 640
2019-10-08 09:55:56.178 744-1263/? D/EnvImpl: [HWA_CAM3]getPackageName :  com.virobugs
2019-10-08 09:55:56.178 744-1263/? I/HwaUtils: [3c6ca2b_64I] getProductExtendName() path=EMILY
2019-10-08 09:55:56.178 744-1263/? I/HwaUtils: [3c6ca2b_64I] getOneCfgFile() path=NULL
2019-10-08 09:55:56.178 744-1263/? I/HwaDMapIpp: [3c6ca2b_64I] checkNeedSwapCalibrationData() ConfigFile NULL
2019-10-08 09:55:56.178 744-1263/? D/Misc____: [3c6ca2b_64D] enter loadRequest
2019-10-08 09:55:56.178 744-1263/? D/EnvImpl: [HWA_CAM3]getPackageName :  com.virobugs
2019-10-08 09:55:56.178 744-1263/? D/IppAlgoFilter: [HWA_CAM3]loadPreviewRequest() REQUEST_DMAP_SWAP, status:0
2019-10-08 09:55:56.178 744-1263/? D/EnvImpl: [HWA_CAM3]getPackageName :  com.virobugs
2019-10-08 09:55:56.178 744-1263/? I/chatty: uid=1013(media) pl#2 identical 1 line
2019-10-08 09:55:56.178 744-1263/? D/EnvImpl: [HWA_CAM3]getPackageName :  com.virobugs
2019-10-08 09:55:56.201 26952-26952/? I/HwLauncher: LauncherProvider onCreate
2019-10-08 09:55:56.205 744-22456/? D/Misc____: [3c6ca2b_64D] onProcessFrame(666), afDistance(0.000000)
2019-10-08 09:55:56.205 744-22462/? I/EnvImpl: [HWA_CAM3]getArCalorieMode mArCalorieMode 0
2019-10-08 09:55:56.205 744-22462/? I/cie: FaceStoryAlgo::isCurFrameRun isCurFrameRun. Process mode 0.
2019-10-08 09:55:56.207 744-22459/? I/AntiBanding: onSubAlgoProcess() mAlgoCtx.continue_detect_cnt :1, mAlgoCtx.succ_detect_cnt : 0, mAlgoCtx.motion_flag = 0, detect_result:0, frequency_detected = 26,cur_expo = 30000
2019-10-08 09:55:56.207 613-613/? I/mediacomm@2.1-service: getMdcClient:114: get client<Camera, 7, 744>, channel<4, 1>, perfLev=1, powerStatue=0.
2019-10-08 09:55:56.207 613-613/? I/mediacomm@2.1-service: getMdcVotePerfLev:179: Connected Mdc client<Camera, 7, 744> channel<4, 1> perfLev<1>
2019-10-08 09:55:56.211 613-613/? I/mediacomm@2.1-service: doCopybit:495: client<Camera, 0> ret = 744 finish copybit -.
2019-10-08 09:55:56.211 744-22464/? I/GRALLOC: LockFlexLayout: baseFormat: 11, yStride: 640, ySize: 307200, uOffset: 307200,  uStride: 640
2019-10-08 09:55:56.211 744-22464/? I/GRALLOC: LockFlexLayout: baseFormat: 11, yStride: 640, ySize: 307200, uOffset: 307200,  uStride: 640
2019-10-08 09:55:56.212 723-22429/? I/Camera3-Stream: getBuffer: Stream 0, 0xe84dc800: Already dequeued max output buffers (7), wait for next returned one.
2019-10-08 09:55:56.213 22181-22421/com.virobugs I/GRALLOC: LockFlexLayout: baseFormat: 11, yStride: 640, ySize: 307200, uOffset: 307200,  uStride: 640
2019-10-08 09:55:56.214 744-1263/? D/EnvImpl: [HWA_CAM3]getPackageName :  com.virobugs
2019-10-08 09:55:56.214 744-1263/? I/HwaUtils: [3c6ca2b_64I] getProductExtendName() path=EMILY
2019-10-08 09:55:56.214 744-1263/? I/HwaUtils: [3c6ca2b_64I] getOneCfgFile() path=NULL
2019-10-08 09:55:56.214 744-1263/? I/HwaDMapIpp: [3c6ca2b_64I] checkNeedSwapCalibrationData() ConfigFile NULL
2019-10-08 09:55:56.214 744-1263/? D/Misc____: [3c6ca2b_64D] enter loadRequest
2019-10-08 09:55:56.214 744-1263/? D/EnvImpl: [HWA_CAM3]getPackageName :  com.virobugs
2019-10-08 09:55:56.214 744-1263/? D/IppAlgoFilter: [HWA_CAM3]loadPreviewRequest() REQUEST_DMAP_SWAP, status:0
2019-10-08 09:55:56.214 744-1263/? D/EnvImpl: [HWA_CAM3]getPackageName :  com.virobugs
2019-10-08 09:55:56.214 744-1263/? I/chatty: uid=1013(media) pl#2 identical 1 line
2019-10-08 09:55:56.214 744-1263/? D/EnvImpl: [HWA_CAM3]getPackageName :  com.virobugs
2019-10-08 09:55:56.219 744-22453/? I/HwaStatInfo: [3c6ca2b_64I] algotype is 0, videoRatio is 1.000000, ratio is 1.875000, faceNum is 0
2019-10-08 09:55:56.236 744-22453/? I/HwaStatInfo: [3c6ca2b_64I] algotype is 0, videoRatio is 1.000000, ratio is 1.875000, faceNum is 0
2019-10-08 09:55:56.236 744-22462/? I/EnvImpl: [HWA_CAM3]getArCalorieMode mArCalorieMode 0
2019-10-08 09:55:56.236 744-22462/? I/cie: SceneRecognition::isCurFrameRun needTrigger = 1
2019-10-08 09:55:56.236 744-22462/? I/cie: SceneRecognition::isCurFrameRun monoMode=0, mStatus=1, isCurFrameStable=1, lastStableState=1, mStableCnt=15, mUnStableCnt=0
2019-10-08 09:55:56.236 744-22459/? I/AntiBanding: onSubAlgoProcess() mAlgoCtx.continue_detect_cnt :2, mAlgoCtx.succ_detect_cnt : 0, mAlgoCtx.motion_flag = 0, detect_result:0, frequency_detected = 0,cur_expo = 30000
2019-10-08 09:55:56.237 744-22456/? D/Misc____: [3c6ca2b_64D] onProcessFrame(666), afDistance(0.000000)
2019-10-08 09:55:56.239 744-22462/? I/cie: FaceStoryAlgo::isCurFrameRun isCurFrameRun. Process mode 0.
2019-10-08 09:55:56.239 744-22462/? I/cie: CIE::onProcess::SceneRecognition share buffer[112*112][0x7bbbf1cf48][1] public preProcess running
2019-10-08 09:55:56.240 613-613/? I/mediacomm@2.1-service: getMdcClient:114: get client<Camera, 7, 744>, channel<4, 1>, perfLev=1, powerStatue=0.
2019-10-08 09:55:56.240 613-613/? I/mediacomm@2.1-service: getMdcVotePerfLev:179: Connected Mdc client<Camera, 7, 744> channel<4, 1> perfLev<1>
2019-10-08 09:55:56.242 1173-4876/? I/ActivityManager: Need to start process com.google.process.gservices for provider ContentProviderInfo{name=com.google.android.gsf.gservices className=com.google.android.gsf.gservices.GservicesProvider}, callerApp: ProcessRecord{45cf4e7 26925:com.google.android.gms.persistent/u0a24}
2019-10-08 09:55:56.242 744-22462/? I/cie: Enter SceneRecognition::process
2019-10-08 09:55:56.242 1173-4876/? V/ActivityManager: startProcess: name=com.google.process.gservices app=null knownToBeDead=false thread=null pid=-1
2019-10-08 09:55:56.242 613-613/? I/mediacomm@2.1-service: doCopybit:495: client<Camera, 0> ret = 744 finish copybit -.
2019-10-08 09:55:56.243 744-22464/? I/GRALLOC: LockFlexLayout: baseFormat: 11, yStride: 640, ySize: 307200, uOffset: 307200,  uStride: 640
2019-10-08 09:55:56.243 744-22464/? I/GRALLOC: LockFlexLayout: baseFormat: 11, yStride: 640, ySize: 307200, uOffset: 307200,  uStride: 640
2019-10-08 09:55:56.244 723-22429/? I/Camera3-Stream: getBuffer: Stream 0, 0xe84dc800: Already dequeued max output buffers (7), wait for next returned one.
2019-10-08 09:55:56.245 22181-22421/com.virobugs I/GRALLOC: LockFlexLayout: baseFormat: 11, yStride: 640, ySize: 307200, uOffset: 307200,  uStride: 640
2019-10-08 09:55:56.248 744-1263/? D/EnvImpl: [HWA_CAM3]getPackageName :  com.virobugs
2019-10-08 09:55:56.248 744-1263/? I/HwaUtils: [3c6ca2b_64I] getProductExtendName() path=EMILY
2019-10-08 09:55:56.248 744-1263/? I/HwaUtils: [3c6ca2b_64I] getOneCfgFile() path=NULL
2019-10-08 09:55:56.248 744-1263/? I/HwaDMapIpp: [3c6ca2b_64I] checkNeedSwapCalibrationData() ConfigFile NULL
2019-10-08 09:55:56.248 744-1263/? D/Misc____: [3c6ca2b_64D] enter loadRequest
2019-10-08 09:55:56.248 744-1263/? D/EnvImpl: [HWA_CAM3]getPackageName :  com.virobugs
2019-10-08 09:55:56.248 744-1263/? D/IppAlgoFilter: [HWA_CAM3]loadPreviewRequest() REQUEST_DMAP_SWAP, status:0
2019-10-08 09:55:56.248 744-1263/? D/EnvImpl: [HWA_CAM3]getPackageName :  com.virobugs
2019-10-08 09:55:56.251 1173-4876/? V/ActivityManager_MU: Waiting to start provider ContentProviderRecord{1198ce2 u0 com.google.android.gsf/.gservices.GservicesProvider} launchingApp=ProcessRecord{b31b1ad 0:com.google.process.gservices/u0a24} caller pid= 26925
2019-10-08 09:55:56.269 744-22462/? W/cie: CIE::onProcess::SceneRecognition [Warning](TimeCost>20ms)  onProcess success,TimeCost: 26(ms)
2019-10-08 09:55:56.271 744-22462/? I/EnvImpl: [HWA_CAM3]getArCalorieMode mArCalorieMode 0
2019-10-08 09:55:56.271 744-22462/? I/cie: FaceStoryAlgo::isCurFrameRun isCurFrameRun. Process mode 0.
2019-10-08 09:55:56.271 744-22456/? D/Misc____: [3c6ca2b_64D] onProcessFrame(666), afDistance(0.000000)
2019-10-08 09:55:56.273 613-613/? I/mediacomm@2.1-service: getMdcClient:114: get client<Camera, 7, 744>, channel<4, 1>, perfLev=1, powerStatue=0.
2019-10-08 09:55:56.274 613-613/? I/mediacomm@2.1-service: getMdcVotePerfLev:179: Connected Mdc client<Camera, 7, 744> channel<4, 1> perfLev<1>
2019-10-08 09:55:56.276 613-613/? I/mediacomm@2.1-service: doCopybit:495: client<Camera, 0> ret = 744 finish copybit -.
2019-10-08 09:55:56.276 744-22464/? I/GRALLOC: LockFlexLayout: baseFormat: 11, yStride: 640, ySize: 307200, uOffset: 307200,  uStride: 640
2019-10-08 09:55:56.276 744-22464/? I/GRALLOC: LockFlexLayout: baseFormat: 11, yStride: 640, ySize: 307200, uOffset: 307200,  uStride: 640
2019-10-08 09:55:56.277 723-22429/? I/Camera3-Stream: getBuffer: Stream 0, 0xe84dc800: Already dequeued max output buffers (7), wait for next returned one.
2019-10-08 09:55:56.278 581-581/? I/Zygote: say something before unblock SIGCHLD, uid: 10024 pid: 26985, do not delete this log!
2019-10-08 09:55:56.281 744-1263/? D/EnvImpl: [HWA_CAM3]getPackageName :  com.virobugs
2019-10-08 09:55:56.281 744-1263/? I/HwaUtils: [3c6ca2b_64I] getProductExtendName() path=EMILY
2019-10-08 09:55:56.281 744-1263/? I/HwaUtils: [3c6ca2b_64I] getOneCfgFile() path=NULL
2019-10-08 09:55:56.281 744-1263/? I/HwaDMapIpp: [3c6ca2b_64I] checkNeedSwapCalibrationData() ConfigFile NULL
2019-10-08 09:55:56.281 744-1263/? D/Misc____: [3c6ca2b_64D] enter loadRequest
2019-10-08 09:55:56.281 744-1263/? D/EnvImpl: [HWA_CAM3]getPackageName :  com.virobugs
2019-10-08 09:55:56.281 744-1263/? D/IppAlgoFilter: [HWA_CAM3]loadPreviewRequest() REQUEST_DMAP_SWAP, status:0
2019-10-08 09:55:56.281 744-1263/? D/EnvImpl: [HWA_CAM3]getPackageName :  com.virobugs
2019-10-08 09:55:56.281 744-1263/? I/chatty: uid=1013(media) pl#2 identical 1 line
2019-10-08 09:55:56.281 744-1263/? D/EnvImpl: [HWA_CAM3]getPackageName :  com.virobugs
2019-10-08 09:55:56.285 744-22453/? I/HwaStatInfo: [3c6ca2b_64I] algotype is 0, videoRatio is 1.000000, ratio is 1.875000, faceNum is 0
2019-10-08 09:55:56.288 760-22478/? I/hcs: IPUTaskScheduler::AddTask Add task to task queue successs.
2019-10-08 09:55:56.288 760-22478/? I/hcs: IPUExecutor::ForwardCompute Insert Forward_compute task[model id: 0, task id: 1] to task queue success.
2019-10-08 09:55:56.289 1173-1280/? I/ActivityManager: Start proc 26985:com.google.process.gservices/u0a24 for content provider com.google.android.gsf/.gservices.GservicesProvider
2019-10-08 09:55:56.292 1173-1834/? E/ProcessInfoCollector: getProcessInfo: failed to find this proc
2019-10-08 09:55:56.293 760-8346/? I/hcs: IPUTaskScheduler::IPUTaskHandler IPU task queue has task now, we will back to work.
2019-10-08 09:55:56.293 760-8346/? I/hcs: IPUTaskScheduler::IPUTaskHandler Not pipeline running.
2019-10-08 09:55:56.297 26985-26985/? I/ocess.gservice: Reinit property: dalvik.vm.checkjni= false
2019-10-08 09:55:56.305 744-22462/? I/EnvImpl: [HWA_CAM3]getArCalorieMode mArCalorieMode 0
2019-10-08 09:55:56.305 744-22453/? I/HwaStatInfo: [3c6ca2b_64I] algotype is 0, videoRatio is 1.000000, ratio is 1.875000, faceNum is 0
2019-10-08 09:55:56.305 744-22456/? D/Misc____: [3c6ca2b_64D] onProcessFrame(666), afDistance(0.000000)
2019-10-08 09:55:56.306 744-22462/? I/cie: FaceStoryAlgo::isCurFrameRun isCurFrameRun. Process mode 0.
2019-10-08 09:55:56.307 744-22459/? I/AntiBanding: onSubAlgoProcess() mAlgoCtx.continue_detect_cnt :0, mAlgoCtx.succ_detect_cnt : 0, mAlgoCtx.motion_flag = 0, detect_result:0, frequency_detected = 0,cur_expo = 30000
2019-10-08 09:55:56.309 613-613/? I/mediacomm@2.1-service: getMdcClient:114: get client<Camera, 7, 744>, channel<4, 1>, perfLev=1, powerStatue=0.
2019-10-08 09:55:56.309 613-613/? I/mediacomm@2.1-service: getMdcVotePerfLev:179: Connected Mdc client<Camera, 7, 744> channel<4, 1> perfLev<1>
2019-10-08 09:55:56.311 613-613/? I/mediacomm@2.1-service: doCopybit:495: client<Camera, 0> ret = 744 finish copybit -.
2019-10-08 09:55:56.312 744-22464/? I/GRALLOC: LockFlexLayout: baseFormat: 11, yStride: 640, ySize: 307200, uOffset: 307200,  uStride: 640
2019-10-08 09:55:56.312 744-22464/? I/GRALLOC: LockFlexLayout: baseFormat: 11, yStride: 640, ySize: 307200, uOffset: 307200,  uStride: 640
2019-10-08 09:55:56.312 723-22429/? I/Camera3-Stream: getBuffer: Stream 0, 0xe84dc800: Already dequeued max output buffers (7), wait for next returned one.
2019-10-08 09:55:56.314 22181-22421/com.virobugs I/GRALLOC: LockFlexLayout: baseFormat: 11, yStride: 640, ySize: 307200, uOffset: 307200,  uStride: 640
2019-10-08 09:55:56.316 744-1263/? D/EnvImpl: [HWA_CAM3]getPackageName :  com.virobugs
2019-10-08 09:55:56.316 744-1263/? I/HwaUtils: [3c6ca2b_64I] getProductExtendName() path=EMILY
2019-10-08 09:55:56.316 744-1263/? I/HwaUtils: [3c6ca2b_64I] getOneCfgFile() path=NULL
2019-10-08 09:55:56.316 744-1263/? I/HwaDMapIpp: [3c6ca2b_64I] checkNeedSwapCalibrationData() ConfigFile NULL
2019-10-08 09:55:56.316 744-1263/? D/Misc____: [3c6ca2b_64D] enter loadRequest
2019-10-08 09:55:56.317 744-1263/? D/EnvImpl: [HWA_CAM3]getPackageName :  com.virobugs
2019-10-08 09:55:56.317 744-1263/? D/IppAlgoFilter: [HWA_CAM3]loadPreviewRequest() REQUEST_DMAP_SWAP, status:0
2019-10-08 09:55:56.317 744-1263/? D/EnvImpl: [HWA_CAM3]getPackageName :  com.virobugs
2019-10-08 09:55:56.317 744-1263/? I/chatty: uid=1013(media) pl#2 identical 1 line
2019-10-08 09:55:56.317 744-1263/? D/EnvImpl: [HWA_CAM3]getPackageName :  com.virobugs
2019-10-08 09:55:56.317 26985-26985/? E/ocess.gservice: Not starting debugger since process cannot load the jdwp agent.
2019-10-08 09:55:56.321 760-8346/? I/hcs: IPUMngr_ForwardCompute Forward computing success.
2019-10-08 09:55:56.321 760-8346/? W/hcs: IPUTaskScheduler::GetIPUTask IPU task queue is empty!
2019-10-08 09:55:56.321 760-8346/? I/hcs: IPUTaskScheduler::IPUTaskHandler IPU task queue is empty, so we wait here for task.
2019-10-08 09:55:56.322 744-1254/? I/MRMain: [3c6ca2b_64I] onConfig ret: 0,mLastEnableStatus: 0
2019-10-08 09:55:56.325 26952-26952/? I/Launcher.Settings: getLauncherRotateShow sOrientationEnable=false
2019-10-08 09:55:56.326 744-9454/? I/cie: Enter SceneRecognitionListener::OnProcessDone
2019-10-08 09:55:56.326 744-9454/? I/cie: SceneRecognitionListener::convertResultToVec Result1:NIGHT Conf:264.928528.
2019-10-08 09:55:56.326 744-9454/? I/cie: SceneRecognitionListener::convertResultToVec Result1:SUNSET Conf:37.326874.
2019-10-08 09:55:56.326 744-9454/? I/cie: SceneRecognitionListener::convertResultToVec Result1:FIREWORKS Conf:0.300616.
2019-10-08 09:55:56.326 744-9454/? I/cie: SceneRecognitionListener::convertResultToVec Result1:TEXT Conf:0.140905.
2019-10-08 09:55:56.326 744-9454/? I/cie: SceneRecognitionListener::convertResultToVec Result1:CAR Conf:0.089586.
2019-10-08 09:55:56.326 744-9454/? I/cie: SceneRecognitionListener::convertResultToVec Result2:NIGHTWITHSKY Conf:992.984802.
2019-10-08 09:55:56.326 744-9454/? I/cie: SceneRecognitionListener::convertResultToVec Result2:NIGHTNOSKY Conf:7.015196.
2019-10-08 09:55:56.326 744-9454/? I/cie: SceneRecognition::filterSceneThd::i 950 80 0 37 1
2019-10-08 09:55:56.326 744-9454/? I/cie: SceneRecognition::filterSceneThd::i 950 0 0 37 1
2019-10-08 09:55:56.326 744-9454/? I/cie: SceneRecognition::filterSceneThd::i 950 80 0 37 1
2019-10-08 09:55:56.326 744-9454/? I/cie: SceneRecognition::filterSceneThd::i 950 0 0 37 1
2019-10-08 09:55:56.326 744-9454/? I/cie: SceneRecognition::filterSceneThd::i 950 0 0 37 1
2019-10-08 09:55:56.327 744-9454/? I/CIEProxy: CIECallBackMgr::onSceneRecognitionProcessDone rsltsOrig:NIGHT 8 264
2019-10-08 09:55:56.327 744-9454/? I/CIEProxy: CIECallBackMgr::onSceneRecognitionProcessDone rsltsOrig:SUNSET 3 37
2019-10-08 09:55:56.327 744-9454/? I/CIEProxy: CIECallBackMgr::onSceneRecognitionProcessDone rsltsOrig:FIREWORKS 13 0
2019-10-08 09:55:56.327 744-9454/? I/CIEProxy: CIECallBackMgr::onSceneRecognitionProcessDone rsltsOrig:TEXT 9 0
2019-10-08 09:55:56.327 744-9454/? I/CIEProxy: CIECallBackMgr::onSceneRecognitionProcessDone rsltsOrig:CAR 17 0
2019-10-08 09:55:56.328 744-9454/? D/EventCallbackImpl: [HWA_CAM3]enter notifySDResult()
2019-10-08 09:55:56.330 744-9454/? D/EventCallbackImpl: [HWA_CAM3]enter notifyICSDResult()
2019-10-08 09:55:56.330 26952-26952/? I/HwLauncher: Launcher.Settings  Font size normal:11.0 more-column:11.0
2019-10-08 09:55:56.336 26985-26985/? D/ZrHung.AppEyeUiProbe: AppEyeUIP created.
2019-10-08 09:55:56.336 744-22462/? I/EnvImpl: [HWA_CAM3]getArCalorieMode mArCalorieMode 0
2019-10-08 09:55:56.336 744-22462/? I/cie: FaceStoryAlgo::isCurFrameRun isCurFrameRun. Process mode 0.
2019-10-08 09:55:56.336 744-22456/? D/Misc____: [3c6ca2b_64D] onProcessFrame(666), afDistance(0.000000)
2019-10-08 09:55:56.339 1693-1693/? D/TimeKeeper: getTimeTickInfo:[mMillisUntilFinished:0, mHour:0, mMinute:0, mSecond:0]
2019-10-08 09:55:56.340 1693-1693/? V/HwKgdUM_FP: FingerPrint:: isUnlockingWithFingerprintAllowed getRemainingTime=0
2019-10-08 09:55:56.340 613-613/? I/mediacomm@2.1-service: getMdcClient:114: get client<Camera, 7, 744>, channel<4, 1>, perfLev=1, powerStatue=0.
2019-10-08 09:55:56.340 613-613/? I/mediacomm@2.1-service: getMdcVotePerfLev:179: Connected Mdc client<Camera, 7, 744> channel<4, 1> perfLev<1>
2019-10-08 09:55:56.341 26985-26985/? D/ActivityThread: Attach thread to application
2019-10-08 09:55:56.342 613-613/? I/mediacomm@2.1-service: doCopybit:495: client<Camera, 0> ret = 744 finish copybit -.
2019-10-08 09:55:56.342 744-22464/? I/GRALLOC: LockFlexLayout: baseFormat: 11, yStride: 640, ySize: 307200, uOffset: 307200,  uStride: 640
2019-10-08 09:55:56.343 744-22464/? I/GRALLOC: LockFlexLayout: baseFormat: 11, yStride: 640, ySize: 307200, uOffset: 307200,  uStride: 640
2019-10-08 09:55:56.343 723-22429/? I/Camera3-Stream: getBuffer: Stream 0, 0xe84dc800: Already dequeued max output buffers (7), wait for next returned one.
2019-10-08 09:55:56.343 22181-22421/com.virobugs I/GRALLOC: LockFlexLayout: baseFormat: 11, yStride: 640, ySize: 307200, uOffset: 307200,  uStride: 640
2019-10-08 09:55:56.345 744-1263/? D/EnvImpl: [HWA_CAM3]getPackageName :  com.virobugs
2019-10-08 09:55:56.345 744-1263/? I/HwaUtils: [3c6ca2b_64I] getProductExtendName() path=EMILY
2019-10-08 09:55:56.345 744-1263/? I/HwaUtils: [3c6ca2b_64I] getOneCfgFile() path=NULL
2019-10-08 09:55:56.345 744-1263/? I/HwaDMapIpp: [3c6ca2b_64I] checkNeedSwapCalibrationData() ConfigFile NULL
2019-10-08 09:55:56.345 744-1263/? D/Misc____: [3c6ca2b_64D] enter loadRequest
2019-10-08 09:55:56.345 744-1263/? D/EnvImpl: [HWA_CAM3]getPackageName :  com.virobugs
2019-10-08 09:55:56.345 744-1263/? D/IppAlgoFilter: [HWA_CAM3]loadPreviewRequest() REQUEST_DMAP_SWAP, status:0
2019-10-08 09:55:56.345 744-1263/? D/EnvImpl: [HWA_CAM3]getPackageName :  com.virobugs
2019-10-08 09:55:56.345 744-1263/? I/chatty: uid=1013(media) pl#2 identical 1 line
2019-10-08 09:55:56.345 744-1263/? D/EnvImpl: [HWA_CAM3]getPackageName :  com.virobugs
2019-10-08 09:55:56.346 744-1254/? I/MRMain: [3c6ca2b_64I] checkConfig(), enableV1=0, enableV2=0, enableV3=0
2019-10-08 09:55:56.350 744-22453/? I/HwaStatInfo: [3c6ca2b_64I] algotype is 0, videoRatio is 1.000000, ratio is 1.875000, faceNum is 0
2019-10-08 09:55:56.350 26456-26456/? I/manager:servic: Rejecting re-init on previously-failed class java.lang.Class<com.huawei.systemmanager.securityprofile.PureListCheckRequest>: java.lang.NoClassDefFoundError: Failed resolution of: Lcom/huawei/systemmanager/rainbow/comm/request/PurityCheckRequest;
2019-10-08 09:55:56.351 26456-26456/? I/manager:servic:     at boolean com.huawei.systemmanager.securityprofile.SecurityProfileNetwork.isSupportSEAPP() (SecurityProfileNetwork.java:81)
2019-10-08 09:55:56.351 26456-26456/? I/manager:servic:     at void com.huawei.permission.HoldService.onCreate() (HoldService.java:416)
2019-10-08 09:55:56.351 26456-26456/? I/manager:servic:     at void android.app.ActivityThread.handleCreateService(android.app.ActivityThread$CreateServiceData) (ActivityThread.java:4150)
2019-10-08 09:55:56.351 26456-26456/? I/manager:servic:     at void android.app.ActivityThread.access$2400(android.app.ActivityThread, android.app.ActivityThread$CreateServiceData) (ActivityThread.java:273)
2019-10-08 09:55:56.351 26456-26456/? I/manager:servic:     at void android.app.ActivityThread$H.handleMessage(android.os.Message) (ActivityThread.java:2055)
2019-10-08 09:55:56.351 26456-26456/? I/manager:servic:     at void android.os.Handler.dispatchMessage(android.os.Message) (Handler.java:112)
2019-10-08 09:55:56.351 26456-26456/? I/manager:servic:     at void android.os.Looper.loop() (Looper.java:216)
2019-10-08 09:55:56.351 26456-26456/? I/manager:servic:     at void android.app.ActivityThread.main(java.lang.String[]) (ActivityThread.java:7625)
2019-10-08 09:55:56.351 26456-26456/? I/manager:servic:     at java.lang.Object java.lang.reflect.Method.invoke(java.lang.Object, java.lang.Object[]) (Method.java:-2)
2019-10-08 09:55:56.351 26456-26456/? I/manager:servic:     at void com.android.internal.os.RuntimeInit$MethodAndArgsCaller.run() (RuntimeInit.java:524)
2019-10-08 09:55:56.351 26456-26456/? I/manager:servic:     at void com.android.internal.os.ZygoteInit.main(java.lang.String[]) (ZygoteInit.java:987)
2019-10-08 09:55:56.351 26456-26456/? I/manager:servic: Caused by: java.lang.ClassNotFoundException: Didn't find class "com.huawei.systemmanager.rainbow.comm.request.PurityCheckRequest" on path: DexPathList[[zip file "/system/framework/hwkeystore.jar", zip file "/system/framework/com.huawei.nb.sdk.jar", zip file "/system/framework/org.apache.http.legacy.boot.jar", zip file "/system/priv-app/HwSystemManager/HwSystemManager.apk"],nativeLibraryDirectories=[/system/priv-app/HwSystemManager/lib/arm64, /system/priv-app/HwSystemManager/HwSystemManager.apk!/lib/arm64-v8a, /system/lib64, /product/lib64, /system/lib64, /product/lib64]]
2019-10-08 09:55:56.351 1693-1693/? D/TimeKeeper: getTimeTickInfo:[mMillisUntilFinished:0, mHour:0, mMinute:0, mSecond:0]
2019-10-08 09:55:56.351 26456-26456/? I/manager:servic:     at java.lang.Class dalvik.system.BaseDexClassLoader.findClass(java.lang.String) (BaseDexClassLoader.java:134)
2019-10-08 09:55:56.351 26456-26456/? I/manager:servic:     at java.lang.Class java.lang.ClassLoader.loadClass(java.lang.String, boolean) (ClassLoader.java:379)
2019-10-08 09:55:56.351 26456-26456/? I/manager:servic:     at java.lang.Class java.lang.ClassLoader.loadClass(java.lang.String) (ClassLoader.java:312)
2019-10-08 09:55:56.351 26456-26456/? I/manager:servic:     at boolean com.huawei.systemmanager.securityprofile.SecurityProfileNetwork.isSupportSEAPP() (SecurityProfileNetwork.java:81)
2019-10-08 09:55:56.351 26456-26456/? I/manager:servic:     at void com.huawei.permission.HoldService.onCreate() (HoldService.java:416)
2019-10-08 09:55:56.351 26456-26456/? I/manager:servic:     at void android.app.ActivityThread.handleCreateService(android.app.ActivityThread$CreateServiceData) (ActivityThread.java:4150)
2019-10-08 09:55:56.351 26456-26456/? I/manager:servic:     at void android.app.ActivityThread.access$2400(android.app.ActivityThread, android.app.ActivityThread$CreateServiceData) (ActivityThread.java:273)
2019-10-08 09:55:56.351 26456-26456/? I/manager:servic:     at void android.app.ActivityThread$H.handleMessage(android.os.Message) (ActivityThread.java:2055)
2019-10-08 09:55:56.351 26456-26456/? I/manager:servic:     at void android.os.Handler.dispatchMessage(android.os.Message) (Handler.java:112)
2019-10-08 09:55:56.351 26456-26456/? I/manager:servic:     at void android.os.Looper.loop() (Looper.java:216)
2019-10-08 09:55:56.351 26456-26456/? I/manager:servic:     at void android.app.ActivityThread.main(java.lang.String[]) (ActivityThread.java:7625)
2019-10-08 09:55:56.351 26456-26456/? I/manager:servic:     at java.lang.Object java.lang.reflect.Method.invoke(java.lang.Object, java.lang.Object[]) (Method.java:-2)
2019-10-08 09:55:56.351 26456-26456/? I/manager:servic:     at void com.android.internal.os.RuntimeInit$MethodAndArgsCaller.run() (RuntimeInit.java:524)
2019-10-08 09:55:56.351 26456-26456/? I/manager:servic:     at void com.android.internal.os.ZygoteInit.main(java.lang.String[]) (ZygoteInit.java:987)
2019-10-08 09:55:56.352 26456-26456/? I/manager:servic: Rejecting re-init on previously-failed class java.lang.Class<com.huawei.systemmanager.securityprofile.PureListCheckRequest>: java.lang.NoClassDefFoundError: Failed resolution of: Lcom/huawei/systemmanager/rainbow/comm/request/PurityCheckRequest;
2019-10-08 09:55:56.352 26456-26456/? I/manager:servic:     at boolean com.huawei.systemmanager.securityprofile.SecurityProfileNetwork.isSupportSEAPP() (SecurityProfileNetwork.java:81)
2019-10-08 09:55:56.352 26456-26456/? I/manager:servic:     at void com.huawei.permission.HoldService.onCreate() (HoldService.java:416)
2019-10-08 09:55:56.352 26456-26456/? I/manager:servic:     at void android.app.ActivityThread.handleCreateService(android.app.ActivityThread$CreateServiceData) (ActivityThread.java:4150)
2019-10-08 09:55:56.352 26456-26456/? I/manager:servic:     at void android.app.ActivityThread.access$2400(android.app.ActivityThread, android.app.ActivityThread$CreateServiceData) (ActivityThread.java:273)
2019-10-08 09:55:56.352 26456-26456/? I/manager:servic:     at void android.app.ActivityThread$H.handleMessage(android.os.Message) (ActivityThread.java:2055)
2019-10-08 09:55:56.352 26456-26456/? I/manager:servic:     at void android.os.Handler.dispatchMessage(android.os.Message) (Handler.java:112)
2019-10-08 09:55:56.352 26456-26456/? I/manager:servic:     at void android.os.Looper.loop() (Looper.java:216)
2019-10-08 09:55:56.352 26456-26456/? I/manager:servic:     at void android.app.ActivityThread.main(java.lang.String[]) (ActivityThread.java:7625)
2019-10-08 09:55:56.352 26456-26456/? I/manager:servic:     at java.lang.Object java.lang.reflect.Method.invoke(java.lang.Object, java.lang.Object[]) (Method.java:-2)
2019-10-08 09:55:56.352 26456-26456/? I/manager:servic:     at void com.android.internal.os.RuntimeInit$MethodAndArgsCaller.run() (RuntimeInit.java:524)
2019-10-08 09:55:56.352 26456-26456/? I/manager:servic:     at void com.android.internal.os.ZygoteInit.main(java.lang.String[]) (ZygoteInit.java:987)
2019-10-08 09:55:56.352 26456-26456/? I/manager:servic: Caused by: java.lang.ClassNotFoundException: Didn't find class "com.huawei.systemmanager.rainbow.comm.request.PurityCheckRequest" on path: DexPathList[[zip file "/system/framework/hwkeystore.jar", zip file "/system/framework/com.huawei.nb.sdk.jar", zip file "/system/framework/org.apache.http.legacy.boot.jar", zip file "/system/priv-app/HwSystemManager/HwSystemManager.apk"],nativeLibraryDirectories=[/system/priv-app/HwSystemManager/lib/arm64, /system/priv-app/HwSystemManager/HwSystemManager.apk!/lib/arm64-v8a, /system/lib64, /product/lib64, /system/lib64, /product/lib64]]
2019-10-08 09:55:56.352 26456-26456/? I/manager:servic:     at java.lang.Class dalvik.system.BaseDexClassLoader.findClass(java.lang.String) (BaseDexClassLoader.java:134)
2019-10-08 09:55:56.352 26456-26456/? I/manager:servic:     at java.lang.Class java.lang.ClassLoader.loadClass(java.lang.String, boolean) (ClassLoader.java:379)
2019-10-08 09:55:56.352 26456-26456/? I/manager:servic:     at java.lang.Class java.lang.ClassLoader.loadClass(java.lang.String) (ClassLoader.java:312)
2019-10-08 09:55:56.352 26456-26456/? I/manager:servic:     at boolean com.huawei.systemmanager.securityprofile.SecurityProfileNetwork.isSupportSEAPP() (SecurityProfileNetwork.java:81)
2019-10-08 09:55:56.352 26456-26456/? I/manager:servic:     at void com.huawei.permission.HoldService.onCreate() (HoldService.java:416)
2019-10-08 09:55:56.352 26456-26456/? I/manager:servic:     at void android.app.ActivityThread.handleCreateService(android.app.ActivityThread$CreateServiceData) (ActivityThread.java:4150)
2019-10-08 09:55:56.352 26456-26456/? I/manager:servic:     at void android.app.ActivityThread.access$2400(android.app.ActivityThread, android.app.ActivityThread$CreateServiceData) (ActivityThread.java:273)
2019-10-08 09:55:56.352 26456-26456/? I/manager:servic:     at void android.app.ActivityThread$H.handleMessage(android.os.Message) (ActivityThread.java:2055)
2019-10-08 09:55:56.352 26456-26456/? I/manager:servic:     at void android.os.Handler.dispatchMessage(android.os.Message) (Handler.java:112)
2019-10-08 09:55:56.352 26456-26456/? I/manager:servic:     at void android.os.Looper.loop() (Looper.java:216)
2019-10-08 09:55:56.352 26456-26456/? I/manager:servic:     at void android.app.ActivityThread.main(java.lang.String[]) (ActivityThread.java:7625)
2019-10-08 09:55:56.352 26456-26456/? I/manager:servic:     at java.lang.Object java.lang.reflect.Method.invoke(java.lang.Object, java.lang.Object[]) (Method.java:-2)
2019-10-08 09:55:56.352 26456-26456/? I/manager:servic:     at void com.android.internal.os.RuntimeInit$MethodAndArgsCaller.run() (RuntimeInit.java:524)
2019-10-08 09:55:56.352 26456-26456/? I/manager:servic:     at void com.android.internal.os.ZygoteInit.main(java.lang.String[]) (ZygoteInit.java:987)
2019-10-08 09:55:56.372 744-22453/? I/HwaStatInfo: [3c6ca2b_64I] algotype is 0, videoRatio is 1.000000, ratio is 1.875000, faceNum is 0
2019-10-08 09:55:56.372 744-22462/? I/EnvImpl: [HWA_CAM3]getArCalorieMode mArCalorieMode 0
2019-10-08 09:55:56.372 744-22462/? I/cie: FaceStoryAlgo::isCurFrameRun isCurFrameRun. Process mode 0.
2019-10-08 09:55:56.373 744-22456/? D/Misc____: [3c6ca2b_64D] onProcessFrame(666), afDistance(0.000000)
2019-10-08 09:55:56.374 744-22458/? I/LaserSelfCali: laserSelfCali, ambient light: 15872 ,mFrameNum:5010,exp:30000,iso:567,RangeMilliMeter:423,RangeStatus:0,SignalRate:273920,onoff:1
2019-10-08 09:55:56.376 613-613/? I/mediacomm@2.1-service: getMdcClient:114: get client<Camera, 7, 744>, channel<4, 1>, perfLev=1, powerStatue=0.
2019-10-08 09:55:56.376 613-613/? I/mediacomm@2.1-service: getMdcVotePerfLev:179: Connected Mdc client<Camera, 7, 744> channel<4, 1> perfLev<1>
2019-10-08 09:55:56.376 744-22459/? I/AntiBanding: onSubAlgoProcess() mAlgoCtx.continue_detect_cnt :0, mAlgoCtx.succ_detect_cnt : 0, mAlgoCtx.motion_flag = 0, detect_result:0, frequency_detected = 0,cur_expo = 30000
2019-10-08 09:55:56.378 613-613/? I/mediacomm@2.1-service: doCopybit:495: client<Camera, 0> ret = 744 finish copybit -.
2019-10-08 09:55:56.378 744-22464/? I/GRALLOC: LockFlexLayout: baseFormat: 11, yStride: 640, ySize: 307200, uOffset: 307200,  uStride: 640
2019-10-08 09:55:56.378 744-22464/? I/GRALLOC: LockFlexLayout: baseFormat: 11, yStride: 640, ySize: 307200, uOffset: 307200,  uStride: 640
2019-10-08 09:55:56.379 723-22429/? I/Camera3-Stream: getBuffer: Stream 0, 0xe84dc800: Already dequeued max output buffers (7), wait for next returned one.
2019-10-08 09:55:56.379 22181-22421/com.virobugs I/GRALLOC: LockFlexLayout: baseFormat: 11, yStride: 640, ySize: 307200, uOffset: 307200,  uStride: 640
2019-10-08 09:55:56.383 744-1263/? D/EnvImpl: [HWA_CAM3]getPackageName :  com.virobugs
2019-10-08 09:55:56.383 744-1263/? I/HwaUtils: [3c6ca2b_64I] getProductExtendName() path=EMILY
2019-10-08 09:55:56.383 744-1263/? I/HwaUtils: [3c6ca2b_64I] getOneCfgFile() path=NULL
2019-10-08 09:55:56.383 744-1263/? I/HwaDMapIpp: [3c6ca2b_64I] checkNeedSwapCalibrationData() ConfigFile NULL
2019-10-08 09:55:56.383 744-1263/? D/Misc____: [3c6ca2b_64D] enter loadRequest
2019-10-08 09:55:56.383 744-1263/? D/EnvImpl: [HWA_CAM3]getPackageName :  com.virobugs
2019-10-08 09:55:56.383 744-1263/? D/IppAlgoFilter: [HWA_CAM3]loadPreviewRequest() REQUEST_DMAP_SWAP, status:0
2019-10-08 09:55:56.383 744-1263/? D/EnvImpl: [HWA_CAM3]getPackageName :  com.virobugs
2019-10-08 09:55:56.383 744-1263/? I/chatty: uid=1013(media) pl#2 identical 1 line
2019-10-08 09:55:56.383 744-1263/? D/EnvImpl: [HWA_CAM3]getPackageName :  com.virobugs
2019-10-08 09:55:56.394 1693-1693/? W/DisabledFeatureUtils: Dis-Feature : 0
2019-10-08 09:55:56.397 1693-1693/? W/KG_FDT: isFaceUnlockEnabled 0
2019-10-08 09:55:56.400 1693-1693/? D/KG_Policy: getRemainingChance 5
2019-10-08 09:55:56.400 1693-1693/? I/HwKeyguardUpdateMonitor: isFinger:true
2019-10-08 09:55:56.400 1693-1693/? W/LockIcon: getState 0 <-> 0; fp running false
2019-10-08 09:55:56.404 744-22462/? I/EnvImpl: [HWA_CAM3]getArCalorieMode mArCalorieMode 0
2019-10-08 09:55:56.405 744-22462/? I/cie: FaceStoryAlgo::isCurFrameRun isCurFrameRun. Process mode 0.
2019-10-08 09:55:56.405 744-22456/? D/Misc____: [3c6ca2b_64D] onProcessFrame(666), afDistance(0.000000)
2019-10-08 09:55:56.407 26952-26952/? I/HwLauncher: Launcher.Settings  updateIconTitleSize fontSize = 11.0
2019-10-08 09:55:56.408 613-613/? I/mediacomm@2.1-service: getMdcClient:114: get client<Camera, 7, 744>, channel<4, 1>, perfLev=1, powerStatue=0.
2019-10-08 09:55:56.408 613-613/? I/mediacomm@2.1-service: getMdcVotePerfLev:179: Connected Mdc client<Camera, 7, 744> channel<4, 1> perfLev<1>
2019-10-08 09:55:56.410 613-613/? I/mediacomm@2.1-service: doCopybit:495: client<Camera, 0> ret = 744 finish copybit -.
2019-10-08 09:55:56.411 744-22464/? I/GRALLOC: LockFlexLayout: baseFormat: 11, yStride: 640, ySize: 307200, uOffset: 307200,  uStride: 640
2019-10-08 09:55:56.411 744-22464/? I/GRALLOC: LockFlexLayout: baseFormat: 11, yStride: 640, ySize: 307200, uOffset: 307200,  uStride: 640
2019-10-08 09:55:56.411 723-22429/? I/Camera3-Stream: getBuffer: Stream 0, 0xe84dc800: Already dequeued max output buffers (7), wait for next returned one.
2019-10-08 09:55:56.412 22181-22421/com.virobugs I/GRALLOC: LockFlexLayout: baseFormat: 11, yStride: 640, ySize: 307200, uOffset: 307200,  uStride: 640
2019-10-08 09:55:56.414 744-1263/? D/EnvImpl: [HWA_CAM3]getPackageName :  com.virobugs
2019-10-08 09:55:56.414 744-1263/? I/HwaUtils: [3c6ca2b_64I] getProductExtendName() path=EMILY
2019-10-08 09:55:56.414 744-1263/? I/HwaUtils: [3c6ca2b_64I] getOneCfgFile() path=NULL
2019-10-08 09:55:56.414 744-1263/? I/HwaDMapIpp: [3c6ca2b_64I] checkNeedSwapCalibrationData() ConfigFile NULL
2019-10-08 09:55:56.414 744-1263/? D/Misc____: [3c6ca2b_64D] enter loadRequest
2019-10-08 09:55:56.414 744-1263/? D/EnvImpl: [HWA_CAM3]getPackageName :  com.virobugs
2019-10-08 09:55:56.414 744-1263/? D/IppAlgoFilter: [HWA_CAM3]loadPreviewRequest() REQUEST_DMAP_SWAP, status:0
2019-10-08 09:55:56.414 744-1263/? D/EnvImpl: [HWA_CAM3]getPackageName :  com.virobugs
2019-10-08 09:55:56.414 744-1263/? I/chatty: uid=1013(media) pl#2 identical 1 line
2019-10-08 09:55:56.414 744-1263/? D/EnvImpl: [HWA_CAM3]getPackageName :  com.virobugs
2019-10-08 09:55:56.415 681-681/? I/aptouch_daemon: print_log, touch:1, down:1 (+0)
2019-10-08 09:55:56.419 744-22453/? I/HwaStatInfo: [3c6ca2b_64I] algotype is 0, videoRatio is 1.000000, ratio is 1.875000, faceNum is 0
2019-10-08 09:55:56.422 26952-26952/? D/OpenGLRenderer: Skia GL Pipeline
2019-10-08 09:55:56.423 1173-1555/? D/libfingersense_wrapper: Calling fingersense_classify_touch()
2019-10-08 09:55:56.426 26952-26952/? I/HwLauncher: Launcher.Settings  updateIconTitleSize fontSize = 11.0
2019-10-08 09:55:56.437 744-22462/? I/EnvImpl: [HWA_CAM3]getArCalorieMode mArCalorieMode 0
2019-10-08 09:55:56.437 744-22462/? I/cie: FaceStoryAlgo::isCurFrameRun isCurFrameRun. Process mode 0.
2019-10-08 09:55:56.437 744-22453/? I/HwaStatInfo: [3c6ca2b_64I] algotype is 0, videoRatio is 1.000000, ratio is 1.875000, faceNum is 0
2019-10-08 09:55:56.437 26952-26952/? I/HwLauncher: IconLayoutInfo Adapted icon size:170.0
2019-10-08 09:55:56.437 744-22456/? D/Misc____: [3c6ca2b_64D] onProcessFrame(666), afDistance(0.000000)
2019-10-08 09:55:56.439 744-22459/? I/AntiBanding: onSubAlgoProcess() mAlgoCtx.continue_detect_cnt :0, mAlgoCtx.succ_detect_cnt : 0, mAlgoCtx.motion_flag = 0, detect_result:0, frequency_detected = 0,cur_expo = 30000
2019-10-08 09:55:56.439 613-613/? I/mediacomm@2.1-service: getMdcClient:114: get client<Camera, 7, 744>, channel<4, 1>, perfLev=1, powerStatue=0.
2019-10-08 09:55:56.439 613-613/? I/mediacomm@2.1-service: getMdcVotePerfLev:179: Connected Mdc client<Camera, 7, 744> channel<4, 1> perfLev<1>
2019-10-08 09:55:56.441 613-613/? I/mediacomm@2.1-service: doCopybit:495: client<Camera, 0> ret = 744 finish copybit -.
2019-10-08 09:55:56.442 744-22464/? I/GRALLOC: LockFlexLayout: baseFormat: 11, yStride: 640, ySize: 307200, uOffset: 307200,  uStride: 640
2019-10-08 09:55:56.442 744-22464/? I/GRALLOC: LockFlexLayout: baseFormat: 11, yStride: 640, ySize: 307200, uOffset: 307200,  uStride: 640
2019-10-08 09:55:56.442 723-22429/? I/Camera3-Stream: getBuffer: Stream 0, 0xe84dc800: Already dequeued max output buffers (7), wait for next returned one.
2019-10-08 09:55:56.442 26985-26985/? I/ocess.gservice: The ClassLoaderContext is a special shared library.
2019-10-08 09:55:56.443 22181-22421/com.virobugs I/GRALLOC: LockFlexLayout: baseFormat: 11, yStride: 640, ySize: 307200, uOffset: 307200,  uStride: 640
2019-10-08 09:55:56.445 744-1263/? D/EnvImpl: [HWA_CAM3]getPackageName :  com.virobugs
2019-10-08 09:55:56.445 744-1263/? I/HwaUtils: [3c6ca2b_64I] getProductExtendName() path=EMILY
2019-10-08 09:55:56.445 744-1263/? I/HwaUtils: [3c6ca2b_64I] getOneCfgFile() path=NULL
2019-10-08 09:55:56.445 744-1263/? I/HwaDMapIpp: [3c6ca2b_64I] checkNeedSwapCalibrationData() ConfigFile NULL
2019-10-08 09:55:56.445 744-1263/? D/Misc____: [3c6ca2b_64D] enter loadRequest
2019-10-08 09:55:56.445 744-1263/? D/EnvImpl: [HWA_CAM3]getPackageName :  com.virobugs
2019-10-08 09:55:56.445 744-1263/? D/IppAlgoFilter: [HWA_CAM3]loadPreviewRequest() REQUEST_DMAP_SWAP, status:0
2019-10-08 09:55:56.445 744-1263/? D/EnvImpl: [HWA_CAM3]getPackageName :  com.virobugs
2019-10-08 09:55:56.445 744-1263/? I/chatty: uid=1013(media) pl#2 identical 1 line
2019-10-08 09:55:56.445 744-1263/? D/EnvImpl: [HWA_CAM3]getPackageName :  com.virobugs
2019-10-08 09:55:56.447 26985-27000/? I/HwLogExceptionInner: Log blacklist
2019-10-08 09:55:56.453 611-1341/? D/asd_primary_out: L[0],R[0], continus 20 times!
2019-10-08 09:55:56.455 1173-1555/? D/libfingersense_wrapper: fingersense_classify_touch() finished
2019-10-08 09:55:56.460 1173-1555/? D/fingerTest: event.x=:409.0 event.y=:865.0
2019-10-08 09:55:56.460 1173-1555/? D/fingerTest: MotionEvent.ACTION_DOWN
2019-10-08 09:55:56.470 744-22462/? I/EnvImpl: [HWA_CAM3]getArCalorieMode mArCalorieMode 0
2019-10-08 09:55:56.470 744-22462/? I/cie: FaceStoryAlgo::isCurFrameRun isCurFrameRun. Process mode 0.
2019-10-08 09:55:56.471 744-22456/? D/Misc____: [3c6ca2b_64D] onProcessFrame(666), afDistance(0.000000)
2019-10-08 09:55:56.474 613-613/? I/mediacomm@2.1-service: getMdcClient:114: get client<Camera, 7, 744>, channel<4, 1>, perfLev=1, powerStatue=0.
2019-10-08 09:55:56.474 613-613/? I/mediacomm@2.1-service: getMdcVotePerfLev:179: Connected Mdc client<Camera, 7, 744> channel<4, 1> perfLev<1>
2019-10-08 09:55:56.477 613-613/? I/mediacomm@2.1-service: doCopybit:495: client<Camera, 0> ret = 744 finish copybit -.
2019-10-08 09:55:56.477 744-22464/? I/GRALLOC: LockFlexLayout: baseFormat: 11, yStride: 640, ySize: 307200, uOffset: 307200,  uStride: 640
2019-10-08 09:55:56.477 744-22464/? I/GRALLOC: LockFlexLayout: baseFormat: 11, yStride: 640, ySize: 307200, uOffset: 307200,  uStride: 640
2019-10-08 09:55:56.478 723-22429/? I/Camera3-Stream: getBuffer: Stream 0, 0xe84dc800: Already dequeued max output buffers (7), wait for next returned one.
2019-10-08 09:55:56.479 22181-22421/com.virobugs I/GRALLOC: LockFlexLayout: baseFormat: 11, yStride: 640, ySize: 307200, uOffset: 307200,  uStride: 640
2019-10-08 09:55:56.481 744-1263/? D/EnvImpl: [HWA_CAM3]getPackageName :  com.virobugs
2019-10-08 09:55:56.481 744-1263/? I/HwaUtils: [3c6ca2b_64I] getProductExtendName() path=EMILY
2019-10-08 09:55:56.481 744-1263/? I/HwaUtils: [3c6ca2b_64I] getOneCfgFile() path=NULL
2019-10-08 09:55:56.481 744-1263/? I/HwaDMapIpp: [3c6ca2b_64I] checkNeedSwapCalibrationData() ConfigFile NULL
2019-10-08 09:55:56.481 744-1263/? D/Misc____: [3c6ca2b_64D] enter loadRequest
2019-10-08 09:55:56.481 744-1263/? D/EnvImpl: [HWA_CAM3]getPackageName :  com.virobugs
2019-10-08 09:55:56.482 744-1263/? D/IppAlgoFilter: [HWA_CAM3]loadPreviewRequest() REQUEST_DMAP_SWAP, status:0
2019-10-08 09:55:56.482 744-1263/? D/EnvImpl: [HWA_CAM3]getPackageName :  com.virobugs
2019-10-08 09:55:56.482 744-1263/? I/chatty: uid=1013(media) pl#2 identical 1 line
2019-10-08 09:55:56.482 744-1263/? D/EnvImpl: [HWA_CAM3]getPackageName :  com.virobugs
2019-10-08 09:55:56.489 744-22453/? I/HwaStatInfo: [3c6ca2b_64I] algotype is 0, videoRatio is 1.000000, ratio is 1.875000, faceNum is 0
2019-10-08 09:55:56.491 1173-1298/? I/HwNormalizedSpline: DayMode:getBrightnessLevel lux =49.0, mDefaultBrightnessFromLux =37.06949
2019-10-08 09:55:56.506 744-22456/? D/Misc____: [3c6ca2b_64D] onProcessFrame(666), afDistance(0.000000)
2019-10-08 09:55:56.506 744-22453/? I/HwaStatInfo: [3c6ca2b_64I] algotype is 0, videoRatio is 1.000000, ratio is 1.875000, faceNum is 0
2019-10-08 09:55:56.506 744-22462/? I/EnvImpl: [HWA_CAM3]getArCalorieMode mArCalorieMode 0
2019-10-08 09:55:56.506 744-22462/? I/cie: FaceStoryAlgo::isCurFrameRun isCurFrameRun. Process mode 0.
2019-10-08 09:55:56.508 744-22459/? I/AntiBanding: onSubAlgoProcess() mAlgoCtx.continue_detect_cnt :1, mAlgoCtx.succ_detect_cnt : 0, mAlgoCtx.motion_flag = 1, detect_result:0, frequency_detected = 26,cur_expo = 30000
2019-10-08 09:55:56.511 613-613/? I/mediacomm@2.1-service: getMdcClient:114: get client<Camera, 7, 744>, channel<4, 1>, perfLev=1, powerStatue=0.
2019-10-08 09:55:56.511 613-613/? I/mediacomm@2.1-service: getMdcVotePerfLev:179: Connected Mdc client<Camera, 7, 744> channel<4, 1> perfLev<1>
2019-10-08 09:55:56.514 613-613/? I/mediacomm@2.1-service: doCopybit:495: client<Camera, 0> ret = 744 finish copybit -.
2019-10-08 09:55:56.514 26985-27000/? I/AwareBitmapCacher: init processName:com.google.process.gservices pid=26985 uid=10024
2019-10-08 09:55:56.515 744-22464/? I/GRALLOC: LockFlexLayout: baseFormat: 11, yStride: 640, ySize: 307200, uOffset: 307200,  uStride: 640
2019-10-08 09:55:56.515 744-22464/? I/GRALLOC: LockFlexLayout: baseFormat: 11, yStride: 640, ySize: 307200, uOffset: 307200,  uStride: 640
2019-10-08 09:55:56.515 723-22429/? I/Camera3-Stream: getBuffer: Stream 0, 0xe84dc800: Already dequeued max output buffers (7), wait for next returned one.
2019-10-08 09:55:56.516 1173-1298/? D/HwNormalizedRampAnimator: hbm_dimming target=1568 rate=180 duration=0.5
2019-10-08 09:55:56.516 26985-26985/? I/GservicesProvider: Gservices pushing to system: true; secure/global: true
2019-10-08 09:55:56.516 22181-22421/com.virobugs I/GRALLOC: LockFlexLayout: baseFormat: 11, yStride: 640, ySize: 307200, uOffset: 307200,  uStride: 640
