2019-10-08 09:55:56.994 27014-27045/? D/HwMSDPDeviceStatus: deviceStatus:android.msdp.device_status.cell_changed
2019-10-08 09:55:56.994 27014-27045/? D/HwMSDPDeviceStatus: eventType:1
2019-10-08 09:55:56.994 27014-27045/? D/HwMSDPDeviceStatus: reportLatencyNs:200000000000
2019-10-08 09:55:56.996 27014-27014/? D/HwMSDPMovementManager: getSupportedModule =1
2019-10-08 09:55:56.996 27014-27014/? I/HwMSDPMovementManager: getSupportedModule
2019-10-08 09:55:56.996 22181-22274/com.virobugs W/Viro: Unable to generate missing tangents for this model
2019-10-08 09:55:56.997 27014-27014/? D/HwMSDPMovementManager: getSupportedModule =1
2019-10-08 09:55:56.997 27014-27014/? I/HwMSDPMovementManager: getSupportedMovements
2019-10-08 09:55:56.998 27014-27047/? I/OdmfHelper:  CAWARENESS: connectOdmfService
2019-10-08 09:55:57.002 27014-27045/? D/HwMSDPDeviceStatus: android.msdp.device_status.cell_changed,1,200000000000
2019-10-08 09:55:57.002 27014-27014/? I/com.huawei.hiai.awareness.service.ServiceBindingManager:  CAWARENESS: addBindingCallback() not contain packageName : cawareness.getmovementstatus
2019-10-08 09:55:57.003 27014-27014/? I/com.huawei.hiai.awareness.service.ServiceBindingManager:  CAWARENESS: addBindingCallback() register success topKey : cawareness.getmovementstatus_1:1;1,0,0
2019-10-08 09:55:57.003 27014-27045/? D/HwMSDPDeviceStatus: enableDeviceStatusEvent
2019-10-08 09:55:57.003 27014-27045/? D/HwMSDPDeviceStatus: deviceStatus:android.msdp.device_status.cell_changed
2019-10-08 09:55:57.003 27014-27045/? D/HwMSDPDeviceStatus: eventType:2
2019-10-08 09:55:57.003 27014-27045/? D/HwMSDPDeviceStatus: reportLatencyNs:200000000000
2019-10-08 09:55:57.003 27014-27045/? D/HwMSDPDeviceStatus: android.msdp.device_status.cell_changed,2,200000000000
2019-10-08 09:55:57.004 27014-27014/? I/OdmfHelper:  CAWARENESS: Odmf service is connected
2019-10-08 09:55:57.005 27014-27014/? I/HwNaturalBaseClient: Succeed to connect to NaturalBase Data Service.
2019-10-08 09:55:57.005 27014-27041/? I/ServiceRestartManager:  CAWARENESS: addBindPackageInterval() ignore interval event
2019-10-08 09:55:57.006 27014-27049/? I/HwMSDPMovementManager: enableMovementEvent  type =1
2019-10-08 09:55:57.007 744-22462/? I/EnvImpl: [HWA_CAM3]getArCalorieMode mArCalorieMode 0
2019-10-08 09:55:57.007 744-22462/? I/cie: FaceStoryAlgo::isCurFrameRun isCurFrameRun. Process mode 0.
2019-10-08 09:55:57.007 744-22456/? D/Misc____: [3c6ca2b_64D] onProcessFrame(666), afDistance(0.000000)
2019-10-08 09:55:57.008 27014-27045/? D/HwMSDPDeviceStatus: enableDeviceStatusEvent
2019-10-08 09:55:57.008 27014-27045/? D/HwMSDPDeviceStatus: deviceStatus:android.msdp.device_status.high_still
2019-10-08 09:55:57.008 27014-27045/? D/HwMSDPDeviceStatus: eventType:1
2019-10-08 09:55:57.008 27014-27045/? D/HwMSDPDeviceStatus: reportLatencyNs:200000000000
2019-10-08 09:55:57.008 27014-27045/? D/HwMSDPDeviceStatus: android.msdp.device_status.high_still,1,200000000000
2019-10-08 09:55:57.008 744-22459/? I/AntiBanding: onSubAlgoProcess() mAlgoCtx.continue_detect_cnt :0, mAlgoCtx.succ_detect_cnt : 0, mAlgoCtx.motion_flag = 0, detect_result:0, frequency_detected = 0,cur_expo = 30000
2019-10-08 09:55:57.009 27014-27045/? D/HwMSDPDeviceStatus: enableDeviceStatusEvent
2019-10-08 09:55:57.009 27014-27045/? D/HwMSDPDeviceStatus: deviceStatus:android.msdp.device_status.high_still
2019-10-08 09:55:57.009 27014-27045/? D/HwMSDPDeviceStatus: eventType:2
2019-10-08 09:55:57.009 27014-27045/? D/HwMSDPDeviceStatus: reportLatencyNs:200000000000
2019-10-08 09:55:57.009 27014-27045/? D/HwMSDPDeviceStatus: android.msdp.device_status.high_still,2,200000000000
2019-10-08 09:55:57.009 1173-4876/? I/AlarmManager: remove alarm:Alarm{b1f2fe4 type 0 when 1570524952227 PendingIntent{3f31f5: PendingIntentRecord{49f1b8a com.huawei.hiai broadcastIntent}}com.huawei.hiai} according to operation:4b0e576
2019-10-08 09:55:57.010 1927-1942/? I/iMonitor: create: 942022000
2019-10-08 09:55:57.011 613-613/? I/mediacomm@2.1-service: getMdcClient:114: get client<Camera, 7, 744>, channel<4, 1>, perfLev=1, powerStatue=0.
2019-10-08 09:55:57.011 613-613/? I/mediacomm@2.1-service: getMdcVotePerfLev:179: Connected Mdc client<Camera, 7, 744> channel<4, 1> perfLev<1>
2019-10-08 09:55:57.013 27014-27045/? I/com.huawei.hiai.awareness.service.ServiceBindingManager:  CAWARENESS: RequestRunnable run() start result : RequestResult{type = 0, status = 0, action = 0, secondAction = null, time = 0, sensorTime = 0, confidence = 0, registerTopKey = cawareness.getdevicestatus_1:1;3,0,0, resultType = 1, content = null, triggerStatus = 3, errorCode = -1, errorResult = null}
2019-10-08 09:55:57.014 613-613/? I/mediacomm@2.1-service: doCopybit:495: client<Camera, 0> ret = 744 finish copybit -.
2019-10-08 09:55:57.014 1927-1942/? I/iMonitor: send: 942022000
2019-10-08 09:55:57.014 744-22464/? I/GRALLOC: LockFlexLayout: baseFormat: 11, yStride: 640, ySize: 307200, uOffset: 307200,  uStride: 640
2019-10-08 09:55:57.014 744-22464/? I/GRALLOC: LockFlexLayout: baseFormat: 11, yStride: 640, ySize: 307200, uOffset: 307200,  uStride: 640
2019-10-08 09:55:57.015 723-22429/? I/Camera3-Stream: getBuffer: Stream 0, 0xe84dc800: Already dequeued max output buffers (7), wait for next returned one.
2019-10-08 09:55:57.016 1927-1942/? D/ARMoudle.HwActivityRecognition: enableActivityExtendEvent
2019-10-08 09:55:57.016 22181-22421/com.virobugs I/GRALLOC: LockFlexLayout: baseFormat: 11, yStride: 640, ySize: 307200, uOffset: 307200,  uStride: 640
2019-10-08 09:55:57.016 1927-1942/? D/ARMoudle.HwActivityRecognition: android.activity_recognition.walking,1,200000000000,Param1=1.0, Param2=0.0, Param3=0.0, Param4=0.0, Param5=
2019-10-08 09:55:57.021 744-1263/? D/EnvImpl: [HWA_CAM3]getPackageName :  com.virobugs
2019-10-08 09:55:57.021 744-1263/? I/HwaUtils: [3c6ca2b_64I] getProductExtendName() path=EMILY
2019-10-08 09:55:57.022 744-1263/? I/HwaUtils: [3c6ca2b_64I] getOneCfgFile() path=NULL
2019-10-08 09:55:57.022 1173-1298/? D/FpDataCollector: case xxx, not a fingerprint unlock
2019-10-08 09:55:57.022 744-1263/? I/HwaDMapIpp: [3c6ca2b_64I] checkNeedSwapCalibrationData() ConfigFile NULL
2019-10-08 09:55:57.022 744-1263/? D/Misc____: [3c6ca2b_64D] enter loadRequest
2019-10-08 09:55:57.022 744-1263/? D/EnvImpl: [HWA_CAM3]getPackageName :  com.virobugs
2019-10-08 09:55:57.022 744-1263/? D/IppAlgoFilter: [HWA_CAM3]loadPreviewRequest() REQUEST_DMAP_SWAP, status:0
2019-10-08 09:55:57.022 744-1263/? D/EnvImpl: [HWA_CAM3]getPackageName :  com.virobugs
2019-10-08 09:55:57.022 744-1263/? I/chatty: uid=1013(media) pl#2 identical 1 line
2019-10-08 09:55:57.022 744-1263/? D/EnvImpl: [HWA_CAM3]getPackageName :  com.virobugs
2019-10-08 09:55:57.022 744-22453/? I/HwaStatInfo: [3c6ca2b_64I] algotype is 0, videoRatio is 1.000000, ratio is 1.875000, faceNum is 0
2019-10-08 09:55:57.023 1859-1875/? D/ARMoudle.ARService: handleEnableActivityExtendEvent no wake
2019-10-08 09:55:57.037 589-10827/? I/ArHal: (ar_data_enable_activity_event:619):successfully
2019-10-08 09:55:57.037 26925-26925/? W/DynamiteModule: Local module descriptor class for providerinstaller not found.
2019-10-08 09:55:57.038 1859-1875/? D/ARMoudle.ARService: com.huawei.android.chr 2:604800000000000
2019-10-08 09:55:57.039 744-22453/? I/HwaStatInfo: [3c6ca2b_64I] algotype is 0, videoRatio is 1.000000, ratio is 1.875000, faceNum is 0
2019-10-08 09:55:57.039 744-22462/? I/EnvImpl: [HWA_CAM3]getArCalorieMode mArCalorieMode 0
2019-10-08 09:55:57.039 589-649/? I/ArHal: (ar_data_netlink_cb:821):cmd[2].length[240]
2019-10-08 09:55:57.039 589-10827/? I/ArHal: (ar_data_get_state:1235):id[2]
2019-10-08 09:55:57.039 744-22462/? I/cie: FaceStoryAlgo::isCurFrameRun isCurFrameRun. Process mode 0.
2019-10-08 09:55:57.039 744-22456/? D/Misc____: [3c6ca2b_64D] onProcessFrame(666), afDistance(0.000000)
2019-10-08 09:55:57.040 1927-1942/? D/ARMoudle.HwActivityRecognition: activityExtendEventEnable:true
2019-10-08 09:55:57.040 27014-27049/? I/HwMSDPMovementManager: enableMovementEvent  type =1
2019-10-08 09:55:57.041 1927-1942/? I/iMonitor: create: 942022000
2019-10-08 09:55:57.042 1927-1942/? I/iMonitor: send: 942022000
2019-10-08 09:55:57.042 1927-1942/? D/ARMoudle.HwActivityRecognition: enableActivityExtendEvent
2019-10-08 09:55:57.042 1927-1942/? D/ARMoudle.HwActivityRecognition: android.activity_recognition.walking,2,200000000000,Param1=1.0, Param2=0.0, Param3=0.0, Param4=0.0, Param5=
2019-10-08 09:55:57.044 613-613/? I/mediacomm@2.1-service: getMdcClient:114: get client<Camera, 7, 744>, channel<4, 1>, perfLev=1, powerStatue=0.
2019-10-08 09:55:57.044 613-613/? I/mediacomm@2.1-service: getMdcVotePerfLev:179: Connected Mdc client<Camera, 7, 744> channel<4, 1> perfLev<1>
2019-10-08 09:55:57.044 1859-1875/? D/ARMoudle.ARService: handleEnableActivityExtendEvent no wake
2019-10-08 09:55:57.044 589-10827/? I/ArHal: (ar_data_enable_activity_event:619):successfully
2019-10-08 09:55:57.045 1859-1875/? D/ARMoudle.ARService: com.huawei.android.chr 2:604800000000000
2019-10-08 09:55:57.045 589-10827/? I/ArHal: (ar_data_get_state:1235):id[2]
2019-10-08 09:55:57.045 1859-2008/? D/ARMoudle.ARService: onActivityChanged...
2019-10-08 09:55:57.045 589-649/? I/ArHal: (ar_data_netlink_cb:821):cmd[2].length[240]
2019-10-08 09:55:57.046 613-613/? I/mediacomm@2.1-service: doCopybit:495: client<Camera, 0> ret = 744 finish copybit -.
2019-10-08 09:55:57.046 1927-1942/? D/ARMoudle.HwActivityRecognition: activityExtendEventEnable:true
2019-10-08 09:55:57.046 27014-27049/? I/HwMSDPMovementManager: enableMovementEvent  type =1
2019-10-08 09:55:57.046 744-22464/? I/GRALLOC: LockFlexLayout: baseFormat: 11, yStride: 640, ySize: 307200, uOffset: 307200,  uStride: 640
2019-10-08 09:55:57.046 744-22464/? I/GRALLOC: LockFlexLayout: baseFormat: 11, yStride: 640, ySize: 307200, uOffset: 307200,  uStride: 640
2019-10-08 09:55:57.047 723-22429/? I/Camera3-Stream: getBuffer: Stream 0, 0xe84dc800: Already dequeued max output buffers (7), wait for next returned one.
2019-10-08 09:55:57.047 1859-2008/? D/ARMoudle.ARService: onActivityChanged...
2019-10-08 09:55:57.047 1927-1942/? I/iMonitor: create: 942022000
2019-10-08 09:55:57.047 1927-1942/? I/iMonitor: send: 942022000
2019-10-08 09:55:57.047 1927-1942/? D/ARMoudle.HwActivityRecognition: enableActivityExtendEvent
2019-10-08 09:55:57.047 1927-1942/? D/ARMoudle.HwActivityRecognition: android.activity_recognition.elevator,1,200000000000,Param1=1.0, Param2=0.0, Param3=0.0, Param4=0.0, Param5=
2019-10-08 09:55:57.048 1859-1875/? D/ARMoudle.ARService: handleEnableActivityExtendEvent no wake
2019-10-08 09:55:57.048 589-10827/? I/ArHal: (ar_data_enable_activity_event:619):successfully
2019-10-08 09:55:57.048 1859-1875/? D/ARMoudle.ARService: com.huawei.android.chr 2:604800000000000
2019-10-08 09:55:57.048 589-10827/? I/ArHal: (ar_data_get_state:1235):id[2]
2019-10-08 09:55:57.049 22181-22421/com.virobugs I/GRALLOC: LockFlexLayout: baseFormat: 11, yStride: 640, ySize: 307200, uOffset: 307200,  uStride: 640
2019-10-08 09:55:57.049 589-649/? I/ArHal: (ar_data_netlink_cb:821):cmd[2].length[240]
2019-10-08 09:55:57.050 1859-2008/? D/ARMoudle.ARService: onActivityChanged...
2019-10-08 09:55:57.050 1927-1942/? D/ARMoudle.HwActivityRecognition: activityExtendEventEnable:true
2019-10-08 09:55:57.050 27014-27049/? I/HwMSDPMovementManager: enableMovementEvent  type =1
2019-10-08 09:55:57.051 744-1263/? D/EnvImpl: [HWA_CAM3]getPackageName :  com.virobugs
2019-10-08 09:55:57.051 744-1263/? I/HwaUtils: [3c6ca2b_64I] getProductExtendName() path=EMILY
2019-10-08 09:55:57.051 744-1263/? I/HwaUtils: [3c6ca2b_64I] getOneCfgFile() path=NULL
2019-10-08 09:55:57.051 744-1263/? I/HwaDMapIpp: [3c6ca2b_64I] checkNeedSwapCalibrationData() ConfigFile NULL
2019-10-08 09:55:57.051 744-1263/? D/Misc____: [3c6ca2b_64D] enter loadRequest
2019-10-08 09:55:57.051 744-1263/? D/EnvImpl: [HWA_CAM3]getPackageName :  com.virobugs
2019-10-08 09:55:57.051 744-1263/? D/IppAlgoFilter: [HWA_CAM3]loadPreviewRequest() REQUEST_DMAP_SWAP, status:0
2019-10-08 09:55:57.051 744-1263/? D/EnvImpl: [HWA_CAM3]getPackageName :  com.virobugs
2019-10-08 09:55:57.051 744-1263/? I/chatty: uid=1013(media) pl#2 identical 1 line
2019-10-08 09:55:57.051 744-1263/? D/EnvImpl: [HWA_CAM3]getPackageName :  com.virobugs
2019-10-08 09:55:57.051 1927-1942/? I/iMonitor: create: 942022000
2019-10-08 09:55:57.052 1927-1942/? I/iMonitor: send: 942022000
2019-10-08 09:55:57.052 1927-1942/? D/ARMoudle.HwActivityRecognition: enableActivityExtendEvent
2019-10-08 09:55:57.052 1927-1942/? D/ARMoudle.HwActivityRecognition: android.activity_recognition.elevator,2,200000000000,Param1=1.0, Param2=0.0, Param3=0.0, Param4=0.0, Param5=
2019-10-08 09:55:57.054 1859-1875/? D/ARMoudle.ARService: handleEnableActivityExtendEvent no wake
2019-10-08 09:55:57.054 589-10827/? I/ArHal: (ar_data_enable_activity_event:619):successfully
2019-10-08 09:55:57.055 1859-1875/? D/ARMoudle.ARService: com.huawei.android.chr 2:604800000000000
2019-10-08 09:55:57.055 589-10827/? I/ArHal: (ar_data_get_state:1235):id[2]
2019-10-08 09:55:57.055 589-649/? I/ArHal: (ar_data_netlink_cb:821):cmd[2].length[240]
2019-10-08 09:55:57.056 1859-2008/? D/ARMoudle.ARService: onActivityChanged...
2019-10-08 09:55:57.057 1927-1942/? D/ARMoudle.HwActivityRecognition: activityExtendEventEnable:true
2019-10-08 09:55:57.057 27014-27049/? I/HwMSDPMovementManager: enableMovementEvent  type =1
2019-10-08 09:55:57.058 1927-1942/? I/iMonitor: create: 942022000
2019-10-08 09:55:57.058 1927-1942/? I/iMonitor: send: 942022000
2019-10-08 09:55:57.058 26925-26925/? W/ProviderHelper: Unknown dynamite feature providerinstaller
2019-10-08 09:55:57.059 1927-1942/? D/ARMoudle.HwActivityRecognition: enableActivityExtendEvent
2019-10-08 09:55:57.059 1927-1942/? D/ARMoudle.HwActivityRecognition: android.activity_recognition.on_bicycle,1,200000000000,Param1=1.0, Param2=0.0, Param3=0.0, Param4=0.0, Param5=
2019-10-08 09:55:57.060 1859-1875/? D/ARMoudle.ARService: handleEnableActivityExtendEvent no wake
2019-10-08 09:55:57.061 589-10827/? I/ArHal: (ar_data_enable_activity_event:619):successfully
2019-10-08 09:55:57.061 1859-1875/? D/ARMoudle.ARService: com.huawei.android.chr 2:604800000000000
2019-10-08 09:55:57.061 589-10827/? I/ArHal: (ar_data_get_state:1235):id[2]
2019-10-08 09:55:57.062 589-649/? I/ArHal: (ar_data_netlink_cb:821):cmd[2].length[240]
2019-10-08 09:55:57.062 1859-2008/? D/ARMoudle.ARService: onActivityChanged...
2019-10-08 09:55:57.063 26925-26925/? I/DynamiteModule: Considering local module providerinstaller:0 and remote module providerinstaller:0
2019-10-08 09:55:57.063 1927-1942/? D/ARMoudle.HwActivityRecognition: activityExtendEventEnable:true
2019-10-08 09:55:57.063 27014-27049/? I/HwMSDPMovementManager: enableMovementEvent  type =1
2019-10-08 09:55:57.064 1927-1942/? I/iMonitor: create: 942022000
2019-10-08 09:55:57.064 1927-1942/? I/iMonitor: send: 942022000
2019-10-08 09:55:57.064 1927-1942/? D/ARMoudle.HwActivityRecognition: enableActivityExtendEvent
2019-10-08 09:55:57.064 1927-1942/? D/ARMoudle.HwActivityRecognition: android.activity_recognition.on_bicycle,2,200000000000,Param1=1.0, Param2=0.0, Param3=0.0, Param4=0.0, Param5=
2019-10-08 09:55:57.065 1859-1875/? D/ARMoudle.ARService: handleEnableActivityExtendEvent no wake
2019-10-08 09:55:57.066 589-10827/? I/ArHal: (ar_data_enable_activity_event:619):successfully
2019-10-08 09:55:57.066 1859-1875/? D/ARMoudle.ARService: com.huawei.android.chr 2:604800000000000
2019-10-08 09:55:57.066 589-10827/? I/ArHal: (ar_data_get_state:1235):id[2]
2019-10-08 09:55:57.067 589-649/? I/ArHal: (ar_data_netlink_cb:821):cmd[2].length[240]
2019-10-08 09:55:57.067 1859-2008/? D/ARMoudle.ARService: onActivityChanged...
2019-10-08 09:55:57.067 1927-1942/? D/ARMoudle.HwActivityRecognition: activityExtendEventEnable:true
2019-10-08 09:55:57.068 26925-26925/? W/ProviderInstaller: Failed to load providerinstaller module: No acceptable module found. Local version is 0 and remote version is 0.
2019-10-08 09:55:57.068 27014-27049/? I/HwMSDPMovementManager: enableMovementEvent  type =1
2019-10-08 09:55:57.068 27014-27043/? I/AppLifeChangeSensor:  CAWARENESS: registerAMS
2019-10-08 09:55:57.069 1927-1942/? I/iMonitor: create: 942022000
2019-10-08 09:55:57.069 1927-1942/? I/iMonitor: send: 942022000
2019-10-08 09:55:57.069 1927-1942/? D/ARMoudle.HwActivityRecognition: enableActivityExtendEvent
2019-10-08 09:55:57.069 1927-1942/? D/ARMoudle.HwActivityRecognition: android.activity_recognition.fast_walking,1,200000000000,Param1=1.0, Param2=0.0, Param3=0.0, Param4=0.0, Param5=
2019-10-08 09:55:57.070 1859-1875/? D/ARMoudle.ARService: handleEnableActivityExtendEvent no wake
2019-10-08 09:55:57.071 589-10827/? I/ArHal: (ar_data_enable_activity_event:619):successfully
2019-10-08 09:55:57.071 1859-1875/? D/ARMoudle.ARService: com.huawei.android.chr 2:604800000000000
2019-10-08 09:55:57.071 589-10827/? I/ArHal: (ar_data_get_state:1235):id[2]
2019-10-08 09:55:57.072 589-649/? I/ArHal: (ar_data_netlink_cb:821):cmd[2].length[240]
2019-10-08 09:55:57.073 744-22456/? D/Misc____: [3c6ca2b_64D] onProcessFrame(666), afDistance(0.000000)
2019-10-08 09:55:57.074 744-22462/? I/EnvImpl: [HWA_CAM3]getArCalorieMode mArCalorieMode 0
2019-10-08 09:55:57.074 744-22462/? I/cie: FaceStoryAlgo::isCurFrameRun isCurFrameRun. Process mode 0.
2019-10-08 09:55:57.074 1859-2008/? D/ARMoudle.ARService: onActivityChanged...
2019-10-08 09:55:57.076 744-22459/? I/AntiBanding: onSubAlgoProcess() mAlgoCtx.continue_detect_cnt :0, mAlgoCtx.succ_detect_cnt : 0, mAlgoCtx.motion_flag = 0, detect_result:0, frequency_detected = 0,cur_expo = 30000
2019-10-08 09:55:57.076 1927-1942/? D/ARMoudle.HwActivityRecognition: activityExtendEventEnable:true
2019-10-08 09:55:57.076 27014-27049/? I/HwMSDPMovementManager: enableMovementEvent  type =1
2019-10-08 09:55:57.077 1927-1942/? I/iMonitor: create: 942022000
2019-10-08 09:55:57.077 1927-1942/? I/iMonitor: send: 942022000
2019-10-08 09:55:57.078 1927-1942/? D/ARMoudle.HwActivityRecognition: enableActivityExtendEvent
2019-10-08 09:55:57.078 1927-1942/? D/ARMoudle.HwActivityRecognition: android.activity_recognition.fast_walking,2,200000000000,Param1=1.0, Param2=0.0, Param3=0.0, Param4=0.0, Param5=
2019-10-08 09:55:57.078 613-613/? I/mediacomm@2.1-service: getMdcClient:114: get client<Camera, 7, 744>, channel<4, 1>, perfLev=1, powerStatue=0.
2019-10-08 09:55:57.078 613-613/? I/mediacomm@2.1-service: getMdcVotePerfLev:179: Connected Mdc client<Camera, 7, 744> channel<4, 1> perfLev<1>
2019-10-08 09:55:57.078 1859-1875/? D/ARMoudle.ARService: handleEnableActivityExtendEvent no wake
2019-10-08 09:55:57.079 589-10827/? I/ArHal: (ar_data_enable_activity_event:619):successfully
2019-10-08 09:55:57.079 1859-1875/? D/ARMoudle.ARService: com.huawei.android.chr 2:604800000000000
2019-10-08 09:55:57.079 589-10827/? I/ArHal: (ar_data_get_state:1235):id[2]
2019-10-08 09:55:57.080 613-613/? I/mediacomm@2.1-service: doCopybit:495: client<Camera, 0> ret = 744 finish copybit -.
2019-10-08 09:55:57.081 589-649/? I/ArHal: (ar_data_netlink_cb:821):cmd[2].length[240]
2019-10-08 09:55:57.081 744-22464/? I/GRALLOC: LockFlexLayout: baseFormat: 11, yStride: 640, ySize: 307200, uOffset: 307200,  uStride: 640
2019-10-08 09:55:57.081 744-22464/? I/GRALLOC: LockFlexLayout: baseFormat: 11, yStride: 640, ySize: 307200, uOffset: 307200,  uStride: 640
2019-10-08 09:55:57.081 1927-1942/? D/ARMoudle.HwActivityRecognition: activityExtendEventEnable:true
2019-10-08 09:55:57.082 27014-27049/? I/HwMSDPMovementManager: enableMovementEvent  type =1
2019-10-08 09:55:57.082 22181-22421/com.virobugs I/GRALLOC: LockFlexLayout: baseFormat: 11, yStride: 640, ySize: 307200, uOffset: 307200,  uStride: 640
2019-10-08 09:55:57.082 1927-1942/? I/iMonitor: create: 942022000
2019-10-08 09:55:57.082 1859-2008/? D/ARMoudle.ARService: onActivityChanged...
2019-10-08 09:55:57.083 1927-1942/? I/iMonitor: send: 942022000
2019-10-08 09:55:57.083 1927-1942/? D/ARMoudle.HwActivityRecognition: enableActivityExtendEvent
2019-10-08 09:55:57.083 1927-1942/? D/ARMoudle.HwActivityRecognition: android.activity_recognition.in_vehicle,1,200000000000,Param1=1.0, Param2=0.0, Param3=0.0, Param4=0.0, Param5=
2019-10-08 09:55:57.083 1859-1875/? D/ARMoudle.ARService: handleEnableActivityExtendEvent no wake
2019-10-08 09:55:57.083 589-10827/? I/ArHal: (ar_data_enable_activity_event:619):successfully
2019-10-08 09:55:57.084 1859-1875/? D/ARMoudle.ARService: com.huawei.android.chr 2:604800000000000
2019-10-08 09:55:57.084 589-10827/? I/ArHal: (ar_data_get_state:1235):id[2]
2019-10-08 09:55:57.084 744-1263/? D/EnvImpl: [HWA_CAM3]getPackageName :  com.virobugs
2019-10-08 09:55:57.084 744-1263/? I/HwaUtils: [3c6ca2b_64I] getProductExtendName() path=EMILY
2019-10-08 09:55:57.084 744-1263/? I/HwaUtils: [3c6ca2b_64I] getOneCfgFile() path=NULL
2019-10-08 09:55:57.084 744-1263/? I/HwaDMapIpp: [3c6ca2b_64I] checkNeedSwapCalibrationData() ConfigFile NULL
2019-10-08 09:55:57.084 744-1263/? D/Misc____: [3c6ca2b_64D] enter loadRequest
2019-10-08 09:55:57.084 744-1263/? D/EnvImpl: [HWA_CAM3]getPackageName :  com.virobugs
2019-10-08 09:55:57.084 744-1263/? D/IppAlgoFilter: [HWA_CAM3]loadPreviewRequest() REQUEST_DMAP_SWAP, status:0
2019-10-08 09:55:57.084 744-1263/? D/EnvImpl: [HWA_CAM3]getPackageName :  com.virobugs
2019-10-08 09:55:57.084 744-1263/? I/chatty: uid=1013(media) pl#2 identical 1 line
2019-10-08 09:55:57.084 744-1263/? D/EnvImpl: [HWA_CAM3]getPackageName :  com.virobugs
2019-10-08 09:55:57.085 589-649/? I/ArHal: (ar_data_netlink_cb:821):cmd[2].length[240]
2019-10-08 09:55:57.085 1859-2008/? D/ARMoudle.ARService: onActivityChanged...
2019-10-08 09:55:57.087 744-22453/? I/HwaStatInfo: [3c6ca2b_64I] algotype is 0, videoRatio is 1.000000, ratio is 1.875000, faceNum is 0
2019-10-08 09:55:57.088 1927-1942/? D/ARMoudle.HwActivityRecognition: activityExtendEventEnable:true
2019-10-08 09:55:57.088 27014-27049/? I/HwMSDPMovementManager: enableMovementEvent  type =1
2019-10-08 09:55:57.089 1927-1942/? I/iMonitor: create: 942022000
2019-10-08 09:55:57.089 1927-1942/? I/iMonitor: send: 942022000
2019-10-08 09:55:57.089 580-638/? W/SocketListener: sending broadcast to Pid = 1173, Uid = 1000
2019-10-08 09:55:57.089 1927-1942/? D/ARMoudle.HwActivityRecognition: enableActivityExtendEvent
2019-10-08 09:55:57.090 1927-1942/? D/ARMoudle.HwActivityRecognition: android.activity_recognition.in_vehicle,2,200000000000,Param1=1.0, Param2=0.0, Param3=0.0, Param4=0.0, Param5=
2019-10-08 09:55:57.090 1859-1875/? D/ARMoudle.ARService: handleEnableActivityExtendEvent no wake
2019-10-08 09:55:57.091 589-10827/? I/ArHal: (ar_data_enable_activity_event:619):successfully
2019-10-08 09:55:57.091 1859-1875/? D/ARMoudle.ARService: com.huawei.android.chr 2:604800000000000
2019-10-08 09:55:57.091 589-10827/? I/ArHal: (ar_data_get_state:1235):id[2]
2019-10-08 09:55:57.092 589-649/? I/ArHal: (ar_data_netlink_cb:821):cmd[2].length[240]
2019-10-08 09:55:57.092 1859-2008/? D/ARMoudle.ARService: onActivityChanged...
2019-10-08 09:55:57.093 1927-1942/? D/ARMoudle.HwActivityRecognition: activityExtendEventEnable:true
2019-10-08 09:55:57.094 27014-27049/? I/HwMSDPMovementManager: enableMovementEvent  type =1
2019-10-08 09:55:57.096 1927-1942/? I/iMonitor: create: 942022000
2019-10-08 09:55:57.097 1927-1942/? I/iMonitor: send: 942022000
2019-10-08 09:55:57.097 1927-1942/? D/ARMoudle.HwActivityRecognition: enableActivityExtendEvent
2019-10-08 09:55:57.097 1927-1942/? D/ARMoudle.HwActivityRecognition: android.activity_recognition.running,1,200000000000,Param1=1.0, Param2=0.0, Param3=0.0, Param4=0.0, Param5=
2019-10-08 09:55:57.097 1859-1875/? D/ARMoudle.ARService: handleEnableActivityExtendEvent no wake
2019-10-08 09:55:57.097 1173-1571/? D/NetdConnector: RCV <- {601 limit alert globalAlert lo}
2019-10-08 09:55:57.098 589-10827/? I/ArHal: (ar_data_enable_activity_event:619):successfully
2019-10-08 09:55:57.098 1859-1875/? D/ARMoudle.ARService: com.huawei.android.chr 2:604800000000000
2019-10-08 09:55:57.098 589-10827/? I/ArHal: (ar_data_get_state:1235):id[2]
2019-10-08 09:55:57.099 1173-1292/? D/NetdConnector: RCV unsolicited event from native daemon, event = 601
2019-10-08 09:55:57.100 589-649/? I/ArHal: (ar_data_netlink_cb:821):cmd[2].length[240]
2019-10-08 09:55:57.101 1859-2008/? D/ARMoudle.ARService: onActivityChanged...
2019-10-08 09:55:57.101 1927-1942/? D/ARMoudle.HwActivityRecognition: activityExtendEventEnable:true
2019-10-08 09:55:57.101 27014-27049/? I/HwMSDPMovementManager: enableMovementEvent  type =1
2019-10-08 09:55:57.102 1927-1950/? I/iMonitor: create: 942022000
2019-10-08 09:55:57.102 1927-1950/? I/iMonitor: send: 942022000
2019-10-08 09:55:57.103 1927-1950/? D/ARMoudle.HwActivityRecognition: enableActivityExtendEvent
2019-10-08 09:55:57.103 1927-1950/? D/ARMoudle.HwActivityRecognition: android.activity_recognition.running,2,200000000000,Param1=1.0, Param2=0.0, Param3=0.0, Param4=0.0, Param5=
2019-10-08 09:55:57.104 1859-1875/? D/ARMoudle.ARService: handleEnableActivityExtendEvent no wake
2019-10-08 09:55:57.104 589-10827/? I/ArHal: (ar_data_enable_activity_event:619):successfully
2019-10-08 09:55:57.104 1859-1875/? D/ARMoudle.ARService: com.huawei.android.chr 2:604800000000000
2019-10-08 09:55:57.104 589-10827/? I/ArHal: (ar_data_get_state:1235):id[2]
2019-10-08 09:55:57.105 589-649/? I/ArHal: (ar_data_netlink_cb:821):cmd[2].length[240]
2019-10-08 09:55:57.106 1859-2008/? D/ARMoudle.ARService: onActivityChanged...
2019-10-08 09:55:57.106 1927-1950/? D/ARMoudle.HwActivityRecognition: activityExtendEventEnable:true
2019-10-08 09:55:57.109 744-22462/? I/EnvImpl: [HWA_CAM3]getArCalorieMode mArCalorieMode 0
2019-10-08 09:55:57.109 744-22456/? D/Misc____: [3c6ca2b_64D] onProcessFrame(666), afDistance(0.000000)
2019-10-08 09:55:57.109 744-22453/? I/HwaStatInfo: [3c6ca2b_64I] algotype is 0, videoRatio is 1.000000, ratio is 1.875000, faceNum is 0
2019-10-08 09:55:57.109 744-22462/? I/cie: FaceStoryAlgo::isCurFrameRun isCurFrameRun. Process mode 0.
2019-10-08 09:55:57.110 27014-27049/? I/com.huawei.hiai.awareness.service.ServiceBindingManager:  CAWARENESS: RequestRunnable run() start result : RequestResult{type = 0, status = 0, action = 0, secondAction = null, time = 0, sensorTime = 0, confidence = 0, registerTopKey = cawareness.getmovementstatus_1:1;1,0,0, resultType = 1, content = null, triggerStatus = 3, errorCode = -1, errorResult = null}
2019-10-08 09:55:57.112 613-613/? I/mediacomm@2.1-service: getMdcClient:114: get client<Camera, 7, 744>, channel<4, 1>, perfLev=1, powerStatue=0.
2019-10-08 09:55:57.112 613-613/? I/mediacomm@2.1-service: getMdcVotePerfLev:179: Connected Mdc client<Camera, 7, 744> channel<4, 1> perfLev<1>
2019-10-08 09:55:57.114 613-613/? I/mediacomm@2.1-service: doCopybit:495: client<Camera, 0> ret = 744 finish copybit -.
2019-10-08 09:55:57.114 744-22464/? I/GRALLOC: LockFlexLayout: baseFormat: 11, yStride: 640, ySize: 307200, uOffset: 307200,  uStride: 640
2019-10-08 09:55:57.114 1173-1292/? W/Binder: Outgoing transactions from this process must be FLAG_ONEWAY
    java.lang.Throwable
        at android.os.BinderProxy.transact(Binder.java:1132)
        at android.net.INetworkManagementEventObserver$Stub$Proxy.limitReached(INetworkManagementEventObserver.java:365)
        at com.android.server.NetworkManagementService.lambda$notifyLimitReached$4(NetworkManagementService.java:583)
        at com.android.server.-$$Lambda$NetworkManagementService$xer7k2RLU4mODjrkZqaX89S9gD8.sendCallback(Unknown Source:4)
        at com.android.server.NetworkManagementService.invokeForAllObservers(NetworkManagementService.java:536)
        at com.android.server.NetworkManagementService.notifyLimitReached(NetworkManagementService.java:583)
        at com.android.server.NetworkManagementService.access$1000(NetworkManagementService.java:155)
        at com.android.server.NetworkManagementService$NetdCallbackReceiver.onEvent(NetworkManagementService.java:941)
        at com.android.server.NativeDaemonConnector.handleMessage(NativeDaemonConnector.java:176)
        at android.os.Handler.dispatchMessage(Handler.java:108)
        at android.os.Looper.loop(Looper.java:216)
        at android.os.HandlerThread.run(HandlerThread.java:65)
        at com.android.server.ServiceThread.run(ServiceThread.java:44)
2019-10-08 09:55:57.115 744-22464/? I/GRALLOC: LockFlexLayout: baseFormat: 11, yStride: 640, ySize: 307200, uOffset: 307200,  uStride: 640
2019-10-08 09:55:57.115 723-22429/? I/Camera3-Stream: getBuffer: Stream 0, 0xe84dc800: Already dequeued max output buffers (7), wait for next returned one.
2019-10-08 09:55:57.116 22181-22421/com.virobugs I/GRALLOC: LockFlexLayout: baseFormat: 11, yStride: 640, ySize: 307200, uOffset: 307200,  uStride: 640
2019-10-08 09:55:57.119 744-1263/? D/EnvImpl: [HWA_CAM3]getPackageName :  com.virobugs
2019-10-08 09:55:57.119 744-1263/? I/HwaUtils: [3c6ca2b_64I] getProductExtendName() path=EMILY
2019-10-08 09:55:57.119 744-1263/? I/HwaUtils: [3c6ca2b_64I] getOneCfgFile() path=NULL
2019-10-08 09:55:57.119 744-1263/? I/HwaDMapIpp: [3c6ca2b_64I] checkNeedSwapCalibrationData() ConfigFile NULL
2019-10-08 09:55:57.119 744-1263/? D/Misc____: [3c6ca2b_64D] enter loadRequest
2019-10-08 09:55:57.119 744-1263/? D/EnvImpl: [HWA_CAM3]getPackageName :  com.virobugs
2019-10-08 09:55:57.119 744-1263/? D/IppAlgoFilter: [HWA_CAM3]loadPreviewRequest() REQUEST_DMAP_SWAP, status:0
2019-10-08 09:55:57.120 744-1263/? D/EnvImpl: [HWA_CAM3]getPackageName :  com.virobugs
2019-10-08 09:55:57.120 1173-1292/? I/NetworkStats: limitReached
2019-10-08 09:55:57.130 1173-1574/? I/NetworkStats: performPollLocked, pid = 1173
2019-10-08 09:55:57.140 744-22462/? I/EnvImpl: [HWA_CAM3]getArCalorieMode mArCalorieMode 0
2019-10-08 09:55:57.141 744-22462/? I/cie: FaceStoryAlgo::isCurFrameRun isCurFrameRun. Process mode 0.
2019-10-08 09:55:57.141 744-22456/? D/Misc____: [3c6ca2b_64D] onProcessFrame(666), afDistance(0.000000)
2019-10-08 09:55:57.143 744-22459/? I/AntiBanding: onSubAlgoProcess() mAlgoCtx.continue_detect_cnt :0, mAlgoCtx.succ_detect_cnt : 0, mAlgoCtx.motion_flag = 0, detect_result:0, frequency_detected = 0,cur_expo = 30000
2019-10-08 09:55:57.145 613-613/? I/mediacomm@2.1-service: getMdcClient:114: get client<Camera, 7, 744>, channel<4, 1>, perfLev=1, powerStatue=0.
2019-10-08 09:55:57.145 613-613/? I/mediacomm@2.1-service: getMdcVotePerfLev:179: Connected Mdc client<Camera, 7, 744> channel<4, 1> perfLev<1>
2019-10-08 09:55:57.147 613-613/? I/mediacomm@2.1-service: doCopybit:495: client<Camera, 0> ret = 744 finish copybit -.
2019-10-08 09:55:57.147 744-22464/? I/GRALLOC: LockFlexLayout: baseFormat: 11, yStride: 640, ySize: 307200, uOffset: 307200,  uStride: 640
2019-10-08 09:55:57.149 744-22464/? I/GRALLOC: LockFlexLayout: baseFormat: 11, yStride: 640, ySize: 307200, uOffset: 307200,  uStride: 640
2019-10-08 09:55:57.150 723-22429/? I/Camera3-Stream: getBuffer: Stream 0, 0xe84dc800: Already dequeued max output buffers (7), wait for next returned one.
2019-10-08 09:55:57.150 22181-22421/com.virobugs I/GRALLOC: LockFlexLayout: baseFormat: 11, yStride: 640, ySize: 307200, uOffset: 307200,  uStride: 640
2019-10-08 09:55:57.152 744-1263/? D/EnvImpl: [HWA_CAM3]getPackageName :  com.virobugs
2019-10-08 09:55:57.153 744-1263/? I/HwaUtils: [3c6ca2b_64I] getProductExtendName() path=EMILY
2019-10-08 09:55:57.153 744-1263/? I/HwaUtils: [3c6ca2b_64I] getOneCfgFile() path=NULL
2019-10-08 09:55:57.153 744-1263/? I/HwaDMapIpp: [3c6ca2b_64I] checkNeedSwapCalibrationData() ConfigFile NULL
2019-10-08 09:55:57.153 744-1263/? D/Misc____: [3c6ca2b_64D] enter loadRequest
2019-10-08 09:55:57.153 744-1263/? D/EnvImpl: [HWA_CAM3]getPackageName :  com.virobugs
2019-10-08 09:55:57.153 744-1263/? D/IppAlgoFilter: [HWA_CAM3]loadPreviewRequest() REQUEST_DMAP_SWAP, status:0
2019-10-08 09:55:57.153 744-1263/? D/EnvImpl: [HWA_CAM3]getPackageName :  com.virobugs
2019-10-08 09:55:57.153 744-1263/? I/chatty: uid=1013(media) pl#2 identical 1 line
2019-10-08 09:55:57.153 744-1263/? D/EnvImpl: [HWA_CAM3]getPackageName :  com.virobugs
2019-10-08 09:55:57.156 744-22453/? I/HwaStatInfo: [3c6ca2b_64I] algotype is 0, videoRatio is 1.000000, ratio is 1.875000, faceNum is 0
2019-10-08 09:55:57.165 26925-26925/? V/NativeCrypto: Registering com/google/android/gms/org/conscrypt/NativeCrypto's 284 native methods...
2019-10-08 09:55:57.174 744-22453/? I/HwaStatInfo: [3c6ca2b_64I] algotype is 0, videoRatio is 1.000000, ratio is 1.875000, faceNum is 0
2019-10-08 09:55:57.175 744-22462/? I/EnvImpl: [HWA_CAM3]getArCalorieMode mArCalorieMode 0
2019-10-08 09:55:57.175 744-22462/? I/cie: FaceStoryAlgo::isCurFrameRun isCurFrameRun. Process mode 0.
2019-10-08 09:55:57.175 744-22456/? D/Misc____: [3c6ca2b_64D] onProcessFrame(666), afDistance(0.000000)
2019-10-08 09:55:57.178 613-613/? I/mediacomm@2.1-service: getMdcClient:114: get client<Camera, 7, 744>, channel<4, 1>, perfLev=1, powerStatue=0.
2019-10-08 09:55:57.178 613-613/? I/mediacomm@2.1-service: getMdcVotePerfLev:179: Connected Mdc client<Camera, 7, 744> channel<4, 1> perfLev<1>
2019-10-08 09:55:57.180 613-613/? I/mediacomm@2.1-service: doCopybit:495: client<Camera, 0> ret = 744 finish copybit -.
2019-10-08 09:55:57.181 744-22464/? I/GRALLOC: LockFlexLayout: baseFormat: 11, yStride: 640, ySize: 307200, uOffset: 307200,  uStride: 640
2019-10-08 09:55:57.181 744-22464/? I/GRALLOC: LockFlexLayout: baseFormat: 11, yStride: 640, ySize: 307200, uOffset: 307200,  uStride: 640
2019-10-08 09:55:57.181 723-22429/? I/Camera3-Stream: getBuffer: Stream 0, 0xe84dc800: Already dequeued max output buffers (7), wait for next returned one.
2019-10-08 09:55:57.182 22181-22421/com.virobugs I/GRALLOC: LockFlexLayout: baseFormat: 11, yStride: 640, ySize: 307200, uOffset: 307200,  uStride: 640
2019-10-08 09:55:57.186 744-1263/? D/EnvImpl: [HWA_CAM3]getPackageName :  com.virobugs
2019-10-08 09:55:57.186 744-1263/? I/HwaUtils: [3c6ca2b_64I] getProductExtendName() path=EMILY
2019-10-08 09:55:57.186 744-1263/? I/HwaUtils: [3c6ca2b_64I] getOneCfgFile() path=NULL
2019-10-08 09:55:57.186 744-1263/? I/HwaDMapIpp: [3c6ca2b_64I] checkNeedSwapCalibrationData() ConfigFile NULL
2019-10-08 09:55:57.186 744-1263/? D/Misc____: [3c6ca2b_64D] enter loadRequest
2019-10-08 09:55:57.186 744-1263/? D/EnvImpl: [HWA_CAM3]getPackageName :  com.virobugs
2019-10-08 09:55:57.186 744-1263/? D/IppAlgoFilter: [HWA_CAM3]loadPreviewRequest() REQUEST_DMAP_SWAP, status:0
2019-10-08 09:55:57.186 744-1263/? D/EnvImpl: [HWA_CAM3]getPackageName :  com.virobugs
2019-10-08 09:55:57.186 744-1263/? I/chatty: uid=1013(media) pl#2 identical 1 line
2019-10-08 09:55:57.186 744-1263/? D/EnvImpl: [HWA_CAM3]getPackageName :  com.virobugs
2019-10-08 09:55:57.192 741-741/? E/Thermal-daemon: [ap] temp_new :49  temp_old :48
2019-10-08 09:55:57.196 741-741/? E/Thermal-daemon: Report temperature: [ap] temp :49  report_threshold:1
2019-10-08 09:55:57.200 1943-2692/? D/HwThermalStateManager: Thermal type: 0 cur_temperature:49
2019-10-08 09:55:57.211 744-22456/? D/Misc____: [3c6ca2b_64D] onProcessFrame(666), afDistance(0.000000)
2019-10-08 09:55:57.211 744-22462/? I/EnvImpl: [HWA_CAM3]getArCalorieMode mArCalorieMode 0
2019-10-08 09:55:57.212 744-22462/? I/cie: FaceStoryAlgo::isCurFrameRun isCurFrameRun. Process mode 0.
2019-10-08 09:55:57.214 613-613/? I/mediacomm@2.1-service: getMdcClient:114: get client<Camera, 7, 744>, channel<4, 1>, perfLev=1, powerStatue=0.
2019-10-08 09:55:57.214 613-613/? I/mediacomm@2.1-service: getMdcVotePerfLev:179: Connected Mdc client<Camera, 7, 744> channel<4, 1> perfLev<1>
2019-10-08 09:55:57.214 744-22459/? I/AntiBanding: onSubAlgoProcess() mAlgoCtx.continue_detect_cnt :0, mAlgoCtx.succ_detect_cnt : 0, mAlgoCtx.motion_flag = 0, detect_result:0, frequency_detected = 0,cur_expo = 30000
2019-10-08 09:55:57.217 613-613/? I/mediacomm@2.1-service: doCopybit:495: client<Camera, 0> ret = 744 finish copybit -.
2019-10-08 09:55:57.218 744-22464/? I/GRALLOC: LockFlexLayout: baseFormat: 11, yStride: 640, ySize: 307200, uOffset: 307200,  uStride: 640
2019-10-08 09:55:57.218 744-22464/? I/GRALLOC: LockFlexLayout: baseFormat: 11, yStride: 640, ySize: 307200, uOffset: 307200,  uStride: 640
2019-10-08 09:55:57.219 723-22429/? I/Camera3-Stream: getBuffer: Stream 0, 0xe84dc800: Already dequeued max output buffers (7), wait for next returned one.
2019-10-08 09:55:57.220 22181-22421/com.virobugs I/GRALLOC: LockFlexLayout: baseFormat: 11, yStride: 640, ySize: 307200, uOffset: 307200,  uStride: 640
2019-10-08 09:55:57.224 744-22453/? I/HwaStatInfo: [3c6ca2b_64I] algotype is 0, videoRatio is 1.000000, ratio is 1.875000, faceNum is 0
2019-10-08 09:55:57.224 744-1263/? D/EnvImpl: [HWA_CAM3]getPackageName :  com.virobugs
2019-10-08 09:55:57.224 744-1263/? I/HwaUtils: [3c6ca2b_64I] getProductExtendName() path=EMILY
2019-10-08 09:55:57.224 744-1263/? I/HwaUtils: [3c6ca2b_64I] getOneCfgFile() path=NULL
2019-10-08 09:55:57.224 744-1263/? I/HwaDMapIpp: [3c6ca2b_64I] checkNeedSwapCalibrationData() ConfigFile NULL
2019-10-08 09:55:57.224 744-1263/? D/Misc____: [3c6ca2b_64D] enter loadRequest
2019-10-08 09:55:57.225 744-1263/? D/EnvImpl: [HWA_CAM3]getPackageName :  com.virobugs
2019-10-08 09:55:57.225 744-1263/? D/IppAlgoFilter: [HWA_CAM3]loadPreviewRequest() REQUEST_DMAP_SWAP, status:0
2019-10-08 09:55:57.225 744-1263/? D/EnvImpl: [HWA_CAM3]getPackageName :  com.virobugs
2019-10-08 09:55:57.225 744-1263/? I/chatty: uid=1013(media) pl#2 identical 1 line
2019-10-08 09:55:57.225 744-1263/? D/EnvImpl: [HWA_CAM3]getPackageName :  com.virobugs
2019-10-08 09:55:57.242 744-22453/? I/HwaStatInfo: [3c6ca2b_64I] algotype is 0, videoRatio is 1.000000, ratio is 1.875000, faceNum is 0
2019-10-08 09:55:57.242 744-22456/? D/Misc____: [3c6ca2b_64D] onProcessFrame(666), afDistance(0.000000)
2019-10-08 09:55:57.244 744-22462/? I/EnvImpl: [HWA_CAM3]getArCalorieMode mArCalorieMode 0
2019-10-08 09:55:57.244 744-22462/? I/cie: FaceStoryAlgo::isCurFrameRun isCurFrameRun. Process mode 0.
2019-10-08 09:55:57.247 613-613/? I/mediacomm@2.1-service: getMdcClient:114: get client<Camera, 7, 744>, channel<4, 1>, perfLev=1, powerStatue=0.
2019-10-08 09:55:57.247 613-613/? I/mediacomm@2.1-service: getMdcVotePerfLev:179: Connected Mdc client<Camera, 7, 744> channel<4, 1> perfLev<1>
2019-10-08 09:55:57.249 613-613/? I/mediacomm@2.1-service: doCopybit:495: client<Camera, 0> ret = 744 finish copybit -.
2019-10-08 09:55:57.250 744-22464/? I/GRALLOC: LockFlexLayout: baseFormat: 11, yStride: 640, ySize: 307200, uOffset: 307200,  uStride: 640
2019-10-08 09:55:57.250 744-22464/? I/GRALLOC: LockFlexLayout: baseFormat: 11, yStride: 640, ySize: 307200, uOffset: 307200,  uStride: 640
2019-10-08 09:55:57.251 723-22429/? I/Camera3-Stream: getBuffer: Stream 0, 0xe84dc800: Already dequeued max output buffers (7), wait for next returned one.
2019-10-08 09:55:57.251 22181-22421/com.virobugs I/GRALLOC: LockFlexLayout: baseFormat: 11, yStride: 640, ySize: 307200, uOffset: 307200,  uStride: 640
2019-10-08 09:55:57.253 611-1341/? D/asd_primary_out: L[0],R[0], continus 20 times!
2019-10-08 09:55:57.253 744-1263/? D/EnvImpl: [HWA_CAM3]getPackageName :  com.virobugs
2019-10-08 09:55:57.253 744-1263/? I/HwaUtils: [3c6ca2b_64I] getProductExtendName() path=EMILY
2019-10-08 09:55:57.253 744-1263/? I/HwaUtils: [3c6ca2b_64I] getOneCfgFile() path=NULL
2019-10-08 09:55:57.253 744-1263/? I/HwaDMapIpp: [3c6ca2b_64I] checkNeedSwapCalibrationData() ConfigFile NULL
2019-10-08 09:55:57.253 744-1263/? D/Misc____: [3c6ca2b_64D] enter loadRequest
2019-10-08 09:55:57.253 744-1263/? D/EnvImpl: [HWA_CAM3]getPackageName :  com.virobugs
2019-10-08 09:55:57.253 744-1263/? D/IppAlgoFilter: [HWA_CAM3]loadPreviewRequest() REQUEST_DMAP_SWAP, status:0
2019-10-08 09:55:57.253 744-1263/? D/EnvImpl: [HWA_CAM3]getPackageName :  com.virobugs
2019-10-08 09:55:57.253 744-1263/? I/chatty: uid=1013(media) pl#2 identical 1 line
2019-10-08 09:55:57.253 744-1263/? D/EnvImpl: [HWA_CAM3]getPackageName :  com.virobugs
2019-10-08 09:55:57.274 744-22462/? I/EnvImpl: [HWA_CAM3]getArCalorieMode mArCalorieMode 0
2019-10-08 09:55:57.275 744-22462/? I/cie: FaceStoryAlgo::isCurFrameRun isCurFrameRun. Process mode 0.
2019-10-08 09:55:57.276 744-22456/? D/Misc____: [3c6ca2b_64D] onProcessFrame(666), afDistance(0.000000)
2019-10-08 09:55:57.276 613-613/? I/mediacomm@2.1-service: getMdcClient:114: get client<Camera, 7, 744>, channel<4, 1>, perfLev=1, powerStatue=0.
2019-10-08 09:55:57.276 613-613/? I/mediacomm@2.1-service: getMdcVotePerfLev:179: Connected Mdc client<Camera, 7, 744> channel<4, 1> perfLev<1>
2019-10-08 09:55:57.278 744-22459/? I/AntiBanding: onSubAlgoProcess() mAlgoCtx.continue_detect_cnt :0, mAlgoCtx.succ_detect_cnt : 0, mAlgoCtx.motion_flag = 0, detect_result:0, frequency_detected = 0,cur_expo = 30000
2019-10-08 09:55:57.278 613-613/? I/mediacomm@2.1-service: doCopybit:495: client<Camera, 0> ret = 744 finish copybit -.
2019-10-08 09:55:57.279 744-22464/? I/GRALLOC: LockFlexLayout: baseFormat: 11, yStride: 640, ySize: 307200, uOffset: 307200,  uStride: 640
2019-10-08 09:55:57.279 744-22464/? I/GRALLOC: LockFlexLayout: baseFormat: 11, yStride: 640, ySize: 307200, uOffset: 307200,  uStride: 640
2019-10-08 09:55:57.279 723-22429/? I/Camera3-Stream: getBuffer: Stream 0, 0xe84dc800: Already dequeued max output buffers (7), wait for next returned one.
2019-10-08 09:55:57.280 22181-22421/com.virobugs I/GRALLOC: LockFlexLayout: baseFormat: 11, yStride: 640, ySize: 307200, uOffset: 307200,  uStride: 640
2019-10-08 09:55:57.282 1173-1574/? W/NetworkStatsFactory: mStatsXtProcUid: /proc/net/comm/stats does not exist!
2019-10-08 09:55:57.283 1173-1574/? D/HwNetworkStatsService: hwRecordUidAndProcSnapshotLocked currentTime = 1570521357916
2019-10-08 09:55:57.283 744-1263/? D/EnvImpl: [HWA_CAM3]getPackageName :  com.virobugs
2019-10-08 09:55:57.283 744-1263/? I/HwaUtils: [3c6ca2b_64I] getProductExtendName() path=EMILY
2019-10-08 09:55:57.283 744-1263/? I/HwaUtils: [3c6ca2b_64I] getOneCfgFile() path=NULL
2019-10-08 09:55:57.283 744-1263/? I/HwaDMapIpp: [3c6ca2b_64I] checkNeedSwapCalibrationData() ConfigFile NULL
2019-10-08 09:55:57.283 744-1263/? D/Misc____: [3c6ca2b_64D] enter loadRequest
2019-10-08 09:55:57.283 744-1263/? D/EnvImpl: [HWA_CAM3]getPackageName :  com.virobugs
2019-10-08 09:55:57.283 744-1263/? D/IppAlgoFilter: [HWA_CAM3]loadPreviewRequest() REQUEST_DMAP_SWAP, status:0
2019-10-08 09:55:57.283 744-1263/? D/EnvImpl: [HWA_CAM3]getPackageName :  com.virobugs
2019-10-08 09:55:57.286 1173-1574/? I/NetworkStatsFactory: javaReadNetworkStatsUidAndProcDetail. cost time = 3
2019-10-08 09:55:57.288 744-22453/? I/HwaStatInfo: [3c6ca2b_64I] algotype is 0, videoRatio is 1.000000, ratio is 1.875000, faceNum is 0
2019-10-08 09:55:57.307 744-22453/? I/HwaStatInfo: [3c6ca2b_64I] algotype is 0, videoRatio is 1.000000, ratio is 1.875000, faceNum is 0
2019-10-08 09:55:57.307 744-22456/? D/Misc____: [3c6ca2b_64D] onProcessFrame(666), afDistance(0.000000)
2019-10-08 09:55:57.307 744-22462/? I/EnvImpl: [HWA_CAM3]getArCalorieMode mArCalorieMode 0
2019-10-08 09:55:57.307 744-22462/? I/cie: FaceStoryAlgo::isCurFrameRun isCurFrameRun. Process mode 0.
2019-10-08 09:55:57.311 613-613/? I/mediacomm@2.1-service: getMdcClient:114: get client<Camera, 7, 744>, channel<4, 1>, perfLev=1, powerStatue=0.
2019-10-08 09:55:57.311 613-613/? I/mediacomm@2.1-service: getMdcVotePerfLev:179: Connected Mdc client<Camera, 7, 744> channel<4, 1> perfLev<1>
2019-10-08 09:55:57.313 613-613/? I/mediacomm@2.1-service: doCopybit:495: client<Camera, 0> ret = 744 finish copybit -.
2019-10-08 09:55:57.313 744-22464/? I/GRALLOC: LockFlexLayout: baseFormat: 11, yStride: 640, ySize: 307200, uOffset: 307200,  uStride: 640
2019-10-08 09:55:57.313 744-22464/? I/GRALLOC: LockFlexLayout: baseFormat: 11, yStride: 640, ySize: 307200, uOffset: 307200,  uStride: 640
2019-10-08 09:55:57.314 723-22429/? I/Camera3-Stream: getBuffer: Stream 0, 0xe84dc800: Already dequeued max output buffers (7), wait for next returned one.
2019-10-08 09:55:57.315 22181-22421/com.virobugs I/GRALLOC: LockFlexLayout: baseFormat: 11, yStride: 640, ySize: 307200, uOffset: 307200,  uStride: 640
2019-10-08 09:55:57.316 744-1263/? D/EnvImpl: [HWA_CAM3]getPackageName :  com.virobugs
2019-10-08 09:55:57.317 744-1263/? I/HwaUtils: [3c6ca2b_64I] getProductExtendName() path=EMILY
2019-10-08 09:55:57.317 744-1263/? I/HwaUtils: [3c6ca2b_64I] getOneCfgFile() path=NULL
2019-10-08 09:55:57.317 744-1263/? I/HwaDMapIpp: [3c6ca2b_64I] checkNeedSwapCalibrationData() ConfigFile NULL
2019-10-08 09:55:57.318 744-1263/? D/Misc____: [3c6ca2b_64D] enter loadRequest
2019-10-08 09:55:57.318 744-1263/? D/EnvImpl: [HWA_CAM3]getPackageName :  com.virobugs
2019-10-08 09:55:57.318 744-1263/? D/IppAlgoFilter: [HWA_CAM3]loadPreviewRequest() REQUEST_DMAP_SWAP, status:0
2019-10-08 09:55:57.318 744-1263/? D/EnvImpl: [HWA_CAM3]getPackageName :  com.virobugs
2019-10-08 09:55:57.318 744-1263/? I/chatty: uid=1013(media) pl#2 identical 1 line
2019-10-08 09:55:57.318 744-1263/? D/EnvImpl: [HWA_CAM3]getPackageName :  com.virobugs
2019-10-08 09:55:57.320 744-1254/? I/MRMain: [3c6ca2b_64I] onConfig ret: 0,mLastEnableStatus: 0
2019-10-08 09:55:57.328 1173-1574/? D/NetdConnector: SND -> {409 bandwidth setglobalalert 2097152}
2019-10-08 09:55:57.331 1173-1571/? D/NetdConnector: RCV <- {200 409 Bandwidth command succeeeded}
2019-10-08 09:55:57.341 744-22456/? D/Misc____: [3c6ca2b_64D] onProcessFrame(666), afDistance(0.000000)
2019-10-08 09:55:57.341 744-22459/? I/AntiBanding: onSubAlgoProcess() mAlgoCtx.continue_detect_cnt :0, mAlgoCtx.succ_detect_cnt : 0, mAlgoCtx.motion_flag = 0, detect_result:0, frequency_detected = 0,cur_expo = 30000
2019-10-08 09:55:57.341 744-22462/? I/EnvImpl: [HWA_CAM3]getArCalorieMode mArCalorieMode 0
2019-10-08 09:55:57.342 744-22462/? I/cie: SceneRecognition::isCurFrameRun needTrigger = 1
2019-10-08 09:55:57.342 744-22462/? I/cie: SceneRecognition::isCurFrameRun monoMode=0, mStatus=1, isCurFrameStable=1, lastStableState=1, mStableCnt=30, mUnStableCnt=0
2019-10-08 09:55:57.344 744-22462/? I/cie: FaceStoryAlgo::isCurFrameRun isCurFrameRun. Process mode 0.
2019-10-08 09:55:57.344 744-22462/? I/cie: CIE::onProcess::SceneRecognition share buffer[112*112][0x7bbbf1cf48][1] public preProcess running
2019-10-08 09:55:57.345 613-613/? I/mediacomm@2.1-service: getMdcClient:114: get client<Camera, 7, 744>, channel<4, 1>, perfLev=1, powerStatue=0.
2019-10-08 09:55:57.345 613-613/? I/mediacomm@2.1-service: getMdcVotePerfLev:179: Connected Mdc client<Camera, 7, 744> channel<4, 1> perfLev<1>
2019-10-08 09:55:57.347 744-22462/? I/cie: Enter SceneRecognition::process
2019-10-08 09:55:57.347 613-613/? I/mediacomm@2.1-service: doCopybit:495: client<Camera, 0> ret = 744 finish copybit -.
2019-10-08 09:55:57.347 744-22464/? I/GRALLOC: LockFlexLayout: baseFormat: 11, yStride: 640, ySize: 307200, uOffset: 307200,  uStride: 640
2019-10-08 09:55:57.348 744-22464/? I/GRALLOC: LockFlexLayout: baseFormat: 11, yStride: 640, ySize: 307200, uOffset: 307200,  uStride: 640
2019-10-08 09:55:57.348 723-22429/? I/Camera3-Stream: getBuffer: Stream 0, 0xe84dc800: Already dequeued max output buffers (7), wait for next returned one.
2019-10-08 09:55:57.349 22181-22421/com.virobugs I/GRALLOC: LockFlexLayout: baseFormat: 11, yStride: 640, ySize: 307200, uOffset: 307200,  uStride: 640
2019-10-08 09:55:57.350 744-1263/? D/EnvImpl: [HWA_CAM3]getPackageName :  com.virobugs
2019-10-08 09:55:57.350 744-1263/? I/HwaUtils: [3c6ca2b_64I] getProductExtendName() path=EMILY
2019-10-08 09:55:57.350 744-1263/? I/HwaUtils: [3c6ca2b_64I] getOneCfgFile() path=NULL
2019-10-08 09:55:57.350 744-1263/? I/HwaDMapIpp: [3c6ca2b_64I] checkNeedSwapCalibrationData() ConfigFile NULL
2019-10-08 09:55:57.350 744-1263/? D/Misc____: [3c6ca2b_64D] enter loadRequest
2019-10-08 09:55:57.350 744-1263/? D/EnvImpl: [HWA_CAM3]getPackageName :  com.virobugs
2019-10-08 09:55:57.350 744-1263/? D/IppAlgoFilter: [HWA_CAM3]loadPreviewRequest() REQUEST_DMAP_SWAP, status:0
2019-10-08 09:55:57.350 744-1263/? D/EnvImpl: [HWA_CAM3]getPackageName :  com.virobugs
2019-10-08 09:55:57.350 744-1263/? I/chatty: uid=1013(media) pl#2 identical 1 line
2019-10-08 09:55:57.350 744-1263/? D/EnvImpl: [HWA_CAM3]getPackageName :  com.virobugs
2019-10-08 09:55:57.352 744-1254/? I/MRMain: [3c6ca2b_64I] checkConfig(), enableV1=0, enableV2=0, enableV3=0
2019-10-08 09:55:57.357 744-22453/? I/HwaStatInfo: [3c6ca2b_64I] algotype is 0, videoRatio is 1.000000, ratio is 1.875000, faceNum is 0
2019-10-08 09:55:57.375 744-22453/? I/HwaStatInfo: [3c6ca2b_64I] algotype is 0, videoRatio is 1.000000, ratio is 1.875000, faceNum is 0
2019-10-08 09:55:57.375 744-22456/? D/Misc____: [3c6ca2b_64D] onProcessFrame(666), afDistance(0.000000)
2019-10-08 09:55:57.377 744-22462/? W/cie: CIE::onProcess::SceneRecognition [Warning](TimeCost>20ms)  onProcess success,TimeCost: 29(ms)
2019-10-08 09:55:57.378 613-613/? I/mediacomm@2.1-service: getMdcClient:114: get client<Camera, 7, 744>, channel<4, 1>, perfLev=1, powerStatue=0.
2019-10-08 09:55:57.379 613-613/? I/mediacomm@2.1-service: getMdcVotePerfLev:179: Connected Mdc client<Camera, 7, 744> channel<4, 1> perfLev<1>
2019-10-08 09:55:57.381 613-613/? I/mediacomm@2.1-service: doCopybit:495: client<Camera, 0> ret = 744 finish copybit -.
2019-10-08 09:55:57.381 744-22464/? I/GRALLOC: LockFlexLayout: baseFormat: 11, yStride: 640, ySize: 307200, uOffset: 307200,  uStride: 640
2019-10-08 09:55:57.381 744-22464/? I/GRALLOC: LockFlexLayout: baseFormat: 11, yStride: 640, ySize: 307200, uOffset: 307200,  uStride: 640
2019-10-08 09:55:57.381 723-22429/? I/Camera3-Stream: getBuffer: Stream 0, 0xe84dc800: Already dequeued max output buffers (7), wait for next returned one.
2019-10-08 09:55:57.383 22181-22421/com.virobugs I/GRALLOC: LockFlexLayout: baseFormat: 11, yStride: 640, ySize: 307200, uOffset: 307200,  uStride: 640
2019-10-08 09:55:57.385 744-1263/? D/EnvImpl: [HWA_CAM3]getPackageName :  com.virobugs
