2019-10-08 09:43:06.868 744-1263/? D/EnvImpl: [HWA_CAM3]getPackageName :  com.virobugs
2019-10-08 09:43:06.873 744-17983/? I/HwaStatInfo: [3c6ca2b_64I] algotype is 0, videoRatio is 1.000000, ratio is 1.875000, faceNum is 0
2019-10-08 09:43:06.874 744-17986/? D/Misc____: [3c6ca2b_64D] onProcessFrame(666), afDistance(0.000000)
2019-10-08 09:43:06.874 744-17991/? I/EnvImpl: [HWA_CAM3]getArCalorieMode mArCalorieMode 0
2019-10-08 09:43:06.874 20979-20994/? D/ContentProvider: openAssetFile
2019-10-08 09:43:06.874 744-17991/? I/cie: FaceStoryAlgo::isCurFrameRun isCurFrameRun. Process mode 0. 
2019-10-08 09:43:06.877 744-17989/? I/AntiBanding: onSubAlgoProcess() mAlgoCtx.continue_detect_cnt :1, mAlgoCtx.succ_detect_cnt : 0, mAlgoCtx.motion_flag = 1, detect_result:0, frequency_detected = 26,cur_expo = 20000
2019-10-08 09:43:06.893 613-613/? I/mediacomm@2.1-service: getMdcClient:114: get client<Camera, 6, 744>, channel<4, 1>, perfLev=1, powerStatue=0.
2019-10-08 09:43:06.893 613-613/? I/mediacomm@2.1-service: getMdcVotePerfLev:179: Connected Mdc client<Camera, 6, 744> channel<4, 1> perfLev<1>
2019-10-08 09:43:06.894 20979-20994/? D/ContentProvider: openAssetFile
2019-10-08 09:43:06.896 613-613/? I/mediacomm@2.1-service: doCopybit:495: client<Camera, 0> ret = 744 finish copybit -.
2019-10-08 09:43:06.898 744-17993/? I/GRALLOC: LockFlexLayout: baseFormat: 11, yStride: 640, ySize: 307200, uOffset: 307200,  uStride: 640
2019-10-08 09:43:06.898 744-17993/? I/GRALLOC: LockFlexLayout: baseFormat: 11, yStride: 640, ySize: 307200, uOffset: 307200,  uStride: 640
2019-10-08 09:43:06.899 723-17960/? I/Camera3-Stream: getBuffer: Stream 0, 0xe8722380: Already dequeued max output buffers (7), wait for next returned one.
2019-10-08 09:43:06.900 17711-17950/com.virobugs I/GRALLOC: LockFlexLayout: baseFormat: 11, yStride: 640, ySize: 307200, uOffset: 307200,  uStride: 640
2019-10-08 09:43:06.903 744-1263/? D/EnvImpl: [HWA_CAM3]getPackageName :  com.virobugs
2019-10-08 09:43:06.905 744-1263/? I/HwaUtils: [3c6ca2b_64I] getProductExtendName() path=EMILY
2019-10-08 09:43:06.905 744-1263/? I/HwaUtils: [3c6ca2b_64I] getOneCfgFile() path=NULL
2019-10-08 09:43:06.905 744-1263/? I/HwaDMapIpp: [3c6ca2b_64I] checkNeedSwapCalibrationData() ConfigFile NULL
2019-10-08 09:43:06.905 744-1263/? D/Misc____: [3c6ca2b_64D] enter loadRequest
2019-10-08 09:43:06.906 744-1263/? D/EnvImpl: [HWA_CAM3]getPackageName :  com.virobugs
2019-10-08 09:43:06.906 744-1263/? D/IppAlgoFilter: [HWA_CAM3]loadPreviewRequest() REQUEST_DMAP_SWAP, status:0
2019-10-08 09:43:06.906 744-1263/? D/EnvImpl: [HWA_CAM3]getPackageName :  com.virobugs
2019-10-08 09:43:06.908 744-1263/? I/chatty: uid=1013(media) pl#2 identical 1 line
2019-10-08 09:43:06.908 744-1263/? D/EnvImpl: [HWA_CAM3]getPackageName :  com.virobugs
2019-10-08 09:43:06.911 744-17991/? I/EnvImpl: [HWA_CAM3]getArCalorieMode mArCalorieMode 0
2019-10-08 09:43:06.911 744-17991/? I/cie: FaceStoryAlgo::isCurFrameRun isCurFrameRun. Process mode 0. 
2019-10-08 09:43:06.912 744-17986/? D/Misc____: [3c6ca2b_64D] onProcessFrame(666), afDistance(0.000000)
2019-10-08 09:43:06.917 613-613/? I/mediacomm@2.1-service: getMdcClient:114: get client<Camera, 6, 744>, channel<4, 1>, perfLev=1, powerStatue=0.
2019-10-08 09:43:06.917 613-613/? I/mediacomm@2.1-service: getMdcVotePerfLev:179: Connected Mdc client<Camera, 6, 744> channel<4, 1> perfLev<1>
2019-10-08 09:43:06.918 744-17989/? I/AntiBanding: onSubAlgoProcess() mAlgoCtx.continue_detect_cnt :1, mAlgoCtx.succ_detect_cnt : 0, mAlgoCtx.motion_flag = 1, detect_result:0, frequency_detected = 26,cur_expo = 20000
2019-10-08 09:43:06.919 20979-20994/? D/ContentProvider: openAssetFile
2019-10-08 09:43:06.920 613-613/? I/mediacomm@2.1-service: doCopybit:495: client<Camera, 0> ret = 744 finish copybit -.
2019-10-08 09:43:06.922 744-17993/? I/GRALLOC: LockFlexLayout: baseFormat: 11, yStride: 640, ySize: 307200, uOffset: 307200,  uStride: 640
2019-10-08 09:43:06.922 744-17993/? I/GRALLOC: LockFlexLayout: baseFormat: 11, yStride: 640, ySize: 307200, uOffset: 307200,  uStride: 640
2019-10-08 09:43:06.926 744-17983/? I/HwaStatInfo: [3c6ca2b_64I] algotype is 0, videoRatio is 1.000000, ratio is 1.875000, faceNum is 0
2019-10-08 09:43:06.929 723-17960/? I/Camera3-Stream: getBuffer: Stream 0, 0xe8722380: Already dequeued max output buffers (7), wait for next returned one.
2019-10-08 09:43:06.947 744-17983/? I/HwaStatInfo: [3c6ca2b_64I] algotype is 0, videoRatio is 1.000000, ratio is 1.875000, faceNum is 0
2019-10-08 09:43:06.948 744-17991/? I/EnvImpl: [HWA_CAM3]getArCalorieMode mArCalorieMode 0
2019-10-08 09:43:06.948 744-17991/? I/cie: SceneRecognition::isCurFrameRun needTrigger = 1
2019-10-08 09:43:06.948 744-17991/? I/cie: SceneRecognition::isCurFrameRun monoMode=0, mStatus=1, isCurFrameStable=0, lastStableState=0, mStableCnt=0, mUnStableCnt=15
2019-10-08 09:43:06.948 744-17991/? I/cie: FaceStoryAlgo::isCurFrameRun isCurFrameRun. Process mode 0. 
2019-10-08 09:43:06.948 744-17991/? I/cie: CIE::onProcess::SceneRecognition share buffer[112*112][0x7bbbf1c948][1] public preProcess running
2019-10-08 09:43:06.949 744-17991/? I/cie: Enter SceneRecognition::process
2019-10-08 09:43:06.950 744-17986/? D/Misc____: [3c6ca2b_64D] onProcessFrame(666), afDistance(0.000000)
2019-10-08 09:43:07.000 681-681/? E/aptouch_daemon: update_frame, thp_afe_get_frame return nullptr
2019-10-08 09:43:07.095 634-1347/? E/AudioFlinger: writing blocked, write to hal costs: 110 ms
2019-10-08 09:43:07.101 744-17989/? I/AntiBanding: onSubAlgoProcess() mAlgoCtx.continue_detect_cnt :2, mAlgoCtx.succ_detect_cnt : 0, mAlgoCtx.motion_flag = 0, detect_result:0, frequency_detected = 0,cur_expo = 20000
2019-10-08 09:43:07.145 744-17986/? D/Misc____: [3c6ca2b_64D] onProcessFrame(666), afDistance(0.000000)
2019-10-08 09:43:07.162 1173-3482/? I/ActivityManager: Process com.google.ar.core (pid 20838) has died: vis  TOP 
2019-10-08 09:43:07.176 744-17986/? D/Misc____: [3c6ca2b_64D] onProcessFrame(666), afDistance(0.000000)
2019-10-08 09:43:07.177 744-17989/? I/AntiBanding: onSubAlgoProcess() mAlgoCtx.continue_detect_cnt :0, mAlgoCtx.succ_detect_cnt : 0, mAlgoCtx.motion_flag = 0, detect_result:0, frequency_detected = 0,cur_expo = 20000
2019-10-08 09:43:07.177 744-17986/? D/Misc____: [3c6ca2b_64D] onProcessFrame(666), afDistance(0.000000)
2019-10-08 09:43:07.185 581-581/? I/Zygote: Process 20634 exited due to signal (9)
2019-10-08 09:43:07.190 581-581/? I/Zygote: Process 20436 exited due to signal (9)
2019-10-08 09:43:07.191 581-581/? I/Zygote: Process 20416 exited due to signal (9)
2019-10-08 09:43:07.194 3206-3206/? I/HiAction_Central: a: Awareness service disconnect.
2019-10-08 09:43:07.206 744-17983/? I/HwaStatInfo: [3c6ca2b_64I] algotype is 0, videoRatio is 1.000000, ratio is 1.875000, faceNum is 0
2019-10-08 09:43:07.223 1173-3482/? D/ActivityManager: cleanUpApplicationRecord app: ProcessRecord{ef1bf7a 20838:com.google.ar.core/u0a75}, app.bad: false, restarting: false, allowRestart: true
2019-10-08 09:43:07.227 17711-17950/com.virobugs I/GRALLOC: LockFlexLayout: baseFormat: 11, yStride: 640, ySize: 307200, uOffset: 307200,  uStride: 640
2019-10-08 09:43:07.232 744-17991/? W/cie: CIE::onProcess::SceneRecognition [Warning](TimeCost>20ms)  onProcess success,TimeCost: 284(ms) 
2019-10-08 09:43:07.233 613-613/? I/mediacomm@2.1-service: getMdcClient:114: get client<Camera, 6, 744>, channel<4, 1>, perfLev=1, powerStatue=0.
2019-10-08 09:43:07.233 613-613/? I/mediacomm@2.1-service: getMdcVotePerfLev:179: Connected Mdc client<Camera, 6, 744> channel<4, 1> perfLev<1>
2019-10-08 09:43:07.237 613-613/? I/mediacomm@2.1-service: doCopybit:495: client<Camera, 0> ret = 744 finish copybit -.
2019-10-08 09:43:07.238 744-17993/? I/GRALLOC: LockFlexLayout: baseFormat: 11, yStride: 640, ySize: 307200, uOffset: 307200,  uStride: 640
2019-10-08 09:43:07.238 744-17993/? I/GRALLOC: LockFlexLayout: baseFormat: 11, yStride: 640, ySize: 307200, uOffset: 307200,  uStride: 640
2019-10-08 09:43:07.244 613-613/? I/mediacomm@2.1-service: getMdcClient:114: get client<Camera, 6, 744>, channel<4, 1>, perfLev=1, powerStatue=0.
2019-10-08 09:43:07.244 613-613/? I/mediacomm@2.1-service: getMdcVotePerfLev:179: Connected Mdc client<Camera, 6, 744> channel<4, 1> perfLev<1>
2019-10-08 09:43:07.247 613-613/? I/mediacomm@2.1-service: doCopybit:495: client<Camera, 0> ret = 744 finish copybit -.
2019-10-08 09:43:07.247 634-1347/? D/AudioFlinger: mixer(0x71a3905bc0) throttle end: throttle time(13)
2019-10-08 09:43:07.248 744-17993/? I/GRALLOC: LockFlexLayout: baseFormat: 11, yStride: 640, ySize: 307200, uOffset: 307200,  uStride: 640
2019-10-08 09:43:07.248 744-17993/? I/GRALLOC: LockFlexLayout: baseFormat: 11, yStride: 640, ySize: 307200, uOffset: 307200,  uStride: 640
2019-10-08 09:43:07.254 613-613/? I/mediacomm@2.1-service: getMdcClient:114: get client<Camera, 6, 744>, channel<4, 1>, perfLev=1, powerStatue=0.
2019-10-08 09:43:07.254 613-613/? I/mediacomm@2.1-service: getMdcVotePerfLev:179: Connected Mdc client<Camera, 6, 744> channel<4, 1> perfLev<1>
2019-10-08 09:43:07.258 613-613/? I/mediacomm@2.1-service: doCopybit:495: client<Camera, 0> ret = 744 finish copybit -.
2019-10-08 09:43:07.258 744-17993/? I/GRALLOC: LockFlexLayout: baseFormat: 11, yStride: 640, ySize: 307200, uOffset: 307200,  uStride: 640
2019-10-08 09:43:07.258 744-17993/? I/GRALLOC: LockFlexLayout: baseFormat: 11, yStride: 640, ySize: 307200, uOffset: 307200,  uStride: 640
2019-10-08 09:43:07.259 17711-17950/com.virobugs I/GRALLOC: LockFlexLayout: baseFormat: 11, yStride: 640, ySize: 307200, uOffset: 307200,  uStride: 640
2019-10-08 09:43:07.262 613-613/? I/mediacomm@2.1-service: getMdcClient:114: get client<Camera, 6, 744>, channel<4, 1>, perfLev=1, powerStatue=0.
2019-10-08 09:43:07.262 613-613/? I/mediacomm@2.1-service: getMdcVotePerfLev:179: Connected Mdc client<Camera, 6, 744> channel<4, 1> perfLev<1>
2019-10-08 09:43:07.264 760-8346/? I/hcs: IPUTaskScheduler::IPUTaskHandler IPU task queue has task now, we will back to work.
2019-10-08 09:43:07.264 760-8346/? I/hcs: IPUTaskScheduler::IPUTaskHandler Not pipeline running.
2019-10-08 09:43:07.265 613-613/? I/mediacomm@2.1-service: doCopybit:495: client<Camera, 0> ret = 744 finish copybit -.
2019-10-08 09:43:07.265 760-18007/? I/hcs: IPUTaskScheduler::AddTask Add task to task queue successs.
2019-10-08 09:43:07.265 760-18007/? I/hcs: IPUExecutor::ForwardCompute Insert Forward_compute task[model id: 0, task id: 1] to task queue success.
2019-10-08 09:43:07.266 744-17993/? I/GRALLOC: LockFlexLayout: baseFormat: 11, yStride: 640, ySize: 307200, uOffset: 307200,  uStride: 640
2019-10-08 09:43:07.271 744-17993/? I/GRALLOC: LockFlexLayout: baseFormat: 11, yStride: 640, ySize: 307200, uOffset: 307200,  uStride: 640
2019-10-08 09:43:07.275 613-613/? I/mediacomm@2.1-service: getMdcClient:114: get client<Camera, 6, 744>, channel<4, 1>, perfLev=1, powerStatue=0.
2019-10-08 09:43:07.275 613-613/? I/mediacomm@2.1-service: getMdcVotePerfLev:179: Connected Mdc client<Camera, 6, 744> channel<4, 1> perfLev<1>
2019-10-08 09:43:07.276 1173-3482/? W/ActivityManager: Exception when unbinding service com.google.android.gms/.chimera.GmsBoundBrokerService
    android.os.DeadObjectException
        at android.os.BinderProxy.transactNative(Native Method)
        at android.os.BinderProxy.transact(Binder.java:1147)
        at android.app.IApplicationThread$Stub$Proxy.scheduleUnbindService(IApplicationThread.java:1187)
        at com.android.server.am.ActiveServices.removeConnectionLocked(ActiveServices.java:3215)
        at com.android.server.am.ActiveServices.killServicesLocked(ActiveServices.java:3654)
        at com.android.server.am.ActivityManagerService.cleanUpApplicationRecordLocked(ActivityManagerService.java:21928)
        at com.android.server.am.HwActivityManagerService.cleanUpApplicationRecordLocked(HwActivityManagerService.java:1583)
        at com.android.server.am.ActivityManagerService.handleAppDiedLocked(ActivityManagerService.java:6701)
        at com.android.server.am.ActivityManagerService.appDiedLocked(ActivityManagerService.java:6929)
        at com.android.server.am.ActivityManagerService$AppDeathRecipient.binderDied(ActivityManagerService.java:2092)
        at android.os.BinderProxy.sendDeathNotice(Binder.java:1222)
2019-10-08 09:43:07.278 613-613/? I/mediacomm@2.1-service: doCopybit:495: client<Camera, 0> ret = 744 finish copybit -.
2019-10-08 09:43:07.279 744-17993/? I/GRALLOC: LockFlexLayout: baseFormat: 11, yStride: 640, ySize: 307200, uOffset: 307200,  uStride: 640
2019-10-08 09:43:07.279 744-17993/? I/GRALLOC: LockFlexLayout: baseFormat: 11, yStride: 640, ySize: 307200, uOffset: 307200,  uStride: 640
2019-10-08 09:43:07.284 1927-1942/? D/ARMoudle.HwActivityRecognition: disableActivityEvent
2019-10-08 09:43:07.284 744-1263/? D/EnvImpl: [HWA_CAM3]getPackageName :  com.virobugs
2019-10-08 09:43:07.285 1173-3482/? W/ActivityManager: Scheduling restart of crashed service com.google.ar.core/.services.AnalyticsService in 132972ms
2019-10-08 09:43:07.286 1927-1942/? D/ARMoudle.HwActivityRecognition: android.activity_recognition.walking,1
2019-10-08 09:43:07.289 634-1347/? D/AudioFlinger: mixer(0x71a3905bc0) throttle end: throttle time(5)
2019-10-08 09:43:07.291 744-1263/? I/HwaUtils: [3c6ca2b_64I] getProductExtendName() path=EMILY
2019-10-08 09:43:07.292 17711-17950/com.virobugs I/GRALLOC: LockFlexLayout: baseFormat: 11, yStride: 640, ySize: 307200, uOffset: 307200,  uStride: 640
2019-10-08 09:43:07.294 744-1263/? I/HwaUtils: [3c6ca2b_64I] getOneCfgFile() path=NULL
2019-10-08 09:43:07.294 744-1263/? I/HwaDMapIpp: [3c6ca2b_64I] checkNeedSwapCalibrationData() ConfigFile NULL
2019-10-08 09:43:07.294 744-1263/? D/Misc____: [3c6ca2b_64D] enter loadRequest
2019-10-08 09:43:07.302 744-1263/? D/EnvImpl: [HWA_CAM3]getPackageName :  com.virobugs
2019-10-08 09:43:07.302 744-1263/? D/IppAlgoFilter: [HWA_CAM3]loadPreviewRequest() REQUEST_DMAP_SWAP, status:0
2019-10-08 09:43:07.302 744-1263/? D/EnvImpl: [HWA_CAM3]getPackageName :  com.virobugs
2019-10-08 09:43:07.302 744-1263/? I/chatty: uid=1013(media) pl#2 identical 1 line
2019-10-08 09:43:07.302 744-1263/? D/EnvImpl: [HWA_CAM3]getPackageName :  com.virobugs
2019-10-08 09:43:07.310 17711-17802/com.virobugs I/GLSurfaceView: OpenGL:com.virobugs Skipped 31 frames!
2019-10-08 09:43:07.311 744-17983/? I/HwaStatInfo: [3c6ca2b_64I] algotype is 0, videoRatio is 1.000000, ratio is 1.875000, faceNum is 0
2019-10-08 09:43:07.311 744-17986/? D/Misc____: [3c6ca2b_64D] onProcessFrame(666), afDistance(0.000000)
2019-10-08 09:43:07.312 744-17991/? I/EnvImpl: [HWA_CAM3]getArCalorieMode mArCalorieMode 0
2019-10-08 09:43:07.313 17711-17950/com.virobugs E/native: camera_image_stream.cc:230 Camera Image Stream failed to dequeue Image from ImageReader. status=ImageReaderStatusErrorSpaceClass::AMEDIA_IMGREADER_NO_BUFFER_AVAILABLE: AImageReader_acquireLatestImage acquired_image_count=9
2019-10-08 09:43:07.308 597-2196/? I/GRALLOC: getCallingPid=17711, shrFd=32,fmt=0x11,intFmt=0x11,btStrd=640,size=462848,pid=597 
    	 yuv=2,w=640,h=480,Stride u=640 v=640,offset u=307200 v=307200 
    	 iova_size=462848,conUsg=0xc00000040020006,proUsg=0xc00000040020006,	 strd=640,[afbc]HdrStrd=0 PyldStrd=0 Scrmbl=0,ionhnd = 1 
2019-10-08 09:43:07.316 1173-1281/? W/libprocessgroup: kill(-20838, 9) failed: No such process
2019-10-08 09:43:07.316 1173-1281/? I/libprocessgroup: Successfully killed process cgroup uid 10075 pid 20838 in 85ms
2019-10-08 09:43:07.317 1927-1950/? I/HwNaturalBase: [Binder:1927_2]: Died remote Observer is removed.
2019-10-08 09:43:07.321 744-17991/? I/cie: FaceStoryAlgo::isCurFrameRun isCurFrameRun. Process mode 0. 
2019-10-08 09:43:07.321 613-613/? I/mediacomm@2.1-service: getMdcClient:114: get client<Camera, 6, 744>, channel<4, 1>, perfLev=1, powerStatue=0.
2019-10-08 09:43:07.321 613-613/? I/mediacomm@2.1-service: getMdcVotePerfLev:179: Connected Mdc client<Camera, 6, 744> channel<4, 1> perfLev<1>
2019-10-08 09:43:07.322 744-17989/? I/AntiBanding: onSubAlgoProcess() mAlgoCtx.continue_detect_cnt :1, mAlgoCtx.succ_detect_cnt : 0, mAlgoCtx.motion_flag = 1, detect_result:0, frequency_detected = 26,cur_expo = 20000
2019-10-08 09:43:07.324 760-8346/? I/hcs: IPUMngr_ForwardCompute Forward computing success.
2019-10-08 09:43:07.324 760-8346/? W/hcs: IPUTaskScheduler::GetIPUTask IPU task queue is empty!
2019-10-08 09:43:07.324 760-8346/? I/hcs: IPUTaskScheduler::IPUTaskHandler IPU task queue is empty, so we wait here for task.
2019-10-08 09:43:07.324 613-613/? I/mediacomm@2.1-service: doCopybit:495: client<Camera, 0> ret = 744 finish copybit -.
2019-10-08 09:43:07.325 634-1347/? D/AudioFlinger: mixer(0x71a3905bc0) throttle end: throttle time(9)
2019-10-08 09:43:07.325 744-17993/? I/GRALLOC: LockFlexLayout: baseFormat: 11, yStride: 640, ySize: 307200, uOffset: 307200,  uStride: 640
2019-10-08 09:43:07.325 17711-17950/com.virobugs E/native: camera_image_stream.cc:230 Camera Image Stream failed to dequeue Image from ImageReader. status=ImageReaderStatusErrorSpaceClass::AMEDIA_IMGREADER_NO_BUFFER_AVAILABLE: AImageReader_acquireLatestImage acquired_image_count=9
2019-10-08 09:43:07.326 17711-17950/com.virobugs E/native: camera_image_stream.cc:230 Camera Image Stream failed to dequeue Image from ImageReader. status=ImageReaderStatusErrorSpaceClass::AMEDIA_IMGREADER_NO_BUFFER_AVAILABLE: AImageReader_acquireLatestImage acquired_image_count=9
2019-10-08 09:43:07.326 744-17993/? I/GRALLOC: LockFlexLayout: baseFormat: 11, yStride: 640, ySize: 307200, uOffset: 307200,  uStride: 640
2019-10-08 09:43:07.329 1859-14246/? D/ARMoudle.ARService: isHasOtherClient:true, isOnlyWithParam:true
2019-10-08 09:43:07.338 744-17986/? D/Misc____: [3c6ca2b_64D] onProcessFrame(666), afDistance(0.000000)
2019-10-08 09:43:07.338 744-17991/? I/EnvImpl: [HWA_CAM3]getArCalorieMode mArCalorieMode 0
2019-10-08 09:43:07.340 744-17991/? I/cie: FaceStoryAlgo::isCurFrameRun isCurFrameRun. Process mode 0. 
2019-10-08 09:43:07.342 744-1266/? I/cie: Enter SceneRecognitionListener::OnProcessDone
2019-10-08 09:43:07.342 744-1266/? I/cie: SceneRecognitionListener::convertResultToVec Result1:NIGHT Conf:0.048697.
2019-10-08 09:43:07.342 744-1266/? I/cie: SceneRecognitionListener::convertResultToVec Result1:TEXT Conf:0.018924.
2019-10-08 09:43:07.342 744-1266/? I/cie: SceneRecognitionListener::convertResultToVec Result1:SUNSET Conf:0.010788.
2019-10-08 09:43:07.342 744-1266/? I/cie: SceneRecognitionListener::convertResultToVec Result1:FOOD Conf:0.005066.
2019-10-08 09:43:07.342 744-1266/? I/cie: SceneRecognitionListener::convertResultToVec Result1:CAT Conf:0.004053.
2019-10-08 09:43:07.342 744-1266/? I/cie: SceneRecognitionListener::convertResultToVec Result2:NIGHTWITHSKY Conf:381.046814.
2019-10-08 09:43:07.342 744-1266/? I/cie: SceneRecognitionListener::convertResultToVec Result2:NIGHTNOSKY Conf:618.953186.
2019-10-08 09:43:07.342 744-1266/? I/cie: SceneRecognition::filterSceneThd::i 950 80 0 62 1
2019-10-08 09:43:07.342 744-1266/? I/cie: SceneRecognition::filterSceneThd::i 950 0 0 62 1
2019-10-08 09:43:07.342 744-1266/? I/chatty: uid=1013(media) HwBinder:744_2 identical 2 lines
2019-10-08 09:43:07.342 744-1266/? I/cie: SceneRecognition::filterSceneThd::i 950 0 0 62 1
2019-10-08 09:43:07.343 744-1266/? I/CIEProxy: CIECallBackMgr::onSceneRecognitionProcessDone rsltsOrig:NIGHT 8 0 
2019-10-08 09:43:07.343 744-1266/? I/CIEProxy: CIECallBackMgr::onSceneRecognitionProcessDone rsltsOrig:TEXT 9 0 
2019-10-08 09:43:07.343 744-1266/? I/CIEProxy: CIECallBackMgr::onSceneRecognitionProcessDone rsltsOrig:SUNSET 3 0 
2019-10-08 09:43:07.343 744-1266/? I/CIEProxy: CIECallBackMgr::onSceneRecognitionProcessDone rsltsOrig:FOOD 4 0 
2019-10-08 09:43:07.343 744-1266/? I/CIEProxy: CIECallBackMgr::onSceneRecognitionProcessDone rsltsOrig:CAT 11 0 
2019-10-08 09:43:07.345 744-1266/? D/EventCallbackImpl: [HWA_CAM3]enter notifySDResult() 
2019-10-08 09:43:07.350 613-613/? I/mediacomm@2.1-service: getMdcClient:114: get client<Camera, 6, 744>, channel<4, 1>, perfLev=1, powerStatue=0.
2019-10-08 09:43:07.350 613-613/? I/mediacomm@2.1-service: getMdcVotePerfLev:179: Connected Mdc client<Camera, 6, 744> channel<4, 1> perfLev<1>
2019-10-08 09:43:07.350 744-1266/? D/EventCallbackImpl: [HWA_CAM3]enter notifyICSDResult() 
2019-10-08 09:43:07.352 613-613/? I/mediacomm@2.1-service: doCopybit:495: client<Camera, 0> ret = 744 finish copybit -.
2019-10-08 09:43:07.352 744-17983/? I/HwaStatInfo: [3c6ca2b_64I] algotype is 0, videoRatio is 1.000000, ratio is 1.875000, faceNum is 0
2019-10-08 09:43:07.355 744-17993/? I/GRALLOC: LockFlexLayout: baseFormat: 11, yStride: 640, ySize: 307200, uOffset: 307200,  uStride: 640
2019-10-08 09:43:07.355 744-17993/? I/GRALLOC: LockFlexLayout: baseFormat: 11, yStride: 640, ySize: 307200, uOffset: 307200,  uStride: 640
2019-10-08 09:43:07.365 580-644/? I/PreDnsController: canPreDnsQuery,persist.sys.predns is false!
2019-10-08 09:43:07.366 634-1347/? D/AudioFlinger: mixer(0x71a3905bc0) throttle end: throttle time(2)
2019-10-08 09:43:07.382 1693-1693/? I/OverviewProxyService: disconnectFromLauncherService 
2019-10-08 09:43:07.387 744-17983/? I/HwaStatInfo: [3c6ca2b_64I] algotype is 0, videoRatio is 1.000000, ratio is 1.875000, faceNum is 0
2019-10-08 09:43:07.388 744-17991/? I/EnvImpl: [HWA_CAM3]getArCalorieMode mArCalorieMode 0
2019-10-08 09:43:07.388 613-613/? I/mediacomm@2.1-service: getMdcClient:114: get client<Camera, 6, 744>, channel<4, 1>, perfLev=1, powerStatue=0.
2019-10-08 09:43:07.388 744-17991/? I/cie: FaceStoryAlgo::isCurFrameRun isCurFrameRun. Process mode 0. 
2019-10-08 09:43:07.388 613-613/? I/mediacomm@2.1-service: getMdcVotePerfLev:179: Connected Mdc client<Camera, 6, 744> channel<4, 1> perfLev<1>
2019-10-08 09:43:07.388 744-17986/? D/Misc____: [3c6ca2b_64D] onProcessFrame(666), afDistance(0.000000)
2019-10-08 09:43:07.390 744-1263/? D/EnvImpl: [HWA_CAM3]getPackageName :  com.virobugs
2019-10-08 09:43:07.390 744-1263/? I/HwaUtils: [3c6ca2b_64I] getProductExtendName() path=EMILY
2019-10-08 09:43:07.390 613-613/? I/mediacomm@2.1-service: doCopybit:495: client<Camera, 0> ret = 744 finish copybit -.
2019-10-08 09:43:07.391 744-17989/? I/AntiBanding: onSubAlgoProcess() mAlgoCtx.continue_detect_cnt :1, mAlgoCtx.succ_detect_cnt : 0, mAlgoCtx.motion_flag = 1, detect_result:0, frequency_detected = 26,cur_expo = 20000
2019-10-08 09:43:07.391 744-17993/? I/GRALLOC: LockFlexLayout: baseFormat: 11, yStride: 640, ySize: 307200, uOffset: 307200,  uStride: 640
2019-10-08 09:43:07.392 744-17993/? I/GRALLOC: LockFlexLayout: baseFormat: 11, yStride: 640, ySize: 307200, uOffset: 307200,  uStride: 640
2019-10-08 09:43:07.393 744-1263/? I/HwaUtils: [3c6ca2b_64I] getOneCfgFile() path=NULL
2019-10-08 09:43:07.393 744-1263/? I/HwaDMapIpp: [3c6ca2b_64I] checkNeedSwapCalibrationData() ConfigFile NULL
2019-10-08 09:43:07.393 744-1263/? D/Misc____: [3c6ca2b_64D] enter loadRequest
2019-10-08 09:43:07.393 744-1263/? D/EnvImpl: [HWA_CAM3]getPackageName :  com.virobugs
2019-10-08 09:43:07.393 744-1263/? D/IppAlgoFilter: [HWA_CAM3]loadPreviewRequest() REQUEST_DMAP_SWAP, status:0
2019-10-08 09:43:07.393 744-1263/? D/EnvImpl: [HWA_CAM3]getPackageName :  com.virobugs
2019-10-08 09:43:07.394 744-1263/? I/chatty: uid=1013(media) pl#2 identical 2 lines
2019-10-08 09:43:07.397 744-1263/? D/EnvImpl: [HWA_CAM3]getPackageName :  com.virobugs
2019-10-08 09:43:07.397 744-1263/? I/HwaUtils: [3c6ca2b_64I] getProductExtendName() path=EMILY
2019-10-08 09:43:07.398 744-1263/? I/HwaUtils: [3c6ca2b_64I] getOneCfgFile() path=NULL
2019-10-08 09:43:07.398 744-1263/? I/HwaDMapIpp: [3c6ca2b_64I] checkNeedSwapCalibrationData() ConfigFile NULL
2019-10-08 09:43:07.398 744-1263/? D/Misc____: [3c6ca2b_64D] enter loadRequest
2019-10-08 09:43:07.398 744-1263/? D/EnvImpl: [HWA_CAM3]getPackageName :  com.virobugs
2019-10-08 09:43:07.398 744-1263/? D/IppAlgoFilter: [HWA_CAM3]loadPreviewRequest() REQUEST_DMAP_SWAP, status:0
2019-10-08 09:43:07.398 744-1263/? D/EnvImpl: [HWA_CAM3]getPackageName :  com.virobugs
2019-10-08 09:43:07.398 744-1263/? I/chatty: uid=1013(media) pl#2 identical 2 lines
2019-10-08 09:43:07.400 744-1263/? D/EnvImpl: [HWA_CAM3]getPackageName :  com.virobugs
2019-10-08 09:43:07.400 744-1263/? I/HwaUtils: [3c6ca2b_64I] getProductExtendName() path=EMILY
2019-10-08 09:43:07.400 744-1263/? I/HwaUtils: [3c6ca2b_64I] getOneCfgFile() path=NULL
2019-10-08 09:43:07.400 744-1263/? I/HwaDMapIpp: [3c6ca2b_64I] checkNeedSwapCalibrationData() ConfigFile NULL
2019-10-08 09:43:07.400 744-1263/? D/Misc____: [3c6ca2b_64D] enter loadRequest
2019-10-08 09:43:07.400 744-1263/? D/EnvImpl: [HWA_CAM3]getPackageName :  com.virobugs
2019-10-08 09:43:07.400 744-1263/? D/IppAlgoFilter: [HWA_CAM3]loadPreviewRequest() REQUEST_DMAP_SWAP, status:0
2019-10-08 09:43:07.401 744-1263/? D/EnvImpl: [HWA_CAM3]getPackageName :  com.virobugs
2019-10-08 09:43:07.401 744-1263/? I/chatty: uid=1013(media) pl#2 identical 2 lines
2019-10-08 09:43:07.404 744-1263/? D/EnvImpl: [HWA_CAM3]getPackageName :  com.virobugs
2019-10-08 09:43:07.404 744-1263/? I/HwaUtils: [3c6ca2b_64I] getProductExtendName() path=EMILY
2019-10-08 09:43:07.404 744-1263/? I/HwaUtils: [3c6ca2b_64I] getOneCfgFile() path=NULL
2019-10-08 09:43:07.404 744-1263/? I/HwaDMapIpp: [3c6ca2b_64I] checkNeedSwapCalibrationData() ConfigFile NULL
2019-10-08 09:43:07.404 744-1263/? D/Misc____: [3c6ca2b_64D] enter loadRequest
2019-10-08 09:43:07.404 744-1263/? D/EnvImpl: [HWA_CAM3]getPackageName :  com.virobugs
2019-10-08 09:43:07.404 744-1263/? D/IppAlgoFilter: [HWA_CAM3]loadPreviewRequest() REQUEST_DMAP_SWAP, status:0
2019-10-08 09:43:07.405 744-1263/? D/EnvImpl: [HWA_CAM3]getPackageName :  com.virobugs
2019-10-08 09:43:07.405 744-1263/? I/chatty: uid=1013(media) pl#2 identical 1 line
2019-10-08 09:43:07.405 744-1263/? D/EnvImpl: [HWA_CAM3]getPackageName :  com.virobugs
2019-10-08 09:43:07.405 744-17991/? I/EnvImpl: [HWA_CAM3]getArCalorieMode mArCalorieMode 0
2019-10-08 09:43:07.406 744-17986/? D/Misc____: [3c6ca2b_64D] onProcessFrame(666), afDistance(0.000000)
2019-10-08 09:43:07.407 744-17991/? I/cie: FaceStoryAlgo::isCurFrameRun isCurFrameRun. Process mode 0. 
2019-10-08 09:43:07.409 1173-8921/? I/ActivityManager: Process com.huawei.hiai.engineservice (pid 20436) has died: vis  IMPF
2019-10-08 09:43:07.409 17711-17919/com.virobugs I/native: performance_monitor.cc:115 Event: FeatureExtraction is taking too long, it took 133.671ms
2019-10-08 09:43:07.410 1173-8921/? D/ActivityManager: cleanUpApplicationRecord app: ProcessRecord{abb61f7 20436:com.huawei.hiai.engineservice/u0a40}, app.bad: false, restarting: false, allowRestart: true
2019-10-08 09:43:07.411 589-589/? I/ArHal: (ar_data_enable_activity_event:619):successfully
2019-10-08 09:43:07.411 1173-8921/? W/ActivityManager: Scheduling restart of crashed service com.huawei.hiai/.awareness.service.AwarenessService in 1000ms
2019-10-08 09:43:07.414 1173-1281/? W/libprocessgroup: kill(-20436, 9) failed: No such process
2019-10-08 09:43:07.414 1173-1281/? I/libprocessgroup: Successfully killed process cgroup uid 10040 pid 20436 in 0ms
2019-10-08 09:43:07.416 1859-14246/? D/ARMoudle.ARService: com.huawei.android.chr 5:604800000000000
2019-10-08 09:43:07.417 1927-1942/? D/ARMoudle.HwActivityRecognition: disableActivityEvent
2019-10-08 09:43:07.417 1927-1942/? D/ARMoudle.HwActivityRecognition: android.activity_recognition.walking,2
2019-10-08 09:43:07.418 589-649/? I/ArHal: (ar_data_netlink_cb:821):cmd[2].length[312]
2019-10-08 09:43:07.418 744-17983/? I/HwaStatInfo: [3c6ca2b_64I] algotype is 0, videoRatio is 1.000000, ratio is 1.875000, faceNum is 0
2019-10-08 09:43:07.418 1859-1873/? I/BoosterSwitchP: notifyUidState do nothing
2019-10-08 09:43:07.421 1859-1873/? I/BrowserChrP: notifyUidState
2019-10-08 09:43:07.424 1859-1873/? D/ARMoudle.ARService: isHasOtherClient:true, isOnlyWithParam:true
2019-10-08 09:43:07.424 723-17960/? I/Camera3-Stream: getBuffer: Stream 0, 0xe8722380: Already dequeued max output buffers (7), wait for next returned one.
2019-10-08 09:43:07.425 589-589/? I/ArHal: (ar_data_enable_activity_event:619):successfully
2019-10-08 09:43:07.425 1859-1873/? D/ARMoudle.ARService: com.huawei.android.chr 5:604800000000000
2019-10-08 09:43:07.426 1927-1942/? D/ARMoudle.HwActivityRecognition: disableActivityEvent
2019-10-08 09:43:07.426 1927-1942/? D/ARMoudle.HwActivityRecognition: android.activity_recognition.elevator,1
2019-10-08 09:43:07.426 744-1263/? D/EnvImpl: [HWA_CAM3]getPackageName :  com.virobugs
2019-10-08 09:43:07.426 744-1263/? I/HwaUtils: [3c6ca2b_64I] getProductExtendName() path=EMILY
2019-10-08 09:43:07.426 744-1263/? I/HwaUtils: [3c6ca2b_64I] getOneCfgFile() path=NULL
2019-10-08 09:43:07.426 744-1263/? I/HwaDMapIpp: [3c6ca2b_64I] checkNeedSwapCalibrationData() ConfigFile NULL
2019-10-08 09:43:07.426 744-1263/? D/Misc____: [3c6ca2b_64D] enter loadRequest
2019-10-08 09:43:07.426 744-1263/? D/EnvImpl: [HWA_CAM3]getPackageName :  com.virobugs
2019-10-08 09:43:07.426 744-1263/? D/IppAlgoFilter: [HWA_CAM3]loadPreviewRequest() REQUEST_DMAP_SWAP, status:0
2019-10-08 09:43:07.426 744-1263/? D/EnvImpl: [HWA_CAM3]getPackageName :  com.virobugs
2019-10-08 09:43:07.426 744-1263/? I/chatty: uid=1013(media) pl#2 identical 1 line
2019-10-08 09:43:07.426 744-1263/? D/EnvImpl: [HWA_CAM3]getPackageName :  com.virobugs
2019-10-08 09:43:07.427 17711-17950/com.virobugs I/GRALLOC: LockFlexLayout: baseFormat: 11, yStride: 640, ySize: 307200, uOffset: 307200,  uStride: 640
2019-10-08 09:43:07.427 589-649/? I/ArHal: (ar_data_netlink_cb:821):cmd[2].length[240]
2019-10-08 09:43:07.435 1859-1873/? D/ARMoudle.ARService: isHasOtherClient:true, isOnlyWithParam:true
2019-10-08 09:43:07.435 589-589/? I/ArHal: (ar_data_enable_activity_event:619):successfully
2019-10-08 09:43:07.435 1859-1873/? D/ARMoudle.ARService: com.huawei.android.chr 5:604800000000000
2019-10-08 09:43:07.436 1927-1942/? D/ARMoudle.HwActivityRecognition: disableActivityEvent
2019-10-08 09:43:07.436 1927-1942/? D/ARMoudle.HwActivityRecognition: android.activity_recognition.elevator,2
2019-10-08 09:43:07.437 1859-14246/? D/ARMoudle.ARService: isHasOtherClient:true, isOnlyWithParam:true
2019-10-08 09:43:07.439 1173-3187/? I/ActivityManager: Process com.google.android.gms (pid 20634) has died: cch+101CEM 
2019-10-08 09:43:07.439 1173-3187/? D/ActivityManager: cleanUpApplicationRecord app: ProcessRecord{e573a27 20634:com.google.android.gms/u0a24}, app.bad: false, restarting: false, allowRestart: true
2019-10-08 09:43:07.440 589-589/? I/ArHal: (ar_data_enable_activity_event:619):successfully
2019-10-08 09:43:07.440 1859-14246/? D/ARMoudle.ARService: com.huawei.android.chr 5:604800000000000
2019-10-08 09:43:07.440 744-1263/? D/EnvImpl: [HWA_CAM3]getPackageName :  com.virobugs
2019-10-08 09:43:07.441 744-1263/? I/HwaUtils: [3c6ca2b_64I] getProductExtendName() path=EMILY
2019-10-08 09:43:07.441 744-1263/? I/HwaUtils: [3c6ca2b_64I] getOneCfgFile() path=NULL
2019-10-08 09:43:07.441 744-1263/? I/HwaDMapIpp: [3c6ca2b_64I] checkNeedSwapCalibrationData() ConfigFile NULL
2019-10-08 09:43:07.441 1927-1942/? D/ARMoudle.HwActivityRecognition: disableActivityEvent
2019-10-08 09:43:07.441 744-1263/? D/Misc____: [3c6ca2b_64D] enter loadRequest
2019-10-08 09:43:07.441 1927-1942/? D/ARMoudle.HwActivityRecognition: android.activity_recognition.on_bicycle,1
2019-10-08 09:43:07.441 744-1263/? D/EnvImpl: [HWA_CAM3]getPackageName :  com.virobugs
2019-10-08 09:43:07.441 744-1263/? D/IppAlgoFilter: [HWA_CAM3]loadPreviewRequest() REQUEST_DMAP_SWAP, status:0
2019-10-08 09:43:07.441 1173-3187/? W/ActivityManager: Scheduling restart of crashed service com.google.android.gms/.checkin.CheckinApiService in 1000ms
2019-10-08 09:43:07.441 744-1263/? D/EnvImpl: [HWA_CAM3]getPackageName :  com.virobugs
2019-10-08 09:43:07.441 744-1263/? I/chatty: uid=1013(media) pl#2 identical 1 line
2019-10-08 09:43:07.441 744-1263/? D/EnvImpl: [HWA_CAM3]getPackageName :  com.virobugs
2019-10-08 09:43:07.442 1173-1281/? W/libprocessgroup: kill(-20634, 9) failed: No such process
2019-10-08 09:43:07.442 1173-1281/? I/libprocessgroup: Successfully killed process cgroup uid 10024 pid 20634 in 0ms
2019-10-08 09:43:07.442 1859-14246/? D/ARMoudle.ARService: isHasOtherClient:true, isOnlyWithParam:true
2019-10-08 09:43:07.442 17711-17950/com.virobugs I/GRALLOC: LockFlexLayout: baseFormat: 11, yStride: 640, ySize: 307200, uOffset: 307200,  uStride: 640
2019-10-08 09:43:07.446 613-613/? I/mediacomm@2.1-service: getMdcClient:114: get client<Camera, 6, 744>, channel<4, 1>, perfLev=1, powerStatue=0.
2019-10-08 09:43:07.446 613-613/? I/mediacomm@2.1-service: getMdcVotePerfLev:179: Connected Mdc client<Camera, 6, 744> channel<4, 1> perfLev<1>
2019-10-08 09:43:07.446 589-589/? I/ArHal: (ar_data_enable_activity_event:619):successfully
2019-10-08 09:43:07.447 1859-14246/? D/ARMoudle.ARService: com.huawei.android.chr 5:604800000000000
2019-10-08 09:43:07.448 1927-1942/? D/ARMoudle.HwActivityRecognition: disableActivityEvent
2019-10-08 09:43:07.448 1927-1942/? D/ARMoudle.HwActivityRecognition: android.activity_recognition.on_bicycle,2
2019-10-08 09:43:07.449 613-613/? I/mediacomm@2.1-service: doCopybit:495: client<Camera, 0> ret = 744 finish copybit -.
2019-10-08 09:43:07.449 611-1341/? D/asd_primary_out: L[0],R[0], continus 20 times!
2019-10-08 09:43:07.450 1859-1873/? D/ARMoudle.ARService: isHasOtherClient:true, isOnlyWithParam:true
2019-10-08 09:43:07.451 589-589/? I/ArHal: (ar_data_enable_activity_event:619):successfully
2019-10-08 09:43:07.452 1859-1873/? D/ARMoudle.ARService: com.huawei.android.chr 5:604800000000000
2019-10-08 09:43:07.452 1859-2008/? D/ARMoudle.ARService: onActivityChanged...
2019-10-08 09:43:07.452 744-17993/? I/GRALLOC: LockFlexLayout: baseFormat: 11, yStride: 640, ySize: 307200, uOffset: 307200,  uStride: 640
2019-10-08 09:43:07.452 1927-1942/? D/ARMoudle.HwActivityRecognition: disableActivityEvent
2019-10-08 09:43:07.452 1927-1942/? D/ARMoudle.HwActivityRecognition: android.activity_recognition.fast_walking,1
2019-10-08 09:43:07.453 744-17993/? I/GRALLOC: LockFlexLayout: baseFormat: 11, yStride: 640, ySize: 307200, uOffset: 307200,  uStride: 640
2019-10-08 09:43:07.453 589-649/? I/ArHal: (ar_data_netlink_cb:821):cmd[2].length[240]
2019-10-08 09:43:07.453 589-649/? I/chatty: uid=1000(system) activity_recogn identical 2 lines
2019-10-08 09:43:07.453 589-649/? I/ArHal: (ar_data_netlink_cb:821):cmd[2].length[240]
2019-10-08 09:43:07.454 723-17960/? I/Camera3-Stream: getBuffer: Stream 0, 0xe8722380: Already dequeued max output buffers (7), wait for next returned one.
2019-10-08 09:43:07.454 1859-1873/? D/ARMoudle.ARService: isHasOtherClient:true, isOnlyWithParam:true
2019-10-08 09:43:07.454 744-17986/? D/Misc____: [3c6ca2b_64D] onProcessFrame(666), afDistance(0.000000)
2019-10-08 09:43:07.455 744-17983/? I/HwaStatInfo: [3c6ca2b_64I] algotype is 0, videoRatio is 1.000000, ratio is 1.875000, faceNum is 0
2019-10-08 09:43:07.455 1859-2008/? D/ARMoudle.ARService: onActivityChanged...
2019-10-08 09:43:07.455 744-17991/? I/EnvImpl: [HWA_CAM3]getArCalorieMode mArCalorieMode 0
2019-10-08 09:43:07.455 744-17991/? I/cie: FaceStoryAlgo::isCurFrameRun isCurFrameRun. Process mode 0. 
2019-10-08 09:43:07.456 589-589/? I/ArHal: (ar_data_enable_activity_event:619):successfully
2019-10-08 09:43:07.456 1859-1873/? D/ARMoudle.ARService: com.huawei.android.chr 5:604800000000000
2019-10-08 09:43:07.457 589-649/? I/ArHal: (ar_data_netlink_cb:821):cmd[2].length[240]
2019-10-08 09:43:07.457 1927-1942/? D/ARMoudle.HwActivityRecognition: disableActivityEvent
2019-10-08 09:43:07.457 1927-1942/? D/ARMoudle.HwActivityRecognition: android.activity_recognition.fast_walking,2
2019-10-08 09:43:07.458 744-1263/? D/EnvImpl: [HWA_CAM3]getPackageName :  com.virobugs
2019-10-08 09:43:07.458 744-1263/? I/HwaUtils: [3c6ca2b_64I] getProductExtendName() path=EMILY
2019-10-08 09:43:07.458 744-1263/? I/HwaUtils: [3c6ca2b_64I] getOneCfgFile() path=NULL
2019-10-08 09:43:07.458 744-1263/? I/HwaDMapIpp: [3c6ca2b_64I] checkNeedSwapCalibrationData() ConfigFile NULL
2019-10-08 09:43:07.458 744-17989/? I/AntiBanding: onSubAlgoProcess() mAlgoCtx.continue_detect_cnt :0, mAlgoCtx.succ_detect_cnt : 0, mAlgoCtx.motion_flag = 0, detect_result:0, frequency_detected = 0,cur_expo = 20000
2019-10-08 09:43:07.458 744-1263/? D/Misc____: [3c6ca2b_64D] enter loadRequest
2019-10-08 09:43:07.458 744-1263/? D/EnvImpl: [HWA_CAM3]getPackageName :  com.virobugs
2019-10-08 09:43:07.458 744-1263/? D/IppAlgoFilter: [HWA_CAM3]loadPreviewRequest() REQUEST_DMAP_SWAP, status:0
2019-10-08 09:43:07.458 744-1263/? D/EnvImpl: [HWA_CAM3]getPackageName :  com.virobugs
2019-10-08 09:43:07.458 744-1263/? I/chatty: uid=1013(media) pl#2 identical 1 line
2019-10-08 09:43:07.458 744-1263/? D/EnvImpl: [HWA_CAM3]getPackageName :  com.virobugs
2019-10-08 09:43:07.460 1859-1873/? D/ARMoudle.ARService: isHasOtherClient:true, isOnlyWithParam:true
2019-10-08 09:43:07.462 1859-2008/? D/ARMoudle.ARService: onActivityChanged...
2019-10-08 09:43:07.462 744-1263/? D/EnvImpl: [HWA_CAM3]getPackageName :  com.virobugs
2019-10-08 09:43:07.462 744-1263/? I/HwaUtils: [3c6ca2b_64I] getProductExtendName() path=EMILY
2019-10-08 09:43:07.462 744-1263/? I/HwaUtils: [3c6ca2b_64I] getOneCfgFile() path=NULL
2019-10-08 09:43:07.462 744-1263/? I/HwaDMapIpp: [3c6ca2b_64I] checkNeedSwapCalibrationData() ConfigFile NULL
2019-10-08 09:43:07.462 744-1263/? D/Misc____: [3c6ca2b_64D] enter loadRequest
2019-10-08 09:43:07.463 744-1263/? D/EnvImpl: [HWA_CAM3]getPackageName :  com.virobugs
2019-10-08 09:43:07.463 589-589/? I/ArHal: (ar_data_enable_activity_event:619):successfully
2019-10-08 09:43:07.463 744-1263/? D/IppAlgoFilter: [HWA_CAM3]loadPreviewRequest() REQUEST_DMAP_SWAP, status:0
2019-10-08 09:43:07.463 744-1263/? D/EnvImpl: [HWA_CAM3]getPackageName :  com.virobugs
2019-10-08 09:43:07.463 17711-17950/com.virobugs I/GRALLOC: LockFlexLayout: baseFormat: 11, yStride: 640, ySize: 307200, uOffset: 307200,  uStride: 640
2019-10-08 09:43:07.463 1859-1873/? D/ARMoudle.ARService: com.huawei.android.chr 5:604800000000000
2019-10-08 09:43:07.463 1927-1942/? D/ARMoudle.HwActivityRecognition: disableActivityEvent
2019-10-08 09:43:07.463 1927-1942/? D/ARMoudle.HwActivityRecognition: android.activity_recognition.in_vehicle,1
2019-10-08 09:43:07.463 744-1263/? D/EnvImpl: [HWA_CAM3]getPackageName :  com.virobugs
2019-10-08 09:43:07.464 744-1263/? D/EnvImpl: [HWA_CAM3]getPackageName :  com.virobugs
2019-10-08 09:43:07.464 589-649/? I/ArHal: (ar_data_netlink_cb:821):cmd[2].length[240]
2019-10-08 09:43:07.465 1859-2008/? D/ARMoudle.ARService: onActivityChanged...
2019-10-08 09:43:07.465 1859-1873/? D/ARMoudle.ARService: isHasOtherClient:true, isOnlyWithParam:true
2019-10-08 09:43:07.466 589-589/? I/ArHal: (ar_data_enable_activity_event:619):successfully
2019-10-08 09:43:07.466 589-649/? I/ArHal: (ar_data_netlink_cb:821):cmd[2].length[240]
2019-10-08 09:43:07.468 1859-2008/? D/ARMoudle.ARService: onActivityChanged...
2019-10-08 09:43:07.468 1173-6045/? I/ActivityManager: Process com.huawei.android.launcher (pid 20416) has died: vis  IMPF
2019-10-08 09:43:07.469 1173-6045/? D/ActivityManager: cleanUpApplicationRecord app: ProcessRecord{37a751e 20416:com.huawei.android.launcher/u0a104}, app.bad: false, restarting: false, allowRestart: true
2019-10-08 09:43:07.469 1859-1873/? D/ARMoudle.ARService: com.huawei.android.chr 5:604800000000000
2019-10-08 09:43:07.469 1173-6045/? W/ActivityManager: Scheduling restart of crashed service com.huawei.android.launcher/.quickstep.TouchInteractionService in 10972ms
2019-10-08 09:43:07.469 1927-1942/? D/ARMoudle.HwActivityRecognition: disableActivityEvent
2019-10-08 09:43:07.469 1927-1942/? D/ARMoudle.HwActivityRecognition: android.activity_recognition.in_vehicle,2
2019-10-08 09:43:07.472 1859-1873/? D/ARMoudle.ARService: isHasOtherClient:true, isOnlyWithParam:true
2019-10-08 09:43:07.472 613-613/? I/mediacomm@2.1-service: getMdcClient:114: get client<Camera, 6, 744>, channel<4, 1>, perfLev=1, powerStatue=0.
2019-10-08 09:43:07.472 613-613/? I/mediacomm@2.1-service: getMdcVotePerfLev:179: Connected Mdc client<Camera, 6, 744> channel<4, 1> perfLev<1>
2019-10-08 09:43:07.473 744-1263/? D/EnvImpl: [HWA_CAM3]getPackageName :  com.virobugs
2019-10-08 09:43:07.473 744-1263/? I/HwaUtils: [3c6ca2b_64I] getProductExtendName() path=EMILY
2019-10-08 09:43:07.473 744-1263/? I/HwaUtils: [3c6ca2b_64I] getOneCfgFile() path=NULL
2019-10-08 09:43:07.473 744-1263/? I/HwaDMapIpp: [3c6ca2b_64I] checkNeedSwapCalibrationData() ConfigFile NULL
2019-10-08 09:43:07.473 589-589/? I/ArHal: (ar_data_enable_activity_event:619):successfully
2019-10-08 09:43:07.474 744-1263/? D/Misc____: [3c6ca2b_64D] enter loadRequest
2019-10-08 09:43:07.474 744-1263/? D/EnvImpl: [HWA_CAM3]getPackageName :  com.virobugs
2019-10-08 09:43:07.474 744-1263/? D/IppAlgoFilter: [HWA_CAM3]loadPreviewRequest() REQUEST_DMAP_SWAP, status:0
2019-10-08 09:43:07.474 744-1263/? D/EnvImpl: [HWA_CAM3]getPackageName :  com.virobugs
2019-10-08 09:43:07.474 589-649/? I/ArHal: (ar_data_netlink_cb:821):cmd[2].length[240]
2019-10-08 09:43:07.474 744-1263/? D/EnvImpl: [HWA_CAM3]getPackageName :  com.virobugs
2019-10-08 09:43:07.474 744-1263/? D/EnvImpl: [HWA_CAM3]getPackageName :  com.virobugs
2019-10-08 09:43:07.478 1859-2008/? D/ARMoudle.ARService: onActivityChanged...
2019-10-08 09:43:07.478 744-17991/? I/EnvImpl: [HWA_CAM3]getArCalorieMode mArCalorieMode 0
2019-10-08 09:43:07.478 744-17991/? I/cie: FaceStoryAlgo::isCurFrameRun isCurFrameRun. Process mode 0. 
2019-10-08 09:43:07.478 1859-1873/? D/ARMoudle.ARService: com.huawei.android.chr 5:604800000000000
2019-10-08 09:43:07.479 744-17986/? D/Misc____: [3c6ca2b_64D] onProcessFrame(666), afDistance(0.000000)
2019-10-08 09:43:07.479 1927-1942/? D/ARMoudle.HwActivityRecognition: disableActivityEvent
2019-10-08 09:43:07.479 1927-1942/? D/ARMoudle.HwActivityRecognition: android.activity_recognition.running,1
2019-10-08 09:43:07.481 1859-14246/? D/ARMoudle.ARService: isHasOtherClient:true, isOnlyWithParam:true
2019-10-08 09:43:07.482 613-613/? I/mediacomm@2.1-service: doCopybit:495: client<Camera, 0> ret = 744 finish copybit -.
2019-10-08 09:43:07.483 744-17993/? I/GRALLOC: LockFlexLayout: baseFormat: 11, yStride: 640, ySize: 307200, uOffset: 307200,  uStride: 640
2019-10-08 09:43:07.483 744-17993/? I/GRALLOC: LockFlexLayout: baseFormat: 11, yStride: 640, ySize: 307200, uOffset: 307200,  uStride: 640
2019-10-08 09:43:07.483 17711-17950/com.virobugs E/native: camera_image_stream.cc:230 Camera Image Stream failed to dequeue Image from ImageReader. status=ImageReaderStatusErrorSpaceClass::AMEDIA_IMGREADER_NO_BUFFER_AVAILABLE: AImageReader_acquireLatestImage acquired_image_count=9
2019-10-08 09:43:07.484 723-17960/? I/Camera3-Stream: getBuffer: Stream 0, 0xe8722380: Already dequeued max output buffers (7), wait for next returned one.
2019-10-08 09:43:07.483 589-589/? I/ArHal: (ar_data_enable_activity_event:619):successfully
2019-10-08 09:43:07.484 1859-14246/? D/ARMoudle.ARService: com.huawei.android.chr 5:604800000000000
2019-10-08 09:43:07.485 1927-1942/? D/ARMoudle.HwActivityRecognition: disableActivityEvent
2019-10-08 09:43:07.485 1927-1942/? D/ARMoudle.HwActivityRecognition: android.activity_recognition.running,2
2019-10-08 09:43:07.486 589-649/? I/ArHal: (ar_data_netlink_cb:821):cmd[2].length[240]
2019-10-08 09:43:07.487 1173-1281/? W/libprocessgroup: kill(-20416, 9) failed: No such process
2019-10-08 09:43:07.489 1859-2008/? D/ARMoudle.ARService: onActivityChanged...
2019-10-08 09:43:07.490 744-17983/? I/HwaStatInfo: [3c6ca2b_64I] algotype is 0, videoRatio is 1.000000, ratio is 1.875000, faceNum is 0
2019-10-08 09:43:07.491 1859-14246/? D/ARMoudle.ARService: isHasOtherClient:true, isOnlyWithParam:true
2019-10-08 09:43:07.493 589-649/? I/ArHal: (ar_data_netlink_cb:821):cmd[2].length[240]
2019-10-08 09:43:07.494 589-589/? I/ArHal: (ar_data_enable_activity_event:619):successfully
2019-10-08 09:43:07.494 1859-14246/? D/ARMoudle.ARService: com.huawei.android.chr 5:604800000000000
2019-10-08 09:43:07.495 1173-1281/? I/libprocessgroup: Successfully killed process cgroup uid 10104 pid 20416 in 11ms
2019-10-08 09:43:07.495 1859-2008/? D/ARMoudle.ARService: onActivityChanged...
2019-10-08 09:43:07.496 613-613/? I/mediacomm@2.1-service: getMdcClient:114: get client<Camera, 6, 744>, channel<4, 1>, perfLev=1, powerStatue=0.
2019-10-08 09:43:07.496 613-613/? I/mediacomm@2.1-service: getMdcVotePerfLev:179: Connected Mdc client<Camera, 6, 744> channel<4, 1> perfLev<1>
2019-10-08 09:43:07.498 1859-1873/? E/HsmCoreServiceImpl: onTransact in code is: 102
2019-10-08 09:43:07.498 744-1263/? D/EnvImpl: [HWA_CAM3]getPackageName :  com.virobugs
2019-10-08 09:43:07.499 744-1263/? I/HwaUtils: [3c6ca2b_64I] getProductExtendName() path=EMILY
2019-10-08 09:43:07.499 744-1263/? I/HwaUtils: [3c6ca2b_64I] getOneCfgFile() path=NULL
2019-10-08 09:43:07.499 744-1263/? I/HwaDMapIpp: [3c6ca2b_64I] checkNeedSwapCalibrationData() ConfigFile NULL
2019-10-08 09:43:07.499 744-1263/? D/Misc____: [3c6ca2b_64D] enter loadRequest
2019-10-08 09:43:07.499 744-1263/? D/EnvImpl: [HWA_CAM3]getPackageName :  com.virobugs
2019-10-08 09:43:07.499 744-1263/? D/IppAlgoFilter: [HWA_CAM3]loadPreviewRequest() REQUEST_DMAP_SWAP, status:0
2019-10-08 09:43:07.499 744-1263/? D/EnvImpl: [HWA_CAM3]getPackageName :  com.virobugs
2019-10-08 09:43:07.499 744-1263/? I/chatty: uid=1013(media) pl#2 identical 1 line
2019-10-08 09:43:07.499 744-1263/? D/EnvImpl: [HWA_CAM3]getPackageName :  com.virobugs
2019-10-08 09:43:07.500 613-613/? I/mediacomm@2.1-service: doCopybit:495: client<Camera, 0> ret = 744 finish copybit -.
2019-10-08 09:43:07.497 17711-17950/com.virobugs I/GRALLOC: LockFlexLayout: baseFormat: 11, yStride: 640, ySize: 307200, uOffset: 307200,  uStride: 640
2019-10-08 09:43:07.502 1173-1834/? E/HwActivityManagerServiceEx: getProcessRecordFromMTM process info is null ,mUid :20634
2019-10-08 09:43:07.502 744-17983/? I/HwaStatInfo: [3c6ca2b_64I] algotype is 0, videoRatio is 1.000000, ratio is 1.875000, faceNum is 0
2019-10-08 09:43:07.502 744-17993/? I/GRALLOC: LockFlexLayout: baseFormat: 11, yStride: 640, ySize: 307200, uOffset: 307200,  uStride: 640
2019-10-08 09:43:07.503 744-17991/? I/EnvImpl: [HWA_CAM3]getArCalorieMode mArCalorieMode 0
2019-10-08 09:43:07.503 744-17986/? D/Misc____: [3c6ca2b_64D] onProcessFrame(666), afDistance(0.000000)
2019-10-08 09:43:07.503 744-17991/? I/cie: FaceStoryAlgo::isCurFrameRun isCurFrameRun. Process mode 0. 
2019-10-08 09:43:07.503 744-17993/? I/GRALLOC: LockFlexLayout: baseFormat: 11, yStride: 640, ySize: 307200, uOffset: 307200,  uStride: 640
2019-10-08 09:43:07.503 1859-1873/? I/MediaProcessHandler: processOp opType: 1, uid: 10075, pid: 20838
2019-10-08 09:43:07.504 1859-1873/? W/MediaProcessHandler: remove target not exist, maybe the UI process: uid: 10075, pid: 20838
2019-10-08 09:43:07.504 1859-1873/? I/MediaProcessHandler: executedCallBack opType: 1 mMediaStatusObservers.size=0
2019-10-08 09:43:07.507 17711-17950/com.virobugs I/GRALLOC: LockFlexLayout: baseFormat: 11, yStride: 640, ySize: 307200, uOffset: 307200,  uStride: 640
2019-10-08 09:43:07.512 744-17989/? I/AntiBanding: onSubAlgoProcess() mAlgoCtx.continue_detect_cnt :0, mAlgoCtx.succ_detect_cnt : 0, mAlgoCtx.motion_flag = 0, detect_result:0, frequency_detected = 0,cur_expo = 20000
2019-10-08 09:43:07.517 613-613/? I/mediacomm@2.1-service: getMdcClient:114: get client<Camera, 6, 744>, channel<4, 1>, perfLev=1, powerStatue=0.
2019-10-08 09:43:07.517 613-613/? I/mediacomm@2.1-service: getMdcVotePerfLev:179: Connected Mdc client<Camera, 6, 744> channel<4, 1> perfLev<1>
2019-10-08 09:43:07.520 613-613/? I/mediacomm@2.1-service: doCopybit:495: client<Camera, 0> ret = 744 finish copybit -.
2019-10-08 09:43:07.521 744-17993/? I/GRALLOC: LockFlexLayout: baseFormat: 11, yStride: 640, ySize: 307200, uOffset: 307200,  uStride: 640
2019-10-08 09:43:07.524 1173-1278/? W/Looper: Slow dispatch took 116ms android.ui h=com.android.server.am.ActivityManagerService$UiHandler c=null m=53
2019-10-08 09:43:07.521 744-17993/? I/GRALLOC: LockFlexLayout: baseFormat: 11, yStride: 640, ySize: 307200, uOffset: 307200,  uStride: 640
2019-10-08 09:43:07.527 723-17960/? I/Camera3-Stream: getBuffer: Stream 1, 0xe8721780: Already dequeued max output buffers (7), wait for next returned one.
2019-10-08 09:43:07.530 20979-20994/? D/ContentProvider: openAssetFile
2019-10-08 09:43:07.532 744-1263/? D/EnvImpl: [HWA_CAM3]getPackageName :  com.virobugs
2019-10-08 09:43:07.533 744-1263/? I/HwaUtils: [3c6ca2b_64I] getProductExtendName() path=EMILY
2019-10-08 09:43:07.533 744-1263/? I/HwaUtils: [3c6ca2b_64I] getOneCfgFile() path=NULL
2019-10-08 09:43:07.533 744-1263/? I/HwaDMapIpp: [3c6ca2b_64I] checkNeedSwapCalibrationData() ConfigFile NULL
2019-10-08 09:43:07.533 744-1263/? D/Misc____: [3c6ca2b_64D] enter loadRequest
2019-10-08 09:43:07.533 744-1263/? D/EnvImpl: [HWA_CAM3]getPackageName :  com.virobugs
2019-10-08 09:43:07.533 744-1263/? D/IppAlgoFilter: [HWA_CAM3]loadPreviewRequest() REQUEST_DMAP_SWAP, status:0
2019-10-08 09:43:07.533 744-1263/? D/EnvImpl: [HWA_CAM3]getPackageName :  com.virobugs
2019-10-08 09:43:07.535 1859-1873/? I/BoosterSwitchP: notifyUidState do nothing
2019-10-08 09:43:07.535 1859-1873/? I/BrowserChrP: notifyUidState
2019-10-08 09:43:07.533 744-1263/? I/chatty: uid=1013(media) pl#2 identical 1 line
2019-10-08 09:43:07.533 744-1263/? D/EnvImpl: [HWA_CAM3]getPackageName :  com.virobugs
2019-10-08 09:43:07.536 1859-10650/? E/HsmCoreServiceImpl: onTransact in code is: 102
2019-10-08 09:43:07.536 1859-10650/? I/MediaProcessHandler: processOp opType: 1, uid: 10040, pid: 20436
2019-10-08 09:43:07.536 1859-10650/? W/MediaProcessHandler: remove target not exist, maybe the UI process: uid: 10040, pid: 20436
2019-10-08 09:43:07.536 1859-10650/? I/MediaProcessHandler: executedCallBack opType: 1 mMediaStatusObservers.size=0
