2019-10-08 09:43:07.538 17711-17950/com.virobugs I/GRALLOC: LockFlexLayout: baseFormat: 11, yStride: 640, ySize: 307200, uOffset: 307200,  uStride: 640
2019-10-08 09:43:07.539 744-17986/? D/Misc____: [3c6ca2b_64D] onProcessFrame(666), afDistance(0.000000)
2019-10-08 09:43:07.541 744-17991/? I/EnvImpl: [HWA_CAM3]getArCalorieMode mArCalorieMode 0
2019-10-08 09:43:07.541 744-17991/? I/cie: SceneRecognition::isCurFrameRun needTrigger = 1
2019-10-08 09:43:07.541 744-17991/? I/cie: SceneRecognition::isCurFrameRun monoMode=0, mStatus=1, isCurFrameStable=1, lastStableState=1, mStableCnt=1, mUnStableCnt=0
2019-10-08 09:43:07.542 744-17991/? I/cie: FaceStoryAlgo::isCurFrameRun isCurFrameRun. Process mode 0. 
2019-10-08 09:43:07.542 744-17991/? I/cie: CIE::onProcess::SceneRecognition share buffer[112*112][0x7bbbf1c948][1] public preProcess running
2019-10-08 09:43:07.543 723-17960/? I/Camera3-Stream: getBuffer: Stream 1, 0xe8721780: Already dequeued max output buffers (7), wait for next returned one.
2019-10-08 09:43:07.544 744-17991/? I/cie: Enter SceneRecognition::process
2019-10-08 09:43:07.546 744-1254/? I/MRMain: [3c6ca2b_64I] onConfig ret: 0,mLastEnableStatus: 0
2019-10-08 09:43:07.547 744-17989/? I/AntiBanding: onSubAlgoProcess() mAlgoCtx.continue_detect_cnt :1, mAlgoCtx.succ_detect_cnt : 0, mAlgoCtx.motion_flag = 0, detect_result:0, frequency_detected = 0,cur_expo = 20000
2019-10-08 09:43:07.551 744-17983/? I/HwaStatInfo: [3c6ca2b_64I] algotype is 0, videoRatio is 1.000000, ratio is 1.875000, faceNum is 0
2019-10-08 09:43:07.552 744-1263/? D/EnvImpl: [HWA_CAM3]getPackageName :  com.virobugs
2019-10-08 09:43:07.552 744-1263/? I/HwaUtils: [3c6ca2b_64I] getProductExtendName() path=EMILY
2019-10-08 09:43:07.552 744-1263/? I/HwaUtils: [3c6ca2b_64I] getOneCfgFile() path=NULL
2019-10-08 09:43:07.552 744-1263/? I/HwaDMapIpp: [3c6ca2b_64I] checkNeedSwapCalibrationData() ConfigFile NULL
2019-10-08 09:43:07.552 744-1263/? D/Misc____: [3c6ca2b_64D] enter loadRequest
2019-10-08 09:43:07.552 744-1263/? D/EnvImpl: [HWA_CAM3]getPackageName :  com.virobugs
2019-10-08 09:43:07.552 744-1263/? D/IppAlgoFilter: [HWA_CAM3]loadPreviewRequest() REQUEST_DMAP_SWAP, status:0
2019-10-08 09:43:07.552 744-1263/? D/EnvImpl: [HWA_CAM3]getPackageName :  com.virobugs
2019-10-08 09:43:07.552 744-1263/? I/chatty: uid=1013(media) pl#2 identical 1 line
2019-10-08 09:43:07.552 744-1263/? D/EnvImpl: [HWA_CAM3]getPackageName :  com.virobugs
2019-10-08 09:43:07.554 744-1254/? I/MRMain: [3c6ca2b_64I] checkConfig(), enableV1=0, enableV2=0, enableV3=0
2019-10-08 09:43:07.555 1859-1873/? E/HsmCoreServiceImpl: onTransact in code is: 102
2019-10-08 09:43:07.555 1859-1873/? I/MediaProcessHandler: processOp opType: 1, uid: 10024, pid: 20634
2019-10-08 09:43:07.555 1859-1873/? W/MediaProcessHandler: remove target not exist, maybe the UI process: uid: 10024, pid: 20634
2019-10-08 09:43:07.555 1859-1873/? I/MediaProcessHandler: executedCallBack opType: 1 mMediaStatusObservers.size=0
2019-10-08 09:43:07.559 1859-1873/? E/HsmCoreServiceImpl: onTransact in code is: 102
2019-10-08 09:43:07.560 1859-1873/? I/MediaProcessHandler: processOp opType: 1, uid: 10104, pid: 20416
2019-10-08 09:43:07.561 1859-1873/? W/MediaProcessHandler: remove target not exist, maybe the UI process: uid: 10104, pid: 20416
2019-10-08 09:43:07.561 1859-1873/? I/MediaProcessHandler: executedCallBack opType: 1 mMediaStatusObservers.size=0
2019-10-08 09:43:07.563 1859-10650/? I/BoosterSwitchP: notifyUidState do nothing
2019-10-08 09:43:07.563 1859-10650/? I/BrowserChrP: notifyUidState
2019-10-08 09:43:07.563 1859-10650/? I/BoosterSwitchP: notifyUidState do nothing
2019-10-08 09:43:07.564 1859-10650/? I/BrowserChrP: notifyUidState
2019-10-08 09:43:07.564 613-613/? I/mediacomm@2.1-service: getMdcClient:114: get client<Camera, 6, 744>, channel<4, 1>, perfLev=1, powerStatue=0.
2019-10-08 09:43:07.565 613-613/? I/mediacomm@2.1-service: getMdcVotePerfLev:179: Connected Mdc client<Camera, 6, 744> channel<4, 1> perfLev<1>
2019-10-08 09:43:07.567 613-613/? I/mediacomm@2.1-service: doCopybit:495: client<Camera, 0> ret = 744 finish copybit -.
2019-10-08 09:43:07.568 744-17993/? I/GRALLOC: LockFlexLayout: baseFormat: 11, yStride: 640, ySize: 307200, uOffset: 307200,  uStride: 640
2019-10-08 09:43:07.568 744-17993/? I/GRALLOC: LockFlexLayout: baseFormat: 11, yStride: 640, ySize: 307200, uOffset: 307200,  uStride: 640
2019-10-08 09:43:07.569 760-18007/? I/hcs: IPUTaskScheduler::AddTask Add task to task queue successs.
2019-10-08 09:43:07.569 760-8346/? I/hcs: IPUTaskScheduler::IPUTaskHandler IPU task queue has task now, we will back to work.
2019-10-08 09:43:07.569 760-18007/? I/hcs: IPUExecutor::ForwardCompute Insert Forward_compute task[model id: 0, task id: 1] to task queue success.
2019-10-08 09:43:07.569 760-8346/? I/hcs: IPUTaskScheduler::IPUTaskHandler Not pipeline running.
2019-10-08 09:43:07.570 17711-17950/com.virobugs I/GRALLOC: LockFlexLayout: baseFormat: 11, yStride: 640, ySize: 307200, uOffset: 307200,  uStride: 640
2019-10-08 09:43:07.571 744-17991/? I/EnvImpl: [HWA_CAM3]getArCalorieMode mArCalorieMode 0
2019-10-08 09:43:07.571 744-17991/? I/cie: FaceStoryAlgo::isCurFrameRun isCurFrameRun. Process mode 0. 
2019-10-08 09:43:07.571 744-17989/? I/AntiBanding: onSubAlgoProcess() mAlgoCtx.continue_detect_cnt :2, mAlgoCtx.succ_detect_cnt : 0, mAlgoCtx.motion_flag = 0, detect_result:0, frequency_detected = 0,cur_expo = 20000
2019-10-08 09:43:07.571 744-17986/? D/Misc____: [3c6ca2b_64D] onProcessFrame(666), afDistance(0.000000)
2019-10-08 09:43:07.572 744-17983/? I/HwaStatInfo: [3c6ca2b_64I] algotype is 0, videoRatio is 1.000000, ratio is 1.875000, faceNum is 0
2019-10-08 09:43:07.579 723-17960/? I/Camera3-Stream: getBuffer: Stream 1, 0xe8721780: Already dequeued max output buffers (7), wait for next returned one.
2019-10-08 09:43:07.581 613-613/? I/mediacomm@2.1-service: getMdcClient:114: get client<Camera, 6, 744>, channel<4, 1>, perfLev=1, powerStatue=0.
2019-10-08 09:43:07.582 613-613/? I/mediacomm@2.1-service: getMdcVotePerfLev:179: Connected Mdc client<Camera, 6, 744> channel<4, 1> perfLev<1>
2019-10-08 09:43:07.584 744-1263/? D/EnvImpl: [HWA_CAM3]getPackageName :  com.virobugs
2019-10-08 09:43:07.584 744-1263/? I/HwaUtils: [3c6ca2b_64I] getProductExtendName() path=EMILY
2019-10-08 09:43:07.584 744-1263/? I/HwaUtils: [3c6ca2b_64I] getOneCfgFile() path=NULL
2019-10-08 09:43:07.584 744-1263/? I/HwaDMapIpp: [3c6ca2b_64I] checkNeedSwapCalibrationData() ConfigFile NULL
2019-10-08 09:43:07.584 744-1263/? D/Misc____: [3c6ca2b_64D] enter loadRequest
2019-10-08 09:43:07.585 744-1263/? D/EnvImpl: [HWA_CAM3]getPackageName :  com.virobugs
2019-10-08 09:43:07.585 613-613/? I/mediacomm@2.1-service: doCopybit:495: client<Camera, 0> ret = 744 finish copybit -.
2019-10-08 09:43:07.585 760-8346/? I/hcs: IPUMngr_ForwardCompute Forward computing success.
2019-10-08 09:43:07.585 744-1263/? D/IppAlgoFilter: [HWA_CAM3]loadPreviewRequest() REQUEST_DMAP_SWAP, status:0
2019-10-08 09:43:07.585 760-8346/? W/hcs: IPUTaskScheduler::GetIPUTask IPU task queue is empty!
2019-10-08 09:43:07.585 760-8346/? I/hcs: IPUTaskScheduler::IPUTaskHandler IPU task queue is empty, so we wait here for task.
2019-10-08 09:43:07.585 744-1263/? D/EnvImpl: [HWA_CAM3]getPackageName :  com.virobugs
2019-10-08 09:43:07.586 744-1263/? D/EnvImpl: [HWA_CAM3]getPackageName :  com.virobugs
2019-10-08 09:43:07.586 744-1263/? D/EnvImpl: [HWA_CAM3]getPackageName :  com.virobugs
2019-10-08 09:43:07.587 744-17993/? I/GRALLOC: LockFlexLayout: baseFormat: 11, yStride: 640, ySize: 307200, uOffset: 307200,  uStride: 640
2019-10-08 09:43:07.588 744-17993/? I/GRALLOC: LockFlexLayout: baseFormat: 11, yStride: 640, ySize: 307200, uOffset: 307200,  uStride: 640
2019-10-08 09:43:07.589 744-8366/? I/cie: Enter SceneRecognitionListener::OnProcessDone
2019-10-08 09:43:07.589 744-8366/? I/cie: SceneRecognitionListener::convertResultToVec Result1:NIGHT Conf:0.050247.
2019-10-08 09:43:07.589 744-8366/? I/cie: SceneRecognitionListener::convertResultToVec Result1:FIREWORKS Conf:0.006139.
2019-10-08 09:43:07.589 744-8366/? I/cie: SceneRecognitionListener::convertResultToVec Result1:DOG Conf:0.005692.
2019-10-08 09:43:07.589 744-8366/? I/cie: SceneRecognitionListener::convertResultToVec Result1:SUNSET Conf:0.005424.
2019-10-08 09:43:07.589 744-8366/? I/cie: SceneRecognitionListener::convertResultToVec Result1:CAT Conf:0.004590.
2019-10-08 09:43:07.589 744-8366/? I/cie: SceneRecognitionListener::convertResultToVec Result2:NIGHTWITHSKY Conf:963.437500.
2019-10-08 09:43:07.589 744-8366/? I/cie: SceneRecognitionListener::convertResultToVec Result2:NIGHTNOSKY Conf:36.562508.
2019-10-08 09:43:07.589 744-8366/? I/cie: SceneRecognition::filterSceneThd::i 950 80 0 63 1
2019-10-08 09:43:07.589 744-8366/? I/cie: SceneRecognition::filterSceneThd::i 950 80 0 63 1
2019-10-08 09:43:07.589 744-8366/? I/cie: SceneRecognition::filterSceneThd::i 950 0 0 63 1
2019-10-08 09:43:07.589 744-8366/? I/chatty: uid=1013(media) HwBinder:744_8 identical 1 line
2019-10-08 09:43:07.589 744-8366/? I/cie: SceneRecognition::filterSceneThd::i 950 0 0 63 1
2019-10-08 09:43:07.589 744-8366/? I/CIEProxy: CIECallBackMgr::onSceneRecognitionProcessDone rsltsOrig:NIGHT 8 0 
2019-10-08 09:43:07.589 744-8366/? I/CIEProxy: CIECallBackMgr::onSceneRecognitionProcessDone rsltsOrig:FIREWORKS 13 0 
2019-10-08 09:43:07.589 744-8366/? I/CIEProxy: CIECallBackMgr::onSceneRecognitionProcessDone rsltsOrig:DOG 12 0 
2019-10-08 09:43:07.590 17711-17950/com.virobugs I/GRALLOC: LockFlexLayout: baseFormat: 11, yStride: 640, ySize: 307200, uOffset: 307200,  uStride: 640
2019-10-08 09:43:07.590 744-8366/? I/CIEProxy: CIECallBackMgr::onSceneRecognitionProcessDone rsltsOrig:SUNSET 3 0 
2019-10-08 09:43:07.590 744-8366/? I/CIEProxy: CIECallBackMgr::onSceneRecognitionProcessDone rsltsOrig:CAT 11 0 
2019-10-08 09:43:07.591 744-8366/? D/EventCallbackImpl: [HWA_CAM3]enter notifySDResult() 
2019-10-08 09:43:07.591 744-8366/? D/EventCallbackImpl: [HWA_CAM3]enter notifyICSDResult() 
2019-10-08 09:43:07.608 744-17991/? I/EnvImpl: [HWA_CAM3]getArCalorieMode mArCalorieMode 0
2019-10-08 09:43:07.608 744-17991/? I/cie: FaceStoryAlgo::isCurFrameRun isCurFrameRun. Process mode 0. 
2019-10-08 09:43:07.609 744-17986/? D/Misc____: [3c6ca2b_64D] onProcessFrame(666), afDistance(0.000000)
2019-10-08 09:43:07.612 723-17960/? I/Camera3-Stream: getBuffer: Stream 1, 0xe8721780: Already dequeued max output buffers (7), wait for next returned one.
2019-10-08 09:43:07.620 744-1263/? D/EnvImpl: [HWA_CAM3]getPackageName :  com.virobugs
2019-10-08 09:43:07.621 744-1263/? I/HwaUtils: [3c6ca2b_64I] getProductExtendName() path=EMILY
2019-10-08 09:43:07.621 744-1263/? I/HwaUtils: [3c6ca2b_64I] getOneCfgFile() path=NULL
2019-10-08 09:43:07.621 744-1263/? I/HwaDMapIpp: [3c6ca2b_64I] checkNeedSwapCalibrationData() ConfigFile NULL
2019-10-08 09:43:07.621 744-1263/? D/Misc____: [3c6ca2b_64D] enter loadRequest
2019-10-08 09:43:07.621 744-1263/? D/EnvImpl: [HWA_CAM3]getPackageName :  com.virobugs
2019-10-08 09:43:07.622 744-1263/? D/IppAlgoFilter: [HWA_CAM3]loadPreviewRequest() REQUEST_DMAP_SWAP, status:0
2019-10-08 09:43:07.622 744-1263/? D/EnvImpl: [HWA_CAM3]getPackageName :  com.virobugs
2019-10-08 09:43:07.622 744-1263/? I/chatty: uid=1013(media) pl#2 identical 1 line
2019-10-08 09:43:07.622 744-1263/? D/EnvImpl: [HWA_CAM3]getPackageName :  com.virobugs
2019-10-08 09:43:07.624 744-17983/? I/HwaStatInfo: [3c6ca2b_64I] algotype is 0, videoRatio is 1.000000, ratio is 1.875000, faceNum is 0
2019-10-08 09:43:07.626 613-613/? I/mediacomm@2.1-service: getMdcClient:114: get client<Camera, 6, 744>, channel<4, 1>, perfLev=1, powerStatue=0.
2019-10-08 09:43:07.626 613-613/? I/mediacomm@2.1-service: getMdcVotePerfLev:179: Connected Mdc client<Camera, 6, 744> channel<4, 1> perfLev<1>
2019-10-08 09:43:07.629 613-613/? I/mediacomm@2.1-service: doCopybit:495: client<Camera, 0> ret = 744 finish copybit -.
2019-10-08 09:43:07.629 744-17993/? I/GRALLOC: LockFlexLayout: baseFormat: 11, yStride: 640, ySize: 307200, uOffset: 307200,  uStride: 640
2019-10-08 09:43:07.629 744-17993/? I/GRALLOC: LockFlexLayout: baseFormat: 11, yStride: 640, ySize: 307200, uOffset: 307200,  uStride: 640
2019-10-08 09:43:07.630 723-17960/? I/Camera3-Stream: getBuffer: Stream 0, 0xe8722380: Already dequeued max output buffers (7), wait for next returned one.
2019-10-08 09:43:07.636 744-17983/? I/HwaStatInfo: [3c6ca2b_64I] algotype is 0, videoRatio is 1.000000, ratio is 1.875000, faceNum is 0
2019-10-08 09:43:07.636 744-17986/? D/Misc____: [3c6ca2b_64D] onProcessFrame(666), afDistance(0.000000)
2019-10-08 09:43:07.637 17711-17950/com.virobugs I/GRALLOC: LockFlexLayout: baseFormat: 11, yStride: 640, ySize: 307200, uOffset: 307200,  uStride: 640
2019-10-08 09:43:07.639 744-17991/? I/EnvImpl: [HWA_CAM3]getArCalorieMode mArCalorieMode 0
2019-10-08 09:43:07.639 744-17991/? I/cie: FaceStoryAlgo::isCurFrameRun isCurFrameRun. Process mode 0. 
2019-10-08 09:43:07.642 744-1263/? D/EnvImpl: [HWA_CAM3]getPackageName :  com.virobugs
2019-10-08 09:43:07.642 744-1263/? I/HwaUtils: [3c6ca2b_64I] getProductExtendName() path=EMILY
2019-10-08 09:43:07.642 744-1263/? I/HwaUtils: [3c6ca2b_64I] getOneCfgFile() path=NULL
2019-10-08 09:43:07.642 744-1263/? I/HwaDMapIpp: [3c6ca2b_64I] checkNeedSwapCalibrationData() ConfigFile NULL
2019-10-08 09:43:07.642 744-1263/? D/Misc____: [3c6ca2b_64D] enter loadRequest
2019-10-08 09:43:07.642 744-1263/? D/EnvImpl: [HWA_CAM3]getPackageName :  com.virobugs
2019-10-08 09:43:07.642 744-1263/? D/IppAlgoFilter: [HWA_CAM3]loadPreviewRequest() REQUEST_DMAP_SWAP, status:0
2019-10-08 09:43:07.642 744-1263/? D/EnvImpl: [HWA_CAM3]getPackageName :  com.virobugs
2019-10-08 09:43:07.642 744-1263/? I/chatty: uid=1013(media) pl#2 identical 1 line
2019-10-08 09:43:07.642 744-1263/? D/EnvImpl: [HWA_CAM3]getPackageName :  com.virobugs
2019-10-08 09:43:07.647 744-17989/? I/AntiBanding: onSubAlgoProcess() mAlgoCtx.continue_detect_cnt :0, mAlgoCtx.succ_detect_cnt : 0, mAlgoCtx.motion_flag = 0, detect_result:0, frequency_detected = 0,cur_expo = 20000
2019-10-08 09:43:07.651 613-613/? I/mediacomm@2.1-service: getMdcClient:114: get client<Camera, 6, 744>, channel<4, 1>, perfLev=1, powerStatue=0.
2019-10-08 09:43:07.651 613-613/? I/mediacomm@2.1-service: getMdcVotePerfLev:179: Connected Mdc client<Camera, 6, 744> channel<4, 1> perfLev<1>
2019-10-08 09:43:07.655 613-613/? I/mediacomm@2.1-service: doCopybit:495: client<Camera, 0> ret = 744 finish copybit -.
2019-10-08 09:43:07.655 744-17993/? I/GRALLOC: LockFlexLayout: baseFormat: 11, yStride: 640, ySize: 307200, uOffset: 307200,  uStride: 640
2019-10-08 09:43:07.655 744-17993/? I/GRALLOC: LockFlexLayout: baseFormat: 11, yStride: 640, ySize: 307200, uOffset: 307200,  uStride: 640
2019-10-08 09:43:07.656 723-17960/? I/Camera3-Stream: getBuffer: Stream 0, 0xe8722380: Already dequeued max output buffers (7), wait for next returned one.
2019-10-08 09:43:07.657 17711-17950/com.virobugs I/GRALLOC: LockFlexLayout: baseFormat: 11, yStride: 640, ySize: 307200, uOffset: 307200,  uStride: 640
2019-10-08 09:43:07.660 763-939/? E/JankService: logCaptureFilter: not the beta version or delimitation frozen, no need to capture log
2019-10-08 09:43:07.662 763-939/? E/JankService: ### JankSchedHwRead error!
2019-10-08 09:43:07.668 744-1263/? D/EnvImpl: [HWA_CAM3]getPackageName :  com.virobugs
2019-10-08 09:43:07.668 744-1263/? I/HwaUtils: [3c6ca2b_64I] getProductExtendName() path=EMILY
2019-10-08 09:43:07.668 744-1263/? I/HwaUtils: [3c6ca2b_64I] getOneCfgFile() path=NULL
2019-10-08 09:43:07.668 744-1263/? I/HwaDMapIpp: [3c6ca2b_64I] checkNeedSwapCalibrationData() ConfigFile NULL
2019-10-08 09:43:07.668 744-1263/? D/Misc____: [3c6ca2b_64D] enter loadRequest
2019-10-08 09:43:07.668 744-1263/? D/EnvImpl: [HWA_CAM3]getPackageName :  com.virobugs
2019-10-08 09:43:07.668 744-1263/? D/IppAlgoFilter: [HWA_CAM3]loadPreviewRequest() REQUEST_DMAP_SWAP, status:0
2019-10-08 09:43:07.668 744-1263/? D/EnvImpl: [HWA_CAM3]getPackageName :  com.virobugs
2019-10-08 09:43:07.669 744-1263/? I/chatty: uid=1013(media) pl#2 identical 1 line
2019-10-08 09:43:07.669 744-1263/? D/EnvImpl: [HWA_CAM3]getPackageName :  com.virobugs
2019-10-08 09:43:07.672 763-939/? E/JankService: update dlm info failed
2019-10-08 09:43:07.679 744-17986/? D/Misc____: [3c6ca2b_64D] onProcessFrame(666), afDistance(0.000000)
2019-10-08 09:43:07.680 744-17991/? I/EnvImpl: [HWA_CAM3]getArCalorieMode mArCalorieMode 0
2019-10-08 09:43:07.680 744-17991/? I/cie: FaceStoryAlgo::isCurFrameRun isCurFrameRun. Process mode 0. 
2019-10-08 09:43:07.694 613-613/? I/mediacomm@2.1-service: getMdcClient:114: get client<Camera, 6, 744>, channel<4, 1>, perfLev=1, powerStatue=0.
2019-10-08 09:43:07.694 613-613/? I/mediacomm@2.1-service: getMdcVotePerfLev:179: Connected Mdc client<Camera, 6, 744> channel<4, 1> perfLev<1>
2019-10-08 09:43:07.697 613-613/? I/mediacomm@2.1-service: doCopybit:495: client<Camera, 0> ret = 744 finish copybit -.
2019-10-08 09:43:07.697 744-17993/? I/GRALLOC: LockFlexLayout: baseFormat: 11, yStride: 640, ySize: 307200, uOffset: 307200,  uStride: 640
2019-10-08 09:43:07.698 744-17993/? I/GRALLOC: LockFlexLayout: baseFormat: 11, yStride: 640, ySize: 307200, uOffset: 307200,  uStride: 640
2019-10-08 09:43:07.698 744-17983/? I/HwaStatInfo: [3c6ca2b_64I] algotype is 0, videoRatio is 1.000000, ratio is 1.875000, faceNum is 0
2019-10-08 09:43:07.698 723-17960/? I/Camera3-Stream: getBuffer: Stream 0, 0xe8722380: Already dequeued max output buffers (7), wait for next returned one.
2019-10-08 09:43:07.704 17711-17950/com.virobugs I/GRALLOC: LockFlexLayout: baseFormat: 11, yStride: 640, ySize: 307200, uOffset: 307200,  uStride: 640
2019-10-08 09:43:07.707 1173-3187/? W/JankShield: Could not find packageinfo
2019-10-08 09:43:07.707 744-17983/? I/HwaStatInfo: [3c6ca2b_64I] algotype is 0, videoRatio is 1.000000, ratio is 1.875000, faceNum is 0
2019-10-08 09:43:07.709 744-17986/? D/Misc____: [3c6ca2b_64D] onProcessFrame(666), afDistance(0.000000)
2019-10-08 09:43:07.710 763-939/? I/iMonitor: create: 902060003
2019-10-08 09:43:07.710 744-17991/? I/EnvImpl: [HWA_CAM3]getArCalorieMode mArCalorieMode 0
2019-10-08 09:43:07.710 744-17991/? I/cie: FaceStoryAlgo::isCurFrameRun isCurFrameRun. Process mode 0. 
2019-10-08 09:43:07.710 744-1263/? D/EnvImpl: [HWA_CAM3]getPackageName :  com.virobugs
2019-10-08 09:43:07.710 744-1263/? I/HwaUtils: [3c6ca2b_64I] getProductExtendName() path=EMILY
2019-10-08 09:43:07.710 744-1263/? I/HwaUtils: [3c6ca2b_64I] getOneCfgFile() path=NULL
2019-10-08 09:43:07.710 744-1263/? I/HwaDMapIpp: [3c6ca2b_64I] checkNeedSwapCalibrationData() ConfigFile NULL
2019-10-08 09:43:07.711 744-1263/? D/Misc____: [3c6ca2b_64D] enter loadRequest
2019-10-08 09:43:07.711 744-1263/? D/EnvImpl: [HWA_CAM3]getPackageName :  com.virobugs
2019-10-08 09:43:07.711 744-1263/? D/IppAlgoFilter: [HWA_CAM3]loadPreviewRequest() REQUEST_DMAP_SWAP, status:0
2019-10-08 09:43:07.711 744-1263/? D/EnvImpl: [HWA_CAM3]getPackageName :  com.virobugs
2019-10-08 09:43:07.711 744-1263/? I/chatty: uid=1013(media) pl#2 identical 1 line
2019-10-08 09:43:07.711 744-1263/? D/EnvImpl: [HWA_CAM3]getPackageName :  com.virobugs
2019-10-08 09:43:07.714 744-17989/? I/AntiBanding: onSubAlgoProcess() mAlgoCtx.continue_detect_cnt :0, mAlgoCtx.succ_detect_cnt : 0, mAlgoCtx.motion_flag = 0, detect_result:0, frequency_detected = 0,cur_expo = 20000
2019-10-08 09:43:07.718 613-613/? I/mediacomm@2.1-service: getMdcClient:114: get client<Camera, 6, 744>, channel<4, 1>, perfLev=1, powerStatue=0.
2019-10-08 09:43:07.718 613-613/? I/mediacomm@2.1-service: getMdcVotePerfLev:179: Connected Mdc client<Camera, 6, 744> channel<4, 1> perfLev<1>
2019-10-08 09:43:07.720 613-613/? I/mediacomm@2.1-service: doCopybit:495: client<Camera, 0> ret = 744 finish copybit -.
2019-10-08 09:43:07.721 744-17993/? I/GRALLOC: LockFlexLayout: baseFormat: 11, yStride: 640, ySize: 307200, uOffset: 307200,  uStride: 640
2019-10-08 09:43:07.722 744-17993/? I/GRALLOC: LockFlexLayout: baseFormat: 11, yStride: 640, ySize: 307200, uOffset: 307200,  uStride: 640
2019-10-08 09:43:07.722 723-17960/? I/Camera3-Stream: getBuffer: Stream 0, 0xe8722380: Already dequeued max output buffers (7), wait for next returned one.
2019-10-08 09:43:07.725 17711-17950/com.virobugs I/GRALLOC: LockFlexLayout: baseFormat: 11, yStride: 640, ySize: 307200, uOffset: 307200,  uStride: 640
2019-10-08 09:43:07.733 744-1263/? D/EnvImpl: [HWA_CAM3]getPackageName :  com.virobugs
2019-10-08 09:43:07.733 744-1263/? I/HwaUtils: [3c6ca2b_64I] getProductExtendName() path=EMILY
2019-10-08 09:43:07.733 744-1263/? I/HwaUtils: [3c6ca2b_64I] getOneCfgFile() path=NULL
2019-10-08 09:43:07.733 744-1263/? I/HwaDMapIpp: [3c6ca2b_64I] checkNeedSwapCalibrationData() ConfigFile NULL
2019-10-08 09:43:07.733 744-1263/? D/Misc____: [3c6ca2b_64D] enter loadRequest
2019-10-08 09:43:07.733 744-1263/? D/EnvImpl: [HWA_CAM3]getPackageName :  com.virobugs
2019-10-08 09:43:07.733 744-1263/? D/IppAlgoFilter: [HWA_CAM3]loadPreviewRequest() REQUEST_DMAP_SWAP, status:0
2019-10-08 09:43:07.733 744-1263/? D/EnvImpl: [HWA_CAM3]getPackageName :  com.virobugs
2019-10-08 09:43:07.734 744-1263/? I/chatty: uid=1013(media) pl#2 identical 1 line
2019-10-08 09:43:07.734 744-1263/? D/EnvImpl: [HWA_CAM3]getPackageName :  com.virobugs
2019-10-08 09:43:07.741 744-17986/? D/Misc____: [3c6ca2b_64D] onProcessFrame(666), afDistance(0.000000)
2019-10-08 09:43:07.745 744-17991/? I/EnvImpl: [HWA_CAM3]getArCalorieMode mArCalorieMode 0
2019-10-08 09:43:07.757 744-17991/? I/cie: FaceStoryAlgo::isCurFrameRun isCurFrameRun. Process mode 0. 
2019-10-08 09:43:07.757 744-17983/? I/HwaStatInfo: [3c6ca2b_64I] algotype is 0, videoRatio is 1.000000, ratio is 1.875000, faceNum is 0
2019-10-08 09:43:07.763 613-613/? I/mediacomm@2.1-service: getMdcClient:114: get client<Camera, 6, 744>, channel<4, 1>, perfLev=1, powerStatue=0.
2019-10-08 09:43:07.763 613-613/? I/mediacomm@2.1-service: getMdcVotePerfLev:179: Connected Mdc client<Camera, 6, 744> channel<4, 1> perfLev<1>
2019-10-08 09:43:07.765 613-613/? I/mediacomm@2.1-service: doCopybit:495: client<Camera, 0> ret = 744 finish copybit -.
2019-10-08 09:43:07.767 744-17993/? I/GRALLOC: LockFlexLayout: baseFormat: 11, yStride: 640, ySize: 307200, uOffset: 307200,  uStride: 640
2019-10-08 09:43:07.767 744-17993/? I/GRALLOC: LockFlexLayout: baseFormat: 11, yStride: 640, ySize: 307200, uOffset: 307200,  uStride: 640
2019-10-08 09:43:07.768 723-17960/? I/Camera3-Stream: getBuffer: Stream 0, 0xe8722380: Already dequeued max output buffers (7), wait for next returned one.
2019-10-08 09:43:07.780 17711-17950/com.virobugs I/GRALLOC: LockFlexLayout: baseFormat: 11, yStride: 640, ySize: 307200, uOffset: 307200,  uStride: 640
2019-10-08 09:43:07.804 744-1263/? D/EnvImpl: [HWA_CAM3]getPackageName :  com.virobugs
2019-10-08 09:43:07.804 744-1263/? I/HwaUtils: [3c6ca2b_64I] getProductExtendName() path=EMILY
2019-10-08 09:43:07.804 744-1263/? I/HwaUtils: [3c6ca2b_64I] getOneCfgFile() path=NULL
2019-10-08 09:43:07.804 744-1263/? I/HwaDMapIpp: [3c6ca2b_64I] checkNeedSwapCalibrationData() ConfigFile NULL
2019-10-08 09:43:07.804 744-1263/? D/Misc____: [3c6ca2b_64D] enter loadRequest
2019-10-08 09:43:07.805 744-1263/? D/EnvImpl: [HWA_CAM3]getPackageName :  com.virobugs
2019-10-08 09:43:07.805 744-1263/? D/IppAlgoFilter: [HWA_CAM3]loadPreviewRequest() REQUEST_DMAP_SWAP, status:0
2019-10-08 09:43:07.805 744-1263/? D/EnvImpl: [HWA_CAM3]getPackageName :  com.virobugs
2019-10-08 09:43:07.805 744-1263/? I/chatty: uid=1013(media) pl#2 identical 1 line
2019-10-08 09:43:07.805 744-1263/? D/EnvImpl: [HWA_CAM3]getPackageName :  com.virobugs
2019-10-08 09:43:07.865 634-1347/? E/AudioFlinger: writing blocked, write to hal costs: 117 ms
2019-10-08 09:43:07.869 744-17983/? I/HwaStatInfo: [3c6ca2b_64I] algotype is 0, videoRatio is 1.000000, ratio is 1.875000, faceNum is 0
2019-10-08 09:43:07.870 744-17986/? D/Misc____: [3c6ca2b_64D] onProcessFrame(666), afDistance(0.000000)
2019-10-08 09:43:07.901 744-17991/? I/EnvImpl: [HWA_CAM3]getArCalorieMode mArCalorieMode 0
2019-10-08 09:43:07.905 744-17989/? I/AntiBanding: onSubAlgoProcess() mAlgoCtx.continue_detect_cnt :0, mAlgoCtx.succ_detect_cnt : 0, mAlgoCtx.motion_flag = 0, detect_result:0, frequency_detected = 0,cur_expo = 20000
2019-10-08 09:43:07.908 744-17991/? I/cie: FaceStoryAlgo::isCurFrameRun isCurFrameRun. Process mode 0. 
2019-10-08 09:43:07.926 613-613/? I/mediacomm@2.1-service: getMdcClient:114: get client<Camera, 6, 744>, channel<4, 1>, perfLev=1, powerStatue=0.
2019-10-08 09:43:07.926 613-613/? I/mediacomm@2.1-service: getMdcVotePerfLev:179: Connected Mdc client<Camera, 6, 744> channel<4, 1> perfLev<1>
2019-10-08 09:43:07.930 613-613/? I/mediacomm@2.1-service: doCopybit:495: client<Camera, 0> ret = 744 finish copybit -.
2019-10-08 09:43:07.930 744-17993/? I/GRALLOC: LockFlexLayout: baseFormat: 11, yStride: 640, ySize: 307200, uOffset: 307200,  uStride: 640
2019-10-08 09:43:07.930 744-17993/? I/GRALLOC: LockFlexLayout: baseFormat: 11, yStride: 640, ySize: 307200, uOffset: 307200,  uStride: 640
2019-10-08 09:43:07.931 744-17991/? I/EnvImpl: [HWA_CAM3]getArCalorieMode mArCalorieMode 0
2019-10-08 09:43:07.932 744-17991/? I/cie: FaceStoryAlgo::isCurFrameRun isCurFrameRun. Process mode 0. 
2019-10-08 09:43:07.933 744-17991/? I/EnvImpl: [HWA_CAM3]getArCalorieMode mArCalorieMode 0
2019-10-08 09:43:07.933 744-17991/? I/cie: FaceStoryAlgo::isCurFrameRun isCurFrameRun. Process mode 0. 
2019-10-08 09:43:07.936 744-17986/? D/Misc____: [3c6ca2b_64D] onProcessFrame(666), afDistance(0.000000)
2019-10-08 09:43:07.938 744-17991/? I/EnvImpl: [HWA_CAM3]getArCalorieMode mArCalorieMode 0
2019-10-08 09:43:07.938 744-17991/? I/cie: FaceStoryAlgo::isCurFrameRun isCurFrameRun. Process mode 0. 
2019-10-08 09:43:07.939 744-17986/? D/Misc____: [3c6ca2b_64D] onProcessFrame(666), afDistance(0.000000)
2019-10-08 09:43:07.942 723-17960/? I/Camera3-Stream: getBuffer: Stream 0, 0xe8722380: Already dequeued max output buffers (7), wait for next returned one.
2019-10-08 09:43:07.943 744-17983/? I/HwaStatInfo: [3c6ca2b_64I] algotype is 0, videoRatio is 1.000000, ratio is 1.875000, faceNum is 0
2019-10-08 09:43:07.954 611-17804/? I/audio_hw_primary: usb_ext_get_parameters: check show hires (false)
2019-10-08 09:43:07.968 634-9453/? I/hash_map_utils: key: 'typec_need_show_hires' value: ''
2019-10-08 09:43:07.968 634-9453/? I/bt_a2dp_hw: adev_get_parameters: audio a2dp receive kvpairs typec_need_show_hires ,but need not handle
2019-10-08 09:43:07.980 1693-1693/? I/OverviewProxyService: ConnectTo LauncherService com.huawei.android.launcher
2019-10-08 09:43:07.998 1943-9219/? I/KStateAction: new KStateAction
2019-10-08 09:43:08.001 1943-9219/? I/chatty: uid=1000(system) Binder:1943_B identical 1 line
2019-10-08 09:43:08.005 1943-9219/? I/KStateAction: new KStateAction
2019-10-08 09:43:08.005 634-1347/? I/AudioTrackShared: server obtain null buf part1:0 rear:8813764 front:8813764 mFrameCount:1924
2019-10-08 09:43:08.008 634-1347/? D/AudioFlinger: mixer(0x71a3905bc0) throttle end: throttle time(6)
2019-10-08 09:43:08.011 581-581/? I/Zygote: Process 21001 exited due to signal (9)
2019-10-08 09:43:08.012 581-581/? I/Zygote: Process 20402 exited due to signal (9)
2019-10-08 09:43:08.019 1173-1207/? D/CountryDetector: No listener is left
2019-10-08 09:43:08.026 517-517/? I/ServiceManager: service 'com.huawei.netassistant.service.netassistantservice' died
2019-10-08 09:43:08.027 517-517/? I/ServiceManager: service 'com.huawei.systemmanager.rainbow.service' died
2019-10-08 09:43:08.027 517-517/? I/ServiceManager: service 'HsmStat' died
2019-10-08 09:43:08.027 517-517/? I/ServiceManager: service 'com.huawei.harassmentinterception.service.HarassmentInterceptionService' died
2019-10-08 09:43:08.027 517-517/? I/ServiceManager: service 'com.huawei.systemmanager.netassistant.netpolicy.NatNetworkPolicyService' died
2019-10-08 09:43:08.027 517-517/? I/ServiceManager: service 'com.huawei.systemmanager.netassistant.netnotify.policy.NatTrafficNotifyService' died
2019-10-08 09:43:08.031 1173-6534/? I/LocationManagerService: Location listener died
2019-10-08 09:43:08.033 611-1341/? D/asd_primary_out: L[0],R[0], continus 20 times!
2019-10-08 09:43:08.035 580-636/? W/SocketListener: sending broadcast to Pid = 1173, Uid = 1000 
2019-10-08 09:43:08.036 1173-8921/? I/LocationManagerService: Location listener died
2019-10-08 09:43:08.047 1173-3482/? D/ConnectivityService: ConnectivityService NetworkRequestInfo binderDied(NetworkRequest [ LISTEN id=92, [ Capabilities: NOT_RESTRICTED Uid: 10024] ], android.os.BinderProxy@2b597f3)
2019-10-08 09:43:08.049 1173-2103/? I/ActivityManager: Process android.process.acore (pid 21001) has died: fore SVC 
2019-10-08 09:43:08.050 1173-1738/? D/GnssStatusListenerHelper: Remote Listener died: android.location.IGnssStatusListener$Stub$Proxy@b859729 of com.google.android.gms
2019-10-08 09:43:08.054 581-581/? I/Zygote: Process 20943 exited due to signal (9)
2019-10-08 09:43:08.058 1173-1173/? I/HwLocationProviderProxy-network: ComponentInfo{com.google.android.gms/com.google.android.location.network.NetworkLocationService} disconnected
2019-10-08 09:43:08.058 1173-1173/? I/HwLocationProviderProxy-network: delay rebind begin
2019-10-08 09:43:08.058 611-8154/? D/DlbDap2Process: process() called [93000] times
2019-10-08 09:43:08.058 611-8154/? D/DlbDap2Process: process in: cap=256 ch=2 stride=8 samplesize=4
2019-10-08 09:43:08.058 611-8154/? D/DlbDap2Process: process out: cap=256 ch=2 stride=8 samplesize=4
2019-10-08 09:43:08.060 1173-1613/? I/HwAudioServiceEx: check HiRes Icon false
2019-10-08 09:43:08.061 1173-2103/? D/ActivityManager: cleanUpApplicationRecord app: ProcessRecord{93811dd 21001:android.process.acore/u0a7}, app.bad: false, restarting: false, allowRestart: true
2019-10-08 09:43:08.062 1173-1599/? D/ConnectivityService: releasing NetworkRequest [ LISTEN id=92, [ Capabilities: NOT_RESTRICTED Uid: 10024] ] (release request)
2019-10-08 09:43:08.063 1173-1173/? I/LocationProviderProxy-fused: ComponentInfo{com.google.android.gms/com.google.android.location.fused.FusedLocationService} disconnected
2019-10-08 09:43:08.064 1173-1173/? I/LocationProviderProxy-fused: delay rebind begin
2019-10-08 09:43:08.064 1173-1173/? I/HwGeocoderProxy: ComponentInfo{com.google.android.gms/com.google.android.location.geocode.GeocodeService} disconnected
2019-10-08 09:43:08.064 1173-1173/? I/HwGeocoderProxy: delay rebind begin
2019-10-08 09:43:08.081 1173-1571/? D/NetdConnector: RCV <- {613 IfaceClass active 0 1204686917523 10024}
2019-10-08 09:43:08.086 20979-20998/? I/keyconfigurato: Waiting for a blocking GC ProfileSaver
2019-10-08 09:43:08.087 1173-1281/? W/libprocessgroup: kill(-21001, 9) failed: No such process
2019-10-08 09:43:08.090 1173-1281/? I/libprocessgroup: Successfully killed process cgroup uid 10007 pid 21001 in 34ms
2019-10-08 09:43:08.088 1173-1571/? D/NetdConnector: RCV <- {613 IfaceClass active 0 1204686917523 10024}
2019-10-08 09:43:08.091 1173-1292/? D/NetdConnector: RCV unsolicited event from native daemon, event = 613
2019-10-08 09:43:08.118 1173-6534/? I/LocationManagerService: remove 89ec0ff
2019-10-08 09:43:08.121 763-939/? I/iMonitor: send: 902060003
2019-10-08 09:43:08.130 1943-3935/? I/KStateAction: new KStateAction
2019-10-08 09:43:08.135 1173-1274/? D/StubTelephonyRegistry: uid:1000 pid:1173 PhoneStateListener.LISTEN_CELL_LOCATION:16 events:0
2019-10-08 09:43:08.135 1173-1805/? I/ActivityManager: Process com.google.android.gms.persistent (pid 20402) has died: fore BFGS
2019-10-08 09:43:08.138 1911-1934/? D/NcDft_ServiceImpl: notifyNcDftEvent domain is : 0 ;eventID is: 31 ;List is [APKSTOPPROVIDER, 89ec0ff, , apkstop, 1570520588118]
2019-10-08 09:43:08.139 1173-1281/? W/libprocessgroup: kill(-20402, 9) failed: No such process
2019-10-08 09:43:08.140 1173-1281/? I/libprocessgroup: Successfully killed process cgroup uid 10024 pid 20402 in 1ms
2019-10-08 09:43:08.141 1173-1805/? D/ActivityManager: cleanUpApplicationRecord app: ProcessRecord{2484ea3 20402:com.google.android.gms.persistent/u0a24}, app.bad: false, restarting: false, allowRestart: true
2019-10-08 09:43:08.141 1859-10650/? I/BoosterSwitchP: notifyUidState do nothing
2019-10-08 09:43:08.142 1859-10650/? I/BrowserChrP: notifyUidState
2019-10-08 09:43:08.143 1173-1805/? W/ActivityManager: Scheduling restart of crashed service com.google.android.gms/.common.stats.GmsCoreStatsService in 651584ms
2019-10-08 09:43:08.147 1173-1805/? W/ActivityManager: Scheduling restart of crashed service com.google.android.gms/.gcm.nts.SchedulerService in 811504ms
2019-10-08 09:43:08.147 1173-1805/? W/ActivityManager: Scheduling restart of crashed service com.google.android.gms/com.google.android.location.fused.FusedLocationService in 1000ms
2019-10-08 09:43:08.147 1173-1805/? W/ActivityManager: Scheduling restart of crashed service com.google.android.gms/com.google.android.location.geocode.GeocodeService in 10999ms
2019-10-08 09:43:08.147 1173-1805/? W/ActivityManager: Scheduling restart of crashed service com.google.android.gms/.chimera.PersistentBoundBrokerService in 20999ms
2019-10-08 09:43:08.147 1173-1805/? W/ActivityManager: Scheduling restart of crashed service com.google.android.gms/.tapandpay.hce.service.TpHceService in 1131488ms
2019-10-08 09:43:08.148 1173-1805/? W/ActivityManager: Scheduling restart of crashed service com.google.android.gms/com.google.android.contextmanager.service.ContextManagerService in 1291488ms
2019-10-08 09:43:08.148 1173-1805/? W/ActivityManager: Scheduling restart of crashed service com.google.android.gms/.chimera.PersistentDirectBootAwareApiService in 30999ms
2019-10-08 09:43:08.148 1173-1805/? W/ActivityManager: Scheduling restart of crashed service com.google.android.gms/.fido.fido2.pollux.CableAuthenticatorService in 1611488ms
2019-10-08 09:43:08.148 1173-1805/? W/ActivityManager: Scheduling restart of crashed service com.google.android.gms/com.google.android.location.internal.server.GoogleLocationService in 1931472ms
2019-10-08 09:43:08.148 1173-1805/? W/ActivityManager: Scheduling restart of crashed service com.google.android.gms/.location.persistent.LocationPersistentService in 2091472ms
2019-10-08 09:43:08.148 1173-1805/? W/ActivityManager: Scheduling restart of crashed service com.google.android.gms/.deviceconnection.service.DeviceConnectionWatcherService in 2251472ms
2019-10-08 09:43:08.148 1173-1805/? W/ActivityManager: Scheduling restart of crashed service com.google.android.gms/com.google.android.location.network.NetworkLocationService in 40998ms
2019-10-08 09:43:08.148 1173-1805/? W/ActivityManager: Scheduling restart of crashed service com.google.android.gms/.clearcut.debug.ClearcutDebugDumpService in 2411472ms
2019-10-08 09:43:08.149 1173-1805/? W/ActivityManager: Scheduling restart of crashed service com.google.android.gms/com.google.android.location.internal.GoogleLocationManagerService in 2571472ms
2019-10-08 09:43:08.149 1173-1805/? W/ActivityManager: Scheduling restart of crashed service com.google.android.gms/.thunderbird.EmergencyPersistentService in 2731472ms
2019-10-08 09:43:08.149 1173-1805/? W/ActivityManager: Scheduling restart of crashed service com.google.android.gms/.auth.trustagent.GoogleTrustAgent in 2964400ms
2019-10-08 09:43:08.149 1173-1805/? W/ActivityManager: Scheduling restart of crashed service com.google.android.gms/.auth.setup.devicesignals.LockScreenService in 3570736ms
2019-10-08 09:43:08.149 1173-1805/? W/ActivityManager: Scheduling restart of crashed service com.google.android.gms/.stats.eastworld.EastworldService in 3730736ms
2019-10-08 09:43:08.149 1173-1805/? W/ActivityManager: Scheduling restart of crashed service com.google.android.gms/.gcm.GcmService in 4050720ms
2019-10-08 09:43:08.151 1943-2279/? I/AppManager: removeProcessDependency pid:20838
2019-10-08 09:43:08.152 1173-1822/? E/HwReportTool: This is not beta user build
2019-10-08 09:43:08.154 1173-6534/? I/BackgroundPermManager: pkgName: com.google.android.gms,pid: 20402 ,uidOf3RdApk: 10024 ,permType: 2 ,permCfg: 0
2019-10-08 09:43:08.154 1943-2279/? I/AppManager: removeProcessDependency pid:17711
2019-10-08 09:43:08.154 1943-2061/? D/DeviceMonitor: GPS request stop:com.google.android.gms pid:20402 interval(s): -1 reqId:89ec0ff
2019-10-08 09:43:08.155 1173-6534/? E/StubController: service = null
2019-10-08 09:43:08.157 1173-6534/? D/HwGpsPowerTracker: removeRequest:com.google.android.gms
2019-10-08 09:43:08.158 1173-6534/? I/LocationManagerService: isAllowedByCurrentUserSettingsLocked started: passive
2019-10-08 09:43:08.158 1173-6534/? I/LocationManagerService: applyRequirementsLocked to passive
2019-10-08 09:43:08.161 1173-8365/? I/ActivityManager: Process com.huawei.systemmanager:service (pid 20697) has died: fore SVC 
2019-10-08 09:43:08.162 1173-8365/? D/ActivityManager: cleanUpApplicationRecord app: ProcessRecord{239b686 20697:com.huawei.systemmanager:service/1000}, app.bad: false, restarting: false, allowRestart: true
2019-10-08 09:43:08.163 1173-6534/? D/WorkSource: Insert in WorkSource{} @ 0 uid 1000 name android
2019-10-08 09:43:08.163 1173-8365/? W/ActivityManager: Scheduling restart of crashed service com.huawei.systemmanager/com.huawei.library.component.HsmIntentService_bg in 50984ms
2019-10-08 09:43:08.163 1173-6534/? D/WorkSource: Insert in WorkSource{1000 android} @ 1 uid 1001 name com.android.phone
2019-10-08 09:43:08.163 1173-6534/? D/WorkSource: Insert in WorkSource{1000 android, 1001 com.android.phone} @ 2 uid 10024 name com.google.android.gms
2019-10-08 09:43:08.164 1173-1611/? E/HwXmlLogParse: mfile is null.
2019-10-08 09:43:08.164 1173-6534/? I/LocationManagerService: provider request: passive ProviderRequest[ON interval=0 lowPowerMode=false] mCHRFirstReqFlag:false
2019-10-08 09:43:08.164 1173-8365/? W/ActivityManager: Scheduling restart of crashed service com.huawei.systemmanager/.rainbow.client.background.service.RainbowCommonService in 60983ms
2019-10-08 09:43:08.164 1173-8921/? I/LocationManagerService: remove 543203e
2019-10-08 09:43:08.164 1173-1281/? W/libprocessgroup: kill(-20697, 9) failed: No such process
2019-10-08 09:43:08.165 1173-1281/? I/libprocessgroup: Successfully killed process cgroup uid 1000 pid 20697 in 1ms
2019-10-08 09:43:08.165 1173-8365/? W/ActivityManager: Scheduling restart of crashed service com.huawei.systemmanager/.power.service.BgPowerManagerService in 17679360ms
2019-10-08 09:43:08.165 1173-8365/? W/ActivityManager: Scheduling restart of crashed service com.huawei.systemmanager/.spacecleanner.service.StorageMonitorService in 180158464ms
2019-10-08 09:43:08.165 1911-1934/? D/NcDft_ServiceImpl: notifyNcDftEvent domain is : 0 ;eventID is: 31 ;List is [APKSTOPPROVIDER, 543203e, , apkstop, 1570520588164]
2019-10-08 09:43:08.165 1173-8365/? W/ActivityManager: Scheduling restart of crashed service com.huawei.systemmanager/.spacecleanner.service.AppCleanUpService in 70983ms
2019-10-08 09:43:08.165 1173-8365/? W/ActivityManager: Scheduling restart of crashed service com.huawei.systemmanager/.antivirus.AntiVirusService in 80982ms
2019-10-08 09:43:08.166 1173-8365/? W/ActivityManager: Scheduling restart of crashed service com.huawei.systemmanager/.netassistant.CoreService in 605093888ms
2019-10-08 09:43:08.166 1173-1822/? E/HwReportTool: This is not beta user build
2019-10-08 09:43:08.166 1173-8365/? W/ActivityManager: Scheduling restart of crashed service com.huawei.systemmanager/.appcontrol.service.SmartControlResidentService in 104608ms
2019-10-08 09:43:08.166 1173-8921/? I/BackgroundPermManager: pkgName: com.google.android.gms,pid: 20402 ,uidOf3RdApk: 10024 ,permType: 2 ,permCfg: 0
2019-10-08 09:43:08.166 1173-8365/? W/ActivityManager: Scheduling restart of crashed service com.huawei.systemmanager/com.huawei.harassmentinterception.service.HarassmentInterceptionService in 932757504ms
2019-10-08 09:43:08.166 1173-8921/? E/StubController: service = null
2019-10-08 09:43:08.166 1173-8921/? D/HwGpsPowerTracker: removeRequest:com.google.android.gms
2019-10-08 09:43:08.167 1173-8365/? W/ActivityManager: Scheduling restart of crashed service com.huawei.systemmanager/.service.MainService in 1128632320ms
2019-10-08 09:43:08.167 1173-8921/? I/LocationManagerService: isAllowedByCurrentUserSettingsLocked started: passive
2019-10-08 09:43:08.167 1173-8921/? I/LocationManagerService: applyRequirementsLocked to passive
2019-10-08 09:43:08.167 1173-8365/? W/ActivityManager: Scheduling restart of crashed service com.huawei.systemmanager/com.huawei.permission.HoldService in 1260437504ms
2019-10-08 09:43:08.167 1173-1611/? E/HwXmlLogParse: mfile is null.
2019-10-08 09:43:08.168 1943-2061/? D/DeviceMonitor: GPS request stop:com.google.android.gms pid:20402 interval(s): -1 reqId:543203e
2019-10-08 09:43:08.168 1173-8921/? D/WorkSource: Insert in WorkSource{} @ 0 uid 1000 name android
2019-10-08 09:43:08.168 1173-8921/? D/WorkSource: Insert in WorkSource{1000 android} @ 1 uid 1001 name com.android.phone
2019-10-08 09:43:08.168 1173-8921/? I/LocationManagerService: provider request: passive ProviderRequest[ON interval=0 lowPowerMode=false] mCHRFirstReqFlag:false
2019-10-08 09:43:08.176 1173-5822/? I/ActivityManager: Process com.touchtype.swiftkey (pid 20943) has died: fore IMPB
2019-10-08 09:43:08.177 1173-1281/? W/libprocessgroup: kill(-20943, 9) failed: No such process
2019-10-08 09:43:08.177 1173-1281/? I/libprocessgroup: Successfully killed process cgroup uid 10077 pid 20943 in 0ms
2019-10-08 09:43:08.178 1173-5822/? D/ActivityManager: cleanUpApplicationRecord app: ProcessRecord{f5f80a7 20943:com.touchtype.swiftkey/u0a77}, app.bad: false, restarting: false, allowRestart: true
2019-10-08 09:43:08.179 1173-5822/? W/ActivityManager: Scheduling restart of crashed service com.touchtype.swiftkey/com.touchtype.cloud.sync.SyncService in 90969ms
2019-10-08 09:43:08.180 1173-5822/? W/ActivityManager: Scheduling restart of crashed service com.touchtype.swiftkey/com.touchtype.KeyboardService in 1550336ms
2019-10-08 09:43:08.188 1173-1277/? I/ActivityManager: Waited long enough for: ServiceRecord{f202121 u0 com.huawei.systemmanager/.rainbow.client.background.service.RainbowCommonService}
2019-10-08 09:43:08.189 1173-1277/? V/BroadcastQueue: Finished with ordered broadcast BroadcastRecord{49714e7 u0 com.huawei.hwsystemmanager.power.SCHEDULE_RECORD_REMAING_TIME_SCENE}
2019-10-08 09:43:08.204 1173-1277/? W/AwareLog: HwMtmBroadcastResourceManager: iaware_brjob not process: ResolveInfo{487c04f com.huawei.systemmanager/.power.receiver.ScheduleRecordRemainTimeSceneReceiver m=0x0}, filter: null, count: null
2019-10-08 09:43:08.205 1173-1277/? V/ActivityManager: startProcess: name=com.huawei.systemmanager:service app=null knownToBeDead=true thread=null pid=-1
2019-10-08 09:43:08.224 1173-1613/? W/ActivityManager: Sending non-protected broadcast huawei.intent.action.hideHiResIcon from system 1173:system/1000 pkg android
2019-10-08 09:43:08.232 1173-1274/? V/ActivityManager: startProcess: name=com.google.android.gms.persistent app=null knownToBeDead=true thread=null pid=-1
2019-10-08 09:43:08.235 611-17804/? I/audio_hw_primary: usb_ext_get_parameters: check show hires (false)
2019-10-08 09:43:08.236 634-9453/? I/hash_map_utils: key: 'typec_need_show_hires' value: ''
2019-10-08 09:43:08.236 634-9453/? I/bt_a2dp_hw: adev_get_parameters: audio a2dp receive kvpairs typec_need_show_hires ,but need not handle
2019-10-08 09:43:08.238 1173-1613/? I/HwAudioServiceEx: check HiRes Icon false
2019-10-08 09:43:08.241 3206-21042/? I/HiAction_Central: a: rebind, mRunCount == 0
2019-10-08 09:43:08.245 1173-1292/? W/Looper: Slow dispatch took 155ms android.fg h=android.os.Handler c=null m=613
2019-10-08 09:43:08.252 1173-5702/? V/ActivityManager: startProcess: name=com.huawei.android.launcher app=null knownToBeDead=true thread=null pid=-1
2019-10-08 09:43:08.260 1693-1693/? I/Choreographer: Skipped 35 frames!  The application may be doing too much work on its main thread.
2019-10-08 09:43:08.262 1173-1613/? W/ActivityManager: Sending non-protected broadcast huawei.intent.action.hideHiResIcon from system 1173:system/1000 pkg android
2019-10-08 09:43:08.263 1173-1613/? W/ActivityManager: Sending non-protected broadcast huawei.intent.action.hideHiResIcon from system 1173:system/1000 pkg android
2019-10-08 09:43:08.265 611-17804/? I/audio_hw_primary: usb_ext_get_parameters: check show hires (false)
2019-10-08 09:43:08.265 634-9453/? I/hash_map_utils: key: 'typec_need_show_hires' value: ''
2019-10-08 09:43:08.265 634-9453/? I/bt_a2dp_hw: adev_get_parameters: audio a2dp receive kvpairs typec_need_show_hires ,but need not handle
2019-10-08 09:43:08.267 1173-1613/? I/HwAudioServiceEx: check HiRes Icon false
2019-10-08 09:43:08.271 1173-8365/? V/ActivityManager: startProcess: name=com.huawei.hiai.engineservice app=null knownToBeDead=true thread=null pid=-1
2019-10-08 09:43:08.275 3206-21042/? I/HiAction_Central: a: bind ContentSensor service ret : true
2019-10-08 09:43:08.275 1173-1613/? W/ActivityManager: Sending non-protected broadcast huawei.intent.action.hideHiResIcon from system 1173:system/1000 pkg android
2019-10-08 09:43:08.275 1173-1613/? W/ActivityManager: Sending non-protected broadcast huawei.intent.action.hideHiResIcon from system 1173:system/1000 pkg android
2019-10-08 09:43:08.277 611-17804/? I/audio_hw_primary: usb_ext_get_parameters: check show hires (false)
2019-10-08 09:43:08.278 634-9453/? I/hash_map_utils: key: 'typec_need_show_hires' value: ''
2019-10-08 09:43:08.278 634-9453/? I/bt_a2dp_hw: adev_get_parameters: audio a2dp receive kvpairs typec_need_show_hires ,but need not handle
2019-10-08 09:43:08.277 1173-1278/? W/Looper: Slow dispatch took 151ms android.ui h=com.android.server.am.ActivityManagerService$UiHandler c=null m=53
2019-10-08 09:43:08.282 1173-1613/? I/HwAudioServiceEx: check HiRes Icon false
2019-10-08 09:43:08.283 1173-1613/? W/ActivityManager: Sending non-protected broadcast huawei.intent.action.hideHiResIcon from system 1173:system/1000 pkg android
2019-10-08 09:43:08.284 1859-7314/? I/BoosterSwitchP: notifyUidState do nothing
2019-10-08 09:43:08.284 1859-7314/? I/BrowserChrP: notifyUidState
2019-10-08 09:43:08.287 1859-7314/? I/BoosterSwitchP: notifyUidState do nothing
2019-10-08 09:43:08.287 1859-7314/? I/BrowserChrP: notifyUidState
2019-10-08 09:43:08.291 1859-7314/? I/BoosterSwitchP: notifyUidState do nothing
2019-10-08 09:43:08.291 1859-7314/? I/BrowserChrP: notifyUidState
2019-10-08 09:43:08.294 1173-1173/? W/HwAlarmManagerService: isContainsAppUidInWorksource-->happend NameNotFoundException
2019-10-08 09:43:08.303 1911-1911/? E/CHR_RilMsgTunnelManager: processRilUnsolData: eventID Error! -> 305
2019-10-08 09:43:08.312 1173-1173/? I/HwAlarmManagerService: hwSetAlarm listenerTag: *job.delay*
2019-10-08 09:43:08.312 1173-1173/? I/JobScheduler.Time: mNextDelayExpiredElapsedMillis: 1234936
2019-10-08 09:43:08.314 1173-1173/? W/Looper: Slow dispatch took 249ms main h=android.app.ActivityThread$H c=android.app.LoadedApk$ServiceDispatcher$RunConnection@fc1639d m=0
2019-10-08 09:43:08.317 1173-1173/? W/Looper: Slow delivery took 252ms main h=com.android.server.trust.TrustAgentWrapper$2 c=null m=2
2019-10-08 09:43:08.321 1173-1173/? V/ActivityManager: startProcess: name=com.touchtype.swiftkey app=null knownToBeDead=true thread=null pid=-1
2019-10-08 09:43:08.327 1173-1173/? D/JobScheduler: queuing all ready jobs for execution:
2019-10-08 09:43:08.331 1173-1173/? W/Looper: Drained
2019-10-08 09:43:08.338 581-581/? I/Zygote: say something before unblock SIGCHLD, uid: 1000 pid: 21046, do not delete this log!
2019-10-08 09:43:08.344 1173-1280/? W/ActivityManager: Slow operation: 134ms so far, now at startProcess: returned from zygote!
2019-10-08 09:43:08.344 1173-1280/? W/ActivityManager: Slow operation: 135ms so far, now at startProcess: done updating battery stats
2019-10-08 09:43:08.345 1173-1280/? W/ActivityManager: Slow operation: 135ms so far, now at startProcess: building log message
2019-10-08 09:43:08.345 1173-1280/? I/ActivityManager: Start proc 21046:com.huawei.systemmanager:service/1000 for broadcast com.huawei.systemmanager/.power.receiver.ScheduleRecordRemainTimeSceneReceiver
2019-10-08 09:43:08.345 1173-1280/? W/ActivityManager: Slow operation: 135ms so far, now at startProcess: starting to update pids map
2019-10-08 09:43:08.345 1173-1280/? W/ActivityManager: Slow operation: 135ms so far, now at startProcess: done updating pids map
2019-10-08 09:43:08.349 1173-1834/? E/ProcessInfoCollector: getProcessInfo: failed to find this proc 
2019-10-08 09:43:08.349 1173-1280/? W/ActivityManager: Slow operation: 110ms so far, now at startProcess: asking zygote to start proc
2019-10-08 09:43:08.361 21046-21046/? I/manager:servic: Reinit property: dalvik.vm.checkjni= false
2019-10-08 09:43:08.368 21046-21046/? E/manager:servic: Not starting debugger since process cannot load the jdwp agent.
2019-10-08 09:43:08.382 581-581/? I/Zygote: say something before unblock SIGCHLD, uid: 10024 pid: 21057, do not delete this log!
2019-10-08 09:43:08.388 1173-1280/? W/ActivityManager: Slow operation: 149ms so far, now at startProcess: returned from zygote!
2019-10-08 09:43:08.388 1173-1280/? W/ActivityManager: Slow operation: 150ms so far, now at startProcess: done updating battery stats
2019-10-08 09:43:08.389 1173-1280/? W/ActivityManager: Slow operation: 150ms so far, now at startProcess: building log message
2019-10-08 09:43:08.389 1173-1280/? I/ActivityManager: Start proc 21057:com.google.android.gms.persistent/u0a24 for service com.google.android.gms/.chimera.PersistentBoundBrokerService
2019-10-08 09:43:08.389 1173-1280/? W/ActivityManager: Slow operation: 150ms so far, now at startProcess: starting to update pids map
2019-10-08 09:43:08.389 1173-1280/? W/ActivityManager: Slow operation: 150ms so far, now at startProcess: done updating pids map
