2019-10-08 09:56:03.886 723-22429/? I/Camera3-Stream: getBuffer: Stream 0, 0xe84dc800: Already dequeued max output buffers (7), wait for next returned one.
2019-10-08 09:56:03.888 763-941/? I/iMonitor: send: 926011006
2019-10-08 09:56:03.894 741-741/? E/Thermal-daemon: [shell_frame] temp_new :37  temp_old :36
2019-10-08 09:56:03.922 1943-9219/? I/ThermalTrace_ThermalRaise: Shell:35,36,37,currentBatteryTemp:37
2019-10-08 09:56:03.924 741-741/? E/Thermal-daemon: Report temperature: [shell_frame] temp :37  report_threshold:1
2019-10-08 09:56:03.924 741-741/? E/Thermal-daemon: [battery] temp_new :38  temp_old :37
2019-10-08 09:56:03.925 519-519/? I/VendorServiceManager: service 'service.aptouchinterfaceservice' died
2019-10-08 09:56:03.930 1943-16855/? I/ThermalTrace_ThermalRaise: Battery:38
2019-10-08 09:56:03.930 741-741/? E/Thermal-daemon: Report temperature: [battery] temp :38  report_threshold:1
2019-10-08 09:56:03.935 741-741/? E/Thermal-daemon: [ap] temp_new :48  temp_old :49
2019-10-08 09:56:03.936 741-741/? E/Thermal-daemon: Report temperature: [ap] temp :48  report_threshold:1
2019-10-08 09:56:03.939 1943-2692/? D/HwThermalStateManager: Thermal type: 0 cur_temperature:48
2019-10-08 09:56:03.942 1173-1173/? W/Looper: Slow delivery took 3788ms main h=com.android.server.display.HwLightSensorController$2 c=null m=1
2019-10-08 09:56:03.944 1173-1173/? W/Looper: Slow dispatch took 300ms main h=com.android.server.display.HwLightSensorController$2 c=null m=1
2019-10-08 09:56:03.943 1943-2692/? I/chatty: uid=1000(system) thermal-core-th identical 1 line
2019-10-08 09:56:03.943 1943-2692/? D/HwThermalStateManager: Thermal type: 0 cur_temperature:48
2019-10-08 09:56:03.945 744-22453/? I/HwaStatInfo: [3c6ca2b_64I] algotype is 0, videoRatio is 1.000000, ratio is 1.875000, faceNum is 0
2019-10-08 09:56:03.960 744-22456/? D/Misc____: [3c6ca2b_64D] onProcessFrame(666), afDistance(0.000000)
2019-10-08 09:56:03.973 763-939/? E/JankService: logCaptureFilter: not the beta version or delimitation frozen, no need to capture log
2019-10-08 09:56:03.974 763-939/? E/JankService: ### JankSchedHwRead error!
2019-10-08 09:56:03.976 763-939/? E/JankService: update dlm info failed
2019-10-08 09:56:03.980 744-22456/? D/Misc____: [3c6ca2b_64D] onProcessFrame(666), afDistance(0.000000)
2019-10-08 09:56:03.982 1173-1805/? D/HwActivityManagerServiceEx: process has started, packageName:com.huawei.android.launcher, processName:com.huawei.android.launcher
2019-10-08 09:56:03.989 744-22456/? D/Misc____: [3c6ca2b_64D] onProcessFrame(666), afDistance(0.000000)
2019-10-08 09:56:03.992 1173-1822/? I/HwGeocoderProxy: bindBestPackage for com.android.location.service.GeocodeProvider : (com.google.android.gms)  found 1, new best component: ComponentInfo{com.google.android.gms/com.google.android.location.geocode.GeocodeService}
2019-10-08 09:56:03.992 1173-1822/? I/HwGeocoderProxy: binding ComponentInfo{com.google.android.gms/com.google.android.location.geocode.GeocodeService} (v2) (u0)
2019-10-08 09:56:03.995 634-1347/? I/AudioTrackShared: server obtain null buf part1:0 rear:8255044 front:8255044 mFrameCount:1924
2019-10-08 09:56:03.996 634-1347/? D/AudioFlinger: mixer(0x71a3905bc0) throttle end: throttle time(4)
2019-10-08 09:56:03.996 744-22462/? I/EnvImpl: [HWA_CAM3]getArCalorieMode mArCalorieMode 0
2019-10-08 09:56:04.000 1943-2730/? V/AudioManager: getStreamVolume  streamType: 3 volume: 11
2019-10-08 09:56:04.000 1943-2730/? D/ThermalTrace_ThermalRaise: current scene is no camera, com.virobugs
2019-10-08 09:56:04.001 581-581/? I/Zygote: Process 22181 exited due to signal (9)
2019-10-08 09:56:04.009 744-22462/? I/cie: FaceStoryAlgo::isCurFrameRun isCurFrameRun. Process mode 0.
2019-10-08 09:56:04.011 581-581/? I/Zygote: Process 27065 exited due to signal (9)
2019-10-08 09:56:04.014 744-22453/? I/HwaStatInfo: [3c6ca2b_64I] algotype is 0, videoRatio is 1.000000, ratio is 1.875000, faceNum is 0
2019-10-08 09:56:04.016 1693-1693/? I/OverviewProxyService: disconnectFromLauncherService
2019-10-08 09:56:04.016 763-939/? I/iMonitor: create: 902070100
2019-10-08 09:56:04.033 1173-1574/? D/NetdConnector: SND -> {410 bandwidth setglobalalert 2097152}
2019-10-08 09:56:04.039 1173-1173/? W/Looper: Drained
2019-10-08 09:56:04.045 1173-1822/? W/HwLocationProviderProxy-network: rebind count:0
2019-10-08 09:56:04.045 1173-1822/? I/HwLocationProviderProxy-network: unbinding ComponentInfo{com.google.android.gms/com.google.android.location.network.NetworkLocationService}
2019-10-08 09:56:04.057 1173-1571/? D/NetdConnector: RCV <- {200 410 Bandwidth command succeeeded}
2019-10-08 09:56:04.060 763-939/? I/iMonitor: send: 902070100
2019-10-08 09:56:04.072 1173-6260/? W/ActivityManager: Exception when unbinding service com.huawei.android.launcher/.quickstep.TouchInteractionService
    android.os.DeadObjectException
        at android.os.BinderProxy.transactNative(Native Method)
        at android.os.BinderProxy.transact(Binder.java:1147)
        at android.app.IApplicationThread$Stub$Proxy.scheduleUnbindService(IApplicationThread.java:1187)
        at com.android.server.am.ActiveServices.removeConnectionLocked(ActiveServices.java:3215)
        at com.android.server.am.ActiveServices.unbindServiceLocked(ActiveServices.java:1943)
        at com.android.server.am.ActivityManagerService.unbindService(ActivityManagerService.java:22388)
        at android.app.IActivityManager$Stub.onTransact(IActivityManager.java:461)
        at com.android.server.am.ActivityManagerService.onTransact(ActivityManagerService.java:3648)
        at com.android.server.am.HwActivityManagerService.onTransact(HwActivityManagerService.java:609)
        at android.os.Binder.execTransact(Binder.java:739)
2019-10-08 09:56:04.076 1173-2415/? D/HwActivityManagerServiceEx: process has started, packageName:com.huawei.android.launcher, processName:com.huawei.android.launcher
2019-10-08 09:56:04.078 1173-5555/? I/ActivityManager: Process com.huawei.android.launcher (pid 27065) has died: prcp +60CEM
2019-10-08 09:56:04.080 1173-1822/? I/HwLocationProviderProxy-network: bindBestPackage for com.android.location.service.v3.NetworkLocationProvider : (com.google.android.gms)  found 1, new best component: ComponentInfo{com.google.android.gms/com.google.android.location.network.NetworkLocationService}
2019-10-08 09:56:04.080 1173-1822/? I/HwLocationProviderProxy-network: binding ComponentInfo{com.google.android.gms/com.google.android.location.network.NetworkLocationService} (v2) (u0)
2019-10-08 09:56:04.083 1173-5555/? D/ActivityManager: cleanUpApplicationRecord app: ProcessRecord{340528b 27065:com.huawei.android.launcher/u0a104}, app.bad: false, restarting: false, allowRestart: true
2019-10-08 09:56:04.085 1173-1281/? W/libprocessgroup: kill(-27065, 9) failed: No such process
2019-10-08 09:56:04.085 1173-1281/? I/libprocessgroup: Successfully killed process cgroup uid 10104 pid 27065 in 5ms
2019-10-08 09:56:04.096 27151-27151/? I/aptouch_daemon: set odm.thp.dae_alive as: false
2019-10-08 09:56:04.096 27151-27151/? I/aptouch_daemon: first_log_in_aptouch_daemon_main, normal/2.8.10
2019-10-08 09:56:04.100 1173-1834/? E/HwActivityManagerServiceEx: getProcessRecordFromMTM process info is null ,mUid :27065
2019-10-08 09:56:04.104 1173-1822/? W/LocationProviderProxy-fused: rebind count:0
2019-10-08 09:56:04.105 1173-1822/? I/LocationProviderProxy-fused: unbinding ComponentInfo{com.google.android.gms/com.google.android.location.fused.FusedLocationService}
2019-10-08 09:56:04.107 1173-1822/? I/LocationProviderProxy-fused: bindBestPackage for com.android.location.service.FusedLocationProvider :  found 2, new best component: ComponentInfo{com.google.android.gms/com.google.android.location.fused.FusedLocationService}
2019-10-08 09:56:04.107 1173-1822/? I/LocationProviderProxy-fused: binding ComponentInfo{com.google.android.gms/com.google.android.location.fused.FusedLocationService} (v1) (u0)
2019-10-08 09:56:04.113 1173-1543/? W/AlarmManager: mIsScreenOn is: true, WAKEUP alarm trigger action = com.huawei.hwsystemmanager.power.UPDATE_USAGESTATUS_RECORD package name is: com.huawei.systemmanager tag: *walarm*:com.huawei.hwsystemmanager.power.UPDATE_USAGESTATUS_RECORD window:64800000 originWhen:-1570432983326 when:-1570432983326 maxWhen:9223372036854775807
2019-10-08 09:56:04.113 1173-1543/? W/AlarmManager: mIsScreenOn is: true, WAKEUP alarm trigger action = com.huawei.harassmentinterception.update.ALARM_TASK package name is: com.huawei.systemmanager tag: *walarm*:com.huawei.harassmentinterception.update.ALARM_TASK window:194400000 originWhen:-15767814742 when:-15767814742 maxWhen:9223372036854775807
2019-10-08 09:56:04.124 1859-10650/? I/BoosterSwitchP: notifyUidState do nothing
2019-10-08 09:56:04.124 1859-10650/? I/BrowserChrP: notifyUidState
2019-10-08 09:56:04.130 1173-1173/? I/HwAlarmManagerService: hwSetAlarm listenerTag: *job.heartbeat*
2019-10-08 09:56:04.131 1173-1173/? V/AlarmManager: Received TIME_TICK alarm; rescheduling
2019-10-08 09:56:04.131 1173-1173/? I/HwAlarmManagerService: hwSetAlarm listenerTag: time_tick
2019-10-08 09:56:04.133 1859-10650/? E/HsmCoreServiceImpl: onTransact in code is: 102
2019-10-08 09:56:04.133 1859-10650/? I/MediaProcessHandler: processOp opType: 1, uid: 10104, pid: 27065
2019-10-08 09:56:04.133 1859-10650/? W/MediaProcessHandler: remove target not exist, maybe the UI process: uid: 10104, pid: 27065
2019-10-08 09:56:04.134 1859-10650/? I/MediaProcessHandler: executedCallBack opType: 1 mMediaStatusObservers.size=0
2019-10-08 09:56:04.143 763-939/? E/JankService: logCaptureFilter: not the beta version or delimitation frozen, no need to capture log
2019-10-08 09:56:04.144 763-939/? E/JankService: ### JankSchedHwRead error!
2019-10-08 09:56:04.144 763-939/? E/JankService: update dlm info failed
2019-10-08 09:56:04.149 27151-27151/? I/aptouch_daemon: open libray libthp.so sucessfully
2019-10-08 09:56:04.150 27151-27151/? I/aptouch_daemon: init_is_factory_mode, 0
2019-10-08 09:56:04.150 27151-27151/? I/aptouch_daemon: init_is_log_enabled, 0
2019-10-08 09:56:04.150 27151-27151/? I/aptouch_daemon: prop_not_double_os_root, odm.thp.os.flag, null
2019-10-08 09:56:04.153 611-1341/? D/asd_primary_out: L[0],R[0], continus 20 times!
2019-10-08 09:56:04.154 1173-2415/? V/BroadcastQueue: Finished with ordered broadcast BroadcastRecord{8a4454b u0 com.huawei.hwsystemmanager.power.SCHEDULE_RECORD_REMAING_TIME_SCENE}
2019-10-08 09:56:04.154 1693-1693/? I/OverviewProxyService: ConnectTo LauncherService com.huawei.android.launcher
2019-10-08 09:56:04.156 27151-27151/? I/aptouch_daemon: open_lib, open libray libafehalEMLY620800.so sucessfully
2019-10-08 09:56:04.159 1173-5555/? W/JankShield: Could not find packageinfo
2019-10-08 09:56:04.159 763-939/? I/iMonitor: create: 902060003
2019-10-08 09:56:04.166 1173-1206/? V/ActivityManager: startProcess: name=com.huawei.android.launcher app=null knownToBeDead=true thread=null pid=-1
2019-10-08 09:56:04.166 27151-27151/? I/aptouch_daemon: open_lib, open libray /odm/etc/firmware/ts/libtsa.so sucessfully
2019-10-08 09:56:04.168 27151-27151/? I/aptouch_daemon: init_baseline_func, use TSA_RetrieveBaseline(INT16U *raw, const INT16S *dif);
2019-10-08 09:56:04.168 27151-27151/? I/aptouch_daemon: dynamic_check_spec_version, libafe: 0.1.20, libtsa: 0.1.22
2019-10-08 09:56:04.170 27151-27151/? I/aptouch_daemon: init_is_upgrade_mode, 0
2019-10-08 09:56:04.173 27151-27151/? I/aptouch_daemon: open_lib, open libray /odm/etc/firmware/ts/libaftouch.so sucessfully
2019-10-08 09:56:04.176 763-939/? I/iMonitor: send: 902060003
2019-10-08 09:56:04.187 1927-2020/? E/d[ODMF]: [54][b] Execute SaveRequest failed : A SQLiteException occurred when save
2019-10-08 09:56:04.187 1693-1693/? E/DateView: DateView,mCurrentTime: 1570521364187
2019-10-08 09:56:04.189 1927-2020/? E/a[ODMF]: [55][a] Flush failed : Execute SaveRequest failed : UNIQUE constraint failed: CollectSwitch.mDataName, CollectSwitch.mModuleName (Sqlite code 1555), (OS error - 11:Try again)
2019-10-08 09:56:04.191 27151-27151/? I/aptouch_daemon: daemon_prop_version, daemon current version: release.9.1/2.8.19.5, old version: release.9.1/2.8.19.5.
2019-10-08 09:56:04.191 27151-27151/? I/aptouch_daemon: daemon_init_thplog, thplog has been disabled. is_log_enabled(): 0, is_upgrade_mode(): 0
2019-10-08 09:56:04.191 27151-27151/? I/aptouch_daemon: thplog_prop_version, thplog version: log_has_been_disabled
2019-10-08 09:56:04.193 27151-27151/? I/aptouch_daemon: init_input_fd, 5
2019-10-08 09:56:04.193 27151-27151/? I/aptouch_daemon: init_poll_fd, 5
2019-10-08 09:56:04.193 27151-27151/? I/aptouch_daemon: update_switch, m_charger: 1
2019-10-08 09:56:04.193 27151-27151/? I/aptouch_daemon: update_switch, m_glove: 1
2019-10-08 09:56:04.193 27151-27151/? I/aptouch_daemon: update_switch, m_window: 0
2019-10-08 09:56:04.193 27151-27151/? I/aptouch_daemon: update_switch, m_scene: 1
2019-10-08 09:56:04.193 27151-27151/? I/aptouch_daemon: init, use THPPollListener
2019-10-08 09:56:04.193 27151-27151/? I/aptouch_daemon: init_poll_fd, 5
2019-10-08 09:56:04.194 27151-27158/? I/aptouch_daemon: monitor_daemon_alive, thead starting.
2019-10-08 09:56:04.194 1927-2020/? E/HwNaturalBase: [Binder:1927_3]: dsCollectEncrypt-0: Failed to execute operation, error: Execute SaveRequest failed : UNIQUE constraint failed: CollectSwitch.mDataName, CollectSwitch.mModuleName (Sqlite code 1555), (OS error - 11:Try again).
2019-10-08 09:56:04.194 27151-27157/? I/aptouch_daemon: listen, listen start
2019-10-08 09:56:04.194 27151-27151/? I/aptouch_daemon: AfeDevice, begin to call thp_afe_open_project(EMLY621600)
2019-10-08 09:56:04.194 27151-27151/? I/aptouch_daemon: AfeDevice, thp_afe_open_project(EMLY621600), ret=[0]
2019-10-08 09:56:04.198 27091-27129/? E/HwNaturalBaseClient: Failed to execute insert, error: service operation failed.
2019-10-08 09:56:04.199 581-581/? I/Zygote: say something before unblock SIGCHLD, uid: 10104 pid: 27161, do not delete this log!
2019-10-08 09:56:04.201 27091-27129/? D/HwNaturalBaseClient: Register observer for RawFgAPPEvent to remote service.
2019-10-08 09:56:04.203 1173-1280/? I/ActivityManager: Start proc 27161:com.huawei.android.launcher/u0a104 for service com.huawei.android.launcher/.quickstep.TouchInteractionService
2019-10-08 09:56:04.204 1173-1834/? E/ProcessInfoCollector: getProcessInfo: failed to find this proc
2019-10-08 09:56:04.206 1693-1693/? I/EventCenter: EventCenter Get :android.intent.action.TIME_TICK
2019-10-08 09:56:04.208 1693-1693/? W/ClockView1:  action android.intent.action.TIME_TICK
2019-10-08 09:56:04.209 1693-1693/? I/chatty: uid=10033(com.huawei.desktop.systemui) com.android.systemui identical 1 line
2019-10-08 09:56:04.210 1693-1693/? W/ClockView1:  action android.intent.action.TIME_TICK
2019-10-08 09:56:04.216 1927-2660/? I/HwNaturalBase: [ScheduleJob-0]: Schedule SubscribeJob-44.
2019-10-08 09:56:04.217 27161-27161/? I/ndroid.launche: Reinit property: dalvik.vm.checkjni= false
2019-10-08 09:56:04.226 27161-27161/? E/ndroid.launche: Not starting debugger since process cannot load the jdwp agent.
2019-10-08 09:56:04.232 27091-27129/? E/OdmfHelper:  CAWARENESS: subscribe ret=true
2019-10-08 09:56:04.232 27091-27129/? I/OdmfReport:  CAWARENESS: foregroundAppChangeSubscribe succeed
2019-10-08 09:56:04.244 27161-27161/? D/ZrHung.AppEyeUiProbe: AppEyeUIP created.
2019-10-08 09:56:04.247 1943-2730/? I/ThermalTraceTool: file:/proc/wifi/wifi_tem_stat,fileExists:false,fileCanRead:false
2019-10-08 09:56:04.249 27161-27161/? D/ActivityThread: Attach thread to application
2019-10-08 09:56:04.264 1693-1693/? D/WeatherHelper: WeatherInfo not get
2019-10-08 09:56:04.265 1693-1693/? I/chatty: uid=10033(com.huawei.desktop.systemui) com.android.systemui identical 1 line
2019-10-08 09:56:04.270 1693-1693/? D/WeatherHelper: WeatherInfo not get
2019-10-08 09:56:04.275 1693-1693/? I/LocalCalendar: CalendarId: 0000LocalCalender Off
2019-10-08 09:56:04.275 1693-1693/? D/WeatherHelper: WeatherInfo not get
2019-10-08 09:56:04.276 1693-1693/? I/LocalCalendar: CalendarId: 0000LocalCalender Off
2019-10-08 09:56:04.276 1693-1693/? D/WeatherHelper: WeatherInfo not get
2019-10-08 09:56:04.276 1693-1693/? I/LocalCalendar: CalendarId: 0000LocalCalender Off
2019-10-08 09:56:04.276 1693-1693/? D/WeatherHelper: WeatherInfo not get
2019-10-08 09:56:04.288 753-753/? D/SensorHub: huawei Hal get step event
2019-10-08 09:56:04.288 786-802/? D/motion@1.0-service: motion-hal Motion::readEvents nread: 49
2019-10-08 09:56:04.289 786-802/? D/motion@1.0-service: motion-hal Motion::readEvents motion_type: 11
2019-10-08 09:56:04.289 786-802/? D/motion@1.0-service: motion-hal Motion::readHwStepCounter motion_type == MOTIONHUB_TYPE_HW_STEP_COUNTER
2019-10-08 09:56:04.289 786-802/? D/motion@1.0-service: motion-hal Motiontest::get stepcount!
2019-10-08 09:56:04.290 786-1550/? D/motion@1.0-service: pollMotionResult poll_result_return = 19
2019-10-08 09:56:04.298 1693-1835/? I/KeyguardStatusView: Runnable for refresh
2019-10-08 09:56:04.300 786-802/? D/motion@1.0-service: motion_pollresult_ready::unlock out
2019-10-08 09:56:04.300 786-802/? D/motion@1.0-service:  actMotionCb mMotionClientVector.size = 0
2019-10-08 09:56:04.300 786-802/? D/motion@1.0-service: actMotionCb out
2019-10-08 09:56:04.301 1859-1859/? I/HWExtDeviceManager: trigger onDeviceDataChanged : mListener : com.huawei.systemserver.ihealth.manager.HwStepCounter$1@9968e29,type : 1100
2019-10-08 09:56:04.302 26829-26839/? W/h:DaemonServic: Suspending all threads took: 136.170ms
2019-10-08 09:56:04.302 1859-1859/? D/HwStepCounter: onDeviceDataChanged
2019-10-08 09:56:04.302 1859-1859/? W/HwStepCounter: version : 1
2019-10-08 09:56:04.304 1173-1652/? D/WMapping.19020212.HwWMStateMachine$DefaultState.processMessage(L:513): into MSG_AR_STATION
2019-10-08 09:56:04.307 1859-1859/? I/HwStepCounter: dealReportData tm: 2019-10-08 09:56:04 steps_value[0] : 0 state_value[0]:0 level_value[0]:0
2019-10-08 09:56:04.308 1859-1859/? I/HwStepCounter: isBeginOfToday: 8 -> 8
2019-10-08 09:56:04.308 1859-1859/? I/HwStepCounter: isBeginOfToday: false
2019-10-08 09:56:04.308 1859-1859/? I/HwStepCounter: dealReportData: diff = 0
2019-10-08 09:56:04.314 1693-1693/? D/WeatherHelper: WeatherInfo not get
2019-10-08 09:56:04.314 1693-1693/? D/DateTimeView: Change to single clock mode!
2019-10-08 09:56:04.314 1693-1693/? D/WeatherHelper: WeatherInfo not get
2019-10-08 09:56:04.315 1693-1835/? W/ExHandler: KG_Background_Handle_Thread running too long, use 20  { when=-24ms callback=com.android.keyguard.KeyguardStatusView$3 target=com.huawei.keyguard.basetype.ExHandler }
2019-10-08 09:56:04.316 1693-1693/? I/ColorPickUitls: type = 2
2019-10-08 09:56:04.316 1693-1693/? D/HwKeyguardBottomArea: RemoveDateTimeTopArea type:2
2019-10-08 09:56:04.316 1693-1693/? D/HwKeyguardBottomArea: loadDateTimeArea type
2019-10-08 09:56:04.316 1693-1693/? D/HwKeyguardBottomArea: removeLiftSensorView, threadname = main
2019-10-08 09:56:04.316 1693-1693/? D/WeatherHelper: WeatherInfo not get
2019-10-08 09:56:04.316 1693-1693/? D/DateTimeView: Change to single clock mode!
2019-10-08 09:56:04.317 1693-1693/? D/WeatherHelper: WeatherInfo not get
2019-10-08 09:56:04.317 1693-1693/? I/ColorPickUitls: type = 2
2019-10-08 09:56:04.317 1693-1693/? D/HwKeyguardBottomArea: RemoveDateTimeTopArea type:2
2019-10-08 09:56:04.317 1693-1693/? D/HwKeyguardBottomArea: loadDateTimeArea type
2019-10-08 09:56:04.317 1693-1693/? D/HwKeyguardBottomArea: removeLiftSensorView, threadname = main
2019-10-08 09:56:04.317 1693-1693/? D/WeatherHelper: WeatherInfo not get
2019-10-08 09:56:04.317 1693-1693/? D/DateTimeView: Change to single clock mode!
2019-10-08 09:56:04.317 1693-1693/? D/WeatherHelper: WeatherInfo not get
2019-10-08 09:56:04.317 1693-1693/? I/ColorPickUitls: type = 2
2019-10-08 09:56:04.318 1693-1693/? D/HwKeyguardBottomArea: RemoveDateTimeTopArea type:2
2019-10-08 09:56:04.318 1693-1693/? D/HwKeyguardBottomArea: loadDateTimeArea type
2019-10-08 09:56:04.318 1693-1693/? D/HwKeyguardBottomArea: removeLiftSensorView, threadname = main
2019-10-08 09:56:04.321 1859-2308/? D/HwStepCounter: ReportProxy client : 1
2019-10-08 09:56:04.321 1859-2305/? I/StepCounterRemoteStub: Report client count 0
2019-10-08 09:56:04.326 1693-1693/? D/WeatherHelper: WeatherInfo not get
2019-10-08 09:56:04.329 26925-27177/? E/ActivityThread: Failed to find provider info for instantapp-dev-manager
2019-10-08 09:56:04.339 1173-6260/? I/HwNetworkPolicy: onTransact, code = 205
2019-10-08 09:56:04.340 26456-26456/? I/HwNetworkPolicyManager: forceUpdatePolicy isRoaming = false
2019-10-08 09:56:04.346 27091-27091/? D/AwareBitmapCacher: handleInit disable com.huawei.hiai.engineservice
2019-10-08 09:56:04.350 26925-26925/? W/ChimeraUtils: Non Chimera context
2019-10-08 09:56:04.362 26456-26456/? W/ContextImpl: Calling a method in the system process without a qualified user: android.app.ContextImpl.startService:1764 android.content.ContextWrapper.startService:664 com.huawei.systemmanager.rainbow.client.background.service.CloudBroadcastHandlerService.startRainbowCommonService:121 com.huawei.systemmanager.rainbow.client.background.service.CloudBroadcastHandlerService.access$000:23 com.huawei.systemmanager.rainbow.client.background.service.CloudBroadcastHandlerService$1.onReceive:90
2019-10-08 09:56:04.363 27151-27151/? I/aptouch_daemon: reset, thp_afe_start wrapper ret=[0], firstcall
2019-10-08 09:56:04.365 27151-27151/? I/aptouch_daemon: prop_version, afe version: 0.4.67b(PR2745896)
2019-10-08 09:56:04.366 27151-27151/? I/aptouch_daemon: read_resolution, x-y:1080,2244 minor-major:1,1 orientation:-90,90
2019-10-08 09:56:04.366 27151-27151/? I/aptouch_daemon: prop_version, tsa version: 1.14.0
2019-10-08 09:56:04.366 27151-27151/? I/aptouch_daemon: tsa_set_ctrlflag, set TSA_CTRL_RESET
2019-10-08 09:56:04.366 27151-27151/? I/aptouch_daemon: tsa_init_feature, feature is 256, tsa feature is: 256
2019-10-08 09:56:04.366 27151-27151/? I/aptouch_daemon: tsa_set_ctrlflag, set TSA_CTRL_HIGH_CMF_THOLD
2019-10-08 09:56:04.366 27151-27151/? I/aptouch_daemon: tsa_set_ctrlflag, set TSA_CTRL_POWER_ON
2019-10-08 09:56:04.368 27151-27151/? I/aptouch_daemon: aft_prop_version, aft_abnormal version: aft_abnormal/4.1.22_50
2019-10-08 09:56:04.368 27151-27151/? I/aptouch_daemon: read_file, /odm/etc/firmware/ts/EMLY621600_AFT_param.csv
2019-10-08 09:56:04.369 27151-27151/? I/aptouch_daemon: thp_parse_aft_parma_data_line, aft_param_num = 25
2019-10-08 09:56:04.369 27151-27151/? I/aptouch_daemon: thp_parse_aft_parma_data_line, the aft algo id is 57
2019-10-08 09:56:04.369 27151-27151/? I/aptouch_daemon: aft_set_config_str, csv_ver:4 1 12
2019-10-08 09:56:04.369 27151-27151/? I/aptouch_daemon: aft_monitor_init, Disable aftmonitor. is_log_enabled(): 0, is_factory_mode(): 0
2019-10-08 09:56:04.370 27151-27151/? I/aptouch_daemon: is system booting: 1
2019-10-08 09:56:04.371 27151-27151/? I/aptouch_daemon: thp_main, ---------prpare work done:2. waiting for reporting touch----------.
2019-10-08 09:56:04.373 27151-27180/? I/aptouch_daemon: set odm.thp.binder as: false
2019-10-08 09:56:04.373 27151-27180/? I/aptouch_daemon: aptouch_binder_server_thread, use vndbinder
2019-10-08 09:56:04.376 27151-27151/? I/aptouch_daemon: set odm.thp.dae_alive as: true
2019-10-08 09:56:04.376 27151-27151/? I/aptouch_daemon: monitor_handeframe, time: 1981050ms.
2019-10-08 09:56:04.376 27151-27151/? I/aptouch_daemon: tsa_set_ctrlflag, set TSA_CTRL_CHARGER_PLUGGED
2019-10-08 09:56:04.376 27151-27151/? I/aptouch_daemon: tsa_set_glove, enable=1
2019-10-08 09:56:04.378 27151-27151/? I/aptouch_daemon: tsa_set_holster, 0 0 0 0 0, enable=0
2019-10-08 09:56:04.378 27151-27151/? I/aptouch_daemon: read_scenario, ret: 0, info: 0, 0, 0
2019-10-08 09:56:04.378 27151-27151/? I/aptouch_daemon: operator(), TSA_ExecuteCommand(THP_DisableScenario THP#4) = THPCommandNotSupported
2019-10-08 09:56:04.378 27151-27151/? I/aptouch_daemon: print_log, touch:0, down:0
2019-10-08 09:56:04.380 27151-27180/? I/aptouch_daemon: set odm.thp.binder as: true
2019-10-08 09:56:04.382 1693-1693/? I/EventCenter: EventCenter Get :android.com.huawei.bone.NOTIFY_SPORT_DATA
2019-10-08 09:56:04.382 1693-1693/? W/StepCounterMonitor: onReceive action:android.com.huawei.bone.NOTIFY_SPORT_DATA
2019-10-08 09:56:04.382 1693-1693/? W/StepCounterMonitor: stepsNum =54
2019-10-08 09:56:04.391 26829-26829/? E/SQLiteLog: (1)
2019-10-08 09:56:04.401 1173-1293/? I/Bluetooth_framework: BluetoothManagerService:Added callback: android.bluetooth.IBluetoothManagerCallback$Stub$Proxy@2772b48:true pid = 26829
2019-10-08 09:56:04.411 26829-26829/? D/ARMoudle.HwActivityRecognition: HwActivityRecognition, android version:28
2019-10-08 09:56:04.415 26456-26456/? W/ContextImpl: Calling a method in the system process without a qualified user: android.app.ContextImpl.sendBroadcast:1176 android.content.ContextWrapper.sendBroadcast:449 com.huawei.systemmanager.service.InitValueService$ConnectivityBroadcastReceiver.onReceive:87 android.app.LoadedApk$ReceiverDispatcher$Args.lambda$getRunnable$0:1533 android.app.-$$Lambda$LoadedApk$ReceiverDispatcher$Args$_BumDX2UKsnxLVrE6UJsJZkotuA.run:2
2019-10-08 09:56:04.424 26456-26456/? W/ContextImpl: Calling a method in the system process without a qualified user: android.app.ContextImpl.startService:1764 android.content.ContextWrapper.startService:664 com.huawei.systemmanager.service.InitValueService$ConnectivityBroadcastReceiver.scheduleSpaceCleanUpdate:115 com.huawei.systemmanager.service.InitValueService$ConnectivityBroadcastReceiver.onReceive:91 android.app.LoadedApk$ReceiverDispatcher$Args.lambda$getRunnable$0:1533
2019-10-08 09:56:04.445 1173-2415/? I/AlarmManager: remove alarm:Alarm{a562706 type 0 when 1570571713852 PendingIntent{c1179ec: PendingIntentRecord{b8e52d9 com.huawei.health broadcastIntent}}com.huawei.health} according to operation:b36a1c7
2019-10-08 09:56:04.455 1173-6260/? I/AlarmManager: remove alarm:Alarm{884271d type 0 when 1570570743165 PendingIntent{d24abbb: PendingIntentRecord{e649b7f com.huawei.health broadcastIntent}}com.huawei.health} according to operation:19dad92
2019-10-08 09:56:04.458 634-1347/? I/AudioFlinger: BUFFER TIMEOUT: remove(0) from active list on thread 0x71a3905bc0
2019-10-08 09:56:04.465 1943-2061/? I/PGAudioState: AUDIO_REMOVE_ACTIVE_TRACK, trackId : 62
2019-10-08 09:56:04.466 1943-2061/? I/DeviceMonitor: last release audio mix uid:10319 pid:-2
2019-10-08 09:56:04.474 634-832/? I/APM_AudioPolicyManager: stopOutput() output 13, stream 3, session 89
2019-10-08 09:56:04.482 611-17804/? I/spk_dev_interface: spk_set_parameters: use new smartpakit version
2019-10-08 09:56:04.484 611-17804/? I/audio_hw_primary: update stream types 0
2019-10-08 09:56:04.484 27161-27175/? I/HwApiCacheMangerEx: apicache path=/storage/emulated/0 state=mounted key=com.huawei.android.launcher#10104#256
2019-10-08 09:56:04.486 27161-27175/? I/HwApiCacheMangerEx: apicache path=/storage/emulated/0 state=mounted key=com.huawei.android.launcher#10104#0
2019-10-08 09:56:04.491 634-832/? I/APM_AudioPolicyManager: getNewOutputDevice() selected device 0 connectdeDevices(10003)
2019-10-08 09:56:04.491 634-832/? D/APM_AudioPolicyManager: setOutputDevice() device 0x0000 delayMs 80 force 0
2019-10-08 09:56:04.492 634-832/? I/APM_AudioPolicyManager: setOutputDevice() setting same device 0x0000 or null device
2019-10-08 09:56:04.492 634-832/? I/APM_AudioPolicyManager: checkOutputForStrategy() getDeviceForStrategy strategy=3 newDevice=2 oldDevice=2
2019-10-08 09:56:04.492 634-832/? D/APM::AudioOutputDescriptor: stop, profile name: primary out,  curActiveCount: 0
2019-10-08 09:56:04.496 27161-27161/? I/ndroid.launche: The ClassLoaderContext is a special shared library.
2019-10-08 09:56:04.498 611-17804/? I/smartpakit: smartpa_algo_control: enter smartpa_algo_control, cmd = 5
2019-10-08 09:56:04.498 26456-26456/? D/AwareBitmapCacher: handleInit system app disable uid=1000
2019-10-08 09:56:04.501 27161-27175/? I/HwLogExceptionInner: Log blacklist
2019-10-08 09:56:04.504 611-17804/? I/dsp_codec_ctl: codec_adsp_send_sync_cmd:ioctl ret=0
2019-10-08 09:56:04.504 611-17804/? I/smartpakit: get_power_consumption: result[1] is 0x0 result[0] is 0x97!
2019-10-08 09:56:04.504 611-17804/? I/smartpakit: getSmartPAPOWER is pa1=151!
2019-10-08 09:56:04.506 26829-27186/? D/CUSTOMER_NDK_JNI: executeAuth enter
2019-10-08 09:56:04.508 634-3169/? I/hash_map_utils: key: 'getSmartPAPOWER' value: ''
2019-10-08 09:56:04.508 634-3169/? I/bt_a2dp_hw: adev_get_parameters: audio a2dp receive kvpairs getSmartPAPOWER ,but need not handle
2019-10-08 09:56:04.509 27161-27161/? I/ndroid.launche: The ClassLoaderContext is a special shared library.
2019-10-08 09:56:04.512 26829-27186/? D/CUSTOMER_NDK_JNI: shaResult is 0
2019-10-08 09:56:04.512 26829-27186/? D/CUSTOMER_NDK_JNI: base64Result is 0
2019-10-08 09:56:04.512 26829-27186/? D/CUSTOMER_NDK_JNI: match ok.
2019-10-08 09:56:04.514 26829-27186/? D/CUSTOMER_NDK_JNI: result2 is 0,lenght 34
2019-10-08 09:56:04.518 26829-27186/? D/CUSTOMER_NDK_JNI: result2 is 0,lenght 32
2019-10-08 09:56:04.519 26829-27186/? D/CUSTOMER_NDK_JNI: result2 is 0,lenght 32
2019-10-08 09:56:04.525 26456-27146/? E/HSM_BG: SimpleXmlParseHelper:No need updateDB from xml!
2019-10-08 09:56:04.526 26456-27146/? I/chatty: uid=1000(system) IntentService[R identical 1 line
2019-10-08 09:56:04.528 26456-27146/? E/HSM_BG: SimpleXmlParseHelper:No need updateDB from xml!
2019-10-08 09:56:04.530 26456-27146/? E/HSM_BG: SimpleXmlParseHelper:No need updateDB from xml!
2019-10-08 09:56:04.532 26456-26456/? V/PowerKitApi: Powerkit service connected
2019-10-08 09:56:04.553 611-1341/? D/asd_primary_out: L[0],R[0], continus 20 times!
2019-10-08 09:56:04.577 26456-26710/? E/HSM_BG: NormalTrafficAnalysis:alert byte = 0, so return
2019-10-08 09:56:04.583 611-17804/? I/audio_hw_primary: usb_ext_get_parameters: check show hires (false)
2019-10-08 09:56:04.583 634-3169/? I/hash_map_utils: key: 'typec_need_show_hires' value: ''
2019-10-08 09:56:04.583 634-3169/? I/bt_a2dp_hw: adev_get_parameters: audio a2dp receive kvpairs typec_need_show_hires ,but need not handle
2019-10-08 09:56:04.584 1173-1613/? I/HwAudioServiceEx: check HiRes Icon false
2019-10-08 09:56:04.589 1173-1613/? W/ActivityManager: Sending non-protected broadcast huawei.intent.action.hideHiResIcon from system 1173:system/1000 pkg android
2019-10-08 09:56:04.590 1173-1613/? W/ActivityManager: Sending non-protected broadcast huawei.intent.action.hideHiResIcon from system 1173:system/1000 pkg android
2019-10-08 09:56:04.591 26829-26829/? D/AwareBitmapCacher: handleInit disable com.huawei.health:DaemonService
2019-10-08 09:56:04.591 27161-27175/? I/AwareBitmapCacher: init processName:com.huawei.android.launcher pid=27161 uid=10104
2019-10-08 09:56:04.593 26456-26973/? W/HSM_SEC_BG: PermissionDBAdapter:getSingleAppInfo dbItem is null.
2019-10-08 09:56:04.593 26456-26973/? W/HSM_SEC_BG: HwAppPermissions:initList wrong, pkg:com.google.android.apps.messaging
2019-10-08 09:56:04.596 1859-7314/? D/StepCounterRemoteStub: getVersion
2019-10-08 09:56:04.597 1173-1206/? D/HwConnectivityService: return the background wifi network info for system manager.
2019-10-08 09:56:04.600 1859-2308/? D/DetailCache: getData(), startTime = 1570485600000, endTime = 1570521364597
2019-10-08 09:56:04.600 1859-2308/? W/DetailCache: getData no data in cache
2019-10-08 09:56:04.600 1173-6444/? V/BroadcastQueue: Finished with ordered broadcast BroadcastRecord{32e518a u0 com.huawei.hwsystemmanager.power.SCHEDULE_RECORD_REMAING_TIME_SCENE}
2019-10-08 09:56:04.602 1173-5555/? V/BroadcastQueue: Finished with ordered broadcast BroadcastRecord{65a1783 u-1 android.intent.action.TIME_TICK}
2019-10-08 09:56:04.606 753-753/? D/SensorHub: batch called handle:17 sample_ns:1000000 latency_ns:0
2019-10-08 09:56:04.606 753-753/? D/SensorHub: in batch, handle = 17, flags = 0, period_ns = 1000000, timeout = 0
2019-10-08 09:56:04.608 1943-2061/? I/SensorState: sensor:17 name:step counter enable:true uid:10131
2019-10-08 09:56:04.609 1943-2061/? I/PGServer: report state:4 event type:1 pid:17 uid:10131 pkg:null to pid: 1173
2019-10-08 09:56:04.609 1943-2061/? I/SensorState: addSensor,mHandles:{17=1}
2019-10-08 09:56:04.616 1859-7314/? D/HwStepCounterService: openStepCounter
2019-10-08 09:56:04.616 1859-7314/? D/HwStepCounter: openStepCounter cur state true
2019-10-08 09:56:04.616 1859-7314/? D/StepCounterRemoteStub: openStepCounter 0
2019-10-08 09:56:04.617 1859-2305/? D/StepCounterRemoteStub: registerDataCallback fc29c41
2019-10-08 09:56:04.618 1859-2305/? D/StepCounterRemoteStub: registerDataCallback client 1
2019-10-08 09:56:04.618 1859-2305/? D/StepCounterRemoteStub: registerLogCallback fcf4727
2019-10-08 09:56:04.618 1859-2305/? D/StepCounterRemoteStub: registerLogCallback client 1
2019-10-08 09:56:04.626 1173-6444/? D/PackageManager: resolve intent for uid:10104, matchs:2, res:ResolveInfo{d7c5db6 com.huawei.android.launcher/.unihome.UniHomeLauncher m=0x108000}
2019-10-08 09:56:04.629 26456-26456/? E/HSM_BG: PhoneSimCardInfo:/getDataUsedSimCard: SIM card type: single
2019-10-08 09:56:04.629 27161-27161/? I/HwLauncher:  sHwDebug:false ; sHwInfo:false ; hwModuleLog:false
2019-10-08 09:56:04.629 1173-3134/? D/HwConnectivityService: return the background wifi network info for system manager.
2019-10-08 09:56:04.641 27161-27161/? I/HwLauncher: LauncherProvider onCreate
2019-10-08 09:56:04.644 1173-6444/? D/HwConnectivityService: return the background wifi network info for system manager.
2019-10-08 09:56:04.671 26456-27202/? E/HSM_BG: PhoneSimCardInfo:/getDataUsedSimCard: SIM card type: single
2019-10-08 09:56:04.672 26456-26456/? E/HSM_BG: PhoneSimCardInfo:/getDataUsedSimCard: SIM card type: single
2019-10-08 09:56:04.678 26456-26973/? W/HSM_SEC_BG: CommonFunctionUtil:changeSmsPermission, appinfo null.
2019-10-08 09:56:04.690 26456-27201/? E/HSM_BG: PhoneSimCardInfo:/getDataUsedSimCard: SIM card type: single
2019-10-08 09:56:04.694 27161-27161/? I/Launcher.Settings: getLauncherRotateShow sOrientationEnable=false
2019-10-08 09:56:04.698 1173-2415/? V/BroadcastQueue: Finished with ordered broadcast BroadcastRecord{1ad5cea u0 com.huawei.hwsystemmanager.power.UPDATE_USAGESTATUS_RECORD}
2019-10-08 09:56:04.698 1173-2415/? V/BroadcastQueue: Finished with ordered broadcast BroadcastRecord{4689f42 u0 com.huawei.harassmentinterception.update.ALARM_TASK}
2019-10-08 09:56:04.700 26456-27201/? W/HSM_BG: NetAssistantHelper:/query : operate DB faild !
2019-10-08 09:56:04.700 27161-27161/? I/HwLauncher: Launcher.Settings  Font size normal:11.0 more-column:11.0
2019-10-08 09:56:04.707 753-753/? D/SensorHub: huawei Hal get step event
2019-10-08 09:56:04.707 786-802/? D/motion@1.0-service: motion-hal Motion::readEvents nread: 49
2019-10-08 09:56:04.707 786-802/? D/motion@1.0-service: motion-hal Motion::readEvents motion_type: 11
2019-10-08 09:56:04.707 786-802/? D/motion@1.0-service: motion-hal Motion::readHwStepCounter motion_type == MOTIONHUB_TYPE_HW_STEP_COUNTER
2019-10-08 09:56:04.707 786-802/? D/motion@1.0-service: motion-hal Motiontest::get stepcount!
2019-10-08 09:56:04.707 786-1550/? D/motion@1.0-service: pollMotionResult poll_result_return = 19
2019-10-08 09:56:04.708 1859-1859/? I/HWExtDeviceManager: trigger onDeviceDataChanged : mListener : com.huawei.systemserver.ihealth.manager.HwStepCounter$1@9968e29,type : 1100
2019-10-08 09:56:04.708 1859-1859/? D/HwStepCounter: onDeviceDataChanged
2019-10-08 09:56:04.708 1859-1859/? W/HwStepCounter: version : 1
2019-10-08 09:56:04.708 1859-1859/? I/HwStepCounter: dealReportData tm: 2019-10-08 09:56:05 steps_value[0] : 0 state_value[0]:0 level_value[0]:0
2019-10-08 09:56:04.708 1173-3134/? V/BroadcastQueue: Finished with ordered broadcast BroadcastRecord{1e1b53 u0 com.huawei.thermal.MSG_CLEAR_DATA}
2019-10-08 09:56:04.708 1859-1859/? I/HwStepCounter: isBeginOfToday: 8 -> 8
2019-10-08 09:56:04.708 1859-1859/? I/HwStepCounter: isBeginOfToday: false
2019-10-08 09:56:04.708 1859-1859/? I/HwStepCounter: dealReportData: diff = 0
2019-10-08 09:56:04.709 1173-3134/? I/ActivityManager: App 10007/com.android.providers.contacts targets O+, restricted
2019-10-08 09:56:04.710 786-802/? D/motion@1.0-service: motion_pollresult_ready::unlock out
2019-10-08 09:56:04.710 786-802/? D/motion@1.0-service:  actMotionCb mMotionClientVector.size = 0
2019-10-08 09:56:04.710 786-802/? D/motion@1.0-service: actMotionCb out
2019-10-08 09:56:04.712 1859-2308/? D/HwStepCounter: ReportProxy client : 1
2019-10-08 09:56:04.713 1859-2305/? I/StepCounterRemoteStub: Report client count 1
2019-10-08 09:56:04.734 1173-1206/? V/BroadcastQueue: Finished with ordered broadcast BroadcastRecord{e571c90 u0 null}
2019-10-08 09:56:04.736 26925-26925/? I/NetworkScheduler: Using standalone scheduling engine
2019-10-08 09:56:04.745 27161-27161/? I/HwLauncher: Launcher.Settings  updateIconTitleSize fontSize = 11.0
2019-10-08 09:56:04.747 27161-27161/? D/OpenGLRenderer: Skia GL Pipeline
2019-10-08 09:56:04.748 26738-27211/? E/CursorWindow: Failed to read row 0, column 3 from a CursorWindow which has 6 rows, 3 columns.
2019-10-08 09:56:04.749 26738-27211/? E/ContactsProvider: DeleteContactsReportReceiver report delete contacts info error
2019-10-08 09:56:04.751 27161-27161/? I/HwLauncher: Launcher.Settings  updateIconTitleSize fontSize = 11.0
2019-10-08 09:56:04.756 27161-27161/? I/HwLauncher: IconLayoutInfo Adapted icon size:170.0
2019-10-08 09:56:04.781 27161-27161/? I/HwLauncher: IconLayoutInfo Adapted icon size:170.0
2019-10-08 09:56:04.786 27161-27161/? I/HwLauncher: CellNumCalculator getFavoriteTableName newName= simple_favorites3x4    launcherType:5
2019-10-08 09:56:04.787 27161-27161/? E/SQLiteLog: (1)
2019-10-08 09:56:04.787 27161-27161/? E/HwLauncher: LauncherProvider getTabbleContentCursor Exception tableName=simple_favorites3x4 no such table: simple_favorites3x4 (Sqlite code 1 SQLITE_ERROR): , while compiling: SELECT COUNT(_id) FROM simple_favorites3x4, (OS error - 88:Socket operation on non-socket)
2019-10-08 09:56:04.787 27161-27161/? I/HwLauncher: CellNumCalculator getFavoriteTableName newName= drawer_favorites5x6    launcherType:4
2019-10-08 09:56:04.787 27161-27161/? E/SQLiteLog: (1)
2019-10-08 09:56:04.788 27161-27161/? E/HwLauncher: LauncherProvider getTabbleContentCursor Exception tableName=drawer_favorites5x6 no such table: drawer_favorites5x6 (Sqlite code 1 SQLITE_ERROR): , while compiling: SELECT COUNT(_id) FROM drawer_favorites5x6, (OS error - 88:Socket operation on non-socket)
2019-10-08 09:56:04.790 27161-27161/? E/SQLiteLog: (1)
2019-10-08 09:56:04.791 27161-27161/? E/HwLauncher: LauncherProvider getTabbleContentCursor Exception tableName=streetmode no such table: streetmode (Sqlite code 1 SQLITE_ERROR): , while compiling: SELECT COUNT(_id) FROM streetmode, (OS error - 88:Socket operation on non-socket)
2019-10-08 09:56:04.792 27161-27161/? I/HwLauncher: CellNumCalculator getFavoriteTableName newName= favorites5x6    launcherType:1
2019-10-08 09:56:04.794 27161-27161/? I/HwLauncher: CellNumCalculator getFavoriteTableName newName= drawer_favorites5x6    launcherType:4
2019-10-08 09:56:04.794 27161-27161/? E/SQLiteLog: (1)
2019-10-08 09:56:04.794 27161-27161/? E/HwLauncher: LauncherProvider getTabbleContentCursor Exception tableName=drawer_favorites5x6 no such table: drawer_favorites5x6 (Sqlite code 1 SQLITE_ERROR): , while compiling: SELECT COUNT(_id) FROM drawer_favorites5x6, (OS error - 88:Socket operation on non-socket)
2019-10-08 09:56:04.796 1173-3134/? I/AudioPlaybackConfiguration: IPlayerShell binderDied for piid=119
2019-10-08 09:56:04.797 1173-3134/? V/AudioService.PlaybackActivityMonitor: releasePlayer() for piid=119
2019-10-08 09:56:04.797 634-3169/? D/AudioFlinger: event 163
2019-10-08 09:56:04.797 1173-3134/? V/AudioService.PlaybackActivityMonitor: DuckingManager: removedReleased() player piid: 119 uid:10319
2019-10-08 09:56:04.797 1173-1554/? W/InputDispatcher: channel '5f76781 com.virobugs/com.virobugs.MainActivity (server)' ~ Consumer closed input channel or an error occurred.  events=0x9
2019-10-08 09:56:04.797 634-2255/? D/AudioFlinger: Destroy Track session=89 uid=10319 type=3 rate=48000 format=1 channel=3
2019-10-08 09:56:04.797 1173-3134/? V/AudioService.PlaybackActivityMonitor: dispatchPlaybackChange to 1 clients
2019-10-08 09:56:04.797 1173-3134/? V/AudioService.PlaybackActivityMonitor: configsSystem
2019-10-08 09:56:04.797 1173-1554/? E/InputDispatcher: channel '5f76781 com.virobugs/com.virobugs.MainActivity (server)' ~ Channel is unrecoverably broken and will be disposed!
2019-10-08 09:56:04.797 1173-5626/? I/WindowManager: WIN DEATH: Window{5f76781 u0 com.virobugs/com.virobugs.MainActivity}
2019-10-08 09:56:04.797 1173-5626/? V/WindowManager: removeIfPossible: Window{5f76781 u0 com.virobugs/com.virobugs.MainActivity}
2019-10-08 09:56:04.798 1173-5626/? W/InputDispatcher: Attempted to unregister already unregistered input channel '5f76781 com.virobugs/com.virobugs.MainActivity (server)'
2019-10-08 09:56:04.798 1173-1173/? D/MediaRouterService: onAudioPlayerActiveStateChanged: uid=10319, active=false, delaying
2019-10-08 09:56:04.798 1173-6444/? I/ActivityManager: Process com.virobugs (pid 22181) has died: fore TOP
2019-10-08 09:56:04.798 1173-6444/? D/ActivityManager: cleanUpApplicationRecord app: ProcessRecord{c2ddd76 22181:com.virobugs/u0a319}, app.bad: false, restarting: false, allowRestart: true
2019-10-08 09:56:04.798 723-926/? E/Surface: queueBuffer: error queuing buffer to SurfaceTexture, -32
2019-10-08 09:56:04.798 753-753/? D/SensorHub: batch called handle:0 sample_ns:10000000 latency_ns:0
2019-10-08 09:56:04.798 753-753/? D/SensorHub: in batch, handle = 0, flags = 0, period_ns = 10000000, timeout = 0
2019-10-08 09:56:04.798 723-926/? E/Camera3-OutputStream: returnBufferCheckedLocked: Stream 1: Error queueing buffer to native window: Broken pipe (-32)
2019-10-08 09:56:04.798 1173-1281/? W/libprocessgroup: kill(-22181, 9) failed: No such process
2019-10-08 09:56:04.798 1173-1281/? I/libprocessgroup: Successfully killed process cgroup uid 10319 pid 22181 in 0ms
2019-10-08 09:56:04.798 723-926/? E/Camera3-Device: Can't return buffer to its stream: (0xe84db180), error: Broken pipe (-32)
2019-10-08 09:56:04.799 1173-6444/? W/ActivityManager: Force removing ActivityRecord{68436c6 u0 com.virobugs/.MainActivity t6506}: app died, no saved state
2019-10-08 09:56:04.800 1943-2061/? I/PGAudioState: AUDIO_RELEASE_TRACK, 62
2019-10-08 09:56:04.800 1943-2061/? D/PGAudioState: remove from mTrackMap, 62
2019-10-08 09:56:04.802 1943-2061/? I/SensorState: sensor:0 name:accelerometer enable:false uid:10319
2019-10-08 09:56:04.802 1943-2061/? I/SensorState: removeSensor,mHandles:{0=1, 27=1, 14=1}
2019-10-08 09:56:04.802 1943-2061/? I/PGServer: report state:4 event type:2 pid:0 uid:10319 pkg:null to pid: 1173
2019-10-08 09:56:04.804 723-926/? E/Surface: queueBuffer: error queuing buffer to SurfaceTexture, -32
