2019-10-10 12:31:02.967 1845-3259/? E/DollieActivityManagerAdapter: HwActivityNotifierEx null uid
2019-10-10 12:31:02.974 757-962/? E/JankService: specialActionEntryHandler: should reset and not report
2019-10-10 12:31:02.982 3460-3476/? E/AppLifeChangeSensor:  CAWARENESS: activityPaused mAppLifeChangeCallback is null
2019-10-10 12:31:02.998 1158-1819/? E/ProcessInfoCollector: getProcessInfo: failed to find this proc
2019-10-10 12:31:03.057 1941-2667/? E/AwareLog: SPKSchedFeature: Uid has been sent, ignore.
2019-10-10 12:31:03.057 1941-2667/? E/AwareLog: SPKEQSchedFeature: Uid has been sent, ignore.
2019-10-10 12:31:03.062 1941-2740/? E/AwareLog: GameSdkConfigReader: GameSdkLog: idNameMap: null
2019-10-10 12:31:03.062 1845-2204/? E/Hicom_PolicyCenterService: enableAppLevelMP. null == mMultipathAppsMap
2019-10-10 12:31:03.062 1845-2204/? E/XEngineMpipControl: Invalid SubId
2019-10-10 12:31:03.083 1845-3259/? E/HsmCoreServiceImpl: onTransact in code is: 103
2019-10-10 12:31:03.328 730-876/? E/dubaid: [CpuHandler.cpp] findUidEntry# Uid(10345) has not package, maybe it's already uninstalled
2019-10-10 12:31:03.328 730-876/? E/dubaid: [CpuHandler.cpp] setUidCpuTime# Failed to find uid entry
2019-10-10 12:31:03.442 5660-5695/com.virobugs E/AwareLog: AtomicFileUtils: readFileLines file not exist: android.util.AtomicFile@b34c65
2019-10-10 12:31:03.442 5660-5695/com.virobugs E/AwareLog: AtomicFileUtils: readFileLines file not exist: android.util.AtomicFile@8bc7d3a
2019-10-10 12:31:03.447 5660-5686/com.virobugs E/MemoryLeakMonitorManager: MemoryLeakMonitor.jar is not exist!
2019-10-10 12:31:03.571 515-515/? E/SELinux: avc:  denied  { find } for interface=vendor.huawei.hardware.sensors::ISensors sid=u:r:untrusted_app:s0:c91,c257,c512,c768 pid=5660 scontext=u:r:untrusted_app:s0:c91,c257,c512,c768 tcontext=u:object_r:default_hisi_hwservice:s0 tclass=hwservice_manager permissive=0
2019-10-10 12:31:03.658 5660-5703/com.virobugs E/Manish: createNativeModules
2019-10-10 12:31:03.662 3460-3476/? E/AppLifeChangeSensor:  CAWARENESS: activityResumed mAppLifeChangeCallback is null
2019-10-10 12:31:03.665 1845-10398/? E/DollieAdapterService: notifyActivityState pkg:com.virobugs/com.virobugs.MainActivity state:2 fg:true mUid:10347
2019-10-10 12:31:03.681 649-1502/? E/BufferQueueProducer: [] mConsumerName == NULL!!!!!!
2019-10-10 12:31:03.687 649-1502/? E/BufferQueueProducer: [] mConsumerName == NULL!!!!!!
2019-10-10 12:31:03.690 649-1502/? E/BufferQueueProducer: [] mConsumerName == NULL!!!!!!
2019-10-10 12:31:03.704 5660-5703/com.virobugs E/Manish: AnimationManager constructor
2019-10-10 12:31:03.746 1845-10398/? E/DollieAdapterService: notifyActivityState pkg:com.huawei.android.launcher/com.huawei.android.launcher.unihome.UniHomeLauncher state:5 fg:false mUid:10104
2019-10-10 12:31:03.766 1158-3510/? E/WindowManager: win=Window{2ff5ba0 u0 com.huawei.android.launcher/com.huawei.android.launcher.unihome.UniHomeLauncher} destroySurfaces: appStopped=true win.mWindowRemovalAllowed=false win.mRemoveOnExit=false
2019-10-10 12:31:03.766 1158-3510/? E/WindowManager: win=Window{b087f20 u0 com.huawei.android.launcher/com.huawei.android.launcher.unihome.UniHomeLauncher} destroySurfaces: appStopped=true win.mWindowRemovalAllowed=false win.mRemoveOnExit=false
2019-10-10 12:31:03.768 1941-2740/? E/AwareLog: GameSdkConfigReader: GameSdkLog: idNameMap: null
2019-10-10 12:31:03.850 1158-1514/? E/WindowManager: win=Window{b662a29 u0 Splash Screen com.virobugs EXITING} destroySurfaces: appStopped=false win.mWindowRemovalAllowed=true win.mRemoveOnExit=true
2019-10-10 12:31:03.867 741-741/? E/Thermal-daemon: [charger_ic] temp_new :38  temp_old :37
2019-10-10 12:31:03.868 741-741/? E/Thermal-daemon: Report temperature: [charger_ic] temp :38  report_threshold:1
2019-10-10 12:31:04.285 5660-5660/? A/libc: Fatal signal 11 (SIGSEGV), code 1 (SEGV_MAPERR), fault addr 0x5279706f436f54 in tid 5660 (com.virobugs), pid 5660 (com.virobugs)
2019-10-10 12:31:04.353 5753-5753/? A/DEBUG: *** *** *** *** *** *** *** *** *** *** *** *** *** *** *** ***
2019-10-10 12:31:04.353 5753-5753/? A/DEBUG: Build fingerprint: 'HUAWEI/EML-L09/HWEML:9/HUAWEIEML-L09/328C109:user/release-keys'
2019-10-10 12:31:04.353 5753-5753/? A/DEBUG: Revision: '0'
2019-10-10 12:31:04.353 5753-5753/? A/DEBUG: ABI: 'arm64'
2019-10-10 12:31:04.353 5753-5753/? A/DEBUG: Happend: 'Thu Oct 10 12:31:04 2019
    '
2019-10-10 12:31:04.353 5753-5753/? A/DEBUG: SYSVMTYPE: Art
    APPVMTYPE: Art
2019-10-10 12:31:04.353 5753-5753/? A/DEBUG: pid: 5660, tid: 5660, name: com.virobugs  >>> com.virobugs <<<
2019-10-10 12:31:04.353 5753-5753/? A/DEBUG: signal 11 (SIGSEGV), code 1 (SEGV_MAPERR), fault addr 0x5279706f436f54
2019-10-10 12:31:04.354 5753-5753/? A/DEBUG:     x0  0000007b9f1740f1  x1  0000000000000000  x2  0000000000000000  x3  0000000000000000
2019-10-10 12:31:04.354 5753-5753/? A/DEBUG:     x4  002a2a2a00000000  x5  0000008000000000  x6  4558430000000000  x7  0000000080435845
2019-10-10 12:31:04.354 5753-5753/? A/DEBUG:     x8  6f5279706f436f54  x9  0000007ba28dd098  x10 0000000000004001  x11 0000000000000000
2019-10-10 12:31:04.354 5753-5753/? A/DEBUG:     x12 00000000000000b0  x13 0000000000000003  x14 ffffff0000000000  x15 4558430000000000
2019-10-10 12:31:04.354 5753-5753/? A/DEBUG:     x16 0000007b9fd8a648  x17 0000007b9f31afc4  x18 0000000000000001  x19 000000000000001f
2019-10-10 12:31:04.354 5753-5753/? A/DEBUG:     x20 0000007fda7d06b8  x21 0000000000000001  x22 0000007b9facb050  x23 0000007bbead0b00
2019-10-10 12:31:04.354 5753-5753/? A/DEBUG:     x24 0000007b9f3ff240  x25 0000007b9f1740f1  x26 0000007ba28dd098  x27 0000000000000000
2019-10-10 12:31:04.354 5753-5753/? A/DEBUG:     x28 0000007b9facb096  x29 0000007fda7d0680
2019-10-10 12:31:04.354 5753-5753/? A/DEBUG:     sp  0000007fda7d05f0  lr  0000007b9f31ae5c  pc  005279706f436f54
2019-10-10 12:31:04.500 5753-5753/? A/DEBUG: backtrace:
2019-10-10 12:31:04.500 5753-5753/? A/DEBUG:     #00 pc 005279706f436f54  <unknown>
2019-10-10 12:31:04.500 5753-5753/? A/DEBUG:     #01 pc 0000000000216e58  /data/app/com.virobugs-G2e6dFEXAvjbdW9Ub0Aq5g==/lib/arm64/libviro_renderer.so (log_backtrace(unsigned long*, unsigned long)+236)
2019-10-10 12:31:04.500 5753-5753/? A/DEBUG:     #02 pc 0000000000216ce0  /data/app/com.virobugs-G2e6dFEXAvjbdW9Ub0Aq5g==/lib/arm64/libviro_renderer.so (DebugStacktrace::logStacktrace(unsigned int)+80)
2019-10-10 12:31:04.500 5753-5753/? A/DEBUG:     #03 pc 00000000002e2a30  /data/app/com.virobugs-G2e6dFEXAvjbdW9Ub0Aq5g==/lib/arm64/libviro_renderer.so
2019-10-10 12:31:04.500 5753-5753/? A/DEBUG:     #04 pc 00000000002e2afc  /data/app/com.virobugs-G2e6dFEXAvjbdW9Ub0Aq5g==/lib/arm64/libviro_renderer.so
2019-10-10 12:31:04.500 5753-5753/? A/DEBUG:     #05 pc 00000000002e2aa0  /data/app/com.virobugs-G2e6dFEXAvjbdW9Ub0Aq5g==/lib/arm64/libviro_renderer.so (_pabort(char const*, int, char const*, char const*, ...)+80)
2019-10-10 12:31:04.500 5753-5753/? A/DEBUG:     #06 pc 00000000002fb2e8  /data/app/com.virobugs-G2e6dFEXAvjbdW9Ub0Aq5g==/lib/arm64/libviro_renderer.so (VROPlatformGetJNIEnv()+168)
2019-10-10 12:31:04.500 5753-5753/? A/DEBUG:     #07 pc 00000000002d4314  /data/app/com.virobugs-G2e6dFEXAvjbdW9Ub0Aq5g==/lib/arm64/libviro_renderer.so (ARUtilsCreateFloatArrayFromMatrix(VROMatrix4f)+20)
2019-10-10 12:31:04.500 5753-5753/? A/DEBUG:     #08 pc 000000000024e298  /data/app/com.virobugs-G2e6dFEXAvjbdW9Ub0Aq5g==/lib/arm64/libviro_renderer.so (Java_com_viro_core_Node_nativeUpdateAtomicUmbrellaBounds+256)
2019-10-10 12:31:04.500 5753-5753/? A/DEBUG:     #09 pc 0000000000577fe0  /system/lib64/libart.so (art_quick_generic_jni_trampoline+144)
2019-10-10 12:31:04.500 5753-5753/? A/DEBUG:     #10 pc 000000000056ef88  /system/lib64/libart.so (art_quick_invoke_stub+584)
2019-10-10 12:31:04.500 5753-5753/? A/DEBUG:     #11 pc 00000000000d4204  /system/lib64/libart.so (art::ArtMethod::Invoke(art::Thread*, unsigned int*, unsigned int, art::JValue*, char const*)+200)
2019-10-10 12:31:04.500 5753-5753/? A/DEBUG:     #12 pc 0000000000283fa8  /system/lib64/libart.so (art::interpreter::ArtInterpreterToCompiledCodeBridge(art::Thread*, art::ArtMethod*, art::ShadowFrame*, unsigned short, art::JValue*)+344)
2019-10-10 12:31:04.500 5753-5753/? A/DEBUG:     #13 pc 000000000027f0d4  /system/lib64/libart.so (bool art::interpreter::DoCall<true, false>(art::ArtMethod*, art::Thread*, art::ShadowFrame&, art::Instruction const*, unsigned short, art::JValue*)+748)
2019-10-10 12:31:04.500 5753-5753/? A/DEBUG:     #14 pc 000000000054160c  /system/lib64/libart.so (MterpInvokeDirectRange+244)
2019-10-10 12:31:04.500 5753-5753/? A/DEBUG:     #15 pc 0000000000561a14  /system/lib64/libart.so (ExecuteMterpImpl+15252)
2019-10-10 12:31:04.500 5753-5753/? A/DEBUG:     #16 pc 00000000000088e0  /dev/ashmem/dalvik-classes10.dex extracted in memory from /data/app/com.virobugs-G2e6dFEXAvjbdW9Ub0Aq5g==/base.apk!classes10.dex (deleted) (com.viro.core.Node.updateUmbrellaBounds+16)
2019-10-10 12:31:04.500 5753-5753/? A/DEBUG:     #17 pc 0000000000257cb4  /system/lib64/libart.so (_ZN3art11interpreterL7ExecuteEPNS_6ThreadERKNS_20CodeItemDataAccessorERNS_11ShadowFrameENS_6JValueEb.llvm.4019025862+488)
2019-10-10 12:31:04.500 5753-5753/? A/DEBUG:     #18 pc 000000000025d7a8  /system/lib64/libart.so (art::interpreter::ArtInterpreterToInterpreterBridge(art::Thread*, art::CodeItemDataAccessor const&, art::ShadowFrame*, art::JValue*)+216)
2019-10-10 12:31:04.500 5753-5753/? A/DEBUG:     #19 pc 000000000027df94  /system/lib64/libart.so (bool art::interpreter::DoCall<false, false>(art::ArtMethod*, art::Thread*, art::ShadowFrame&, art::Instruction const*, unsigned short, art::JValue*)+940)
2019-10-10 12:31:04.500 5753-5753/? A/DEBUG:     #20 pc 000000000053fdd8  /system/lib64/libart.so (MterpInvokeDirect+296)
2019-10-10 12:31:04.500 5753-5753/? A/DEBUG:     #21 pc 0000000000561714  /system/lib64/libart.so (ExecuteMterpImpl+14484)
2019-10-10 12:31:04.500 5753-5753/? A/DEBUG:     #22 pc 0000000000008912  /dev/ashmem/dalvik-classes10.dex extracted in memory from /data/app/com.virobugs-G2e6dFEXAvjbdW9Ub0Aq5g==/base.apk!classes10.dex (deleted) (com.viro.core.Node.updateUmbrellaBounds+66)
2019-10-10 12:31:04.500 5753-5753/? A/DEBUG:     #23 pc 0000000000257cb4  /system/lib64/libart.so (_ZN3art11interpreterL7ExecuteEPNS_6ThreadERKNS_20CodeItemDataAccessorERNS_11ShadowFrameENS_6JValueEb.llvm.4019025862+488)
2019-10-10 12:31:04.500 5753-5753/? A/DEBUG:     #24 pc 000000000025d7a8  /system/lib64/libart.so (art::interpreter::ArtInterpreterToInterpreterBridge(art::Thread*, art::CodeItemDataAccessor const&, art::ShadowFrame*, art::JValue*)+216)
2019-10-10 12:31:04.500 5753-5753/? A/DEBUG:     #25 pc 000000000027df94  /system/lib64/libart.so (bool art::interpreter::DoCall<false, false>(art::ArtMethod*, art::Thread*, art::ShadowFrame&, art::Instruction const*, unsigned short, art::JValue*)+940)
2019-10-10 12:31:04.500 5753-5753/? A/DEBUG:     #26 pc 000000000053fdd8  /system/lib64/libart.so (MterpInvokeDirect+296)
2019-10-10 12:31:04.500 5753-5753/? A/DEBUG:     #27 pc 0000000000561714  /system/lib64/libart.so (ExecuteMterpImpl+14484)
2019-10-10 12:31:04.500 5753-5753/? A/DEBUG:     #28 pc 000000000000883a  /dev/ashmem/dalvik-classes10.dex extracted in memory from /data/app/com.virobugs-G2e6dFEXAvjbdW9Ub0Aq5g==/base.apk!classes10.dex (deleted) (com.viro.core.Node.updateUmbrellaBounds+26)
2019-10-10 12:31:04.501 5753-5753/? A/DEBUG:     #29 pc 0000000000257cb4  /system/lib64/libart.so (_ZN3art11interpreterL7ExecuteEPNS_6ThreadERKNS_20CodeItemDataAccessorERNS_11ShadowFrameENS_6JValueEb.llvm.4019025862+488)
2019-10-10 12:31:04.501 5753-5753/? A/DEBUG:     #30 pc 000000000025d7a8  /system/lib64/libart.so (art::interpreter::ArtInterpreterToInterpreterBridge(art::Thread*, art::CodeItemDataAccessor const&, art::ShadowFrame*, art::JValue*)+216)
2019-10-10 12:31:04.501 5753-5753/? A/DEBUG:     #31 pc 000000000027df94  /system/lib64/libart.so (bool art::interpreter::DoCall<false, false>(art::ArtMethod*, art::Thread*, art::ShadowFrame&, art::Instruction const*, unsigned short, art::JValue*)+940)
2019-10-10 12:31:04.501 5753-5753/? A/DEBUG:     #32 pc 000000000053ea98  /system/lib64/libart.so (MterpInvokeVirtual+588)
2019-10-10 12:31:04.501 5753-5753/? A/DEBUG:     #33 pc 0000000000561614  /system/lib64/libart.so (ExecuteMterpImpl+14228)
2019-10-10 12:31:04.501 5753-5753/? A/DEBUG:     #34 pc 0000000000008800  /dev/ashmem/dalvik-classes10.dex extracted in memory from /data/app/com.virobugs-G2e6dFEXAvjbdW9Ub0Aq5g==/base.apk!classes10.dex (deleted) (com.viro.core.Node.updateAllUmbrellaBounds+12)
2019-10-10 12:31:04.501 5753-5753/? A/DEBUG:     #35 pc 0000000000257cb4  /system/lib64/libart.so (_ZN3art11interpreterL7ExecuteEPNS_6ThreadERKNS_20CodeItemDataAccessorERNS_11ShadowFrameENS_6JValueEb.llvm.4019025862+488)
2019-10-10 12:31:04.501 5753-5753/? A/DEBUG:     #36 pc 000000000025d7a8  /system/lib64/libart.so (art::interpreter::ArtInterpreterToInterpreterBridge(art::Thread*, art::CodeItemDataAccessor const&, art::ShadowFrame*, art::JValue*)+216)
2019-10-10 12:31:04.501 5753-5753/? A/DEBUG:     #37 pc 000000000027df94  /system/lib64/libart.so (bool art::interpreter::DoCall<false, false>(art::ArtMethod*, art::Thread*, art::ShadowFrame&, art::Instruction const*, unsigned short, art::JValue*)+940)
2019-10-10 12:31:04.501 5753-5753/? A/DEBUG:     #38 pc 000000000053ea98  /system/lib64/libart.so (MterpInvokeVirtual+588)
2019-10-10 12:31:04.501 5753-5753/? A/DEBUG:     #39 pc 0000000000561614  /system/lib64/libart.so (ExecuteMterpImpl+14228)
2019-10-10 12:31:04.501 5753-5753/? A/DEBUG:     #40 pc 0000000000007904  /dev/ashmem/dalvik-classes10.dex extracted in memory from /data/app/com.virobugs-G2e6dFEXAvjbdW9Ub0Aq5g==/base.apk!classes10.dex (deleted) (com.viro.core.Node.addChildNode+44)
2019-10-10 12:31:04.501 5753-5753/? A/DEBUG:     #41 pc 0000000000257cb4  /system/lib64/libart.so (_ZN3art11interpreterL7ExecuteEPNS_6ThreadERKNS_20CodeItemDataAccessorERNS_11ShadowFrameENS_6JValueEb.llvm.4019025862+488)
2019-10-10 12:31:04.501 5753-5753/? A/DEBUG:     #42 pc 000000000025d7a8  /system/lib64/libart.so (art::interpreter::ArtInterpreterToInterpreterBridge(art::Thread*, art::CodeItemDataAccessor const&, art::ShadowFrame*, art::JValue*)+216)
2019-10-10 12:31:04.501 5753-5753/? A/DEBUG:     #43 pc 000000000027df94  /system/lib64/libart.so (bool art::interpreter::DoCall<false, false>(art::ArtMethod*, art::Thread*, art::ShadowFrame&, art::Instruction const*, unsigned short, art::JValue*)+940)
2019-10-10 12:31:04.501 5753-5753/? A/DEBUG:     #44 pc 000000000053ea98  /system/lib64/libart.so (MterpInvokeVirtual+588)
2019-10-10 12:31:04.501 5753-5753/? A/DEBUG:     #45 pc 0000000000561614  /system/lib64/libart.so (ExecuteMterpImpl+14228)
2019-10-10 12:31:04.501 5753-5753/? A/DEBUG:     #46 pc 00000000000065f8  /dev/ashmem/dalvik-classes11.dex extracted in memory from /data/app/com.virobugs-G2e6dFEXAvjbdW9Ub0Aq5g==/base.apk!classes11.dex (deleted) (com.viromedia.bridge.component.node.VRTCamera.<init>+108)
2019-10-10 12:31:04.501 5753-5753/? A/DEBUG:     #47 pc 0000000000257cb4  /system/lib64/libart.so (_ZN3art11interpreterL7ExecuteEPNS_6ThreadERKNS_20CodeItemDataAccessorERNS_11ShadowFrameENS_6JValueEb.llvm.4019025862+488)
2019-10-10 12:31:04.501 5753-5753/? A/DEBUG:     #48 pc 000000000025d7a8  /system/lib64/libart.so (art::interpreter::ArtInterpreterToInterpreterBridge(art::Thread*, art::CodeItemDataAccessor const&, art::ShadowFrame*, art::JValue*)+216)
2019-10-10 12:31:04.501 5753-5753/? A/DEBUG:     #49 pc 000000000027df94  /system/lib64/libart.so (bool art::interpreter::DoCall<false, false>(art::ArtMethod*, art::Thread*, art::ShadowFrame&, art::Instruction const*, unsigned short, art::JValue*)+940)
2019-10-10 12:31:04.501 5753-5753/? A/DEBUG:     #50 pc 000000000053fdd8  /system/lib64/libart.so (MterpInvokeDirect+296)
2019-10-10 12:31:04.501 5753-5753/? A/DEBUG:     #51 pc 0000000000561714  /system/lib64/libart.so (ExecuteMterpImpl+14484)
2019-10-10 12:31:04.501 5753-5753/? A/DEBUG:     #52 pc 0000000000006dd8  /dev/ashmem/dalvik-classes22.dex extracted in memory from /data/app/com.virobugs-G2e6dFEXAvjbdW9Ub0Aq5g==/base.apk!classes22.dex (deleted) (com.viromedia.bridge.component.node.VRTCameraManager.createViewInstance+4)
2019-10-10 12:31:04.501 5753-5753/? A/DEBUG:     #53 pc 0000000000257cb4  /system/lib64/libart.so (_ZN3art11interpreterL7ExecuteEPNS_6ThreadERKNS_20CodeItemDataAccessorERNS_11ShadowFrameENS_6JValueEb.llvm.4019025862+488)
2019-10-10 12:31:04.501 5753-5753/? A/DEBUG:     #54 pc 000000000025d7a8  /system/lib64/libart.so (art::interpreter::ArtInterpreterToInterpreterBridge(art::Thread*, art::CodeItemDataAccessor const&, art::ShadowFrame*, art::JValue*)+216)
2019-10-10 12:31:04.501 5753-5753/? A/DEBUG:     #55 pc 000000000027df94  /system/lib64/libart.so (bool art::interpreter::DoCall<false, false>(art::ArtMethod*, art::Thread*, art::ShadowFrame&, art::Instruction const*, unsigned short, art::JValue*)+940)
2019-10-10 12:31:04.501 5753-5753/? A/DEBUG:     #56 pc 000000000053ea98  /system/lib64/libart.so (MterpInvokeVirtual+588)
2019-10-10 12:31:04.501 5753-5753/? A/DEBUG:     #57 pc 0000000000561614  /system/lib64/libart.so (ExecuteMterpImpl+14228)
2019-10-10 12:31:04.501 5753-5753/? A/DEBUG:     #58 pc 0000000000006db8  /dev/ashmem/dalvik-classes22.dex extracted in memory from /data/app/com.virobugs-G2e6dFEXAvjbdW9Ub0Aq5g==/base.apk!classes22.dex (deleted) (com.viromedia.bridge.component.node.VRTCameraManager.createViewInstance)
2019-10-10 12:31:04.501 5753-5753/? A/DEBUG:     #59 pc 0000000000257cb4  /system/lib64/libart.so (_ZN3art11interpreterL7ExecuteEPNS_6ThreadERKNS_20CodeItemDataAccessorERNS_11ShadowFrameENS_6JValueEb.llvm.4019025862+488)
2019-10-10 12:31:04.501 5753-5753/? A/DEBUG:     #60 pc 000000000025d7a8  /system/lib64/libart.so (art::interpreter::ArtInterpreterToInterpreterBridge(art::Thread*, art::CodeItemDataAccessor const&, art::ShadowFrame*, art::JValue*)+216)
2019-10-10 12:31:04.501 5753-5753/? A/DEBUG:     #61 pc 000000000027df94  /system/lib64/libart.so (bool art::interpreter::DoCall<false, false>(art::ArtMethod*, art::Thread*, art::ShadowFrame&, art::Instruction const*, unsigned short, art::JValue*)+940)
2019-10-10 12:31:04.501 5753-5753/? A/DEBUG:     #62 pc 000000000053ea98  /system/lib64/libart.so (MterpInvokeVirtual+588)
2019-10-10 12:31:04.501 5753-5753/? A/DEBUG:     #63 pc 0000000000561614  /system/lib64/libart.so (ExecuteMterpImpl+14228)
2019-10-10 12:31:04.501 5753-5753/? A/DEBUG:     #64 pc 00000000003aebbc  /dev/ashmem/dalvik-classes19.dex extracted in memory from /data/app/com.virobugs-G2e6dFEXAvjbdW9Ub0Aq5g==/base.apk!classes19.dex (deleted) (com.facebook.react.uimanager.ViewManager.createView)
2019-10-10 12:31:04.501 5753-5753/? A/DEBUG:     #65 pc 0000000000257cb4  /system/lib64/libart.so (_ZN3art11interpreterL7ExecuteEPNS_6ThreadERKNS_20CodeItemDataAccessorERNS_11ShadowFrameENS_6JValueEb.llvm.4019025862+488)
2019-10-10 12:31:04.501 5753-5753/? A/DEBUG:     #66 pc 000000000025d7a8  /system/lib64/libart.so (art::interpreter::ArtInterpreterToInterpreterBridge(art::Thread*, art::CodeItemDataAccessor const&, art::ShadowFrame*, art::JValue*)+216)
2019-10-10 12:31:04.501 5753-5753/? A/DEBUG:     #67 pc 000000000027df94  /system/lib64/libart.so (bool art::interpreter::DoCall<false, false>(art::ArtMethod*, art::Thread*, art::ShadowFrame&, art::Instruction const*, unsigned short, art::JValue*)+940)
2019-10-10 12:31:04.501 5753-5753/? A/DEBUG:     #68 pc 000000000053ea98  /system/lib64/libart.so (MterpInvokeVirtual+588)
2019-10-10 12:31:04.501 5753-5753/? A/DEBUG:     #69 pc 0000000000561614  /system/lib64/libart.so (ExecuteMterpImpl+14228)
2019-10-10 12:31:04.501 5753-5753/? A/DEBUG:     #70 pc 00000000003a48de  /dev/ashmem/dalvik-classes19.dex extracted in memory from /data/app/com.virobugs-G2e6dFEXAvjbdW9Ub0Aq5g==/base.apk!classes19.dex (deleted) (com.facebook.react.uimanager.NativeViewHierarchyManager.createView+70)
2019-10-10 12:31:04.501 5753-5753/? A/DEBUG:     #71 pc 0000000000257cb4  /system/lib64/libart.so (_ZN3art11interpreterL7ExecuteEPNS_6ThreadERKNS_20CodeItemDataAccessorERNS_11ShadowFrameENS_6JValueEb.llvm.4019025862+488)
2019-10-10 12:31:04.501 5753-5753/? A/DEBUG:     #72 pc 000000000025d7a8  /system/lib64/libart.so (art::interpreter::ArtInterpreterToInterpreterBridge(art::Thread*, art::CodeItemDataAccessor const&, art::ShadowFrame*, art::JValue*)+216)
2019-10-10 12:31:04.501 5753-5753/? A/DEBUG:     #73 pc 000000000027df94  /system/lib64/libart.so (bool art::interpreter::DoCall<false, false>(art::ArtMethod*, art::Thread*, art::ShadowFrame&, art::Instruction const*, unsigned short, art::JValue*)+940)
2019-10-10 12:31:04.501 5753-5753/? A/DEBUG:     #74 pc 000000000053ea98  /system/lib64/libart.so (MterpInvokeVirtual+588)
2019-10-10 12:31:04.501 5753-5753/? A/DEBUG:     #75 pc 0000000000561614  /system/lib64/libart.so (ExecuteMterpImpl+14228)
2019-10-10 12:31:04.501 5753-5753/? A/DEBUG:     #76 pc 00000000003ac662  /dev/ashmem/dalvik-classes19.dex extracted in memory from /data/app/com.virobugs-G2e6dFEXAvjbdW9Ub0Aq5g==/base.apk!classes19.dex (deleted) (com.facebook.react.uimanager.UIViewOperationQueue$CreateViewOperation.execute+46)
2019-10-10 12:31:04.501 5753-5753/? A/DEBUG:     #77 pc 0000000000257cb4  /system/lib64/libart.so (_ZN3art11interpreterL7ExecuteEPNS_6ThreadERKNS_20CodeItemDataAccessorERNS_11ShadowFrameENS_6JValueEb.llvm.4019025862+488)
2019-10-10 12:31:04.501 5753-5753/? A/DEBUG:     #78 pc 000000000025d7a8  /system/lib64/libart.so (art::interpreter::ArtInterpreterToInterpreterBridge(art::Thread*, art::CodeItemDataAccessor const&, art::ShadowFrame*, art::JValue*)+216)
2019-10-10 12:31:04.501 5753-5753/? A/DEBUG:     #79 pc 000000000027df94  /system/lib64/libart.so (bool art::interpreter::DoCall<false, false>(art::ArtMethod*, art::Thread*, art::ShadowFrame&, art::Instruction const*, unsigned short, art::JValue*)+940)
2019-10-10 12:31:04.501 5753-5753/? A/DEBUG:     #80 pc 000000000053fa14  /system/lib64/libart.so (MterpInvokeInterface+1392)
2019-10-10 12:31:04.501 5753-5753/? A/DEBUG:     #81 pc 0000000000561814  /system/lib64/libart.so (ExecuteMterpImpl+14740)
2019-10-10 12:31:04.501 5753-5753/? A/DEBUG:     #82 pc 00000000003ac24e  /dev/ashmem/dalvik-classes19.dex extracted in memory from /data/app/com.virobugs-G2e6dFEXAvjbdW9Ub0Aq5g==/base.apk!classes19.dex (deleted) (com.facebook.react.uimanager.UIViewOperationQueue$1.run+94)
2019-10-10 12:31:04.501 5753-5753/? A/DEBUG:     #83 pc 0000000000257cb4  /system/lib64/libart.so (_ZN3art11interpreterL7ExecuteEPNS_6ThreadERKNS_20CodeItemDataAccessorERNS_11ShadowFrameENS_6JValueEb.llvm.4019025862+488)
2019-10-10 12:31:04.501 5753-5753/? A/DEBUG:     #84 pc 000000000025d7a8  /system/lib64/libart.so (art::interpreter::ArtInterpreterToInterpreterBridge(art::Thread*, art::CodeItemDataAccessor const&, art::ShadowFrame*, art::JValue*)+216)
2019-10-10 12:31:04.501 5753-5753/? A/DEBUG:     #85 pc 000000000027df94  /system/lib64/libart.so (bool art::interpreter::DoCall<false, false>(art::ArtMethod*, art::Thread*, art::ShadowFrame&, art::Instruction const*, unsigned short, art::JValue*)+940)
2019-10-10 12:31:04.501 5753-5753/? A/DEBUG:     #86 pc 000000000053fa14  /system/lib64/libart.so (MterpInvokeInterface+1392)
2019-10-10 12:31:04.501 5753-5753/? A/DEBUG:     #87 pc 0000000000561814  /system/lib64/libart.so (ExecuteMterpImpl+14740)
2019-10-10 12:31:04.501 5753-5753/? A/DEBUG:     #88 pc 00000000003ade46  /dev/ashmem/dalvik-classes19.dex extracted in memory from /data/app/com.virobugs-G2e6dFEXAvjbdW9Ub0Aq5g==/base.apk!classes19.dex (deleted) (com.facebook.react.uimanager.UIViewOperationQueue.flushPendingBatches+106)
2019-10-10 12:31:04.501 5753-5753/? A/DEBUG:     #89 pc 0000000000257cb4  /system/lib64/libart.so (_ZN3art11interpreterL7ExecuteEPNS_6ThreadERKNS_20CodeItemDataAccessorERNS_11ShadowFrameENS_6JValueEb.llvm.4019025862+488)
2019-10-10 12:31:04.501 5753-5753/? A/DEBUG:     #90 pc 000000000025d7a8  /system/lib64/libart.so (art::interpreter::ArtInterpreterToInterpreterBridge(art::Thread*, art::CodeItemDataAccessor const&, art::ShadowFrame*, art::JValue*)+216)
2019-10-10 12:31:04.501 5753-5753/? A/DEBUG:     #91 pc 000000000027df94  /system/lib64/libart.so (bool art::interpreter::DoCall<false, false>(art::ArtMethod*, art::Thread*, art::ShadowFrame&, art::Instruction const*, unsigned short, art::JValue*)+940)
2019-10-10 12:31:04.501 5753-5753/? A/DEBUG:     #92 pc 000000000053fdd8  /system/lib64/libart.so (MterpInvokeDirect+296)
2019-10-10 12:31:04.501 5753-5753/? A/DEBUG:     #93 pc 0000000000561714  /system/lib64/libart.so (ExecuteMterpImpl+14484)
2019-10-10 12:31:04.501 5753-5753/? A/DEBUG:     #94 pc 00000000003ad694  /dev/ashmem/dalvik-classes19.dex extracted in memory from /data/app/com.virobugs-G2e6dFEXAvjbdW9Ub0Aq5g==/base.apk!classes19.dex (deleted) (com.facebook.react.uimanager.UIViewOperationQueue.access$2600)
2019-10-10 12:31:04.501 5753-5753/? A/DEBUG:     #95 pc 0000000000257cb4  /system/lib64/libart.so (_ZN3art11interpreterL7ExecuteEPNS_6ThreadERKNS_20CodeItemDataAccessorERNS_11ShadowFrameENS_6JValueEb.llvm.4019025862+488)
2019-10-10 12:31:04.501 5753-5753/? A/DEBUG:     #96 pc 000000000025d7a8  /system/lib64/libart.so (art::interpreter::ArtInterpreterToInterpreterBridge(art::Thread*, art::CodeItemDataAccessor const&, art::ShadowFrame*, art::JValue*)+216)
2019-10-10 12:31:04.501 5753-5753/? A/DEBUG:     #97 pc 000000000027df94  /system/lib64/libart.so (bool art::interpreter::DoCall<false, false>(art::ArtMethod*, art::Thread*, art::ShadowFrame&, art::Instruction const*, unsigned short, art::JValue*)+940)
2019-10-10 12:31:04.501 5753-5753/? A/DEBUG:     #98 pc 000000000053ff9c  /system/lib64/libart.so (MterpInvokeStatic+204)
2019-10-10 12:31:04.501 5753-5753/? A/DEBUG:     #99 pc 0000000000561794  /system/lib64/libart.so (ExecuteMterpImpl+14612)
2019-10-10 12:31:04.501 5753-5753/? A/DEBUG:     #100 pc 00000000003ac888  /dev/ashmem/dalvik-classes19.dex extracted in memory from /data/app/com.virobugs-G2e6dFEXAvjbdW9Ub0Aq5g==/base.apk!classes19.dex (deleted) (com.facebook.react.uimanager.UIViewOperationQueue$DispatchUIFrameCallback.doFrameGuarded+64)
2019-10-10 12:31:04.501 5753-5753/? A/DEBUG:     #101 pc 0000000000257cb4  /system/lib64/libart.so (_ZN3art11interpreterL7ExecuteEPNS_6ThreadERKNS_20CodeItemDataAccessorERNS_11ShadowFrameENS_6JValueEb.llvm.4019025862+488)
2019-10-10 12:31:04.501 5753-5753/? A/DEBUG:     #102 pc 000000000025d7a8  /system/lib64/libart.so (art::interpreter::ArtInterpreterToInterpreterBridge(art::Thread*, art::CodeItemDataAccessor const&, art::ShadowFrame*, art::JValue*)+216)
2019-10-10 12:31:04.501 5753-5753/? A/DEBUG:     #103 pc 000000000027df94  /system/lib64/libart.so (bool art::interpreter::DoCall<false, false>(art::ArtMethod*, art::Thread*, art::ShadowFrame&, art::Instruction const*, unsigned short, art::JValue*)+940)
2019-10-10 12:31:04.501 5753-5753/? A/DEBUG:     #104 pc 000000000053ea98  /system/lib64/libart.so (MterpInvokeVirtual+588)
2019-10-10 12:31:04.501 5753-5753/? A/DEBUG:     #105 pc 0000000000561614  /system/lib64/libart.so (ExecuteMterpImpl+14228)
2019-10-10 12:31:04.501 5753-5753/? A/DEBUG:     #106 pc 00000000003a0f4c  /dev/ashmem/dalvik-classes19.dex extracted in memory from /data/app/com.virobugs-G2e6dFEXAvjbdW9Ub0Aq5g==/base.apk!classes19.dex (deleted) (com.facebook.react.uimanager.GuardedFrameCallback.doFrame)
2019-10-10 12:31:04.501 5753-5753/? A/DEBUG:     #107 pc 0000000000257cb4  /system/lib64/libart.so (_ZN3art11interpreterL7ExecuteEPNS_6ThreadERKNS_20CodeItemDataAccessorERNS_11ShadowFrameENS_6JValueEb.llvm.4019025862+488)
2019-10-10 12:31:04.501 5753-5753/? A/DEBUG:     #108 pc 000000000025d7a8  /system/lib64/libart.so (art::interpreter::ArtInterpreterToInterpreterBridge(art::Thread*, art::CodeItemDataAccessor const&, art::ShadowFrame*, art::JValue*)+216)
2019-10-10 12:31:04.501 5753-5753/? A/DEBUG:     #109 pc 000000000027df94  /system/lib64/libart.so (bool art::interpreter::DoCall<false, false>(art::ArtMethod*, art::Thread*, art::ShadowFrame&, art::Instruction const*, unsigned short, art::JValue*)+940)
2019-10-10 12:31:04.501 5753-5753/? A/DEBUG:     #110 pc 000000000053ea98  /system/lib64/libart.so (MterpInvokeVirtual+588)
2019-10-10 12:31:04.501 5753-5753/? A/DEBUG:     #111 pc 0000000000561614  /system/lib64/libart.so (ExecuteMterpImpl+14228)
2019-10-10 12:31:04.501 5753-5753/? A/DEBUG:     #112 pc 0000000000391248  /dev/ashmem/dalvik-classes19.dex extracted in memory from /data/app/com.virobugs-G2e6dFEXAvjbdW9Ub0Aq5g==/base.apk!classes19.dex (deleted) (com.facebook.react.modules.core.ReactChoreographer$ReactChoreographerDispatcher.doFrame+132)
2019-10-10 12:31:04.501 5753-5753/? A/DEBUG:     #113 pc 0000000000257cb4  /system/lib64/libart.so (_ZN3art11interpreterL7ExecuteEPNS_6ThreadERKNS_20CodeItemDataAccessorERNS_11ShadowFrameENS_6JValueEb.llvm.4019025862+488)
2019-10-10 12:31:04.501 5753-5753/? A/DEBUG:     #114 pc 000000000025d7a8  /system/lib64/libart.so (art::interpreter::ArtInterpreterToInterpreterBridge(art::Thread*, art::CodeItemDataAccessor const&, art::ShadowFrame*, art::JValue*)+216)
2019-10-10 12:31:04.501 5753-5753/? A/DEBUG:     #115 pc 000000000027df94  /system/lib64/libart.so (bool art::interpreter::DoCall<false, false>(art::ArtMethod*, art::Thread*, art::ShadowFrame&, art::Instruction const*, unsigned short, art::JValue*)+940)
2019-10-10 12:31:04.501 5753-5753/? A/DEBUG:     #116 pc 000000000053ea98  /system/lib64/libart.so (MterpInvokeVirtual+588)
2019-10-10 12:31:04.501 5753-5753/? A/DEBUG:     #117 pc 0000000000561614  /system/lib64/libart.so (ExecuteMterpImpl+14228)
2019-10-10 12:31:04.501 5753-5753/? A/DEBUG:     #118 pc 0000000000390ac0  /dev/ashmem/dalvik-classes19.dex extracted in memory from /data/app/com.virobugs-G2e6dFEXAvjbdW9Ub0Aq5g==/base.apk!classes19.dex (deleted) (com.facebook.react.modules.core.ChoreographerCompat$FrameCallback$1.doFrame+4)
2019-10-10 12:31:04.501 5753-5753/? A/DEBUG:     #119 pc 0000000000257cb4  /system/lib64/libart.so (_ZN3art11interpreterL7ExecuteEPNS_6ThreadERKNS_20CodeItemDataAccessorERNS_11ShadowFrameENS_6JValueEb.llvm.4019025862+488)
2019-10-10 12:31:04.501 5753-5753/? A/DEBUG:     #120 pc 000000000025d7a8  /system/lib64/libart.so (art::interpreter::ArtInterpreterToInterpreterBridge(art::Thread*, art::CodeItemDataAccessor const&, art::ShadowFrame*, art::JValue*)+216)
2019-10-10 12:31:04.501 5753-5753/? A/DEBUG:     #121 pc 000000000027df94  /system/lib64/libart.so (bool art::interpreter::DoCall<false, false>(art::ArtMethod*, art::Thread*, art::ShadowFrame&, art::Instruction const*, unsigned short, art::JValue*)+940)
2019-10-10 12:31:04.501 5753-5753/? A/DEBUG:     #122 pc 000000000053fa14  /system/lib64/libart.so (MterpInvokeInterface+1392)
2019-10-10 12:31:04.501 5753-5753/? A/DEBUG:     #123 pc 0000000000561814  /system/lib64/libart.so (ExecuteMterpImpl+14740)
2019-10-10 12:31:04.501 5753-5753/? A/DEBUG:     #124 pc 0000000000bc73e0  /system/framework/boot-framework.vdex (android.view.Choreographer$CallbackRecord.run+24)
2019-10-10 12:31:04.501 5753-5753/? A/DEBUG:     #125 pc 0000000000257cb4  /system/lib64/libart.so (_ZN3art11interpreterL7ExecuteEPNS_6ThreadERKNS_20CodeItemDataAccessorERNS_11ShadowFrameENS_6JValueEb.llvm.4019025862+488)
2019-10-10 12:31:04.501 5753-5753/? A/DEBUG:     #126 pc 000000000025d7a8  /system/lib64/libart.so (art::interpreter::ArtInterpreterToInterpreterBridge(art::Thread*, art::CodeItemDataAccessor const&, art::ShadowFrame*, art::JValue*)+216)
2019-10-10 12:31:04.501 5753-5753/? A/DEBUG:     #127 pc 000000000027df94  /system/lib64/libart.so (bool art::interpreter::DoCall<false, false>(art::ArtMethod*, art::Thread*, art::ShadowFrame&, art::Instruction const*, unsigned short, art::JValue*)+940)
2019-10-10 12:31:04.501 5753-5753/? A/DEBUG:     #128 pc 000000000053ea98  /system/lib64/libart.so (MterpInvokeVirtual+588)
2019-10-10 12:31:04.501 5753-5753/? A/DEBUG:     #129 pc 0000000000561614  /system/lib64/libart.so (ExecuteMterpImpl+14228)
2019-10-10 12:31:04.501 5753-5753/? A/DEBUG:     #130 pc 0000000000bc78ca  /system/framework/boot-framework.vdex (android.view.Choreographer.doCallbacks+220)
2019-10-10 12:31:04.501 5753-5753/? A/DEBUG:     #131 pc 0000000000257cb4  /system/lib64/libart.so (_ZN3art11interpreterL7ExecuteEPNS_6ThreadERKNS_20CodeItemDataAccessorERNS_11ShadowFrameENS_6JValueEb.llvm.4019025862+488)
2019-10-10 12:31:04.502 5753-5753/? A/DEBUG:     #132 pc 000000000025d7a8  /system/lib64/libart.so (art::interpreter::ArtInterpreterToInterpreterBridge(art::Thread*, art::CodeItemDataAccessor const&, art::ShadowFrame*, art::JValue*)+216)
2019-10-10 12:31:04.502 5753-5753/? A/DEBUG:     #133 pc 000000000027df94  /system/lib64/libart.so (bool art::interpreter::DoCall<false, false>(art::ArtMethod*, art::Thread*, art::ShadowFrame&, art::Instruction const*, unsigned short, art::JValue*)+940)
2019-10-10 12:31:04.502 5753-5753/? A/DEBUG:     #134 pc 000000000053ea98  /system/lib64/libart.so (MterpInvokeVirtual+588)
2019-10-10 12:31:04.502 5753-5753/? A/DEBUG:     #135 pc 0000000000561614  /system/lib64/libart.so (ExecuteMterpImpl+14228)
2019-10-10 12:31:04.502 5753-5753/? A/DEBUG:     #136 pc 0000000000bc7b2e  /system/framework/boot-framework.vdex (android.view.Choreographer.doFrame+356)
2019-10-10 12:31:04.502 5753-5753/? A/DEBUG:     #137 pc 0000000000257cb4  /system/lib64/libart.so (_ZN3art11interpreterL7ExecuteEPNS_6ThreadERKNS_20CodeItemDataAccessorERNS_11ShadowFrameENS_6JValueEb.llvm.4019025862+488)
2019-10-10 12:31:04.502 5753-5753/? A/DEBUG:     #138 pc 000000000025d7a8  /system/lib64/libart.so (art::interpreter::ArtInterpreterToInterpreterBridge(art::Thread*, art::CodeItemDataAccessor const&, art::ShadowFrame*, art::JValue*)+216)
2019-10-10 12:31:04.502 5753-5753/? A/DEBUG:     #139 pc 000000000027df94  /system/lib64/libart.so (bool art::interpreter::DoCall<false, false>(art::ArtMethod*, art::Thread*, art::ShadowFrame&, art::Instruction const*, unsigned short, art::JValue*)+940)
2019-10-10 12:31:04.502 5753-5753/? A/DEBUG:     #140 pc 000000000053ea98  /system/lib64/libart.so (MterpInvokeVirtual+588)
2019-10-10 12:31:04.502 5753-5753/? A/DEBUG:     #141 pc 0000000000561614  /system/lib64/libart.so (ExecuteMterpImpl+14228)
2019-10-10 12:31:04.502 5753-5753/? A/DEBUG:     #142 pc 0000000000bc74e6  /system/framework/boot-framework.vdex (android.view.Choreographer$FrameDisplayEventReceiver.run+18)
2019-10-10 12:31:04.502 5753-5753/? A/DEBUG:     #143 pc 0000000000257cb4  /system/lib64/libart.so (_ZN3art11interpreterL7ExecuteEPNS_6ThreadERKNS_20CodeItemDataAccessorERNS_11ShadowFrameENS_6JValueEb.llvm.4019025862+488)
2019-10-10 12:31:04.502 5753-5753/? A/DEBUG:     #144 pc 000000000025d7a8  /system/lib64/libart.so (art::interpreter::ArtInterpreterToInterpreterBridge(art::Thread*, art::CodeItemDataAccessor const&, art::ShadowFrame*, art::JValue*)+216)
2019-10-10 12:31:04.502 5753-5753/? A/DEBUG:     #145 pc 000000000027df94  /system/lib64/libart.so (bool art::interpreter::DoCall<false, false>(art::ArtMethod*, art::Thread*, art::ShadowFrame&, art::Instruction const*, unsigned short, art::JValue*)+940)
2019-10-10 12:31:04.502 5753-5753/? A/DEBUG:     #146 pc 000000000053fa14  /system/lib64/libart.so (MterpInvokeInterface+1392)
2019-10-10 12:31:04.502 5753-5753/? A/DEBUG:     #147 pc 0000000000561814  /system/lib64/libart.so (ExecuteMterpImpl+14740)
2019-10-10 12:31:04.502 5753-5753/? A/DEBUG:     #148 pc 0000000000ca8662  /system/framework/boot-framework.vdex (android.os.Handler.handleCallback+4)
2019-10-10 12:31:04.502 5753-5753/? A/DEBUG:     #149 pc 0000000000257cb4  /system/lib64/libart.so (_ZN3art11interpreterL7ExecuteEPNS_6ThreadERKNS_20CodeItemDataAccessorERNS_11ShadowFrameENS_6JValueEb.llvm.4019025862+488)
2019-10-10 12:31:04.502 5753-5753/? A/DEBUG:     #150 pc 000000000025d7a8  /system/lib64/libart.so (art::interpreter::ArtInterpreterToInterpreterBridge(art::Thread*, art::CodeItemDataAccessor const&, art::ShadowFrame*, art::JValue*)+216)
2019-10-10 12:31:04.502 5753-5753/? A/DEBUG:     #151 pc 000000000027df94  /system/lib64/libart.so (bool art::interpreter::DoCall<false, false>(art::ArtMethod*, art::Thread*, art::ShadowFrame&, art::Instruction const*, unsigned short, art::JValue*)+940)
2019-10-10 12:31:04.502 5753-5753/? A/DEBUG:     #152 pc 000000000053ff9c  /system/lib64/libart.so (MterpInvokeStatic+204)
2019-10-10 12:31:04.502 5753-5753/? A/DEBUG:     #153 pc 0000000000561794  /system/lib64/libart.so (ExecuteMterpImpl+14612)
2019-10-10 12:31:04.502 5753-5753/? A/DEBUG:     #154 pc 0000000000b44c4c  /system/framework/boot-framework.vdex (android.os.Handler.dispatchMessage+8)
2019-10-10 12:31:04.502 5753-5753/? A/DEBUG:     #155 pc 0000000000257cb4  /system/lib64/libart.so (_ZN3art11interpreterL7ExecuteEPNS_6ThreadERKNS_20CodeItemDataAccessorERNS_11ShadowFrameENS_6JValueEb.llvm.4019025862+488)
2019-10-10 12:31:04.502 5753-5753/? A/DEBUG:     #156 pc 000000000025d7a8  /system/lib64/libart.so (art::interpreter::ArtInterpreterToInterpreterBridge(art::Thread*, art::CodeItemDataAccessor const&, art::ShadowFrame*, art::JValue*)+216)
2019-10-10 12:31:04.502 5753-5753/? A/DEBUG:     #157 pc 000000000027df94  /system/lib64/libart.so (bool art::interpreter::DoCall<false, false>(art::ArtMethod*, art::Thread*, art::ShadowFrame&, art::Instruction const*, unsigned short, art::JValue*)+940)
2019-10-10 12:31:04.502 5753-5753/? A/DEBUG:     #158 pc 000000000053ea98  /system/lib64/libart.so (MterpInvokeVirtual+588)
2019-10-10 12:31:04.502 5753-5753/? A/DEBUG:     #159 pc 0000000000561614  /system/lib64/libart.so (ExecuteMterpImpl+14228)
2019-10-10 12:31:04.502 5753-5753/? A/DEBUG:     #160 pc 0000000000b4ca70  /system/framework/boot-framework.vdex (android.os.Looper.loop+498)
2019-10-10 12:31:04.502 5753-5753/? A/DEBUG:     #161 pc 0000000000257cb4  /system/lib64/libart.so (_ZN3art11interpreterL7ExecuteEPNS_6ThreadERKNS_20CodeItemDataAccessorERNS_11ShadowFrameENS_6JValueEb.llvm.4019025862+488)
2019-10-10 12:31:04.502 5753-5753/? A/DEBUG:     #162 pc 000000000025d7a8  /system/lib64/libart.so (art::interpreter::ArtInterpreterToInterpreterBridge(art::Thread*, art::CodeItemDataAccessor const&, art::ShadowFrame*, art::JValue*)+216)
2019-10-10 12:31:04.502 5753-5753/? A/DEBUG:     #163 pc 000000000027df94  /system/lib64/libart.so (bool art::interpreter::DoCall<false, false>(art::ArtMethod*, art::Thread*, art::ShadowFrame&, art::Instruction const*, unsigned short, art::JValue*)+940)
2019-10-10 12:31:04.502 5753-5753/? A/DEBUG:     #164 pc 000000000053ff9c  /system/lib64/libart.so (MterpInvokeStatic+204)
2019-10-10 12:31:04.502 5753-5753/? A/DEBUG:     #165 pc 0000000000561794  /system/lib64/libart.so (ExecuteMterpImpl+14612)
2019-10-10 12:31:04.502 5753-5753/? A/DEBUG:     #166 pc 00000000003de2ec  /system/framework/boot-framework.vdex (android.app.ActivityThread.main+428)
2019-10-10 12:31:04.502 5753-5753/? A/DEBUG:     #167 pc 0000000000257cb4  /system/lib64/libart.so (_ZN3art11interpreterL7ExecuteEPNS_6ThreadERKNS_20CodeItemDataAccessorERNS_11ShadowFrameENS_6JValueEb.llvm.4019025862+488)
2019-10-10 12:31:04.502 5753-5753/? A/DEBUG:     #168 pc 000000000052aa88  /system/lib64/libart.so (artQuickToInterpreterBridge+1020)
2019-10-10 12:31:04.502 5753-5753/? A/DEBUG:     #169 pc 00000000005780fc  /system/lib64/libart.so (art_quick_to_interpreter_bridge+92)
2019-10-10 12:31:04.502 5753-5753/? A/DEBUG:     #170 pc 000000000056f24c  /system/lib64/libart.so (art_quick_invoke_static_stub+604)
2019-10-10 12:31:04.502 5753-5753/? A/DEBUG:     #171 pc 00000000000d4224  /system/lib64/libart.so (art::ArtMethod::Invoke(art::Thread*, unsigned int*, unsigned int, art::JValue*, char const*)+232)
2019-10-10 12:31:04.502 5753-5753/? A/DEBUG:     #172 pc 0000000000472fd4  /system/lib64/libart.so (art::(anonymous namespace)::InvokeWithArgArray(art::ScopedObjectAccessAlreadyRunnable const&, art::ArtMethod*, art::(anonymous namespace)::ArgArray*, art::JValue*, char const*)+104)
2019-10-10 12:31:04.502 5753-5753/? A/DEBUG:     #173 pc 0000000000474a28  /system/lib64/libart.so (art::InvokeMethod(art::ScopedObjectAccessAlreadyRunnable const&, _jobject*, _jobject*, _jobject*, unsigned long)+1440)
2019-10-10 12:31:04.502 5753-5753/? A/DEBUG:     #174 pc 00000000004043ac  /system/lib64/libart.so (art::Method_invoke(_JNIEnv*, _jobject*, _jobject*, _jobjectArray*)+52)
2019-10-10 12:31:04.502 5753-5753/? A/DEBUG:     #175 pc 00000000001456d4  /system/framework/arm64/boot.oat (offset 0x13b000) (java.lang.Class.getDeclaredMethodInternal [DEDUPED]+180)
2019-10-10 12:31:04.502 5753-5753/? A/DEBUG:     #176 pc 000000000056ef88  /system/lib64/libart.so (art_quick_invoke_stub+584)
2019-10-10 12:31:04.502 5753-5753/? A/DEBUG:     #177 pc 00000000000d4204  /system/lib64/libart.so (art::ArtMethod::Invoke(art::Thread*, unsigned int*, unsigned int, art::JValue*, char const*)+200)
2019-10-10 12:31:04.502 5753-5753/? A/DEBUG:     #178 pc 0000000000283fa8  /system/lib64/libart.so (art::interpreter::ArtInterpreterToCompiledCodeBridge(art::Thread*, art::ArtMethod*, art::ShadowFrame*, unsigned short, art::JValue*)+344)
2019-10-10 12:31:04.502 5753-5753/? A/DEBUG:     #179 pc 000000000027dfb0  /system/lib64/libart.so (bool art::interpreter::DoCall<false, false>(art::ArtMethod*, art::Thread*, art::ShadowFrame&, art::Instruction const*, unsigned short, art::JValue*)+968)
2019-10-10 12:31:04.502 5753-5753/? A/DEBUG:     #180 pc 000000000053ea98  /system/lib64/libart.so (MterpInvokeVirtual+588)
2019-10-10 12:31:04.502 5753-5753/? A/DEBUG:     #181 pc 0000000000561614  /system/lib64/libart.so (ExecuteMterpImpl+14228)
2019-10-10 12:31:04.502 5753-5753/? A/DEBUG:     #182 pc 000000000122bd7c  /system/framework/boot-framework.vdex (com.android.internal.os.RuntimeInit$MethodAndArgsCaller.run+22)
2019-10-10 12:31:04.502 5753-5753/? A/DEBUG:     #183 pc 0000000000257cb4  /system/lib64/libart.so (_ZN3art11interpreterL7ExecuteEPNS_6ThreadERKNS_20CodeItemDataAccessorERNS_11ShadowFrameENS_6JValueEb.llvm.4019025862+488)
2019-10-10 12:31:04.502 5753-5753/? A/DEBUG:     #184 pc 000000000052aa88  /system/lib64/libart.so (artQuickToInterpreterBridge+1020)
2019-10-10 12:31:04.502 5753-5753/? A/DEBUG:     #185 pc 00000000005780fc  /system/lib64/libart.so (art_quick_to_interpreter_bridge+92)
2019-10-10 12:31:04.502 5753-5753/? A/DEBUG:     #186 pc 0000000000ee3d8c  /system/framework/arm64/boot-framework.oat (offset 0x415000) (com.android.internal.os.ZygoteInit.main+2540)
2019-10-10 12:31:04.502 5753-5753/? A/DEBUG:     #187 pc 000000000056f24c  /system/lib64/libart.so (art_quick_invoke_static_stub+604)
2019-10-10 12:31:04.502 5753-5753/? A/DEBUG:     #188 pc 00000000000d4224  /system/lib64/libart.so (art::ArtMethod::Invoke(art::Thread*, unsigned int*, unsigned int, art::JValue*, char const*)+232)
2019-10-10 12:31:04.502 5753-5753/? A/DEBUG:     #189 pc 0000000000472fd4  /system/lib64/libart.so (art::(anonymous namespace)::InvokeWithArgArray(art::ScopedObjectAccessAlreadyRunnable const&, art::ArtMethod*, art::(anonymous namespace)::ArgArray*, art::JValue*, char const*)+104)
2019-10-10 12:31:04.502 5753-5753/? A/DEBUG:     #190 pc 0000000000472c34  /system/lib64/libart.so (art::InvokeWithVarArgs(art::ScopedObjectAccessAlreadyRunnable const&, _jobject*, _jmethodID*, std::__va_list)+424)
2019-10-10 12:31:04.502 5753-5753/? A/DEBUG:     #191 pc 0000000000367254  /system/lib64/libart.so (art::JNI::CallStaticVoidMethodV(_JNIEnv*, _jclass*, _jmethodID*, std::__va_list)+652)
2019-10-10 12:31:04.502 5753-5753/? A/DEBUG:     #192 pc 00000000000b9810  /system/lib64/libandroid_runtime.so (_JNIEnv::CallStaticVoidMethod(_jclass*, _jmethodID*, ...)+120)
2019-10-10 12:31:04.502 5753-5753/? A/DEBUG:     #193 pc 00000000000bc588  /system/lib64/libandroid_runtime.so (android::AndroidRuntime::start(char const*, android::Vector<android::String8> const&, bool)+780)
2019-10-10 12:31:04.502 5753-5753/? A/DEBUG:     #194 pc 0000000000002368  /system/bin/app_process64 (main+1444)
2019-10-10 12:31:04.502 5753-5753/? A/DEBUG:     #195 pc 00000000000ae7e4  /system/lib64/libc.so (__libc_init+88)
2019-10-10 12:31:04.661 5589-5768/? E/CursorWindow: Failed to read row 0, column 3 from a CursorWindow which has 7 rows, 3 columns.
2019-10-10 12:31:04.662 5589-5768/? E/ContactsProvider: DeleteContactsReportReceiver report delete contacts info error
2019-10-10 12:31:05.240 759-759/? E//system/bin/tombstoned: Tombstone written to: /data/tombstones/tombstone_01
2019-10-10 12:31:05.253 757-3025/? E/iMonitor: FaultDetect: DUMPTOOL_PRINTF return.
2019-10-10 12:31:05.253 757-3025/? E/iMonitor: FaultDetect: DUMPTOOL_PRINTF return.
2019-10-10 12:31:05.254 757-3025/? E/iMonitor: FaultDetect: DUMPTOOL_PRINTF return.
2019-10-10 12:31:05.269 745-765/? E/AwareLog: iawared: change_property_content open /proc/5660/task/5713/static_vip fail errno(2)!
2019-10-10 12:31:05.277 1941-2667/? E/AwareLog: SPKSchedFeature: Uid has been sent, ignore.
2019-10-10 12:31:05.293 1941-2740/? E/AwareLog: GameSdkConfigReader: GameSdkLog: idNameMap: null
2019-10-10 12:31:05.368 730-1527/? E/dubaid: [DubaiUtils.h] parseMessage# Failed to find second tag: uid=
2019-10-10 12:31:05.368 730-1527/? E/dubaid: [SystemHandler.cpp] parsePartialWakelockAcquiredMessage# Failed to parse count: lock=172055021 tag=IntentOp:.common.broadcast.BackgroundBroadcastReceiverSupport$PersistentReceiverIntentOperation count=0
2019-10-10 12:31:05.368 730-1527/? E/dubaid: [SystemHandler.cpp] onPartialWakelockAcquireMessage# Failed to parse message
2019-10-10 12:31:05.369 1158-1551/? E/InputDispatcher: channel 'c7fb66a com.virobugs/com.virobugs.MainActivity (server)' ~ Channel is unrecoverably broken and will be disposed!
2019-10-10 12:31:05.374 751-751/? E/SensorHub: get_acc_convert_coff = 1000.000000
2019-10-10 12:31:05.385 1158-5579/? E/AwareLog: CPUKeyBackground: checkIsTargetGroup read catch IOException msg = /proc/5660/cpuset (No such file or directory)
2019-10-10 12:31:05.393 1941-2740/? E/AwareLog: GameSdkConfigReader: GameSdkLog: idNameMap: null
2019-10-10 12:31:05.394 1845-25434/? E/HsmCoreServiceImpl: onTransact in code is: 102
2019-10-10 12:31:05.395 1845-2204/? E/Hicom_PolicyCenterService: handleAppDied. null == mMultipathAppsMap
2019-10-10 12:31:05.395 1158-1671/? E/WindowManager: win=Window{c7fb66a u0 com.virobugs/com.virobugs.MainActivity EXITING} destroySurfaces: appStopped=false win.mWindowRemovalAllowed=true win.mRemoveOnExit=true
2019-10-10 12:31:05.438 1845-2204/? E/XEngineMpipControl: Invalid SubId
2019-10-10 12:31:05.444 1979-2052/? E/HwLauncher: SettingsEx , no such field.
2019-10-10 12:31:05.450 1845-10398/? E/DollieAdapterService: notifyActivityState pkg:com.virobugs/com.virobugs.MainActivity state:18 fg:false mUid:10347
2019-10-10 12:31:05.451 1845-3259/? E/HsmCoreServiceImpl: onTransact in code is: 103
2019-10-10 12:31:05.465 730-1527/? E/dubaid: [DubaiUtils.h] parseMessage# Failed to find second tag: uid=
2019-10-10 12:31:05.465 730-1527/? E/dubaid: [SystemHandler.cpp] parsePartialWakelockAcquiredMessage# Failed to parse count: lock=96771371 tag=IntentOp:.common.broadcast.BackgroundBroadcastReceiverSupport$GmsReceiverIntentOperation count=0
2019-10-10 12:31:05.465 730-1527/? E/dubaid: [SystemHandler.cpp] onPartialWakelockAcquireMessage# Failed to parse message
2019-10-10 12:31:05.478 3460-3476/? E/AppLifeChangeSensor:  CAWARENESS: activityResumed mAppLifeChangeCallback is null
2019-10-10 12:31:05.478 1845-10398/? E/DollieAdapterService: notifyActivityState pkg:com.huawei.android.launcher/com.huawei.android.launcher.unihome.UniHomeLauncher state:2 fg:true mUid:10104
2019-10-10 12:31:05.492 730-1527/? E/dubaid: [DubaiUtils.h] parseMessage# Failed to find second tag: uid=
2019-10-10 12:31:05.492 730-1527/? E/dubaid: [SystemHandler.cpp] parsePartialWakelockAcquiredMessage# Failed to parse count: lock=191750407 tag=IntentOp:.common.broadcast.BackgroundBroadcastReceiverSupport$GmsReceiverIntentOperation count=0
2019-10-10 12:31:05.492 730-1527/? E/dubaid: [SystemHandler.cpp] onPartialWakelockAcquireMessage# Failed to parse message
2019-10-10 12:31:05.495 730-1527/? E/dubaid: [SystemHandler.cpp] onPartialWakelockReleaseMessage# Already released, lock: 172055021
2019-10-10 12:31:05.497 730-1527/? E/dubaid: [DubaiUtils.h] parseMessage# Failed to find second tag: uid=
2019-10-10 12:31:05.497 730-1527/? E/dubaid: [SystemHandler.cpp] parsePartialWakelockAcquiredMessage# Failed to parse count: lock=180560436 tag=IntentOp:.common.broadcast.BackgroundBroadcastReceiverSupport$PersistentReceiverIntentOperation count=0
2019-10-10 12:31:05.497 730-1527/? E/dubaid: [SystemHandler.cpp] onPartialWakelockAcquireMessage# Failed to parse message
2019-10-10 12:31:05.502 730-1527/? E/dubaid: [SystemHandler.cpp] onPartialWakelockReleaseMessage# Already released, lock: 96771371
2019-10-10 12:31:05.508 730-1527/? E/dubaid: [SystemHandler.cpp] onPartialWakelockReleaseMessage# Already released, lock: 191750407
2019-10-10 12:31:05.513 730-1527/? E/dubaid: [SystemHandler.cpp] onPartialWakelockReleaseMessage# Already released, lock: 180560436
2019-10-10 12:31:05.698 730-876/? E/dubaid: [CpuHandler.cpp] findUidEntry# Uid(10345) has not package, maybe it's already uninstalled
2019-10-10 12:31:05.698 730-876/? E/dubaid: [CpuHandler.cpp] setUidCpuTime# Failed to find uid entry
2019-10-10 12:31:07.254 757-3025/? E/iMonitor: FaultDetect: DUMPTOOL_PRINTF return.
2019-10-10 12:31:07.266 757-3025/? E/iMonitor: FaultDetect: DUMPTOOL_PRINTF return.
2019-10-10 12:31:08.870 741-741/? E/Thermal-daemon: [charger_ic] temp_new :39  temp_old :38
2019-10-10 12:31:08.874 741-741/? E/Thermal-daemon: Report temperature: [charger_ic] temp :39  report_threshold:1
2019-10-10 12:31:08.875 741-741/? E/Thermal-daemon: [ap] temp_new :40  temp_old :39
2019-10-10 12:31:08.876 741-741/? E/Thermal-daemon: Report temperature: [ap] temp :40  report_threshold:1
