2019-10-10 12:31:03.825 5660-5728/com.virobugs W/unknown:ViewManagerPropertyUpdater: Could not find generated setter for class com.facebook.react.views.progressbar.ReactProgressBarViewManager
2019-10-10 12:31:03.826 5660-5728/com.virobugs W/unknown:ViewManagerPropertyUpdater: Could not find generated setter for class com.facebook.react.views.progressbar.ProgressBarShadowNode
2019-10-10 12:31:03.828 5660-5728/com.virobugs W/unknown:ViewManagerPropertyUpdater: Could not find generated setter for class com.facebook.react.views.scroll.ReactScrollViewManager
2019-10-10 12:31:03.832 5660-5728/com.virobugs W/unknown:ViewManagerPropertyUpdater: Could not find generated setter for class com.facebook.react.views.slider.ReactSliderManager
2019-10-10 12:31:03.834 5660-5728/com.virobugs W/unknown:ViewManagerPropertyUpdater: Could not find generated setter for class com.facebook.react.views.slider.ReactSliderManager$ReactSliderShadowNode
2019-10-10 12:31:03.835 5660-5728/com.virobugs W/unknown:ViewManagerPropertyUpdater: Could not find generated setter for class com.facebook.react.views.switchview.ReactSwitchManager
2019-10-10 12:31:03.837 5660-5728/com.virobugs W/unknown:ViewManagerPropertyUpdater: Could not find generated setter for class com.facebook.react.views.switchview.ReactSwitchManager$ReactSwitchShadowNode
2019-10-10 12:31:03.838 5660-5728/com.virobugs W/unknown:ViewManagerPropertyUpdater: Could not find generated setter for class com.facebook.react.views.toolbar.ReactToolbarManager
2019-10-10 12:31:03.840 5660-5728/com.virobugs W/unknown:ViewManagerPropertyUpdater: Could not find generated setter for class com.facebook.react.views.webview.ReactWebViewManager
2019-10-10 12:31:03.843 5660-5728/com.virobugs W/unknown:ViewManagerPropertyUpdater: Could not find generated setter for class com.facebook.react.views.swiperefresh.SwipeRefreshLayoutManager
2019-10-10 12:31:03.845 5660-5728/com.virobugs W/unknown:ViewManagerPropertyUpdater: Could not find generated setter for class com.facebook.react.views.art.ARTSurfaceViewManager
2019-10-10 12:31:03.846 5660-5728/com.virobugs W/unknown:ViewManagerPropertyUpdater: Could not find generated setter for class com.facebook.react.views.art.ARTSurfaceViewShadowNode
2019-10-10 12:31:03.847 5660-5728/com.virobugs W/unknown:ViewManagerPropertyUpdater: Could not find generated setter for class com.facebook.react.views.text.frescosupport.FrescoBasedReactTextInlineImageViewManager
2019-10-10 12:31:03.847 5660-5728/com.virobugs W/unknown:ViewManagerPropertyUpdater: Could not find generated setter for class com.facebook.react.views.text.frescosupport.FrescoBasedReactTextInlineImageShadowNode
2019-10-10 12:31:03.850 1158-1514/? V/WindowManager: Exit animation finished in Window{b662a29 u0 Splash Screen com.virobugs EXITING}: remove=true
2019-10-10 12:31:03.850 5660-5728/com.virobugs W/unknown:ViewManagerPropertyUpdater: Could not find generated setter for class com.facebook.react.views.image.ReactImageManager
2019-10-10 12:31:03.850 1158-1514/? E/WindowManager: win=Window{b662a29 u0 Splash Screen com.virobugs EXITING} destroySurfaces: appStopped=false win.mWindowRemovalAllowed=true win.mRemoveOnExit=true
2019-10-10 12:31:03.850 1158-1514/? V/WindowManager: postWindowRemoveCleanupLocked: Window{b662a29 u0 Splash Screen com.virobugs}
2019-10-10 12:31:03.850 1158-1514/? V/WindowManager: Removing Window{b662a29 u0 Splash Screen com.virobugs} from AppWindowToken{7b98f75 token=Token{eaa6ac ActivityRecord{a574c5f u0 com.virobugs/.MainActivity t6723}}}
2019-10-10 12:31:03.852 1158-1272/? I/StatusBarDisable: setFlags what=0 which=1 pkg=Window{c7fb66a u0 com.virobugs/com.virobugs.MainActivity}
2019-10-10 12:31:03.853 5660-5728/com.virobugs W/unknown:ViewManagerPropertyUpdater: Could not find generated setter for class com.facebook.react.views.modal.ReactModalHostManager
2019-10-10 12:31:03.854 5660-5728/com.virobugs W/unknown:ViewManagerPropertyUpdater: Could not find generated setter for class com.facebook.react.views.modal.ModalHostShadowNode
2019-10-10 12:31:03.855 5660-5728/com.virobugs W/unknown:ViewManagerPropertyUpdater: Could not find generated setter for class com.facebook.react.views.text.ReactRawTextManager
2019-10-10 12:31:03.855 5660-5728/com.virobugs W/unknown:ViewManagerPropertyUpdater: Could not find generated setter for class com.facebook.react.views.text.ReactRawTextShadowNode
2019-10-10 12:31:03.856 5660-5728/com.virobugs W/unknown:ViewManagerPropertyUpdater: Could not find generated setter for class com.facebook.react.views.textinput.ReactTextInputManager
2019-10-10 12:31:03.862 5660-5728/com.virobugs W/unknown:ViewManagerPropertyUpdater: Could not find generated setter for class com.facebook.react.views.textinput.ReactTextInputShadowNode
2019-10-10 12:31:03.867 5660-5728/com.virobugs W/unknown:ViewManagerPropertyUpdater: Could not find generated setter for class com.facebook.react.views.text.ReactTextViewManager
2019-10-10 12:31:03.867 741-741/? E/Thermal-daemon: [charger_ic] temp_new :38  temp_old :37
2019-10-10 12:31:03.868 741-741/? E/Thermal-daemon: Report temperature: [charger_ic] temp :38  report_threshold:1
2019-10-10 12:31:03.868 1941-2666/? D/HwThermalStateManager: Thermal type: 2 cur_temperature:38
2019-10-10 12:31:03.869 5660-5728/com.virobugs W/unknown:ViewManagerPropertyUpdater: Could not find generated setter for class com.facebook.react.views.text.ReactTextShadowNode
2019-10-10 12:31:03.871 5660-5728/com.virobugs W/unknown:ViewManagerPropertyUpdater: Could not find generated setter for class com.facebook.react.views.view.ReactViewManager
2019-10-10 12:31:03.875 5660-5728/com.virobugs W/unknown:ViewManagerPropertyUpdater: Could not find generated setter for class com.facebook.react.views.viewpager.ReactViewPagerManager
2019-10-10 12:31:03.877 5660-5728/com.virobugs W/unknown:ViewManagerPropertyUpdater: Could not find generated setter for class com.facebook.react.views.text.ReactVirtualTextViewManager
2019-10-10 12:31:03.877 5660-5728/com.virobugs W/unknown:ViewManagerPropertyUpdater: Could not find generated setter for class com.facebook.react.views.text.ReactVirtualTextShadowNode
2019-10-10 12:31:03.878 5660-5728/com.virobugs W/unknown:ViewManagerPropertyUpdater: Could not find generated setter for class com.viromedia.bridge.component.VRTSceneNavigatorManager
2019-10-10 12:31:03.880 5660-5728/com.virobugs W/unknown:ViewManagerPropertyUpdater: Could not find generated setter for class com.viromedia.bridge.component.VRTVRSceneNavigatorManager
2019-10-10 12:31:03.883 5660-5728/com.virobugs W/unknown:ViewManagerPropertyUpdater: Could not find generated setter for class com.viromedia.bridge.component.node.VRTSceneManagerImpl
2019-10-10 12:31:03.885 5660-5728/com.virobugs W/unknown:ViewManagerPropertyUpdater: Could not find generated setter for class com.viromedia.bridge.component.VRT3DSceneNavigatorManager
2019-10-10 12:31:03.887 5660-5728/com.virobugs W/unknown:ViewManagerPropertyUpdater: Could not find generated setter for class com.viromedia.bridge.component.node.control.VRTBoxManager
2019-10-10 12:31:03.891 5660-5728/com.virobugs W/unknown:ViewManagerPropertyUpdater: Could not find generated setter for class com.viromedia.bridge.component.node.VRTNodeManager$FlexEnabledShadowNode
2019-10-10 12:31:03.894 5660-5728/com.virobugs W/unknown:ViewManagerPropertyUpdater: Could not find generated setter for class com.viromedia.bridge.component.node.control.VRTGeometryManager
2019-10-10 12:31:03.895 5660-5728/com.virobugs W/unknown:ViewManagerPropertyUpdater: Could not find generated setter for class com.viromedia.bridge.component.node.control.VRTVideoSurfaceManager
2019-10-10 12:31:03.897 5660-5728/com.virobugs W/unknown:ViewManagerPropertyUpdater: Could not find generated setter for class com.viromedia.bridge.component.VRT360VideoManager
2019-10-10 12:31:03.899 5660-5728/com.virobugs W/unknown:ViewManagerPropertyUpdater: Could not find generated setter for class com.viromedia.bridge.component.node.VRTNodeManagerImpl
2019-10-10 12:31:03.900 5660-5728/com.virobugs W/unknown:ViewManagerPropertyUpdater: Could not find generated setter for class com.viromedia.bridge.component.node.VRTCameraManager
2019-10-10 12:31:03.901 5660-5728/com.virobugs W/unknown:ViewManagerPropertyUpdater: Could not find generated setter for class com.viromedia.bridge.component.node.VRTOrbitCameraManager
2019-10-10 12:31:03.902 5660-5728/com.virobugs W/unknown:ViewManagerPropertyUpdater: Could not find generated setter for class com.viromedia.bridge.component.node.control.VRTSphereManager
2019-10-10 12:31:03.903 5660-5728/com.virobugs W/unknown:ViewManagerPropertyUpdater: Could not find generated setter for class com.viromedia.bridge.component.node.control.VRTImageManager
2019-10-10 12:31:03.905 5660-5728/com.virobugs W/unknown:ViewManagerPropertyUpdater: Could not find generated setter for class com.viromedia.bridge.component.VRT360ImageManager
2019-10-10 12:31:03.906 5660-5728/com.virobugs W/unknown:ViewManagerPropertyUpdater: Could not find generated setter for class com.viromedia.bridge.component.VRTSkyBoxManager
2019-10-10 12:31:03.907 5660-5728/com.virobugs W/unknown:ViewManagerPropertyUpdater: Could not find generated setter for class com.viromedia.bridge.component.node.VRTFlexViewManager
2019-10-10 12:31:03.908 5660-5728/com.virobugs W/unknown:ViewManagerPropertyUpdater: Could not find generated setter for class com.viromedia.bridge.component.VRTAnimatedComponentManager
2019-10-10 12:31:03.909 5660-5728/com.virobugs W/unknown:ViewManagerPropertyUpdater: Could not find generated setter for class com.viromedia.bridge.component.node.control.VRTQuadManager
2019-10-10 12:31:03.911 5660-5728/com.virobugs W/unknown:ViewManagerPropertyUpdater: Could not find generated setter for class com.viromedia.bridge.component.node.control.VRTAnimatedImageManager
2019-10-10 12:31:03.912 5660-5728/com.virobugs W/unknown:ViewManagerPropertyUpdater: Could not find generated setter for class com.viromedia.bridge.component.node.control.VRTPolygonManager
2019-10-10 12:31:03.913 5660-5728/com.virobugs W/unknown:ViewManagerPropertyUpdater: Could not find generated setter for class com.viromedia.bridge.component.VRTDirectionalLightManager
2019-10-10 12:31:03.915 5660-5728/com.virobugs W/unknown:ViewManagerPropertyUpdater: Could not find generated setter for class com.viromedia.bridge.component.VRTAmbientLightManager
2019-10-10 12:31:03.916 5660-5728/com.virobugs W/unknown:ViewManagerPropertyUpdater: Could not find generated setter for class com.viromedia.bridge.component.VRTSpotLightManager
2019-10-10 12:31:03.917 1158-7849/? V/BroadcastQueue: Finished with ordered broadcast BroadcastRecord{9f12f3c u0 com.android.internal.telephony.data-stall}
2019-10-10 12:31:03.918 5660-5728/com.virobugs W/unknown:ViewManagerPropertyUpdater: Could not find generated setter for class com.viromedia.bridge.component.VRTOmniLightManager
2019-10-10 12:31:03.919 5660-5728/com.virobugs W/unknown:ViewManagerPropertyUpdater: Could not find generated setter for class com.viromedia.bridge.component.VRTSoundManager
2019-10-10 12:31:03.920 5660-5728/com.virobugs W/unknown:ViewManagerPropertyUpdater: Could not find generated setter for class com.viromedia.bridge.component.VRTSoundFieldManager
2019-10-10 12:31:03.921 5660-5728/com.virobugs W/unknown:ViewManagerPropertyUpdater: Could not find generated setter for class com.viromedia.bridge.component.VRTSpatialSoundManager
2019-10-10 12:31:03.923 5660-5728/com.virobugs W/unknown:ViewManagerPropertyUpdater: Could not find generated setter for class com.viromedia.bridge.component.node.control.VRTTextManager
2019-10-10 12:31:03.925 5660-5728/com.virobugs W/unknown:ViewManagerPropertyUpdater: Could not find generated setter for class com.viromedia.bridge.component.node.control.VRT3DObjectManager
2019-10-10 12:31:03.926 5660-5728/com.virobugs W/unknown:ViewManagerPropertyUpdater: Could not find generated setter for class com.viromedia.bridge.component.VRTControllerManager
2019-10-10 12:31:03.928 5660-5728/com.virobugs W/unknown:ViewManagerPropertyUpdater: Could not find generated setter for class com.viromedia.bridge.component.node.control.VRTPolylineManager
2019-10-10 12:31:03.928 5660-5728/com.virobugs W/unknown:ViewManagerPropertyUpdater: Could not find generated setter for class com.viromedia.bridge.component.node.control.VRTParticleEmitterManager
2019-10-10 12:31:03.929 5660-5728/com.virobugs W/unknown:ViewManagerPropertyUpdater: Could not find generated setter for class com.viromedia.bridge.component.node.VRTPortalSceneManager
2019-10-10 12:31:03.930 5660-5728/com.virobugs W/unknown:ViewManagerPropertyUpdater: Could not find generated setter for class com.viromedia.bridge.component.node.VRTPortalManager
2019-10-10 12:31:03.931 5660-5728/com.virobugs W/unknown:ViewManagerPropertyUpdater: Could not find generated setter for class com.viromedia.bridge.component.VRTLightingEnvironmentManager
2019-10-10 12:31:03.931 5660-5728/com.virobugs W/unknown:ViewManagerPropertyUpdater: Could not find generated setter for class com.viromedia.bridge.component.VRTMaterialVideoManager
2019-10-10 12:31:03.932 5660-5728/com.virobugs W/unknown:ViewManagerPropertyUpdater: Could not find generated setter for class com.viromedia.bridge.component.VRTARSceneNavigatorManager
2019-10-10 12:31:03.933 5660-5728/com.virobugs W/unknown:ViewManagerPropertyUpdater: Could not find generated setter for class com.viromedia.bridge.component.node.VRTARSceneManager
2019-10-10 12:31:03.935 5660-5728/com.virobugs W/unknown:ViewManagerPropertyUpdater: Could not find generated setter for class com.viromedia.bridge.component.node.VRTARPlaneManager
2019-10-10 12:31:03.936 5660-5728/com.virobugs W/unknown:ViewManagerPropertyUpdater: Could not find generated setter for class com.viromedia.bridge.component.node.VRTARImageMarkerManager
2019-10-10 12:31:03.937 5660-5728/com.virobugs W/unknown:ViewManagerPropertyUpdater: Could not find generated setter for class com.viromedia.bridge.component.node.VRTARObjectMarkerManager
2019-10-10 12:31:03.950 5660-5728/com.virobugs D/SoLoader: About to load: libyoga.so
2019-10-10 12:31:03.950 5660-5728/com.virobugs D/SoLoader: libyoga.so not found on /data/data/com.virobugs/lib-main
2019-10-10 12:31:03.950 5660-5728/com.virobugs D/SoLoader: libyoga.so found on /data/app/com.virobugs-G2e6dFEXAvjbdW9Ub0Aq5g==/lib/arm64
2019-10-10 12:31:03.950 5660-5728/com.virobugs D/SoLoader: Not resolving dependencies for libyoga.so
2019-10-10 12:31:03.952 5660-5728/com.virobugs D/SoLoader: Loaded: libyoga.so
2019-10-10 12:31:03.972 5660-5728/com.virobugs D/SoLoader: init exiting
2019-10-10 12:31:03.989 1158-1271/? I/ActivityManager: App 10029/com.google.android.googlequicksearchbox targets O+, restricted
2019-10-10 12:31:04.009 5660-5728/com.virobugs I/WebViewFactory: Loading com.android.chrome version 77.0.3865.92 (code 386509237)
2019-10-10 12:31:04.014 1158-3510/? I/AppWidgetServiceImpl: Widget is null when scheduleNotifyUpdateAppWidgetLocked
2019-10-10 12:31:04.029 1158-6698/? V/BroadcastQueue: Finished with ordered broadcast BroadcastRecord{c7d94c5 u0 update-hint}
2019-10-10 12:31:04.051 5660-5728/com.virobugs I/cr_LibraryLoader: Time to load native libraries: 3 ms (timestamps 6437-6440)
2019-10-10 12:31:04.060 5660-5728/com.virobugs I/chromium: [INFO:library_loader_hooks.cc(51)] Chromium logging enabled: level = 0, default verbosity = 0
2019-10-10 12:31:04.060 5660-5728/com.virobugs I/cr_LibraryLoader: Expected native library version number "77.0.3865.92", actual native library version number "77.0.3865.92"
2019-10-10 12:31:04.067 1158-1158/? D/JobScheduler: Maybe queuing ready jobs...
2019-10-10 12:31:04.203 5660-5727/? I/ReactNativeJS: Running application "virobugs" with appParams: {"rootTag":1}. __DEV__ === true, development-level warning are ON, performance optimizations are OFF
2019-10-10 12:31:04.241 5660-5728/? W/unknown:ViewManagerPropertyUpdater: Could not find generated setter for class com.viromedia.bridge.component.VRTViroViewGroupManager$ViroLayoutShadowNode
2019-10-10 12:31:04.256 5660-5660/? W/com.virobugs: Accessing hidden method Landroid/text/SpannableStringInternal;->length()I (light greylist, linking)
2019-10-10 12:31:04.256 5660-5660/? W/com.virobugs: Accessing hidden field Landroid/view/View;->mAccessibilityDelegate:Landroid/view/View$AccessibilityDelegate; (light greylist, reflection)
2019-10-10 12:31:04.277 5660-5660/? W/Viro: [******************************** ABORT ********************************]
2019-10-10 12:31:04.277 5660-5660/? W/Viro:         File: /Users/manish/workspace/ViroRenderer/ViroRenderer/VROPlatformUtil.cpp
2019-10-10 12:31:04.277 5660-5660/? W/Viro:         Line: 448
2019-10-10 12:31:04.277 5660-5660/? W/Viro:     Function: getJNIEnv
2019-10-10 12:31:04.277 5660-5660/? W/Viro:       Reason: ASSERTION FAILED
      Expression: sVM != nullptr
2019-10-10 12:31:04.285 5660-5660/? I/Viro: *** *** *** *** *** *** *** *** *** *** *** *** *** *** *** ***
2019-10-10 12:31:04.285 5660-5660/? I/Viro:           #00  pc 000000009aa7ac44  /dev/ashmem/dalvik-non moving space (deleted)

    --------- beginning of crash
2019-10-10 12:31:04.285 5660-5660/? A/libc: Fatal signal 11 (SIGSEGV), code 1 (SEGV_MAPERR), fault addr 0x5279706f436f54 in tid 5660 (com.virobugs), pid 5660 (com.virobugs)
2019-10-10 12:31:04.314 1845-2204/? D/Hicom_PolicyCenterService: MESSAGE_NETSTATE_CHANGED_PATHSELECTION received
2019-10-10 12:31:04.344 5753-5753/? I/crash_dump64: obtaining output fd from tombstoned, type: kDebuggerdTombstone
2019-10-10 12:31:04.344 759-759/? I//system/bin/tombstoned: received crash request for pid 5660
2019-10-10 12:31:04.345 5753-5753/? I/crash_dump64: performing dump of process 5660 (target tid = 5660)
2019-10-10 12:31:04.353 5753-5753/? A/DEBUG: *** *** *** *** *** *** *** *** *** *** *** *** *** *** *** ***
2019-10-10 12:31:04.353 5753-5753/? A/DEBUG: Build fingerprint: 'HUAWEI/EML-L09/HWEML:9/HUAWEIEML-L09/328C109:user/release-keys'
2019-10-10 12:31:04.353 5753-5753/? A/DEBUG: Revision: '0'
2019-10-10 12:31:04.353 5753-5753/? A/DEBUG: ABI: 'arm64'
2019-10-10 12:31:04.353 5753-5753/? A/DEBUG: Happend: 'Thu Oct 10 12:31:04 2019
    '
2019-10-10 12:31:04.353 5753-5753/? A/DEBUG: SYSVMTYPE: Art
    APPVMTYPE: Art
2019-10-10 12:31:04.353 5753-5753/? A/DEBUG: pid: 5660, tid: 5660, name: com.virobugs  >>> com.virobugs <<<
2019-10-10 12:31:04.353 5753-5753/? A/DEBUG: signal 11 (SIGSEGV), code 1 (SEGV_MAPERR), fault addr 0x5279706f436f54
2019-10-10 12:31:04.354 5753-5753/? A/DEBUG:     x0  0000007b9f1740f1  x1  0000000000000000  x2  0000000000000000  x3  0000000000000000
2019-10-10 12:31:04.354 5753-5753/? A/DEBUG:     x4  002a2a2a00000000  x5  0000008000000000  x6  4558430000000000  x7  0000000080435845
2019-10-10 12:31:04.354 5753-5753/? A/DEBUG:     x8  6f5279706f436f54  x9  0000007ba28dd098  x10 0000000000004001  x11 0000000000000000
2019-10-10 12:31:04.354 5753-5753/? A/DEBUG:     x12 00000000000000b0  x13 0000000000000003  x14 ffffff0000000000  x15 4558430000000000
2019-10-10 12:31:04.354 5753-5753/? A/DEBUG:     x16 0000007b9fd8a648  x17 0000007b9f31afc4  x18 0000000000000001  x19 000000000000001f
2019-10-10 12:31:04.354 5753-5753/? A/DEBUG:     x20 0000007fda7d06b8  x21 0000000000000001  x22 0000007b9facb050  x23 0000007bbead0b00
2019-10-10 12:31:04.354 5753-5753/? A/DEBUG:     x24 0000007b9f3ff240  x25 0000007b9f1740f1  x26 0000007ba28dd098  x27 0000000000000000
2019-10-10 12:31:04.354 5753-5753/? A/DEBUG:     x28 0000007b9facb096  x29 0000007fda7d0680
2019-10-10 12:31:04.354 5753-5753/? A/DEBUG:     sp  0000007fda7d05f0  lr  0000007b9f31ae5c  pc  005279706f436f54
2019-10-10 12:31:04.466 745-783/? I/Pged-IPgedBinderService: ****action is 2, pid num is 3***
2019-10-10 12:31:04.466 745-783/? I/Pged-Freezer: thawPids
2019-10-10 12:31:04.470 1941-2217/? D/PgedBinderAdapter: unfrz ok, pid: [30152, 30253]
2019-10-10 12:31:04.500 5753-5753/? A/DEBUG: backtrace:
2019-10-10 12:31:04.500 5753-5753/? A/DEBUG:     #00 pc 005279706f436f54  <unknown>
2019-10-10 12:31:04.500 5753-5753/? A/DEBUG:     #01 pc 0000000000216e58  /data/app/com.virobugs-G2e6dFEXAvjbdW9Ub0Aq5g==/lib/arm64/libviro_renderer.so (log_backtrace(unsigned long*, unsigned long)+236)
2019-10-10 12:31:04.500 5753-5753/? A/DEBUG:     #02 pc 0000000000216ce0  /data/app/com.virobugs-G2e6dFEXAvjbdW9Ub0Aq5g==/lib/arm64/libviro_renderer.so (DebugStacktrace::logStacktrace(unsigned int)+80)
2019-10-10 12:31:04.500 5753-5753/? A/DEBUG:     #03 pc 00000000002e2a30  /data/app/com.virobugs-G2e6dFEXAvjbdW9Ub0Aq5g==/lib/arm64/libviro_renderer.so
2019-10-10 12:31:04.500 5753-5753/? A/DEBUG:     #04 pc 00000000002e2afc  /data/app/com.virobugs-G2e6dFEXAvjbdW9Ub0Aq5g==/lib/arm64/libviro_renderer.so
2019-10-10 12:31:04.500 5753-5753/? A/DEBUG:     #05 pc 00000000002e2aa0  /data/app/com.virobugs-G2e6dFEXAvjbdW9Ub0Aq5g==/lib/arm64/libviro_renderer.so (_pabort(char const*, int, char const*, char const*, ...)+80)
2019-10-10 12:31:04.500 5753-5753/? A/DEBUG:     #06 pc 00000000002fb2e8  /data/app/com.virobugs-G2e6dFEXAvjbdW9Ub0Aq5g==/lib/arm64/libviro_renderer.so (VROPlatformGetJNIEnv()+168)
2019-10-10 12:31:04.500 5753-5753/? A/DEBUG:     #07 pc 00000000002d4314  /data/app/com.virobugs-G2e6dFEXAvjbdW9Ub0Aq5g==/lib/arm64/libviro_renderer.so (ARUtilsCreateFloatArrayFromMatrix(VROMatrix4f)+20)
2019-10-10 12:31:04.500 5753-5753/? A/DEBUG:     #08 pc 000000000024e298  /data/app/com.virobugs-G2e6dFEXAvjbdW9Ub0Aq5g==/lib/arm64/libviro_renderer.so (Java_com_viro_core_Node_nativeUpdateAtomicUmbrellaBounds+256)
2019-10-10 12:31:04.500 5753-5753/? A/DEBUG:     #09 pc 0000000000577fe0  /system/lib64/libart.so (art_quick_generic_jni_trampoline+144)
2019-10-10 12:31:04.500 5753-5753/? A/DEBUG:     #10 pc 000000000056ef88  /system/lib64/libart.so (art_quick_invoke_stub+584)
2019-10-10 12:31:04.500 5753-5753/? A/DEBUG:     #11 pc 00000000000d4204  /system/lib64/libart.so (art::ArtMethod::Invoke(art::Thread*, unsigned int*, unsigned int, art::JValue*, char const*)+200)
2019-10-10 12:31:04.500 5753-5753/? A/DEBUG:     #12 pc 0000000000283fa8  /system/lib64/libart.so (art::interpreter::ArtInterpreterToCompiledCodeBridge(art::Thread*, art::ArtMethod*, art::ShadowFrame*, unsigned short, art::JValue*)+344)
2019-10-10 12:31:04.500 5753-5753/? A/DEBUG:     #13 pc 000000000027f0d4  /system/lib64/libart.so (bool art::interpreter::DoCall<true, false>(art::ArtMethod*, art::Thread*, art::ShadowFrame&, art::Instruction const*, unsigned short, art::JValue*)+748)
2019-10-10 12:31:04.500 5753-5753/? A/DEBUG:     #14 pc 000000000054160c  /system/lib64/libart.so (MterpInvokeDirectRange+244)
2019-10-10 12:31:04.500 5753-5753/? A/DEBUG:     #15 pc 0000000000561a14  /system/lib64/libart.so (ExecuteMterpImpl+15252)
2019-10-10 12:31:04.500 5753-5753/? A/DEBUG:     #16 pc 00000000000088e0  /dev/ashmem/dalvik-classes10.dex extracted in memory from /data/app/com.virobugs-G2e6dFEXAvjbdW9Ub0Aq5g==/base.apk!classes10.dex (deleted) (com.viro.core.Node.updateUmbrellaBounds+16)
2019-10-10 12:31:04.500 5753-5753/? A/DEBUG:     #17 pc 0000000000257cb4  /system/lib64/libart.so (_ZN3art11interpreterL7ExecuteEPNS_6ThreadERKNS_20CodeItemDataAccessorERNS_11ShadowFrameENS_6JValueEb.llvm.4019025862+488)
2019-10-10 12:31:04.500 5753-5753/? A/DEBUG:     #18 pc 000000000025d7a8  /system/lib64/libart.so (art::interpreter::ArtInterpreterToInterpreterBridge(art::Thread*, art::CodeItemDataAccessor const&, art::ShadowFrame*, art::JValue*)+216)
2019-10-10 12:31:04.500 5753-5753/? A/DEBUG:     #19 pc 000000000027df94  /system/lib64/libart.so (bool art::interpreter::DoCall<false, false>(art::ArtMethod*, art::Thread*, art::ShadowFrame&, art::Instruction const*, unsigned short, art::JValue*)+940)
2019-10-10 12:31:04.500 5753-5753/? A/DEBUG:     #20 pc 000000000053fdd8  /system/lib64/libart.so (MterpInvokeDirect+296)
2019-10-10 12:31:04.500 5753-5753/? A/DEBUG:     #21 pc 0000000000561714  /system/lib64/libart.so (ExecuteMterpImpl+14484)
2019-10-10 12:31:04.500 5753-5753/? A/DEBUG:     #22 pc 0000000000008912  /dev/ashmem/dalvik-classes10.dex extracted in memory from /data/app/com.virobugs-G2e6dFEXAvjbdW9Ub0Aq5g==/base.apk!classes10.dex (deleted) (com.viro.core.Node.updateUmbrellaBounds+66)
2019-10-10 12:31:04.500 5753-5753/? A/DEBUG:     #23 pc 0000000000257cb4  /system/lib64/libart.so (_ZN3art11interpreterL7ExecuteEPNS_6ThreadERKNS_20CodeItemDataAccessorERNS_11ShadowFrameENS_6JValueEb.llvm.4019025862+488)
2019-10-10 12:31:04.500 5753-5753/? A/DEBUG:     #24 pc 000000000025d7a8  /system/lib64/libart.so (art::interpreter::ArtInterpreterToInterpreterBridge(art::Thread*, art::CodeItemDataAccessor const&, art::ShadowFrame*, art::JValue*)+216)
2019-10-10 12:31:04.500 5753-5753/? A/DEBUG:     #25 pc 000000000027df94  /system/lib64/libart.so (bool art::interpreter::DoCall<false, false>(art::ArtMethod*, art::Thread*, art::ShadowFrame&, art::Instruction const*, unsigned short, art::JValue*)+940)
2019-10-10 12:31:04.500 5753-5753/? A/DEBUG:     #26 pc 000000000053fdd8  /system/lib64/libart.so (MterpInvokeDirect+296)
2019-10-10 12:31:04.500 5753-5753/? A/DEBUG:     #27 pc 0000000000561714  /system/lib64/libart.so (ExecuteMterpImpl+14484)
2019-10-10 12:31:04.500 5753-5753/? A/DEBUG:     #28 pc 000000000000883a  /dev/ashmem/dalvik-classes10.dex extracted in memory from /data/app/com.virobugs-G2e6dFEXAvjbdW9Ub0Aq5g==/base.apk!classes10.dex (deleted) (com.viro.core.Node.updateUmbrellaBounds+26)
2019-10-10 12:31:04.501 5753-5753/? A/DEBUG:     #29 pc 0000000000257cb4  /system/lib64/libart.so (_ZN3art11interpreterL7ExecuteEPNS_6ThreadERKNS_20CodeItemDataAccessorERNS_11ShadowFrameENS_6JValueEb.llvm.4019025862+488)
2019-10-10 12:31:04.501 5753-5753/? A/DEBUG:     #30 pc 000000000025d7a8  /system/lib64/libart.so (art::interpreter::ArtInterpreterToInterpreterBridge(art::Thread*, art::CodeItemDataAccessor const&, art::ShadowFrame*, art::JValue*)+216)
2019-10-10 12:31:04.501 5753-5753/? A/DEBUG:     #31 pc 000000000027df94  /system/lib64/libart.so (bool art::interpreter::DoCall<false, false>(art::ArtMethod*, art::Thread*, art::ShadowFrame&, art::Instruction const*, unsigned short, art::JValue*)+940)
2019-10-10 12:31:04.501 5753-5753/? A/DEBUG:     #32 pc 000000000053ea98  /system/lib64/libart.so (MterpInvokeVirtual+588)
2019-10-10 12:31:04.501 5753-5753/? A/DEBUG:     #33 pc 0000000000561614  /system/lib64/libart.so (ExecuteMterpImpl+14228)
2019-10-10 12:31:04.501 5753-5753/? A/DEBUG:     #34 pc 0000000000008800  /dev/ashmem/dalvik-classes10.dex extracted in memory from /data/app/com.virobugs-G2e6dFEXAvjbdW9Ub0Aq5g==/base.apk!classes10.dex (deleted) (com.viro.core.Node.updateAllUmbrellaBounds+12)
2019-10-10 12:31:04.501 5753-5753/? A/DEBUG:     #35 pc 0000000000257cb4  /system/lib64/libart.so (_ZN3art11interpreterL7ExecuteEPNS_6ThreadERKNS_20CodeItemDataAccessorERNS_11ShadowFrameENS_6JValueEb.llvm.4019025862+488)
2019-10-10 12:31:04.501 5753-5753/? A/DEBUG:     #36 pc 000000000025d7a8  /system/lib64/libart.so (art::interpreter::ArtInterpreterToInterpreterBridge(art::Thread*, art::CodeItemDataAccessor const&, art::ShadowFrame*, art::JValue*)+216)
2019-10-10 12:31:04.501 5753-5753/? A/DEBUG:     #37 pc 000000000027df94  /system/lib64/libart.so (bool art::interpreter::DoCall<false, false>(art::ArtMethod*, art::Thread*, art::ShadowFrame&, art::Instruction const*, unsigned short, art::JValue*)+940)
2019-10-10 12:31:04.501 5753-5753/? A/DEBUG:     #38 pc 000000000053ea98  /system/lib64/libart.so (MterpInvokeVirtual+588)
2019-10-10 12:31:04.501 5753-5753/? A/DEBUG:     #39 pc 0000000000561614  /system/lib64/libart.so (ExecuteMterpImpl+14228)
2019-10-10 12:31:04.501 5753-5753/? A/DEBUG:     #40 pc 0000000000007904  /dev/ashmem/dalvik-classes10.dex extracted in memory from /data/app/com.virobugs-G2e6dFEXAvjbdW9Ub0Aq5g==/base.apk!classes10.dex (deleted) (com.viro.core.Node.addChildNode+44)
2019-10-10 12:31:04.501 5753-5753/? A/DEBUG:     #41 pc 0000000000257cb4  /system/lib64/libart.so (_ZN3art11interpreterL7ExecuteEPNS_6ThreadERKNS_20CodeItemDataAccessorERNS_11ShadowFrameENS_6JValueEb.llvm.4019025862+488)
2019-10-10 12:31:04.501 5753-5753/? A/DEBUG:     #42 pc 000000000025d7a8  /system/lib64/libart.so (art::interpreter::ArtInterpreterToInterpreterBridge(art::Thread*, art::CodeItemDataAccessor const&, art::ShadowFrame*, art::JValue*)+216)
2019-10-10 12:31:04.501 5753-5753/? A/DEBUG:     #43 pc 000000000027df94  /system/lib64/libart.so (bool art::interpreter::DoCall<false, false>(art::ArtMethod*, art::Thread*, art::ShadowFrame&, art::Instruction const*, unsigned short, art::JValue*)+940)
2019-10-10 12:31:04.501 5753-5753/? A/DEBUG:     #44 pc 000000000053ea98  /system/lib64/libart.so (MterpInvokeVirtual+588)
2019-10-10 12:31:04.501 5753-5753/? A/DEBUG:     #45 pc 0000000000561614  /system/lib64/libart.so (ExecuteMterpImpl+14228)
2019-10-10 12:31:04.501 5753-5753/? A/DEBUG:     #46 pc 00000000000065f8  /dev/ashmem/dalvik-classes11.dex extracted in memory from /data/app/com.virobugs-G2e6dFEXAvjbdW9Ub0Aq5g==/base.apk!classes11.dex (deleted) (com.viromedia.bridge.component.node.VRTCamera.<init>+108)
2019-10-10 12:31:04.501 5753-5753/? A/DEBUG:     #47 pc 0000000000257cb4  /system/lib64/libart.so (_ZN3art11interpreterL7ExecuteEPNS_6ThreadERKNS_20CodeItemDataAccessorERNS_11ShadowFrameENS_6JValueEb.llvm.4019025862+488)
2019-10-10 12:31:04.501 5753-5753/? A/DEBUG:     #48 pc 000000000025d7a8  /system/lib64/libart.so (art::interpreter::ArtInterpreterToInterpreterBridge(art::Thread*, art::CodeItemDataAccessor const&, art::ShadowFrame*, art::JValue*)+216)
2019-10-10 12:31:04.501 5753-5753/? A/DEBUG:     #49 pc 000000000027df94  /system/lib64/libart.so (bool art::interpreter::DoCall<false, false>(art::ArtMethod*, art::Thread*, art::ShadowFrame&, art::Instruction const*, unsigned short, art::JValue*)+940)
2019-10-10 12:31:04.501 5753-5753/? A/DEBUG:     #50 pc 000000000053fdd8  /system/lib64/libart.so (MterpInvokeDirect+296)
2019-10-10 12:31:04.501 5753-5753/? A/DEBUG:     #51 pc 0000000000561714  /system/lib64/libart.so (ExecuteMterpImpl+14484)
2019-10-10 12:31:04.501 5753-5753/? A/DEBUG:     #52 pc 0000000000006dd8  /dev/ashmem/dalvik-classes22.dex extracted in memory from /data/app/com.virobugs-G2e6dFEXAvjbdW9Ub0Aq5g==/base.apk!classes22.dex (deleted) (com.viromedia.bridge.component.node.VRTCameraManager.createViewInstance+4)
2019-10-10 12:31:04.501 5753-5753/? A/DEBUG:     #53 pc 0000000000257cb4  /system/lib64/libart.so (_ZN3art11interpreterL7ExecuteEPNS_6ThreadERKNS_20CodeItemDataAccessorERNS_11ShadowFrameENS_6JValueEb.llvm.4019025862+488)
2019-10-10 12:31:04.501 5753-5753/? A/DEBUG:     #54 pc 000000000025d7a8  /system/lib64/libart.so (art::interpreter::ArtInterpreterToInterpreterBridge(art::Thread*, art::CodeItemDataAccessor const&, art::ShadowFrame*, art::JValue*)+216)
2019-10-10 12:31:04.501 5753-5753/? A/DEBUG:     #55 pc 000000000027df94  /system/lib64/libart.so (bool art::interpreter::DoCall<false, false>(art::ArtMethod*, art::Thread*, art::ShadowFrame&, art::Instruction const*, unsigned short, art::JValue*)+940)
2019-10-10 12:31:04.501 5753-5753/? A/DEBUG:     #56 pc 000000000053ea98  /system/lib64/libart.so (MterpInvokeVirtual+588)
2019-10-10 12:31:04.501 5753-5753/? A/DEBUG:     #57 pc 0000000000561614  /system/lib64/libart.so (ExecuteMterpImpl+14228)
2019-10-10 12:31:04.501 5753-5753/? A/DEBUG:     #58 pc 0000000000006db8  /dev/ashmem/dalvik-classes22.dex extracted in memory from /data/app/com.virobugs-G2e6dFEXAvjbdW9Ub0Aq5g==/base.apk!classes22.dex (deleted) (com.viromedia.bridge.component.node.VRTCameraManager.createViewInstance)
2019-10-10 12:31:04.501 5753-5753/? A/DEBUG:     #59 pc 0000000000257cb4  /system/lib64/libart.so (_ZN3art11interpreterL7ExecuteEPNS_6ThreadERKNS_20CodeItemDataAccessorERNS_11ShadowFrameENS_6JValueEb.llvm.4019025862+488)
2019-10-10 12:31:04.501 5753-5753/? A/DEBUG:     #60 pc 000000000025d7a8  /system/lib64/libart.so (art::interpreter::ArtInterpreterToInterpreterBridge(art::Thread*, art::CodeItemDataAccessor const&, art::ShadowFrame*, art::JValue*)+216)
2019-10-10 12:31:04.501 5753-5753/? A/DEBUG:     #61 pc 000000000027df94  /system/lib64/libart.so (bool art::interpreter::DoCall<false, false>(art::ArtMethod*, art::Thread*, art::ShadowFrame&, art::Instruction const*, unsigned short, art::JValue*)+940)
2019-10-10 12:31:04.501 5753-5753/? A/DEBUG:     #62 pc 000000000053ea98  /system/lib64/libart.so (MterpInvokeVirtual+588)
2019-10-10 12:31:04.501 5753-5753/? A/DEBUG:     #63 pc 0000000000561614  /system/lib64/libart.so (ExecuteMterpImpl+14228)
2019-10-10 12:31:04.501 5753-5753/? A/DEBUG:     #64 pc 00000000003aebbc  /dev/ashmem/dalvik-classes19.dex extracted in memory from /data/app/com.virobugs-G2e6dFEXAvjbdW9Ub0Aq5g==/base.apk!classes19.dex (deleted) (com.facebook.react.uimanager.ViewManager.createView)
2019-10-10 12:31:04.501 5753-5753/? A/DEBUG:     #65 pc 0000000000257cb4  /system/lib64/libart.so (_ZN3art11interpreterL7ExecuteEPNS_6ThreadERKNS_20CodeItemDataAccessorERNS_11ShadowFrameENS_6JValueEb.llvm.4019025862+488)
2019-10-10 12:31:04.501 5753-5753/? A/DEBUG:     #66 pc 000000000025d7a8  /system/lib64/libart.so (art::interpreter::ArtInterpreterToInterpreterBridge(art::Thread*, art::CodeItemDataAccessor const&, art::ShadowFrame*, art::JValue*)+216)
2019-10-10 12:31:04.501 5753-5753/? A/DEBUG:     #67 pc 000000000027df94  /system/lib64/libart.so (bool art::interpreter::DoCall<false, false>(art::ArtMethod*, art::Thread*, art::ShadowFrame&, art::Instruction const*, unsigned short, art::JValue*)+940)
2019-10-10 12:31:04.501 5753-5753/? A/DEBUG:     #68 pc 000000000053ea98  /system/lib64/libart.so (MterpInvokeVirtual+588)
2019-10-10 12:31:04.501 5753-5753/? A/DEBUG:     #69 pc 0000000000561614  /system/lib64/libart.so (ExecuteMterpImpl+14228)
2019-10-10 12:31:04.501 5753-5753/? A/DEBUG:     #70 pc 00000000003a48de  /dev/ashmem/dalvik-classes19.dex extracted in memory from /data/app/com.virobugs-G2e6dFEXAvjbdW9Ub0Aq5g==/base.apk!classes19.dex (deleted) (com.facebook.react.uimanager.NativeViewHierarchyManager.createView+70)
2019-10-10 12:31:04.501 5753-5753/? A/DEBUG:     #71 pc 0000000000257cb4  /system/lib64/libart.so (_ZN3art11interpreterL7ExecuteEPNS_6ThreadERKNS_20CodeItemDataAccessorERNS_11ShadowFrameENS_6JValueEb.llvm.4019025862+488)
2019-10-10 12:31:04.501 5753-5753/? A/DEBUG:     #72 pc 000000000025d7a8  /system/lib64/libart.so (art::interpreter::ArtInterpreterToInterpreterBridge(art::Thread*, art::CodeItemDataAccessor const&, art::ShadowFrame*, art::JValue*)+216)
2019-10-10 12:31:04.501 5753-5753/? A/DEBUG:     #73 pc 000000000027df94  /system/lib64/libart.so (bool art::interpreter::DoCall<false, false>(art::ArtMethod*, art::Thread*, art::ShadowFrame&, art::Instruction const*, unsigned short, art::JValue*)+940)
2019-10-10 12:31:04.501 5753-5753/? A/DEBUG:     #74 pc 000000000053ea98  /system/lib64/libart.so (MterpInvokeVirtual+588)
2019-10-10 12:31:04.501 5753-5753/? A/DEBUG:     #75 pc 0000000000561614  /system/lib64/libart.so (ExecuteMterpImpl+14228)
2019-10-10 12:31:04.501 5753-5753/? A/DEBUG:     #76 pc 00000000003ac662  /dev/ashmem/dalvik-classes19.dex extracted in memory from /data/app/com.virobugs-G2e6dFEXAvjbdW9Ub0Aq5g==/base.apk!classes19.dex (deleted) (com.facebook.react.uimanager.UIViewOperationQueue$CreateViewOperation.execute+46)
2019-10-10 12:31:04.501 5753-5753/? A/DEBUG:     #77 pc 0000000000257cb4  /system/lib64/libart.so (_ZN3art11interpreterL7ExecuteEPNS_6ThreadERKNS_20CodeItemDataAccessorERNS_11ShadowFrameENS_6JValueEb.llvm.4019025862+488)
2019-10-10 12:31:04.501 5753-5753/? A/DEBUG:     #78 pc 000000000025d7a8  /system/lib64/libart.so (art::interpreter::ArtInterpreterToInterpreterBridge(art::Thread*, art::CodeItemDataAccessor const&, art::ShadowFrame*, art::JValue*)+216)
2019-10-10 12:31:04.501 5753-5753/? A/DEBUG:     #79 pc 000000000027df94  /system/lib64/libart.so (bool art::interpreter::DoCall<false, false>(art::ArtMethod*, art::Thread*, art::ShadowFrame&, art::Instruction const*, unsigned short, art::JValue*)+940)
2019-10-10 12:31:04.501 5753-5753/? A/DEBUG:     #80 pc 000000000053fa14  /system/lib64/libart.so (MterpInvokeInterface+1392)
2019-10-10 12:31:04.501 5753-5753/? A/DEBUG:     #81 pc 0000000000561814  /system/lib64/libart.so (ExecuteMterpImpl+14740)
2019-10-10 12:31:04.501 5753-5753/? A/DEBUG:     #82 pc 00000000003ac24e  /dev/ashmem/dalvik-classes19.dex extracted in memory from /data/app/com.virobugs-G2e6dFEXAvjbdW9Ub0Aq5g==/base.apk!classes19.dex (deleted) (com.facebook.react.uimanager.UIViewOperationQueue$1.run+94)
2019-10-10 12:31:04.501 5753-5753/? A/DEBUG:     #83 pc 0000000000257cb4  /system/lib64/libart.so (_ZN3art11interpreterL7ExecuteEPNS_6ThreadERKNS_20CodeItemDataAccessorERNS_11ShadowFrameENS_6JValueEb.llvm.4019025862+488)
2019-10-10 12:31:04.501 5753-5753/? A/DEBUG:     #84 pc 000000000025d7a8  /system/lib64/libart.so (art::interpreter::ArtInterpreterToInterpreterBridge(art::Thread*, art::CodeItemDataAccessor const&, art::ShadowFrame*, art::JValue*)+216)
2019-10-10 12:31:04.501 5753-5753/? A/DEBUG:     #85 pc 000000000027df94  /system/lib64/libart.so (bool art::interpreter::DoCall<false, false>(art::ArtMethod*, art::Thread*, art::ShadowFrame&, art::Instruction const*, unsigned short, art::JValue*)+940)
2019-10-10 12:31:04.501 5753-5753/? A/DEBUG:     #86 pc 000000000053fa14  /system/lib64/libart.so (MterpInvokeInterface+1392)
2019-10-10 12:31:04.501 5753-5753/? A/DEBUG:     #87 pc 0000000000561814  /system/lib64/libart.so (ExecuteMterpImpl+14740)
2019-10-10 12:31:04.501 5753-5753/? A/DEBUG:     #88 pc 00000000003ade46  /dev/ashmem/dalvik-classes19.dex extracted in memory from /data/app/com.virobugs-G2e6dFEXAvjbdW9Ub0Aq5g==/base.apk!classes19.dex (deleted) (com.facebook.react.uimanager.UIViewOperationQueue.flushPendingBatches+106)
2019-10-10 12:31:04.501 5753-5753/? A/DEBUG:     #89 pc 0000000000257cb4  /system/lib64/libart.so (_ZN3art11interpreterL7ExecuteEPNS_6ThreadERKNS_20CodeItemDataAccessorERNS_11ShadowFrameENS_6JValueEb.llvm.4019025862+488)
2019-10-10 12:31:04.501 5753-5753/? A/DEBUG:     #90 pc 000000000025d7a8  /system/lib64/libart.so (art::interpreter::ArtInterpreterToInterpreterBridge(art::Thread*, art::CodeItemDataAccessor const&, art::ShadowFrame*, art::JValue*)+216)
2019-10-10 12:31:04.501 5753-5753/? A/DEBUG:     #91 pc 000000000027df94  /system/lib64/libart.so (bool art::interpreter::DoCall<false, false>(art::ArtMethod*, art::Thread*, art::ShadowFrame&, art::Instruction const*, unsigned short, art::JValue*)+940)
2019-10-10 12:31:04.501 5753-5753/? A/DEBUG:     #92 pc 000000000053fdd8  /system/lib64/libart.so (MterpInvokeDirect+296)
2019-10-10 12:31:04.501 5753-5753/? A/DEBUG:     #93 pc 0000000000561714  /system/lib64/libart.so (ExecuteMterpImpl+14484)
2019-10-10 12:31:04.501 5753-5753/? A/DEBUG:     #94 pc 00000000003ad694  /dev/ashmem/dalvik-classes19.dex extracted in memory from /data/app/com.virobugs-G2e6dFEXAvjbdW9Ub0Aq5g==/base.apk!classes19.dex (deleted) (com.facebook.react.uimanager.UIViewOperationQueue.access$2600)
2019-10-10 12:31:04.501 5753-5753/? A/DEBUG:     #95 pc 0000000000257cb4  /system/lib64/libart.so (_ZN3art11interpreterL7ExecuteEPNS_6ThreadERKNS_20CodeItemDataAccessorERNS_11ShadowFrameENS_6JValueEb.llvm.4019025862+488)
2019-10-10 12:31:04.501 5753-5753/? A/DEBUG:     #96 pc 000000000025d7a8  /system/lib64/libart.so (art::interpreter::ArtInterpreterToInterpreterBridge(art::Thread*, art::CodeItemDataAccessor const&, art::ShadowFrame*, art::JValue*)+216)
2019-10-10 12:31:04.501 5753-5753/? A/DEBUG:     #97 pc 000000000027df94  /system/lib64/libart.so (bool art::interpreter::DoCall<false, false>(art::ArtMethod*, art::Thread*, art::ShadowFrame&, art::Instruction const*, unsigned short, art::JValue*)+940)
2019-10-10 12:31:04.501 5753-5753/? A/DEBUG:     #98 pc 000000000053ff9c  /system/lib64/libart.so (MterpInvokeStatic+204)
2019-10-10 12:31:04.501 5753-5753/? A/DEBUG:     #99 pc 0000000000561794  /system/lib64/libart.so (ExecuteMterpImpl+14612)
2019-10-10 12:31:04.501 5753-5753/? A/DEBUG:     #100 pc 00000000003ac888  /dev/ashmem/dalvik-classes19.dex extracted in memory from /data/app/com.virobugs-G2e6dFEXAvjbdW9Ub0Aq5g==/base.apk!classes19.dex (deleted) (com.facebook.react.uimanager.UIViewOperationQueue$DispatchUIFrameCallback.doFrameGuarded+64)
2019-10-10 12:31:04.501 5753-5753/? A/DEBUG:     #101 pc 0000000000257cb4  /system/lib64/libart.so (_ZN3art11interpreterL7ExecuteEPNS_6ThreadERKNS_20CodeItemDataAccessorERNS_11ShadowFrameENS_6JValueEb.llvm.4019025862+488)
2019-10-10 12:31:04.501 5753-5753/? A/DEBUG:     #102 pc 000000000025d7a8  /system/lib64/libart.so (art::interpreter::ArtInterpreterToInterpreterBridge(art::Thread*, art::CodeItemDataAccessor const&, art::ShadowFrame*, art::JValue*)+216)
2019-10-10 12:31:04.501 5753-5753/? A/DEBUG:     #103 pc 000000000027df94  /system/lib64/libart.so (bool art::interpreter::DoCall<false, false>(art::ArtMethod*, art::Thread*, art::ShadowFrame&, art::Instruction const*, unsigned short, art::JValue*)+940)
2019-10-10 12:31:04.501 5753-5753/? A/DEBUG:     #104 pc 000000000053ea98  /system/lib64/libart.so (MterpInvokeVirtual+588)
2019-10-10 12:31:04.501 5753-5753/? A/DEBUG:     #105 pc 0000000000561614  /system/lib64/libart.so (ExecuteMterpImpl+14228)
2019-10-10 12:31:04.501 5753-5753/? A/DEBUG:     #106 pc 00000000003a0f4c  /dev/ashmem/dalvik-classes19.dex extracted in memory from /data/app/com.virobugs-G2e6dFEXAvjbdW9Ub0Aq5g==/base.apk!classes19.dex (deleted) (com.facebook.react.uimanager.GuardedFrameCallback.doFrame)
2019-10-10 12:31:04.501 5753-5753/? A/DEBUG:     #107 pc 0000000000257cb4  /system/lib64/libart.so (_ZN3art11interpreterL7ExecuteEPNS_6ThreadERKNS_20CodeItemDataAccessorERNS_11ShadowFrameENS_6JValueEb.llvm.4019025862+488)
2019-10-10 12:31:04.501 5753-5753/? A/DEBUG:     #108 pc 000000000025d7a8  /system/lib64/libart.so (art::interpreter::ArtInterpreterToInterpreterBridge(art::Thread*, art::CodeItemDataAccessor const&, art::ShadowFrame*, art::JValue*)+216)
2019-10-10 12:31:04.501 5753-5753/? A/DEBUG:     #109 pc 000000000027df94  /system/lib64/libart.so (bool art::interpreter::DoCall<false, false>(art::ArtMethod*, art::Thread*, art::ShadowFrame&, art::Instruction const*, unsigned short, art::JValue*)+940)
2019-10-10 12:31:04.501 5753-5753/? A/DEBUG:     #110 pc 000000000053ea98  /system/lib64/libart.so (MterpInvokeVirtual+588)
2019-10-10 12:31:04.501 5753-5753/? A/DEBUG:     #111 pc 0000000000561614  /system/lib64/libart.so (ExecuteMterpImpl+14228)
2019-10-10 12:31:04.501 5753-5753/? A/DEBUG:     #112 pc 0000000000391248  /dev/ashmem/dalvik-classes19.dex extracted in memory from /data/app/com.virobugs-G2e6dFEXAvjbdW9Ub0Aq5g==/base.apk!classes19.dex (deleted) (com.facebook.react.modules.core.ReactChoreographer$ReactChoreographerDispatcher.doFrame+132)
2019-10-10 12:31:04.501 5753-5753/? A/DEBUG:     #113 pc 0000000000257cb4  /system/lib64/libart.so (_ZN3art11interpreterL7ExecuteEPNS_6ThreadERKNS_20CodeItemDataAccessorERNS_11ShadowFrameENS_6JValueEb.llvm.4019025862+488)
2019-10-10 12:31:04.501 5753-5753/? A/DEBUG:     #114 pc 000000000025d7a8  /system/lib64/libart.so (art::interpreter::ArtInterpreterToInterpreterBridge(art::Thread*, art::CodeItemDataAccessor const&, art::ShadowFrame*, art::JValue*)+216)
2019-10-10 12:31:04.501 5753-5753/? A/DEBUG:     #115 pc 000000000027df94  /system/lib64/libart.so (bool art::interpreter::DoCall<false, false>(art::ArtMethod*, art::Thread*, art::ShadowFrame&, art::Instruction const*, unsigned short, art::JValue*)+940)
2019-10-10 12:31:04.501 5753-5753/? A/DEBUG:     #116 pc 000000000053ea98  /system/lib64/libart.so (MterpInvokeVirtual+588)
2019-10-10 12:31:04.501 5753-5753/? A/DEBUG:     #117 pc 0000000000561614  /system/lib64/libart.so (ExecuteMterpImpl+14228)
2019-10-10 12:31:04.501 5753-5753/? A/DEBUG:     #118 pc 0000000000390ac0  /dev/ashmem/dalvik-classes19.dex extracted in memory from /data/app/com.virobugs-G2e6dFEXAvjbdW9Ub0Aq5g==/base.apk!classes19.dex (deleted) (com.facebook.react.modules.core.ChoreographerCompat$FrameCallback$1.doFrame+4)
2019-10-10 12:31:04.501 5753-5753/? A/DEBUG:     #119 pc 0000000000257cb4  /system/lib64/libart.so (_ZN3art11interpreterL7ExecuteEPNS_6ThreadERKNS_20CodeItemDataAccessorERNS_11ShadowFrameENS_6JValueEb.llvm.4019025862+488)
2019-10-10 12:31:04.501 5753-5753/? A/DEBUG:     #120 pc 000000000025d7a8  /system/lib64/libart.so (art::interpreter::ArtInterpreterToInterpreterBridge(art::Thread*, art::CodeItemDataAccessor const&, art::ShadowFrame*, art::JValue*)+216)
2019-10-10 12:31:04.501 5753-5753/? A/DEBUG:     #121 pc 000000000027df94  /system/lib64/libart.so (bool art::interpreter::DoCall<false, false>(art::ArtMethod*, art::Thread*, art::ShadowFrame&, art::Instruction const*, unsigned short, art::JValue*)+940)
2019-10-10 12:31:04.501 5753-5753/? A/DEBUG:     #122 pc 000000000053fa14  /system/lib64/libart.so (MterpInvokeInterface+1392)
2019-10-10 12:31:04.501 5753-5753/? A/DEBUG:     #123 pc 0000000000561814  /system/lib64/libart.so (ExecuteMterpImpl+14740)
2019-10-10 12:31:04.501 5753-5753/? A/DEBUG:     #124 pc 0000000000bc73e0  /system/framework/boot-framework.vdex (android.view.Choreographer$CallbackRecord.run+24)
2019-10-10 12:31:04.501 5753-5753/? A/DEBUG:     #125 pc 0000000000257cb4  /system/lib64/libart.so (_ZN3art11interpreterL7ExecuteEPNS_6ThreadERKNS_20CodeItemDataAccessorERNS_11ShadowFrameENS_6JValueEb.llvm.4019025862+488)
2019-10-10 12:31:04.501 5753-5753/? A/DEBUG:     #126 pc 000000000025d7a8  /system/lib64/libart.so (art::interpreter::ArtInterpreterToInterpreterBridge(art::Thread*, art::CodeItemDataAccessor const&, art::ShadowFrame*, art::JValue*)+216)
2019-10-10 12:31:04.501 5753-5753/? A/DEBUG:     #127 pc 000000000027df94  /system/lib64/libart.so (bool art::interpreter::DoCall<false, false>(art::ArtMethod*, art::Thread*, art::ShadowFrame&, art::Instruction const*, unsigned short, art::JValue*)+940)
2019-10-10 12:31:04.501 5753-5753/? A/DEBUG:     #128 pc 000000000053ea98  /system/lib64/libart.so (MterpInvokeVirtual+588)
2019-10-10 12:31:04.501 5753-5753/? A/DEBUG:     #129 pc 0000000000561614  /system/lib64/libart.so (ExecuteMterpImpl+14228)
2019-10-10 12:31:04.501 5753-5753/? A/DEBUG:     #130 pc 0000000000bc78ca  /system/framework/boot-framework.vdex (android.view.Choreographer.doCallbacks+220)
2019-10-10 12:31:04.501 5753-5753/? A/DEBUG:     #131 pc 0000000000257cb4  /system/lib64/libart.so (_ZN3art11interpreterL7ExecuteEPNS_6ThreadERKNS_20CodeItemDataAccessorERNS_11ShadowFrameENS_6JValueEb.llvm.4019025862+488)
2019-10-10 12:31:04.502 5753-5753/? A/DEBUG:     #132 pc 000000000025d7a8  /system/lib64/libart.so (art::interpreter::ArtInterpreterToInterpreterBridge(art::Thread*, art::CodeItemDataAccessor const&, art::ShadowFrame*, art::JValue*)+216)
2019-10-10 12:31:04.502 5753-5753/? A/DEBUG:     #133 pc 000000000027df94  /system/lib64/libart.so (bool art::interpreter::DoCall<false, false>(art::ArtMethod*, art::Thread*, art::ShadowFrame&, art::Instruction const*, unsigned short, art::JValue*)+940)
2019-10-10 12:31:04.502 5753-5753/? A/DEBUG:     #134 pc 000000000053ea98  /system/lib64/libart.so (MterpInvokeVirtual+588)
2019-10-10 12:31:04.502 5753-5753/? A/DEBUG:     #135 pc 0000000000561614  /system/lib64/libart.so (ExecuteMterpImpl+14228)
2019-10-10 12:31:04.502 5753-5753/? A/DEBUG:     #136 pc 0000000000bc7b2e  /system/framework/boot-framework.vdex (android.view.Choreographer.doFrame+356)
2019-10-10 12:31:04.502 5753-5753/? A/DEBUG:     #137 pc 0000000000257cb4  /system/lib64/libart.so (_ZN3art11interpreterL7ExecuteEPNS_6ThreadERKNS_20CodeItemDataAccessorERNS_11ShadowFrameENS_6JValueEb.llvm.4019025862+488)
2019-10-10 12:31:04.502 5753-5753/? A/DEBUG:     #138 pc 000000000025d7a8  /system/lib64/libart.so (art::interpreter::ArtInterpreterToInterpreterBridge(art::Thread*, art::CodeItemDataAccessor const&, art::ShadowFrame*, art::JValue*)+216)
2019-10-10 12:31:04.502 5753-5753/? A/DEBUG:     #139 pc 000000000027df94  /system/lib64/libart.so (bool art::interpreter::DoCall<false, false>(art::ArtMethod*, art::Thread*, art::ShadowFrame&, art::Instruction const*, unsigned short, art::JValue*)+940)
2019-10-10 12:31:04.502 5753-5753/? A/DEBUG:     #140 pc 000000000053ea98  /system/lib64/libart.so (MterpInvokeVirtual+588)
2019-10-10 12:31:04.502 5753-5753/? A/DEBUG:     #141 pc 0000000000561614  /system/lib64/libart.so (ExecuteMterpImpl+14228)
2019-10-10 12:31:04.502 5753-5753/? A/DEBUG:     #142 pc 0000000000bc74e6  /system/framework/boot-framework.vdex (android.view.Choreographer$FrameDisplayEventReceiver.run+18)
2019-10-10 12:31:04.502 5753-5753/? A/DEBUG:     #143 pc 0000000000257cb4  /system/lib64/libart.so (_ZN3art11interpreterL7ExecuteEPNS_6ThreadERKNS_20CodeItemDataAccessorERNS_11ShadowFrameENS_6JValueEb.llvm.4019025862+488)
2019-10-10 12:31:04.502 5753-5753/? A/DEBUG:     #144 pc 000000000025d7a8  /system/lib64/libart.so (art::interpreter::ArtInterpreterToInterpreterBridge(art::Thread*, art::CodeItemDataAccessor const&, art::ShadowFrame*, art::JValue*)+216)
2019-10-10 12:31:04.502 5753-5753/? A/DEBUG:     #145 pc 000000000027df94  /system/lib64/libart.so (bool art::interpreter::DoCall<false, false>(art::ArtMethod*, art::Thread*, art::ShadowFrame&, art::Instruction const*, unsigned short, art::JValue*)+940)
2019-10-10 12:31:04.502 5753-5753/? A/DEBUG:     #146 pc 000000000053fa14  /system/lib64/libart.so (MterpInvokeInterface+1392)
2019-10-10 12:31:04.502 5753-5753/? A/DEBUG:     #147 pc 0000000000561814  /system/lib64/libart.so (ExecuteMterpImpl+14740)
2019-10-10 12:31:04.502 5753-5753/? A/DEBUG:     #148 pc 0000000000ca8662  /system/framework/boot-framework.vdex (android.os.Handler.handleCallback+4)
2019-10-10 12:31:04.502 5753-5753/? A/DEBUG:     #149 pc 0000000000257cb4  /system/lib64/libart.so (_ZN3art11interpreterL7ExecuteEPNS_6ThreadERKNS_20CodeItemDataAccessorERNS_11ShadowFrameENS_6JValueEb.llvm.4019025862+488)
