2019-10-10 12:31:02.812 667-667/? I/aptouch_daemon: print_log, touch:1, down:1 (+0)
2019-10-10 12:31:02.813 1158-1552/? D/libfingersense_wrapper: Calling fingersense_classify_touch()
2019-10-10 12:31:02.825 1158-1552/? D/libfingersense_wrapper: fingersense_classify_touch() finished
2019-10-10 12:31:02.826 1158-1552/? D/fingerTest: event.x=:534.0 event.y=:1626.0
2019-10-10 12:31:02.826 1158-1552/? D/fingerTest: MotionEvent.ACTION_DOWN
2019-10-10 12:31:02.929 667-667/? I/aptouch_daemon: print_log, touch:0, down:0
2019-10-10 12:31:02.929 1158-1552/? D/fingerTest: event.x=:534.0 event.y=:1626.0
2019-10-10 12:31:02.929 1158-1552/? D/fingerTest: MotionEvent.ACTION_UP
2019-10-10 12:31:02.932 1979-1979/? V/AudioManager: playSoundEffect   effectType: 0
2019-10-10 12:31:02.932 1979-1979/? V/AudioManager: querySoundEffectsEnabled...

    --------- beginning of system
2019-10-10 12:31:02.946 1158-3510/? I/ActivityManager: START u0 {act=android.intent.action.MAIN cat=[android.intent.category.LAUNCHER] flg=0x10200000 hwFlg=0x10 cmp=com.virobugs/.MainActivity bnds=[435,1547][645,1837]} from uid 10104
2019-10-10 12:31:02.948 1158-3510/? I/ActivityManager: ActivityRecord info: ActivityInfo{b89e280 com.virobugs.MainActivity}
2019-10-10 12:31:02.950 745-765/? D/AwareLog: iawared: WorkingsetProcessCommand subCmd = 354, userId=10347, pid=0, com.virobugs
2019-10-10 12:31:02.951 745-765/? D/AwareLog: iawared: WorkingsetSendPrereadMsg com.virobugs
2019-10-10 12:31:02.951 745-765/? D/AwareLog: iawared: WorkingsetStart com.virobugs in monitor0
2019-10-10 12:31:02.953 642-696/? I/PF_FREQ_GRP: [recordLimitCmd:65] [GPU] end limit freq 550000000 ~ 767000000
2019-10-10 12:31:02.954 1941-2227/? I/hibernation: front pkg : com.virobugs launcher: false
2019-10-10 12:31:02.954 1941-2227/? I/hibernation: above launcher front pkgs: [com.virobugs]
2019-10-10 12:31:02.956 1158-3510/? V/ActivityManager: addChild: attaching stackId=155 to displayId=0 position=3
2019-10-10 12:31:02.956 1158-3510/? V/ActivityManager: positionChild stackId=155 to top.
2019-10-10 12:31:02.960 1941-3889/? I/PGServer: android calls fast hibernateApps
2019-10-10 12:31:02.960 1941-3889/? I/AppFastHibernation: fast hibernate duration: 1500 reason: start activity
2019-10-10 12:31:02.961 745-783/? I/Pged-IPgedBinderService: ****action is 1, pid num is 3***
2019-10-10 12:31:02.961 745-783/? I/Pged-Freezer: freezePids
2019-10-10 12:31:02.961 745-783/? I/Pged-Freezer: Freeze process: 30152
2019-10-10 12:31:02.961 1158-3510/? V/WindowManager: addAppToken: AppWindowToken{7b98f75 token=Token{eaa6ac ActivityRecord{a574c5f u0 com.virobugs/.MainActivity t6723}}} controller={TaskWindowContainerController taskId=6723} at 2147483647
2019-10-10 12:31:02.962 745-783/? I/Pged-Freezer: Freeze process: 30253
2019-10-10 12:31:02.965 1941-2217/? D/PgedBinderAdapter: frz ok, pid: [30152, 30253]
2019-10-10 12:31:02.967 1158-1269/? W/HwActivityManagerServiceEx: HwActivityNotifier end call for activityLifeState under user 0 cost 1
2019-10-10 12:31:02.967 1845-3259/? E/DollieActivityManagerAdapter: HwActivityNotifierEx null uid
2019-10-10 12:31:02.967 3460-3476/? W/FrameworkRegistry:  CAWARENESS: ActivityNotifier unknown state
2019-10-10 12:31:02.970 1158-1272/? I/StatusBarDisable: setFlags what=0 which=1 pkg=Window{b087f20 u0 com.huawei.android.launcher/com.huawei.android.launcher.unihome.UniHomeLauncher}
2019-10-10 12:31:02.971 1979-1979/? W/HwLauncher: TrustSpaceAppManager TrustSpace is not installed.
2019-10-10 12:31:02.972 1979-1979/? I/ViewRootImpl: jank_removeInvalidNode all the node in jank list is out of time
2019-10-10 12:31:02.973 23633-23649/? I/HiSearch19.11.3.304: [LauncherOverlayService]: LAUNCHER_INTERACTION from launcher and invoke id = -222
2019-10-10 12:31:02.973 23633-23649/? I/HiSearch19.11.3.304: [LauncherOverlayService]: isOverlayClosed = true
2019-10-10 12:31:02.973 23633-23649/? I/HiSearch19.11.3.304: [LauncherOverlayService]: LAUNCHER_INTERACTION from launcher and invoke, overlay closed, return.
2019-10-10 12:31:02.973 1979-1979/? D/ZrHung.AppEyeUiProbe: stop checker.
2019-10-10 12:31:02.973 1158-1514/? I/HwPhoneWindow: updateLayoutParamsColor false mSpecialSet=false, mForcedNavigationBarColor=false, navigationBarColor=0, mNavBarShow=false, mIsFloating=false
2019-10-10 12:31:02.973 1158-1514/? I/HwPhoneWindow: updateLayoutParamsColor true mSpecialSet=false, mForcedNavigationBarColor=false, navigationBarColor=ff000000, mNavBarShow=false, mIsFloating=false
2019-10-10 12:31:02.974 1158-5659/? W/HwResourcesImpl: icon in Original image 2131361792#com.virobugs is too large.iconSize:190,w*h: 144*144 . so cut,sDefaultSizeWithoutEdge=178; r=Rect(14, 15 - 129, 131) ; isZoomOutIcon=false
2019-10-10 12:31:02.974 1158-3510/? V/ActivityManager: startProcess: name=com.virobugs app=null knownToBeDead=true thread=null pid=-1
2019-10-10 12:31:02.974 757-962/? E/JankService: specialActionEntryHandler: should reset and not report
2019-10-10 12:31:02.974 1158-3510/? V/ActivityManager: startProcess: name=com.virobugs app=null knownToBeDead=true thread=null pid=-1
2019-10-10 12:31:02.976 1158-3510/? V/ActivityManager: startProcess: name=com.virobugs app=ProcessRecord{ce86857 0:com.virobugs/u0a347} knownToBeDead=true thread=null pid=0
2019-10-10 12:31:02.977 1158-1272/? I/StatusBarDisable: setFlags what=0 which=1 pkg=Window{b087f20 u0 com.huawei.android.launcher/com.huawei.android.launcher.unihome.UniHomeLauncher}
2019-10-10 12:31:02.979 1690-1690/? I/HwNavigationBarView: updateAssistantButtonInGuestureMode(), vis=true,isGestureNavEnable=false
2019-10-10 12:31:02.979 1158-1269/? W/HwActivityManagerServiceEx: HwActivityNotifier end call for activityLifeState under user 0 cost 1
2019-10-10 12:31:02.979 1845-10398/? D/DollieActivityManagerAdapter: [Paused] pid:1979 uid:10104 ComponentInfo{com.huawei.android.launcher/com.huawei.android.launcher.unihome.UniHomeLauncher}
2019-10-10 12:31:02.982 3460-3476/? I/AppLifeChangeSensor:  CAWARENESS: activityPaused componentName = ComponentInfo{com.huawei.android.launcher/com.huawei.android.launcher.unihome.UniHomeLauncher}
2019-10-10 12:31:02.982 3460-3476/? E/AppLifeChangeSensor:  CAWARENESS: activityPaused mAppLifeChangeCallback is null
2019-10-10 12:31:02.984 745-765/? D/AwareLog: iawared: WorkingsetProcessCommand subCmd = 354, userId=10347, pid=0, com.virobugs
2019-10-10 12:31:02.984 1158-1514/? V/WindowManager: addWindow: Window{b662a29 u0 Splash Screen com.virobugs}
2019-10-10 12:31:02.984 745-765/? D/AwareLog: iawared: WorkingsetStart com.virobugs in monitor0
2019-10-10 12:31:02.985 1158-1514/? D/HwPhoneWindowManager: sensorRotation = 0 lastRotation:0
2019-10-10 12:31:02.993 14136-3010/? I/PBSessionCacheImpl: Deleted sessionId[62172356131411380] from persistence.
2019-10-10 12:31:02.993 1964-7464/? D/PhoneInterfaceManager: [PhoneIntfMgr] isUserDataEnabled: subId=0 phoneId=0
2019-10-10 12:31:02.994 1964-7464/? D/PhoneInterfaceManager: [PhoneIntfMgr] isUserDataEnabled: subId=0 retVal=true
2019-10-10 12:31:02.994 1158-7849/? I/HwNetworkPolicy: onTransact, code = 14
2019-10-10 12:31:02.994 578-578/? I/Zygote: say something before unblock SIGCHLD, uid: 10347 pid: 5660, do not delete this log!
2019-10-10 12:31:02.995 14136-14213/? W/SearchServiceCore: Abort, client detached.
2019-10-10 12:31:02.995 1158-1514/? I/HwPhoneWindow: updateLayoutParamsColor false mSpecialSet=false, mForcedNavigationBarColor=false, navigationBarColor=ff000000, mNavBarShow=true, mIsFloating=false
2019-10-10 12:31:02.995 14136-14213/? I/StreamController: cleanUpControllerScope(nowcards-15-8d6515a-a5d5)
2019-10-10 12:31:02.996 1158-5664/? D/PackageManager: resolve intent for uid:1000, matchs:2, res:ResolveInfo{ea1ae com.huawei.android.launcher/.unihome.UniHomeLauncher m=0x108000}
2019-10-10 12:31:02.996 1158-5664/? I/HiTouch_HiTouchSensor: enabledInPad = false,isPcCastMode = false
2019-10-10 12:31:02.997 1158-5664/? D/HiTouch_PressGestureDetector: onAttached, package=com.virobugs, windowType=3, mHiTouchRestricted=false
2019-10-10 12:31:02.997 1158-1274/? I/ActivityManager: Start proc 5660:com.virobugs/u0a347 for activity com.virobugs/.MainActivity
2019-10-10 12:31:02.997 1158-1272/? I/StatusBarDisable: setFlags what=0 which=1 pkg=Window{b087f20 u0 com.huawei.android.launcher/com.huawei.android.launcher.unihome.UniHomeLauncher}
2019-10-10 12:31:02.998 1158-1819/? E/ProcessInfoCollector: getProcessInfo: failed to find this proc
2019-10-10 12:31:02.998 745-765/? D/AwareLog: iawared: WorkingsetProcessCommand subCmd = 350, userId=10347, pid=5660, com.virobugs
2019-10-10 12:31:02.999 745-765/? D/AwareLog: iawared: WorkingsetStart com.virobugs in monitor0
2019-10-10 12:31:02.999 5660-5660/? I/com.virobugs: Late-enabling -Xcheck:jni
2019-10-10 12:31:03.000 1158-1514/? D/ZrHung.AppEyeFocusWindow: FocusWindowErrorScene CheckFreezeScreen
2019-10-10 12:31:03.000 1158-1514/? D/ZrHung.AppEyeTransparentWindow: TransparentWindow cancelCheckFreezeScreen
2019-10-10 12:31:03.000 1158-1272/? I/StatusBarDisable: setFlags what=0 which=1 pkg=Window{b087f20 u0 com.huawei.android.launcher/com.huawei.android.launcher.unihome.UniHomeLauncher}
2019-10-10 12:31:03.013 598-598/? I/GRALLOC: getCallingPid=649, shrFd=32,fmt=0x1,intFmt=0x1,btStrd=4352,size=9768960,pid=598
    	 yuv=2,w=1080,h=2244,Stride u=0 v=0,offset u=0 v=0
    	 iova_size=9768960,conUsg=0x906,proUsg=0x966,	 strd=1088,[afbc]HdrStrd=0 PyldStrd=0 Scrmbl=0,ionhnd = 1
2019-10-10 12:31:03.026 5660-5660/? I/com.virobugs: Reinit property: dalvik.vm.checkjni= false
2019-10-10 12:31:03.042 5660-5660/? D/ZrHung.AppEyeUiProbe: AppEyeUIP created.
2019-10-10 12:31:03.047 5660-5660/? D/ActivityThread: Attach thread to application
2019-10-10 12:31:03.049 1158-7849/? D/HwPhoneWindowManager: sensorRotation = 0 lastRotation:0
2019-10-10 12:31:03.051 1158-1272/? I/StatusBarDisable: setFlags what=0 which=1 pkg=Window{b087f20 u0 com.huawei.android.launcher/com.huawei.android.launcher.unihome.UniHomeLauncher}
2019-10-10 12:31:03.056 1158-7849/? W/HwActivityManagerServiceEx: appSwitch from: com.huawei.android.launcher to: com.virobugs
2019-10-10 12:31:03.057 1158-1269/? W/HwActivityManagerServiceEx: HwActivityNotifier end call for appSwitch under user 0 cost 0
2019-10-10 12:31:03.057 1845-3259/? D/AssistantService-901302: registerHwActivityNotifier call fromPackage:com.huawei.android.launcher, toPackage:com.virobugs
2019-10-10 12:31:03.057 1845-3259/? D/AssistantService-901302: issystemapp:com.huawei.android.launcher
2019-10-10 12:31:03.057 1845-3259/? D/AssistantService-901302: getAppSDKType packageName:com.virobugs, type:0
2019-10-10 12:31:03.057 1845-3259/? D/AssistantService-901302: appInJoint:0
2019-10-10 12:31:03.057 1941-2044/? D/ScenarioService: front pkg : com.virobugs launcher: false
2019-10-10 12:31:03.057 1941-2044/? D/ScenarioService: new above launcher front pkgs: [com.virobugs]
2019-10-10 12:31:03.057 1941-2044/? I/AppManager: handleAppFrontEvent: com.virobugs
2019-10-10 12:31:03.057 1941-2044/? I/AppsUsage: scnOff:false FgAPP:com.virobugs BgAPP:com.huawei.android.launcher
2019-10-10 12:31:03.057 1941-2667/? E/AwareLog: SPKSchedFeature: Uid has been sent, ignore.
2019-10-10 12:31:03.057 1941-2667/? E/AwareLog: SPKEQSchedFeature: Uid has been sent, ignore.
2019-10-10 12:31:03.061 1845-2204/? D/HicomMonitor: notifyAppStarted: begin
2019-10-10 12:31:03.061 1845-2204/? D/Hicom_SysEnvMonitor: onAppStarted, uid: 10347
2019-10-10 12:31:03.061 1845-2204/? D/HicomMonitor: onAppStarted: uid = 10347
2019-10-10 12:31:03.061 1158-1514/? V/WindowManager: Checking 1 opening apps (frozen=false timeout=false), Track: updateconfig performsurface
2019-10-10 12:31:03.061 1158-1514/? V/WindowManager: Check opening app=AppWindowToken{7b98f75 token=Token{eaa6ac ActivityRecord{a574c5f u0 com.virobugs/.MainActivity t6723}}}: allDrawn=false startingDisplayed=true startingMoved=false isRelaunching()=false startingWindow=Window{b662a29 u0 Splash Screen com.virobugs}
2019-10-10 12:31:03.062 1158-1514/? I/WindowManager: closing apps count = 1
2019-10-10 12:31:03.062 1941-2740/? E/AwareLog: GameSdkConfigReader: GameSdkLog: idNameMap: null
2019-10-10 12:31:03.062 1158-1272/? D/HiDATA_ContentAware: mForegroundAppPackageName: com.virobugs ,score: 0
2019-10-10 12:31:03.062 1158-1272/? D/HiDATA: APP type: -1 appName= com.virobugs
2019-10-10 12:31:03.062 1845-2204/? D/Hicom_UXDecisionSystem: isAppCanUseMobileNetwork current forground app is com.huawei.android.launcher
2019-10-10 12:31:03.062 1845-2204/? E/Hicom_PolicyCenterService: enableAppLevelMP. null == mMultipathAppsMap
2019-10-10 12:31:03.062 1845-2204/? D/Hicom_EmcomManagerService: forePackage name is com.virobugs
2019-10-10 12:31:03.062 1845-2204/? D/HicomMonitor: notifyForegroundAppChanged: begin
2019-10-10 12:31:03.062 1158-1267/? I/HwAudioService: now type = 255,reportForegroundAppType = 255,pkg = null,mVoipOptimizeInGameModetrue
2019-10-10 12:31:03.062 1845-2204/? D/HicomMonitor: notifyForegroundAppChanged: begin
2019-10-10 12:31:03.062 1845-2204/? D/XEngineProcessor: onForegroundAppChanged, pkgName:com.virobugs
2019-10-10 12:31:03.062 1845-2204/? I/XEngineProcessor: Feature is not enable.
2019-10-10 12:31:03.062 1845-2204/? D/Hicom_SysEnvMonitor: onForegroundAppChanged, pkgName: com.virobugs
2019-10-10 12:31:03.062 1845-2204/? D/XEngineMpipControl: onForegroundAppChanged, pkgName:com.virobugs
2019-10-10 12:31:03.062 1845-2204/? D/XEngineMpipControl: Invalid subId
2019-10-10 12:31:03.062 1845-2204/? E/XEngineMpipControl: Invalid SubId
2019-10-10 12:31:03.062 1158-1272/? D/HiDATA: no game, APP_TYPE_GAME, appName =com.virobugs
2019-10-10 12:31:03.062 1845-2204/? D/HicomMonitor: onForegroundAppChanged is called
2019-10-10 12:31:03.062 1845-2204/? D/Hicom_PolicyCenterService: handleForegroundAppChanged new forground app 10347
2019-10-10 12:31:03.062 1845-2204/? D/Hicom_AppLifeCycleManager: sAppAllSocketClosed NOT contain: 10104
2019-10-10 12:31:03.062 1845-2204/? D/Hicom_PolicyCenterService: mCurrentForgroundUid is not policy exist
2019-10-10 12:31:03.063 1845-3259/? I/BoosterSwitchP: notifyUidState do nothing
2019-10-10 12:31:03.063 1845-3259/? I/BrowserChrP: notifyUidState
2019-10-10 12:31:03.064 1158-3230/? I/HwNetworkPolicy: onTransact, code = 203
2019-10-10 12:31:03.064 2112-2362/? I/HwNetworkPolicyManager: getHwUidPolicy uid = 10347 policy = 0
2019-10-10 12:31:03.065 1941-2335/? I/PGServer: report state:10010 event type:2 pid:0 uid:0 pkg:com.huawei.android.launcher to pid: 1158
2019-10-10 12:31:03.065 1941-2335/? I/PGServer: report state:10010 event type:2 pid:0 uid:0 pkg:com.huawei.android.launcher to pid: 1941
2019-10-10 12:31:03.067 1158-1272/? I/StatusBarDisable: setFlags what=0 which=1 pkg=Window{b087f20 u0 com.huawei.android.launcher/com.huawei.android.launcher.unihome.UniHomeLauncher}
2019-10-10 12:31:03.068 725-7635/? D/iTouchService: itouch currentPackageName=com.virobugs
2019-10-10 12:31:03.068 725-7635/? D/iTouchService: itouch appType=-1 appState=1 gameMode=1
2019-10-10 12:31:03.068 725-7635/? D/iTouchService: g_itouch_reader_monitor empty
2019-10-10 12:31:03.068 725-7635/? D/iTouchService: g_itouch_reader_monitor Monitor::isReaderMonitorEnable()=0
2019-10-10 12:31:03.068 725-7635/? D/iTouchService: itouch getCurrentParmID tempPkg=com.xxx
2019-10-10 12:31:03.068 725-7635/? D/iTouchService: itouch:app com.virobugs is  not game app
2019-10-10 12:31:03.068 725-7635/? D/iTouchService: itouch:game_switch is disable
2019-10-10 12:31:03.068 725-7635/? D/iTouchService: itouch:styluspen_switch is disable
2019-10-10 12:31:03.068 725-7635/? D/iTouchService: itouch:currentAppTypeName =|UNKNOWN|
2019-10-10 12:31:03.071 1158-1272/? I/StatusBarDisable: setFlags what=0 which=1 pkg=Window{b662a29 u0 Splash Screen com.virobugs}
2019-10-10 12:31:03.072 1941-2335/? I/SceneReceiver: state type: 10010 eventType:2 pid:0 uid:0 pkg:com.huawei.android.launcher
2019-10-10 12:31:03.072 1941-2335/? I/PGServer: report state:10000 event type:1 pid:0 uid:0 pkg:com.virobugs to pid: 1158
2019-10-10 12:31:03.072 1941-2335/? I/PGServer: report state:10000 event type:1 pid:0 uid:0 pkg:com.virobugs to pid: 1941
2019-10-10 12:31:03.073 1941-9583/? I/PGServer: checkPkgType. calling pkg: android
2019-10-10 12:31:03.075 1979-15690/? D/HwRecentsTaskUtils: refreshToCache
2019-10-10 12:31:03.076 1979-15690/? D/HwRecentsTaskUtils: searchFromDate
2019-10-10 12:31:03.077 1941-2335/? I/SceneReceiver: state type: 10000 eventType:1 pid:0 uid:0 pkg:com.virobugs
2019-10-10 12:31:03.077 1941-2666/? D/HwThermalStateManager: current foreapp pkg : com.virobugs
2019-10-10 12:31:03.078 1941-2669/? D/ThermalTrace_ThermalRaise: current pkg:com.huawei.android.launcher
2019-10-10 12:31:03.083 1845-3259/? E/HsmCoreServiceImpl: onTransact in code is: 103
2019-10-10 12:31:03.083 1845-3259/? I/MediaProcessHandler: playingUids:
2019-10-10 12:31:03.084 1979-15690/? I/RecentsTaskLoadPlan: to show tasks size is 2
2019-10-10 12:31:03.095 1158-3230/? I/PackageManager: getInstalledPackages cost 2 ms, flags: 786432, userId: 0, callingUid: 2000, callingPid: 5688
2019-10-10 12:31:03.106 5660-5686/com.virobugs I/HwApiCacheMangerEx: apicache path=/storage/emulated/0 state=mounted key=com.virobugs#10347#256
2019-10-10 12:31:03.108 5660-5686/com.virobugs I/HwApiCacheMangerEx: apicache path=/storage/emulated/0 state=mounted key=com.virobugs#10347#0
2019-10-10 12:31:03.133 1979-2069/? D/ZrHung.AppEyeUiProbe: Current Activity:false
2019-10-10 12:31:03.133 1979-2069/? D/ZrHung.AppEyeUiProbe: not watching, wait.
2019-10-10 12:31:03.306 1845-1845/? D/DaemonMessageAdapter: onMobileSignalStrengthChanged, subId: 0, signalStrength: SignalStrength: 0 755203440 0 0 32767 -1 32767 -1 -109 -16 -2 -1 0 2147483647 0 120 2147483647 255 gsm|lte use_rsrp_and_rssnr_for_lte_level rscp [-128, -118, -108, -98] [-115, -105, -95, -85] 0 0 0 0 0 0
2019-10-10 12:31:03.309 1941-2227/? I/hibernation: view remove pid:1979 uid:10104
2019-10-10 12:31:03.310 1845-1845/? D/DaemonMessageAdapter: SignalStrength update result, ss: SignalStrengthInfo: 3574792 mGsmSignalStrength: 0 mWcdmaRscp: 2147483647 mWcdmaEcio: 255 mLteRsrp: -109 mLteRsrq: -16 mCdmaDbm: 0 mCdmaEcio: 0 mEvdoDbm: 32767 mEvdoEcio: -1 mLteRssnr: -2
2019-10-10 12:31:03.310 1964-1964/? D/Mapcon  : TelephonyTracker: onSignalStrengthsChanged:phoneId=0, level=3
2019-10-10 12:31:03.312 1158-1272/? I/StatusBarDisable: setFlags what=0 which=1 pkg=Window{b662a29 u0 Splash Screen com.virobugs}
2019-10-10 12:31:03.313 1845-1845/? D/Hicom_SysEnvMonitor: onMobileSignalStrengthChanged
2019-10-10 12:31:03.313 1979-2159/? W/libEGL: EGLNativeWindowType 0x7b97d06010 disconnect failed
2019-10-10 12:31:03.315 1964-2469/? D/Mapcon  : SMVoice-0-Normal: PrepareState:defaultStatehandle msg=CMD_SIGNAL_STRENGTH_CHANED_IND
2019-10-10 12:31:03.315 1158-1158/? I/MQoS: onSignal: mSubId=0,currDataSubID=0
2019-10-10 12:31:03.316 1845-1960/? I/HidataAppQoeP: handleStateChanged reason=6
2019-10-10 12:31:03.316 1158-1158/? I/MQoS: received cell-signal:4
2019-10-10 12:31:03.316 1158-1272/? I/StatusBarDisable: setFlags what=0 which=1 pkg=Window{b662a29 u0 Splash Screen com.virobugs}
2019-10-10 12:31:03.318 1158-1283/? I/DebugKeepScreenOn: setHoldScreenLocked newHoldScreen:null currentHoldScreen:Session{8271731 1979:u0a10104} wakeLockState:true
2019-10-10 12:31:03.318 1158-1283/? I/DebugKeepScreenOn: Releasing screen wakelock, obscured by Window{9dcd159 u0 com.android.systemui.HwImageWallpaper}
2019-10-10 12:31:03.318 1158-1283/? D/PowerMS: release:L=40446067,F=0x0,T="WindowManager",N=android",WS=WorkSource{10104},U=1000,P=1158
2019-10-10 12:31:03.318 1158-4670/? I/TrafficMonitor: getStatic,count:0,work status:false
2019-10-10 12:31:03.318 1158-4670/? I/MQoS: QOS_level:4(4),use RAT:4G;signalLvl:4
2019-10-10 12:31:03.319 1158-3230/? V/WindowManager: removeIfPossible: Window{5832295 u0 Toast}
2019-10-10 12:31:03.319 1158-3230/? V/WindowManager: Not removing Window{5832295 u0 Toast EXITING} due to exit animation
2019-10-10 12:31:03.319 1845-1960/? I/PreDnsQuery: handleStateChanged reason=6
2019-10-10 12:31:03.320 1845-1960/? I/BrowserChrP: handleStateChanged
2019-10-10 12:31:03.320 1158-1272/? I/StatusBarDisable: setFlags what=0 which=1 pkg=Window{b662a29 u0 Splash Screen com.virobugs}
2019-10-10 12:31:03.321 1979-5585/? W/HwLauncher: getDownloadInfo return null!
2019-10-10 12:31:03.322 1158-3230/? W/NotificationService: Toast already killed. pkg=com.huawei.android.launcher callback=android.app.ITransientNotification$Stub$Proxy@30d3886
2019-10-10 12:31:03.323 1158-1514/? I/WindowManager: New wallpaper target: null prevTarget: Window{b087f20 u0 com.huawei.android.launcher/com.huawei.android.launcher.unihome.UniHomeLauncher}
2019-10-10 12:31:03.323 1158-1514/? I/WindowManager: test-wallpaper Updating vis of wallpaper Window{9dcd159 u0 com.android.systemui.HwImageWallpaper}: false from:
    com.android.server.wm.WallpaperWindowToken.updateWallpaperWindows:138 com.android.server.wm.WallpaperController.updateWallpaperTokens:585 com.android.server.wm.WallpaperController.adjustWallpaperWindows:620 com.android.server.wm.DisplayContent.applySurfaceChangesTransaction:3386
2019-10-10 12:31:03.324 1690-1829/? I/HwMobileSignalController(0): subId:0 phoneType:1 networktype:13 targetClass:3 masterLevel:3 slaveLevel:-1
2019-10-10 12:31:03.324 1158-1272/? I/StatusBarDisable: setFlags what=0 which=1 pkg=Window{b662a29 u0 Splash Screen com.virobugs}
2019-10-10 12:31:03.328 1690-1690/? D/HwCustMobileSignalControllerImpl: value = 4G+, networkTypeIcon = 2131232400 typeIcon = 2131232400
2019-10-10 12:31:03.328 1690-1690/? D/HwCustMobileSignalControllerImpl: updateDataType, mDataNetType: 19, isCAstate: true
2019-10-10 12:31:03.328 730-876/? E/dubaid: [CpuHandler.cpp] findUidEntry# Uid(10345) has not package, maybe it's already uninstalled
2019-10-10 12:31:03.328 730-876/? E/dubaid: [CpuHandler.cpp] setUidCpuTime# Failed to find uid entry
2019-10-10 12:31:03.333 1979-2159/? W/libEGL: EGLNativeWindowType 0x7b9f4d4010 disconnect failed
2019-10-10 12:31:03.335 14136-14207/? W/libEGL: EGLNativeWindowType 0x7b9a3a6010 disconnect failed
2019-10-10 12:31:03.414 1158-1514/? V/WindowManager: Exit animation finished in Window{5832295 u0 Toast EXITING}: remove=true
2019-10-10 12:31:03.432 1158-1272/? I/StatusBarDisable: setFlags what=0 which=1 pkg=Window{b662a29 u0 Splash Screen com.virobugs}
2019-10-10 12:31:03.434 1158-1514/? V/WindowManager: postWindowRemoveCleanupLocked: Window{5832295 u0 Toast}
2019-10-10 12:31:03.434 1158-1514/? V/WindowManager: Removing Window{5832295 u0 Toast} from WindowToken{e56a27f android.os.Binder@b97579e}
2019-10-10 12:31:03.435 1158-1272/? I/StatusBarDisable: setFlags what=0 which=1 pkg=Window{b662a29 u0 Splash Screen com.virobugs}
2019-10-10 12:31:03.440 5660-5686/com.virobugs I/AwareBitmapCacher: init processName:com.virobugs pid=5660 uid=10347
2019-10-10 12:31:03.442 5660-5695/com.virobugs E/AwareLog: AtomicFileUtils: readFileLines file not exist: android.util.AtomicFile@b34c65
2019-10-10 12:31:03.442 5660-5695/com.virobugs E/AwareLog: AtomicFileUtils: readFileLines file not exist: android.util.AtomicFile@8bc7d3a
2019-10-10 12:31:03.442 5660-5660/com.virobugs D/SoLoader: init start
2019-10-10 12:31:03.442 5660-5660/com.virobugs D/SoLoader: adding system library source: /vendor/lib
2019-10-10 12:31:03.443 5660-5660/com.virobugs D/SoLoader: adding system library source: /system/lib
2019-10-10 12:31:03.443 5660-5660/com.virobugs D/SoLoader: adding application source: com.facebook.soloader.DirectorySoSource[root = /data/app/com.virobugs-G2e6dFEXAvjbdW9Ub0Aq5g==/lib/arm64 flags = 0]
2019-10-10 12:31:03.445 5660-5660/com.virobugs D/SoLoader: adding backup source from : com.facebook.soloader.ApkSoSource[root = /data/data/com.virobugs/lib-main flags = 1]
2019-10-10 12:31:03.445 5660-5660/com.virobugs D/SoLoader: Preparing SO source: com.facebook.soloader.DirectorySoSource[root = /system/lib flags = 2]
2019-10-10 12:31:03.445 5660-5660/com.virobugs D/SoLoader: Preparing SO source: com.facebook.soloader.DirectorySoSource[root = /vendor/lib flags = 2]
2019-10-10 12:31:03.445 5660-5660/com.virobugs D/SoLoader: Preparing SO source: com.facebook.soloader.DirectorySoSource[root = /data/app/com.virobugs-G2e6dFEXAvjbdW9Ub0Aq5g==/lib/arm64 flags = 0]
2019-10-10 12:31:03.445 5660-5660/com.virobugs D/SoLoader: Preparing SO source: com.facebook.soloader.ApkSoSource[root = /data/data/com.virobugs/lib-main flags = 1]
2019-10-10 12:31:03.446 5660-5660/com.virobugs V/fb-UnpackingSoSource: locked dso store /data/user/0/com.virobugs/lib-main
2019-10-10 12:31:03.447 5660-5660/com.virobugs I/fb-UnpackingSoSource: dso store is up-to-date: /data/user/0/com.virobugs/lib-main
2019-10-10 12:31:03.447 5660-5660/com.virobugs V/fb-UnpackingSoSource: releasing dso store lock for /data/user/0/com.virobugs/lib-main
2019-10-10 12:31:03.447 5660-5660/com.virobugs D/SoLoader: init finish: 4 SO sources prepared
2019-10-10 12:31:03.447 5660-5660/com.virobugs D/SoLoader: init exiting
2019-10-10 12:31:03.447 5660-5686/com.virobugs E/MemoryLeakMonitorManager: MemoryLeakMonitor.jar is not exist!
2019-10-10 12:31:03.450 5660-5660/com.virobugs D/ZrHung.AppEyeUiProbe: notify runnable to start.
2019-10-10 12:31:03.450 5660-5696/com.virobugs D/ZrHung.AppEyeUiProbe: Runnable thread started.
2019-10-10 12:31:03.450 5660-5696/com.virobugs D/IMonitor: Load library imonitor_jni
2019-10-10 12:31:03.452 5660-5696/com.virobugs W/ZrHung.AppEyeUiProbe: Failed to get config from zrhung
2019-10-10 12:31:03.454 5554-5554/? D/AwareBitmapCacher: handleInit disable com.android.contacts
2019-10-10 12:31:03.463 5660-5660/com.virobugs V/ActivityThread: Skipping new config:{1.0 208mcc1mnc [fr_FR,en_US] ldltr sw360dp w360dp h677dp 480dpi nrml long hdr port finger -keyb/v/h -nav/h winConfig={ mBounds=Rect(0, 0 - 0, 0) mAppBounds=Rect(0, 85 - 1080, 2116) mWindowingMode=fullscreen mActivityType=undefined} nonFullScreen=0 suim:1 s.42}, config:{1.0 208mcc1mnc [fr_FR,en_US] ldltr sw360dp w360dp h677dp 480dpi nrml long hdr port finger -keyb/v/h -nav/h winConfig={ mBounds=Rect(0, 0 - 0, 0) mAppBounds=Rect(0, 85 - 1080, 2116) mWindowingMode=fullscreen mActivityType=undefined} nonFullScreen=0 suim:1 s.42} for app:com.virobugs
2019-10-10 12:31:03.496 5660-5660/com.virobugs V/HwPolicyFactory: : success to get AllImpl object and return....
2019-10-10 12:31:03.499 5660-5660/com.virobugs V/ActivityThread: callActivityOnCreate
2019-10-10 12:31:03.523 5660-5660/com.virobugs I/HwApsImpl: APS: new HwApsImpl created
2019-10-10 12:31:03.539 5660-5660/com.virobugs D/ReactNative: ReactInstanceManager.ctor()
2019-10-10 12:31:03.539 5660-5660/com.virobugs D/SoLoader: init exiting
2019-10-10 12:31:03.565 5660-5660/com.virobugs D/NetworkSecurityConfig: No Network Security Config specified, using platform default
2019-10-10 12:31:03.567 5660-5660/com.virobugs W/com.virobugs: Accessing hidden method Ldalvik/system/CloseGuard;->get()Ldalvik/system/CloseGuard; (light greylist, reflection)
2019-10-10 12:31:03.567 5660-5660/com.virobugs W/com.virobugs: Accessing hidden method Ldalvik/system/CloseGuard;->open(Ljava/lang/String;)V (light greylist, reflection)
2019-10-10 12:31:03.567 5660-5660/com.virobugs W/com.virobugs: Accessing hidden method Ldalvik/system/CloseGuard;->warnIfOpen()V (light greylist, reflection)
2019-10-10 12:31:03.571 515-515/? E/SELinux: avc:  denied  { find } for interface=vendor.huawei.hardware.sensors::ISensors sid=u:r:untrusted_app:s0:c91,c257,c512,c768 pid=5660 scontext=u:r:untrusted_app:s0:c91,c257,c512,c768 tcontext=u:object_r:default_hisi_hwservice:s0 tclass=hwservice_manager permissive=0
2019-10-10 12:31:03.573 1158-1158/? I/HwNormalizedSpline: DayMode:getBrightnessLevel lux =69.0, mDefaultBrightnessFromLux =38.13444
2019-10-10 12:31:03.576 751-909/? D/SensorHub: batch called handle:0 sample_ns:66667000 latency_ns:0
2019-10-10 12:31:03.576 751-909/? D/SensorHub: in batch, handle = 0, flags = 0, period_ns = 66667000, timeout = 0
2019-10-10 12:31:03.578 1941-2044/? I/SensorState: sensor:0 name:accelerometer enable:true uid:10347
2019-10-10 12:31:03.578 1941-2044/? I/PGServer: report state:4 event type:1 pid:0 uid:10347 pkg:null to pid: 1158
2019-10-10 12:31:03.578 1941-2044/? I/SensorState: addSensor,mHandles:{0=1}
2019-10-10 12:31:03.579 751-909/? I/Sensors@1.0-impl: activate-0 enabled-1 fwkOals-1 camOals-0 fwkOcolor-1 camOcolor-0 fwkOtof-0 camOtof-0
2019-10-10 12:31:03.579 751-909/? D/SensorHub: enableSensor-> handle: 0 enable : 1
2019-10-10 12:31:03.579 751-909/? D/SensorHub: Channel activate-> handle: 0, enabled:1, err: 0
2019-10-10 12:31:03.586 5660-5660/com.virobugs D/ReactNative: ReactInstanceManager.createReactContextInBackground()
2019-10-10 12:31:03.586 5660-5660/com.virobugs D/ReactNative: ReactInstanceManager.recreateReactContextInBackgroundInner()
2019-10-10 12:31:03.586 5660-5660/com.virobugs D/ReactNative: ReactInstanceManager.onJSBundleLoadedFromServer()
2019-10-10 12:31:03.591 5660-5660/com.virobugs D/ReactNative: ReactInstanceManager.recreateReactContextInBackground()
2019-10-10 12:31:03.591 5660-5660/com.virobugs D/ReactNative: ReactInstanceManager.runCreateReactContextOnNewThread()
2019-10-10 12:31:03.594 5660-5703/com.virobugs D/SoLoader: About to load: libreactnativejni.so
2019-10-10 12:31:03.594 5660-5703/com.virobugs D/SoLoader: libreactnativejni.so not found on /data/data/com.virobugs/lib-main
2019-10-10 12:31:03.594 5660-5703/com.virobugs D/SoLoader: libreactnativejni.so found on /data/app/com.virobugs-G2e6dFEXAvjbdW9Ub0Aq5g==/lib/arm64
2019-10-10 12:31:03.594 5660-5703/com.virobugs D/SoLoader: Not resolving dependencies for libreactnativejni.so
2019-10-10 12:31:03.601 5660-5660/com.virobugs V/HwWidgetFactory: : successes to get AllImpl object and return....
2019-10-10 12:31:03.602 5660-5660/com.virobugs I/HwPhoneWindow: updateLayoutParamsColor false mSpecialSet=false, mForcedNavigationBarColor=false, navigationBarColor=0, mNavBarShow=false, mIsFloating=false
2019-10-10 12:31:03.603 5660-5660/com.virobugs I/HwPhoneWindow: updateLayoutParamsColor true mSpecialSet=false, mForcedNavigationBarColor=false, navigationBarColor=ff000000, mNavBarShow=false, mIsFloating=false
2019-10-10 12:31:03.609 5660-5703/com.virobugs D/JavaScriptCore.Version: 236355.1.0
2019-10-10 12:31:03.610 5660-5703/com.virobugs D/SoLoader: Loaded: libreactnativejni.so
2019-10-10 12:31:03.611 5660-5703/com.virobugs D/SoLoader: About to load: libfb.so
2019-10-10 12:31:03.611 5660-5703/com.virobugs D/SoLoader: libfb.so not found on /data/data/com.virobugs/lib-main
2019-10-10 12:31:03.611 5660-5703/com.virobugs D/SoLoader: libfb.so found on /data/app/com.virobugs-G2e6dFEXAvjbdW9Ub0Aq5g==/lib/arm64
2019-10-10 12:31:03.611 5660-5703/com.virobugs D/SoLoader: Not resolving dependencies for libfb.so
2019-10-10 12:31:03.611 577-631/? I/PreDnsController: canPreDnsQuery,persist.sys.predns is false!
2019-10-10 12:31:03.611 577-631/? I/PreDnsController: canPreDnsQuery,persist.sys.predns is false!
2019-10-10 12:31:03.612 5660-5703/com.virobugs D/SoLoader: About to load: libfb.so
2019-10-10 12:31:03.613 5660-5703/com.virobugs D/SoLoader: libfb.so not found on /data/data/com.virobugs/lib-main
2019-10-10 12:31:03.613 5660-5703/com.virobugs D/SoLoader: libfb.so found on /data/app/com.virobugs-G2e6dFEXAvjbdW9Ub0Aq5g==/lib/arm64
2019-10-10 12:31:03.613 5660-5703/com.virobugs D/SoLoader: Not resolving dependencies for libfb.so
2019-10-10 12:31:03.613 5660-5703/com.virobugs I/com.virobugs: Thread[20,tid=5703,Native,Thread*=0x7bb496a400,peer=0x143c45c0,"create_react_context"] recursive attempt to load library "/data/app/com.virobugs-G2e6dFEXAvjbdW9Ub0Aq5g==/lib/arm64/libfb.so"
2019-10-10 12:31:03.613 5660-5703/com.virobugs D/SoLoader: Loaded: libfb.so
2019-10-10 12:31:03.613 5660-5703/com.virobugs D/SoLoader: Loaded: libfb.so
2019-10-10 12:31:03.616 5660-5703/com.virobugs D/SoLoader: About to load: libjscexecutor.so
2019-10-10 12:31:03.616 5660-5703/com.virobugs D/SoLoader: libjscexecutor.so not found on /data/data/com.virobugs/lib-main
2019-10-10 12:31:03.616 5660-5703/com.virobugs D/SoLoader: libjscexecutor.so found on /data/app/com.virobugs-G2e6dFEXAvjbdW9Ub0Aq5g==/lib/arm64
2019-10-10 12:31:03.616 5660-5703/com.virobugs D/SoLoader: Not resolving dependencies for libjscexecutor.so
2019-10-10 12:31:03.620 5660-5703/com.virobugs D/SoLoader: Loaded: libjscexecutor.so
2019-10-10 12:31:03.621 5660-5703/com.virobugs D/ReactNative: ReactInstanceManager.createReactContext()
2019-10-10 12:31:03.621 5660-5704/com.virobugs W/unknown:InspectorPackagerConnection: Couldn't connect to packager, will silently retry
2019-10-10 12:31:03.631 5660-5660/com.virobugs W/com.virobugs: Accessing hidden method Landroid/view/View;->computeFitSystemWindows(Landroid/graphics/Rect;Landroid/graphics/Rect;)Z (light greylist, reflection)
2019-10-10 12:31:03.632 5589-5607/? I/d.process.acor: Waiting for a blocking GC ProfileSaver
2019-10-10 12:31:03.633 5660-5660/com.virobugs W/com.virobugs: Accessing hidden method Landroid/view/ViewGroup;->makeOptionalFitsSystemWindows()V (light greylist, reflection)
2019-10-10 12:31:03.637 5660-5660/com.virobugs D/ActivityThread: add activity client record, r= ActivityRecord{2e2854 token=android.os.BinderProxy@f345748 {com.virobugs/com.virobugs.MainActivity}} token= android.os.BinderProxy@f345748
2019-10-10 12:31:03.643 5660-5660/com.virobugs D/ZrHung.AppEyeUiProbe: notify runnable to start.
2019-10-10 12:31:03.646 5660-5660/com.virobugs D/OpenGLRenderer: Skia GL Pipeline
2019-10-10 12:31:03.647 5589-5607/? I/d.process.acor: WaitForGcToComplete blocked ProfileSaver on HeapTrim for 15.345ms
2019-10-10 12:31:03.647 5660-5660/com.virobugs I/HwSecImmHelper: mSecurityInputMethodService is null
2019-10-10 12:31:03.651 5660-5660/com.virobugs D/HwAppInnerBoostImpl: set config for com.virobugs BOOST_FLAG=false REPORT_DURATION_CLICK=1000 REPORT_TIMES_CLICK=3 REPORT_DURATION_SLIDE=5000 REPORT_TIMES_SLIDE=16
2019-10-10 12:31:03.653 5660-5660/com.virobugs D/OpenGLRenderer:   HWUI Binary is  enabled
2019-10-10 12:31:03.658 5660-5703/com.virobugs E/Manish: createNativeModules
2019-10-10 12:31:03.658 5589-5589/? D/AwareBitmapCacher: handleInit disable android.process.acore
2019-10-10 12:31:03.660 1158-3510/? V/WindowManager: addWindow: Window{c7fb66a u0 com.virobugs/com.virobugs.MainActivity}
2019-10-10 12:31:03.662 3460-3476/? I/AppLifeChangeSensor:  CAWARENESS: activityResumed componentName = ComponentInfo{com.virobugs/com.virobugs.MainActivity}
2019-10-10 12:31:03.662 1158-1269/? W/HwActivityManagerServiceEx: HwActivityNotifier end call for activityLifeState under user 0 cost 1
2019-10-10 12:31:03.662 3460-3476/? E/AppLifeChangeSensor:  CAWARENESS: activityResumed mAppLifeChangeCallback is null
2019-10-10 12:31:03.662 1845-10398/? D/DollieActivityManagerAdapter: [Resumed] pid:5660 uid:10347 ComponentInfo{com.virobugs/com.virobugs.MainActivity}
2019-10-10 12:31:03.662 1158-1284/? D/HwGameAssistantController: UPDATE: mCurFgPkg=com.virobugs, mCurFgPid=5660, mCurIsGame=false
2019-10-10 12:31:03.662 1690-1690/? I/HwNavigationBarView: updateAssistantButtonInGuestureMode(), vis=true,isGestureNavEnable=false
2019-10-10 12:31:03.662 1845-10398/? I/HidataAppQoeP: foregroundUidAdd uid: 10347 name: com.virobugs activity state: true
2019-10-10 12:31:03.664 1158-1582/? D/HwHiCureActivityObserver: handleMessage: msg[0]
2019-10-10 12:31:03.664 1158-1582/? D/HiData_HwAPPQoEResourceMangerImpl: checkIsMonitorHiCureAppScence input :com.virobugs
2019-10-10 12:31:03.664 1158-1653/? D/HiDATA_HiStream: activityResumed:pid=5660, uid=10347, component=ComponentInfo{com.virobugs/com.virobugs.MainActivity}
2019-10-10 12:31:03.664 1158-1653/? D/HiData_HwAPPQoEResourceMangerImpl: checkIsMonitorVideoScence input :com.virobugs,com.virobugs.MainActivity
2019-10-10 12:31:03.664 1158-1653/? D/HiDATA_HiStream: mHwAPPQoEAPKConfig is null
2019-10-10 12:31:03.664 1158-4664/? D/HiData_HwAPPQoEActivityMonitor: handleActivityChange,  curPackage:com.virobugs, curClass:com.virobugs.MainActivity
2019-10-10 12:31:03.664 1158-4664/? D/HiData_HwAPPQoEResourceMangerImpl: checkIsMonitorAPKScence input :com.virobugs,com.virobugs.MainActivity
2019-10-10 12:31:03.664 1158-4664/? D/HiData_HwAPPQoEResourceMangerImpl: checkIsMonitorAPKScence input :com.virobugs,null
2019-10-10 12:31:03.664 1158-4664/? D/HiData_HwAPPQoEResourceMangerImpl: checkIsMonitorGameScence input :com.virobugs
2019-10-10 12:31:03.664 1158-4664/? D/HiData_HwAPPQoEResourceMangerImpl: checkIsMonitorGameScence input :com.virobugs
2019-10-10 12:31:03.664 1158-4664/? D/HiData_HwAPPQoEActivityMonitor: handleActivityChange, it is not a care app or scence
2019-10-10 12:31:03.664 1158-4664/? D/HiData_HwAPPQoEActivityMonitor: handleActivityChange,  curr mAppType:-1, lastType:-1
2019-10-10 12:31:03.665 1845-10398/? I/HidataAppQoeP: sendKernelAppUid, Uid = 10347, period = 2000 name = com.virobugs
2019-10-10 12:31:03.665 1845-10398/? E/DollieAdapterService: notifyActivityState pkg:com.virobugs/com.virobugs.MainActivity state:2 fg:true mUid:10347
2019-10-10 12:31:03.666 1158-3510/? D/HwNetworkManagementService: setNetBoosterAppUid,appUid=10347,period=2000
2019-10-10 12:31:03.666 1158-3510/? D/NetdConnector: SND -> {8406 hwnb appQoe uid 10347 2000}
2019-10-10 12:31:03.667 1158-1571/? D/NetdConnector: RCV <- {200 8406 appQoe uid cmd succeeded}
2019-10-10 12:31:03.668 5660-5660/com.virobugs W/unknown:ReactNative: Packager connection already open, nooping.
2019-10-10 12:31:03.669 5660-5660/com.virobugs I/HwPhoneWindow: updateLayoutParamsColor false mSpecialSet=false, mForcedNavigationBarColor=false, navigationBarColor=ff000000, mNavBarShow=true, mIsFloating=false
2019-10-10 12:31:03.672 1158-3510/? D/PackageManager: resolve intent for uid:10347, matchs:2, res:ResolveInfo{bf1275b com.huawei.android.launcher/.unihome.UniHomeLauncher m=0x108000}
2019-10-10 12:31:03.673 5660-5714/com.virobugs I/HiTouch_HiTouchSensor: enabledInPad = false,isPcCastMode = false
2019-10-10 12:31:03.674 5660-5714/com.virobugs D/HiTouch_PressGestureDetector: onAttached, package=com.virobugs, windowType=1, mHiTouchRestricted=false
2019-10-10 12:31:03.674 1158-1272/? I/StatusBarDisable: setFlags what=0 which=1 pkg=Window{b662a29 u0 Splash Screen com.virobugs}
2019-10-10 12:31:03.677 1158-3510/? V/HwPhoneWindowManager: updateSystemUiColorLw window=Window{c7fb66a u0 com.virobugs/com.virobugs.MainActivity},EmuiStyle=0,StatusBarColor=0xff757575,NavigationBarColor=0xff000000, mForceNotchStatusBar=false
2019-10-10 12:31:03.677 1158-3510/? D/ZrHung.AppEyeFocusWindow: FocusWindowErrorScene cancelCheckFreezeScreen
2019-10-10 12:31:03.677 1158-3510/? D/ZrHung.AppEyeTransparentWindow: TransparentWindow mHungConfigStatus = 1,mHungConfigEnable =
2019-10-10 12:31:03.678 1158-1272/? D/HwPhoneWindowManager: Transact:setSystemUIColor to status bar service
2019-10-10 12:31:03.678 1690-7878/? I/CommandQueue: updateBarBgColor
2019-10-10 12:31:03.678 1690-7878/? D/CommandQueue: CommandQueue, setBarBackgroundColor
2019-10-10 12:31:03.678 1690-1690/? D/TintManager: navigationBarIconTint=99ffffff
2019-10-10 12:31:03.678 1158-1272/? I/StatusBarDisable: setFlags what=0 which=1 pkg=Window{c7fb66a u0 com.virobugs/com.virobugs.MainActivity}
2019-10-10 12:31:03.681 649-1502/? E/BufferQueueProducer: [] mConsumerName == NULL!!!!!!
2019-10-10 12:31:03.685 5660-5660/com.virobugs W/InputMethodManager: startInputReason = 1
2019-10-10 12:31:03.687 598-598/? I/GRALLOC: getCallingPid=649, shrFd=32,fmt=0x1,intFmt=0x200000001,btStrd=4352,size=9973760,pid=598
    	 yuv=2,w=1080,h=2244,Stride u=0 v=0,offset u=0 v=0
    	 iova_size=9973760,conUsg=0x900,proUsg=0x900,	 strd=1088,[afbc]HdrStrd=1088 PyldStrd=69632 Scrmbl=2,ionhnd = 1
2019-10-10 12:31:03.687 649-1502/? E/BufferQueueProducer: [] mConsumerName == NULL!!!!!!
2019-10-10 12:31:03.688 5660-5660/com.virobugs W/InputMethodManager: startInputReason = 5
2019-10-10 12:31:03.689 5660-5713/com.virobugs I/ConfigStore: android::hardware::configstore::V1_0::ISurfaceFlingerConfigs::hasWideColorDisplay retrieved: 0
2019-10-10 12:31:03.689 5660-5713/com.virobugs I/ConfigStore: android::hardware::configstore::V1_0::ISurfaceFlingerConfigs::hasHDRDisplay retrieved: 0
2019-10-10 12:31:03.689 5660-5713/com.virobugs I/iGraphics: [0020080c] pn: com.virobugs, p: 5660
2019-10-10 12:31:03.689 5660-5713/com.virobugs I/iGraphics: [0030080c] no spt app: com.virobugs
2019-10-10 12:31:03.689 5660-5713/com.virobugs I/OpenGLRenderer: Initialized EGL, version 1.4, mEglDisplay 0x1
2019-10-10 12:31:03.689 5660-5713/com.virobugs D/OpenGLRenderer: Swap behavior 2
2019-10-10 12:31:03.689 598-598/? I/GRALLOC: getCallingPid=649, shrFd=32,fmt=0x1,intFmt=0x200000001,btStrd=4352,size=9973760,pid=598
    	 yuv=2,w=1080,h=2244,Stride u=0 v=0,offset u=0 v=0
    	 iova_size=9973760,conUsg=0x900,proUsg=0x900,	 strd=1088,[afbc]HdrStrd=1088 PyldStrd=69632 Scrmbl=2,ionhnd = 1
2019-10-10 12:31:03.690 649-1502/? E/BufferQueueProducer: [] mConsumerName == NULL!!!!!!
2019-10-10 12:31:03.692 598-598/? I/GRALLOC: getCallingPid=649, shrFd=32,fmt=0x1,intFmt=0x200000001,btStrd=4352,size=9973760,pid=598
    	 yuv=2,w=1080,h=2244,Stride u=0 v=0,offset u=0 v=0
    	 iova_size=9973760,conUsg=0x900,proUsg=0x900,	 strd=1088,[afbc]HdrStrd=1088 PyldStrd=69632 Scrmbl=2,ionhnd = 1
2019-10-10 12:31:03.701 5660-5703/com.virobugs W/native: commandlineflags.cc:942 Ignoring RegisterValidateFunction() for flag pointer 0x7b9ee0b968: no flag found at that address
2019-10-10 12:31:03.704 5660-5703/com.virobugs E/Manish: AnimationManager constructor
2019-10-10 12:31:03.709 5660-5713/com.virobugs D/mali_winsys: EGLint new_window_surface(egl_winsys_display *, void *, EGLSurface, EGLConfig, egl_winsys_surface **, EGLBoolean) returns 0x3000
2019-10-10 12:31:03.712 5660-5703/com.virobugs D/ReactNative: Initializing React Xplat Bridge.
2019-10-10 12:31:03.714 598-598/? I/GRALLOC: getCallingPid=649, shrFd=32,fmt=0x1,intFmt=0x200000001,btStrd=4352,size=9973760,pid=598
    	 yuv=2,w=1080,h=2244,Stride u=0 v=0,offset u=0 v=0
    	 iova_size=9973760,conUsg=0xb00,proUsg=0xb00,	 strd=1088,[afbc]HdrStrd=1088 PyldStrd=69632 Scrmbl=2,ionhnd = 1
2019-10-10 12:31:03.716 5660-5703/com.virobugs D/ReactNative: Initializing React Xplat Bridge before initializeBridge
2019-10-10 12:31:03.723 5660-5660/com.virobugs I/ViewRootImpl: jank_removeInvalidNode jank list is null
2019-10-10 12:31:03.723 5660-5703/com.virobugs D/ReactNative: Initializing React Xplat Bridge after initializeBridge
2019-10-10 12:31:03.723 5660-5703/com.virobugs D/ReactNative: CatalystInstanceImpl.runJSBundle()
2019-10-10 12:31:03.724 5660-5728/com.virobugs D/ReactNative: ReactInstanceManager.setupReactContext()
2019-10-10 12:31:03.724 5660-5728/com.virobugs D/ReactNative: CatalystInstanceImpl.initialize()
2019-10-10 12:31:03.725 1158-1272/? I/StatusBarDisable: setFlags what=0 which=1 pkg=Window{c7fb66a u0 com.virobugs/com.virobugs.MainActivity}
2019-10-10 12:31:03.725 1158-1514/? V/WindowManager_visibility: updateAllDrawn Add AppWindowToken{7b98f75 token=Token{eaa6ac ActivityRecord{a574c5f u0 com.virobugs/.MainActivity t6723}}}
2019-10-10 12:31:03.727 5660-5660/com.virobugs W/unknown:ReactNative: Packager connection already open, nooping.
2019-10-10 12:31:03.728 5660-5728/com.virobugs D/ReactNative: ReactInstanceManager.attachRootViewToInstance()
2019-10-10 12:31:03.729 1158-1514/? V/WindowManager_visibility: updateAllDrawn allDrawn=false interesting=1 drawn=1 relaunchCount=0 for AppWindowToken{7b98f75 token=Token{eaa6ac ActivityRecord{a574c5f u0 com.virobugs/.MainActivity t6723}}}
2019-10-10 12:31:03.731 1158-1272/? I/StatusBarDisable: setFlags what=0 which=1 pkg=Window{c7fb66a u0 com.virobugs/com.virobugs.MainActivity}
2019-10-10 12:31:03.737 1158-1272/? I/StatusBarDisable: setFlags what=0 which=1 pkg=Window{c7fb66a u0 com.virobugs/com.virobugs.MainActivity}
2019-10-10 12:31:03.738 1158-1514/? V/WindowManager: removeIfPossible: Window{b662a29 u0 Splash Screen com.virobugs}
2019-10-10 12:31:03.738 1158-1283/? I/ActivityManager: Displayed com.virobugs/.MainActivity: +758ms
2019-10-10 12:31:03.739 1158-1283/? D/ActivityManager: EVENT_APP_ACTIVITY_DISPLAYED_FINISH reportData: com.virobugs/.MainActivity 5660 758
2019-10-10 12:31:03.740 1158-1514/? V/WindowManager: Not removing Window{b662a29 u0 Splash Screen com.virobugs EXITING} due to exit animation
2019-10-10 12:31:03.741 1158-1272/? I/StatusBarDisable: setFlags what=0 which=1 pkg=Window{c7fb66a u0 com.virobugs/com.virobugs.MainActivity}
2019-10-10 12:31:03.745 1158-1821/? D/OpenGLRenderer: eglTerminate mEglDisplay=0x1
2019-10-10 12:31:03.746 1845-10398/? D/DollieActivityManagerAdapter: [UidStateChanged]  uid:10104 uidState:5
2019-10-10 12:31:03.746 1845-10398/? E/DollieAdapterService: notifyActivityState pkg:com.huawei.android.launcher/com.huawei.android.launcher.unihome.UniHomeLauncher state:5 fg:false mUid:10104
2019-10-10 12:31:03.748 1158-1577/? D/NetdConnector: SND -> {8407 firewall set_uid_rule standby 10013 deny}
2019-10-10 12:31:03.749 1979-1979/? D/ViewRootImpl[UniHomeLauncher]: surface should not be released
2019-10-10 12:31:03.750 745-765/? D/AwareLog: iawared: WorkingsetProcessCommand subCmd = 351, userId=10347, pid=5660, com.virobugs
2019-10-10 12:31:03.750 745-765/? D/AwareLog: iawared: WorkingsetPause com.virobugs
2019-10-10 12:31:03.752 1158-1571/? D/NetdConnector: RCV <- {200 8407 Firewall command succeeded}
2019-10-10 12:31:03.753 1158-1577/? I/NetworkPolicy: updateRulesForPowerRestrictionsUL(10013), isIdle: true, mRestrictPower: false, mDeviceIdleMode: false, isForeground=false, isWhitelisted=false, oldRule=32 (ALLOW_ALL), newRule=64 (REJECT_ALL), newUidRules=64 (REJECT_ALL), oldUidRules=32 (ALLOW_ALL), mRestrictBackground=false
2019-10-10 12:31:03.763 1158-3510/? D/NotificationListeners: Removing active service ComponentInfo{com.huawei.android.launcher/com.android.launcher.notification.NotificationListener}
2019-10-10 12:31:03.766 1158-3510/? V/WindowManager: notifyAppStopped: AppWindowToken{df5a639 token=Token{b298e00 ActivityRecord{736ac83 u0 com.huawei.android.launcher/.unihome.UniHomeLauncher t1}}}
2019-10-10 12:31:03.766 1158-3510/? E/WindowManager: win=Window{2ff5ba0 u0 com.huawei.android.launcher/com.huawei.android.launcher.unihome.UniHomeLauncher} destroySurfaces: appStopped=true win.mWindowRemovalAllowed=false win.mRemoveOnExit=false
2019-10-10 12:31:03.766 1158-3510/? E/WindowManager: win=Window{b087f20 u0 com.huawei.android.launcher/com.huawei.android.launcher.unihome.UniHomeLauncher} destroySurfaces: appStopped=true win.mWindowRemovalAllowed=false win.mRemoveOnExit=false
2019-10-10 12:31:03.768 1941-2740/? E/AwareLog: GameSdkConfigReader: GameSdkLog: idNameMap: null
2019-10-10 12:31:03.769 1845-25434/? I/BoosterSwitchP: notifyUidState do nothing
2019-10-10 12:31:03.769 1845-25434/? I/BrowserChrP: notifyUidState
2019-10-10 12:31:03.770 608-4407/? I/spk_dev_interface: spk_set_parameters: use new smartpakit version
2019-10-10 12:31:03.770 608-4407/? I/audio_hw_primary: update stream types 0
2019-10-10 12:31:03.770 608-4407/? I/audio_custom: game mode exit.
2019-10-10 12:31:03.771 608-4407/? I/dsp_soc: set primary algo bypass 0 succ
2019-10-10 12:31:03.796 5660-5728/com.virobugs W/unknown:ViewManagerPropertyUpdater: Could not find generated setter for class com.facebook.react.views.art.ARTGroupViewManager
2019-10-10 12:31:03.798 5660-5728/com.virobugs W/unknown:ViewManagerPropertyUpdater: Could not find generated setter for class com.facebook.react.views.art.ARTGroupShadowNode
2019-10-10 12:31:03.799 1941-2227/? I/ScalingFreqAdapterUniPerf: ===success setFreq:  gpumax:10->767000000
2019-10-10 12:31:03.799 622-622/? I/uniperf server: setConfig clientId=1, tagLen=1, tags[0]=10, configs[0]=767000000
2019-10-10 12:31:03.799 642-1019/? I/PF_MT: [recordCmd:60] Pid:622 Qos:3 mode:0 suspend_mask:0x0 val=332000000
2019-10-10 12:31:03.800 642-1019/? I/PF_MT: [recordCmd:60] Pid:622 Qos:3 mode:0 suspend_mask:0x0 val=767000000
2019-10-10 12:31:03.800 5660-5728/com.virobugs W/unknown:ViewManagerPropertyUpdater: Could not find generated setter for class com.facebook.react.views.art.ARTShapeViewManager
2019-10-10 12:31:03.801 5660-5728/com.virobugs W/unknown:ViewManagerPropertyUpdater: Could not find generated setter for class com.facebook.react.views.art.ARTShapeShadowNode
2019-10-10 12:31:03.802 5660-5728/com.virobugs W/unknown:ViewManagerPropertyUpdater: Could not find generated setter for class com.facebook.react.views.art.ARTTextViewManager
2019-10-10 12:31:03.802 5660-5728/com.virobugs W/unknown:ViewManagerPropertyUpdater: Could not find generated setter for class com.facebook.react.views.art.ARTTextShadowNode
2019-10-10 12:31:03.803 5660-5728/com.virobugs W/unknown:ViewManagerPropertyUpdater: Could not find generated setter for class com.facebook.react.views.checkbox.ReactCheckBoxManager
2019-10-10 12:31:03.807 5660-5728/com.virobugs W/unknown:ViewManagerPropertyUpdater: Could not find generated setter for class com.facebook.react.uimanager.LayoutShadowNode
2019-10-10 12:31:03.813 5660-5728/com.virobugs W/unknown:ViewManagerPropertyUpdater: Could not find generated setter for class com.facebook.react.views.picker.ReactDialogPickerManager
2019-10-10 12:31:03.815 5660-5728/com.virobugs W/unknown:ViewManagerPropertyUpdater: Could not find generated setter for class com.facebook.react.views.drawer.ReactDrawerLayoutManager
2019-10-10 12:31:03.817 5660-5728/com.virobugs W/unknown:ViewManagerPropertyUpdater: Could not find generated setter for class com.facebook.react.views.picker.ReactDropdownPickerManager
2019-10-10 12:31:03.819 5660-5728/com.virobugs W/unknown:ViewManagerPropertyUpdater: Could not find generated setter for class com.facebook.react.views.scroll.ReactHorizontalScrollViewManager
2019-10-10 12:31:03.824 5660-5728/com.virobugs W/unknown:ViewManagerPropertyUpdater: Could not find generated setter for class com.facebook.react.views.scroll.ReactHorizontalScrollContainerViewManager
