2019-10-07 11:28:44.249 749-17375/? E/Camera3-Device: RequestThread: Can't get output buffer, skipping request: Broken pipe (-32)
2019-10-07 11:28:44.249 749-17375/? I/CameraDeviceClient: notifyError(), device error: 0x3
2019-10-07 11:28:44.249 611-611/? I/mediacomm@2.1-service: doCopybit:495: client<Camera, 0> ret = 766 finish copybit -.
2019-10-07 11:28:44.249 749-17375/? E/Camera3-OutputStream: getBufferLockedCommon: Stream 0: Can't dequeue next output buffer: Broken pipe (-32)
2019-10-07 11:28:44.249 749-17375/? E/Camera3-Device: RequestThread: Can't get output buffer, skipping request: Broken pipe (-32)
2019-10-07 11:28:44.249 749-17375/? I/CameraDeviceClient: notifyError(), device error: 0x3
2019-10-07 11:28:44.249 749-17375/? E/Camera3-OutputStream: getBufferLockedCommon: Stream 0: Can't dequeue next output buffer: Broken pipe (-32)
2019-10-07 11:28:44.249 749-17375/? E/Camera3-Device: RequestThread: Can't get output buffer, skipping request: Broken pipe (-32)
2019-10-07 11:28:44.249 749-17375/? I/CameraDeviceClient: notifyError(), device error: 0x3
2019-10-07 11:28:44.249 749-17375/? E/Camera3-OutputStream: getBufferLockedCommon: Stream 0: Can't dequeue next output buffer: Broken pipe (-32)
2019-10-07 11:28:44.249 749-17375/? E/Camera3-Device: RequestThread: Can't get output buffer, skipping request: Broken pipe (-32)
2019-10-07 11:28:44.249 749-17375/? I/CameraDeviceClient: notifyError(), device error: 0x3
2019-10-07 11:28:44.249 749-1317/? E/Surface: queueBuffer: error queuing buffer to SurfaceTexture, -32
2019-10-07 11:28:44.250 749-1317/? E/Camera3-OutputStream: returnBufferCheckedLocked: Stream 1: Error queueing buffer to native window: Broken pipe (-32)
2019-10-07 11:28:44.250 749-1317/? E/Camera3-Device: Can't return buffer to its stream: (0xee5bc600), error: Broken pipe (-32)
2019-10-07 11:28:44.250 749-17375/? E/Camera3-OutputStream: getBufferLockedCommon: Stream 0: Can't dequeue next output buffer: Broken pipe (-32)
2019-10-07 11:28:44.250 749-17375/? E/Camera3-Device: RequestThread: Can't get output buffer, skipping request: Broken pipe (-32)
2019-10-07 11:28:44.250 749-17375/? I/CameraDeviceClient: notifyError(), device error: 0x3
2019-10-07 11:28:44.250 749-17375/? E/Camera3-OutputStream: getBufferLockedCommon: Stream 0: Can't dequeue next output buffer: Broken pipe (-32)
2019-10-07 11:28:44.250 749-17375/? E/Camera3-Device: RequestThread: Can't get output buffer, skipping request: Broken pipe (-32)
2019-10-07 11:28:44.250 749-17375/? I/CameraDeviceClient: notifyError(), device error: 0x3
2019-10-07 11:28:44.250 749-17375/? E/Camera3-OutputStream: getBufferLockedCommon: Stream 0: Can't dequeue next output buffer: Broken pipe (-32)
2019-10-07 11:28:44.250 749-17375/? E/Camera3-Device: RequestThread: Can't get output buffer, skipping request: Broken pipe (-32)
2019-10-07 11:28:44.250 749-17375/? I/CameraDeviceClient: notifyError(), device error: 0x3
2019-10-07 11:28:44.250 749-17375/? E/Camera3-OutputStream: getBufferLockedCommon: Stream 0: Can't dequeue next output buffer: Broken pipe (-32)
2019-10-07 11:28:44.250 749-17375/? E/Camera3-Device: RequestThread: Can't get output buffer, skipping request: Broken pipe (-32)
2019-10-07 11:28:44.250 749-17375/? I/CameraDeviceClient: notifyError(), device error: 0x3
2019-10-07 11:28:44.250 749-17375/? E/Camera3-OutputStream: getBufferLockedCommon: Stream 0: Can't dequeue next output buffer: Broken pipe (-32)
2019-10-07 11:28:44.250 749-17375/? E/Camera3-Device: RequestThread: Can't get output buffer, skipping request: Broken pipe (-32)
2019-10-07 11:28:44.250 766-17400/? I/GRALLOC: LockFlexLayout: baseFormat: 11, yStride: 640, ySize: 307200, uOffset: 307200,  uStride: 640
2019-10-07 11:28:44.251 766-17400/? I/GRALLOC: LockFlexLayout: baseFormat: 11, yStride: 640, ySize: 307200, uOffset: 307200,  uStride: 640
2019-10-07 11:28:44.253 611-611/? I/mediacomm@2.1-service: getMdcClient:114: get client<Camera, 15, 766>, channel<4, 1>, perfLev=1, powerStatue=0.
2019-10-07 11:28:44.253 611-611/? I/mediacomm@2.1-service: getMdcVotePerfLev:179: Connected Mdc client<Camera, 15, 766> channel<4, 1> perfLev<1>
2019-10-07 11:28:44.255 779-779/? D/SensorHub: Channel activate-> handle: 14, enabled:0, err: 0
2019-10-07 11:28:44.255 779-779/? D/SensorHub: read /sys/devices/virtual/sensors/gyro_sensor/ungyro_time_offset time_offset time = 0
2019-10-07 11:28:44.255 609-1250/? I/dsp_codec_ctl: codec_adsp_send_sync_cmd:ioctl ret=0
2019-10-07 11:28:44.255 609-1250/? I/smartpakit: get_power_consumption: result[1] is 0x0 result[0] is 0x10b!
2019-10-07 11:28:44.255 609-1250/? I/smartpakit: getSmartPAPOWER is pa1=267!
2019-10-07 11:28:44.258 779-779/? I/Sensors@1.0-impl: activate-27 enabled-0 fwkOals-1 camOals-1 fwkOcolor-1 camOcolor-1 fwkOtof-0 camOtof-0
2019-10-07 11:28:44.258 779-779/? D/SensorHub: enableSensor-> handle: 27 enable : 0
2019-10-07 11:28:44.250 1110-1278/? I/StatusBarDisable: setFlags what=0 which=1 pkg=Window{4c8636c u0 com.virobugs/com.virobugs.MainActivity EXITING}
2019-10-07 11:28:44.258 1110-1252/? I/HwAudioService: now type = 255,reportForegroundAppType = 255,pkg = null,mVoipOptimizeInGameModetrue
2019-10-07 11:28:44.259 1846-3431/? E/HsmCoreServiceImpl: onTransact in code is: 102
2019-10-07 11:28:44.259 1846-3431/? I/MediaProcessHandler: processOp opType: 1, uid: 10306, pid: 17184
2019-10-07 11:28:44.259 1846-3431/? W/MediaProcessHandler: remove target not exist, maybe the UI process: uid: 10306, pid: 17184
2019-10-07 11:28:44.259 1846-3431/? I/MediaProcessHandler: executedCallBack opType: 1 mMediaStatusObservers.size=0
2019-10-07 11:28:44.259 1846-2274/? D/HicomMonitor: notifyAppDied: begin
2019-10-07 11:28:44.259 1846-2274/? D/Hicom_SysEnvMonitor: onAppDied, uid:10306
2019-10-07 11:28:44.260 749-1317/? E/Surface: queueBuffer: error queuing buffer to SurfaceTexture, -32
2019-10-07 11:28:44.260 749-1317/? E/Camera3-OutputStream: returnBufferCheckedLocked: Stream 1: Error queueing buffer to native window: Broken pipe (-32)
2019-10-07 11:28:44.260 749-1317/? E/Camera3-Device: Can't return buffer to its stream: (0xee5bc600), error: Broken pipe (-32)
2019-10-07 11:28:44.262 749-916/? E/Surface: queueBuffer: error queuing buffer to SurfaceTexture, -32
2019-10-07 11:28:44.262 749-916/? E/Camera3-OutputStream: returnBufferCheckedLocked: Stream 1: Error queueing buffer to native window: Broken pipe (-32)
2019-10-07 11:28:44.262 749-916/? E/Camera3-Device: Can't return buffer to its stream: (0xee5bc600), error: Broken pipe (-32)
2019-10-07 11:28:44.263 749-1317/? E/Surface: queueBuffer: error queuing buffer to SurfaceTexture, -32
2019-10-07 11:28:44.263 749-1317/? E/Camera3-OutputStream: returnBufferCheckedLocked: Stream 1: Error queueing buffer to native window: Broken pipe (-32)
2019-10-07 11:28:44.263 749-1317/? E/Camera3-Device: Can't return buffer to its stream: (0xee5bc600), error: Broken pipe (-32)
2019-10-07 11:28:44.263 1956-2275/? I/AppManager: removeProcessDependency pid:17184
2019-10-07 11:28:44.263 1956-2757/? E/AwareLog: GameSdkConfigReader: GameSdkLog: idNameMap: null
2019-10-07 11:28:44.259 1846-2274/? D/HicomMonitor: onAppDied: uid = 10306
2019-10-07 11:28:44.263 1846-2274/? D/Hicom_AppLifeCycleManager: sAppAllSocketClosed rm uid: 10306
2019-10-07 11:28:44.263 1846-2274/? D/Hicom_SingleTaskDecisionSystem: AllAppPolicyEmpty(), disable MobileData...
2019-10-07 11:28:44.263 1846-2274/? D/Hicom_MobileDataControl: setMobileData Mobile switch closing,mEnableSourceMask:0
2019-10-07 11:28:44.263 1846-2274/? D/Hicom_MobileDataControl: stopMobileDataNetwork
2019-10-07 11:28:44.263 1846-2274/? D/Hicom_MobileDataControl: has already stopMobileDataNetwork
2019-10-07 11:28:44.263 779-779/? D/SensorHub: Channel activate-> handle: 27, enabled:0, err: 0
2019-10-07 11:28:44.264 1846-4456/? I/BoosterSwitchP: notifyUidState do nothing
2019-10-07 11:28:44.264 1846-4456/? I/BrowserChrP: notifyUidState
2019-10-07 11:28:44.264 779-779/? D/SensorHub: read /sys/devices/virtual/sensors/acc_sensor/unacc_time_offset time_offset time = 0
2019-10-07 11:28:44.265 611-611/? I/mediacomm@2.1-service: doCopybit:495: client<Camera, 0> ret = 766 finish copybit -.
2019-10-07 11:28:44.265 766-17400/? I/GRALLOC: LockFlexLayout: baseFormat: 11, yStride: 640, ySize: 307200, uOffset: 307200,  uStride: 640
2019-10-07 11:28:44.265 779-905/? D/SensorHub: batch called handle:0 sample_ns:10000000 latency_ns:0
2019-10-07 11:28:44.265 779-905/? D/SensorHub: in batch, handle = 0, flags = 0, period_ns = 10000000, timeout = 0
2019-10-07 11:28:44.265 766-17400/? I/GRALLOC: LockFlexLayout: baseFormat: 11, yStride: 640, ySize: 307200, uOffset: 307200,  uStride: 640
2019-10-07 11:28:44.266 1846-2274/? E/Hicom_PolicyCenterService: handleAppDied. null == mMultipathAppsMap
2019-10-07 11:28:44.267 648-11810/? I/hash_map_utils: key: 'getSmartPAPOWER' value: ''
2019-10-07 11:28:44.267 648-11810/? I/bt_a2dp_hw: adev_get_parameters: audio a2dp receive kvpairs getSmartPAPOWER ,but need not handle
2019-10-07 11:28:44.267 1956-2062/? I/AppManager: handleVideoRecord, add: false, pid: , uid: 10306, type: 1
2019-10-07 11:28:44.267 1956-2062/? I/SensorState: sensor:14 name:unknown enable:false uid:10306
2019-10-07 11:28:44.268 1956-2062/? I/SensorState: removeSensor,mHandles:{0=1, 27=1}
2019-10-07 11:28:44.268 1956-2062/? I/PGServer: report state:4 event type:2 pid:14 uid:10306 pkg:null to pid: 1110
2019-10-07 11:28:44.269 749-1317/? E/Surface: queueBuffer: error queuing buffer to SurfaceTexture, -32
2019-10-07 11:28:44.269 749-1317/? E/Camera3-OutputStream: returnBufferCheckedLocked: Stream 0: Error queueing buffer to native window: Broken pipe (-32)
2019-10-07 11:28:44.269 749-1317/? E/Camera3-Device: Can't return buffer to its stream: (0xee35d280), error: Broken pipe (-32)
2019-10-07 11:28:44.270 1110-9115/? V/WindowManager: Exit animation finished in Window{4c8636c u0 com.virobugs/com.virobugs.MainActivity EXITING}: remove=true
2019-10-07 11:28:44.270 1110-9115/? E/WindowManager: win=Window{4c8636c u0 com.virobugs/com.virobugs.MainActivity EXITING} destroySurfaces: appStopped=false win.mWindowRemovalAllowed=true win.mRemoveOnExit=true
2019-10-07 11:28:44.270 611-611/? I/mediacomm@2.1-service: getMdcClient:114: get client<Camera, 15, 766>, channel<4, 1>, perfLev=1, powerStatue=0.
2019-10-07 11:28:44.270 611-611/? I/mediacomm@2.1-service: getMdcVotePerfLev:179: Connected Mdc client<Camera, 15, 766> channel<4, 1> perfLev<1>
2019-10-07 11:28:44.271 1110-9115/? W/WindowManager: Exception thrown when updateSurfaceStatusSurface(name=com.virobugs/com.virobugs.MainActivity)/@0xdd504c4: android.os.DeadObjectException
2019-10-07 11:28:44.273 1110-9115/? V/WindowManager: postWindowRemoveCleanupLocked: Window{4c8636c u0 com.virobugs/com.virobugs.MainActivity}
2019-10-07 11:28:44.273 1110-9115/? V/WindowManager: Removing Window{4c8636c u0 com.virobugs/com.virobugs.MainActivity} from AppWindowToken{5b6ff8 token=Token{a8b7b5b ActivityRecord{e7eda6a u0 com.virobugs/.MainActivity t6396}}}
2019-10-07 11:28:44.274 1110-1286/? W/libprocessgroup: kill(-17184, 9) failed: No such process
2019-10-07 11:28:44.274 1110-1286/? I/libprocessgroup: Successfully killed process cgroup uid 10306 pid 17184 in 31ms
2019-10-07 11:28:44.279 1956-2380/? I/InputManager: new hook event, id: 218, pkg: 77
2019-10-07 11:28:44.279 1956-2380/? I/InputManager: new hook event, id: 161, pkg: 10306
2019-10-07 11:28:44.279 1956-2380/? I/InputManager: new hook event, id: 160, pkg: 1041
2019-10-07 11:28:44.280 1956-2062/? I/SensorState: sensor:27 name:unknown enable:false uid:10306
2019-10-07 11:28:44.280 1956-2062/? I/SensorState: removeSensor,mHandles:{0=1}
2019-10-07 11:28:44.280 1956-2062/? I/PGServer: report state:4 event type:2 pid:27 uid:10306 pkg:null to pid: 1110
2019-10-07 11:28:44.281 1956-2062/? I/SensorState: sensor:0 name:accelerometer enable:false uid:10306
2019-10-07 11:28:44.281 1956-2062/? I/SensorState: sensor stop, total history time:13784
2019-10-07 11:28:44.281 1956-2062/? I/SensorState: removeSensor,mHandles:{}
2019-10-07 11:28:44.281 1956-2062/? I/PGServer: report state:4 event type:2 pid:0 uid:10306 pkg:null to pid: 1110
2019-10-07 11:28:44.281 1956-2062/? I/PGAudioState: AUDIO_REMOVE_ACTIVE_TRACK, trackId : 77
2019-10-07 11:28:44.281 1956-2062/? I/PGAudioState: AUDIO_RELEASE_TRACK, 77
2019-10-07 11:28:44.281 1956-2062/? D/PGAudioState: remove from mTrackMap, 77
2019-10-07 11:28:44.281 1956-2062/? I/DeviceMonitor: last release audio mix uid:10306 pid:-2
2019-10-07 11:28:44.283 1110-1152/? E/AwareLog: CPUKeyBackground: checkIsTargetGroup read catch IOException msg = /proc/17184/cpuset (No such file or directory)
2019-10-07 11:28:44.287 766-17398/? I/EnvImpl: [HWA_CAM3]getArCalorieMode mArCalorieMode 0
2019-10-07 11:28:44.288 766-17398/? I/cie: FaceStoryAlgo::isCurFrameRun isCurFrameRun. Process mode 0.
2019-10-07 11:28:44.288 766-17393/? D/Misc____: [3c6ca2b_64D] onProcessFrame(666), afDistance(0.000000)
2019-10-07 11:28:44.289 1110-9115/? V/WindowManager: removeAppToken: AppWindowToken{5b6ff8 token=Token{a8b7b5b ActivityRecord{e7eda6a u0 com.virobugs/.MainActivity t6396}}} delayed=true Callers=com.android.server.wm.DisplayContent.removeAppToken:1086 com.android.server.wm.AppWindowContainerController.removeContainer:315 com.android.server.am.ActivityRecord.removeWindowContainer:1201 com.android.server.am.ActivityStack.removeActivityFromHistoryLocked:4568
2019-10-07 11:28:44.290 648-851/? I/APM_AudioPolicyManager: stopOutput() output 13, stream 3, session 161
2019-10-07 11:28:44.291 611-611/? I/mediacomm@2.1-service: doCopybit:495: client<Camera, 0> ret = 766 finish copybit -.
2019-10-07 11:28:44.292 648-1232/? I/AudioMixer: Pid:648 deleteTrackName(0)
2019-10-07 11:28:44.292 648-1232/? I/peq_android: PEQ destroyed
2019-10-07 11:28:44.292 609-1250/? I/spk_dev_interface: spk_set_parameters: use new smartpakit version
2019-10-07 11:28:44.292 609-1250/? I/audio_hw_primary: update stream types 0
2019-10-07 11:28:44.292 766-17400/? I/GRALLOC: LockFlexLayout: baseFormat: 11, yStride: 640, ySize: 307200, uOffset: 307200,  uStride: 640
2019-10-07 11:28:44.292 766-17400/? I/GRALLOC: LockFlexLayout: baseFormat: 11, yStride: 640, ySize: 307200, uOffset: 307200,  uStride: 640
2019-10-07 11:28:44.293 749-916/? E/Surface: queueBuffer: error queuing buffer to SurfaceTexture, -32
2019-10-07 11:28:44.293 749-916/? E/Camera3-OutputStream: returnBufferCheckedLocked: Stream 0: Error queueing buffer to native window: Broken pipe (-32)
2019-10-07 11:28:44.293 749-916/? E/Camera3-Device: Can't return buffer to its stream: (0xee35d280), error: Broken pipe (-32)
2019-10-07 11:28:44.293 648-851/? I/APM_AudioPolicyManager: getNewOutputDevice() selected device 0 connectdeDevices(10003)
2019-10-07 11:28:44.293 648-851/? D/APM_AudioPolicyManager: setOutputDevice() device 0x0000 delayMs 80 force 0
2019-10-07 11:28:44.293 749-916/? E/Surface: queueBuffer: error queuing buffer to SurfaceTexture, -32
2019-10-07 11:28:44.293 648-851/? I/APM_AudioPolicyManager: setOutputDevice() setting same device 0x0000 or null device
2019-10-07 11:28:44.293 749-916/? E/Camera3-OutputStream: returnBufferCheckedLocked: Stream 1: Error queueing buffer to native window: Broken pipe (-32)
2019-10-07 11:28:44.293 648-851/? I/APM_AudioPolicyManager: checkOutputForStrategy() getDeviceForStrategy strategy=3 newDevice=2 oldDevice=2
2019-10-07 11:28:44.293 749-916/? I/Camera3-IOStreamBase: returnAnyBufferLocked: Stream 1: All buffers returned; now idle
2019-10-07 11:28:44.293 749-916/? E/Camera3-Device: Can't return buffer to its stream: (0xee5bc600), error: Broken pipe (-32)
2019-10-07 11:28:44.294 648-851/? D/APM::AudioOutputDescriptor: stop, profile name: primary out,  curActiveCount: 0
2019-10-07 11:28:44.294 611-611/? I/mediacomm@2.1-service: getMdcClient:114: get client<Camera, 15, 766>, channel<4, 1>, perfLev=1, powerStatue=0.
2019-10-07 11:28:44.294 611-611/? I/mediacomm@2.1-service: getMdcVotePerfLev:179: Connected Mdc client<Camera, 15, 766> channel<4, 1> perfLev<1>
2019-10-07 11:28:44.295 752-823/? I/dubaid: [AudioHandler.cpp] stopSession# Failed to find audio session: 161
2019-10-07 11:28:44.297 1110-9115/? V/ActivityManager: removeChild: detaching stackId=13 from displayId=0
2019-10-07 11:28:44.299 611-611/? I/mediacomm@2.1-service: doCopybit:495: client<Camera, 0> ret = 766 finish copybit -.
2019-10-07 11:28:44.299 766-17400/? I/GRALLOC: LockFlexLayout: baseFormat: 11, yStride: 640, ySize: 307200, uOffset: 307200,  uStride: 640
2019-10-07 11:28:44.299 766-17400/? I/GRALLOC: LockFlexLayout: baseFormat: 11, yStride: 640, ySize: 307200, uOffset: 307200,  uStride: 640
2019-10-07 11:28:44.300 749-916/? E/Surface: queueBuffer: error queuing buffer to SurfaceTexture, -32
2019-10-07 11:28:44.300 749-916/? E/Camera3-OutputStream: returnBufferCheckedLocked: Stream 0: Error queueing buffer to native window: Broken pipe (-32)
2019-10-07 11:28:44.300 749-916/? E/Camera3-Device: Can't return buffer to its stream: (0xee35d280), error: Broken pipe (-32)
2019-10-07 11:28:44.302 611-611/? I/mediacomm@2.1-service: getMdcClient:114: get client<Camera, 15, 766>, channel<4, 1>, perfLev=1, powerStatue=0.
2019-10-07 11:28:44.302 611-611/? I/mediacomm@2.1-service: getMdcVotePerfLev:179: Connected Mdc client<Camera, 15, 766> channel<4, 1> perfLev<1>
2019-10-07 11:28:44.302 766-17390/? I/HwaStatInfo: [3c6ca2b_64I] algotype is 0, videoRatio is 1.000000, ratio is 1.875000, faceNum is 0
2019-10-07 11:28:44.303 1110-9115/? W/HwActivityManagerServiceEx: setResumedActivityUncheckLocked start call, from: ActivityRecord{e7eda6a u0 com.virobugs/.MainActivity t-1 f}, to: ActivityRecord{2ce02b7 u0 com.huawei.android.launcher/.unihome.UniHomeLauncher t1}
2019-10-07 11:28:44.303 1110-9115/? W/HwActivityManagerServiceEx: appSwitch from: com.virobugs to: com.huawei.android.launcher
2019-10-07 11:28:44.304 1110-1265/? W/HwActivityManagerServiceEx: HwActivityNotifier end call for returnToHome under user 0 cost 1
2019-10-07 11:28:44.304 611-611/? I/mediacomm@2.1-service: doCopybit:495: client<Camera, 0> ret = 766 finish copybit -.
2019-10-07 11:28:44.304 1110-1265/? W/HwActivityManagerServiceEx: HwActivityNotifier end call for appSwitch under user 0 cost 0
2019-10-07 11:28:44.304 766-17400/? I/GRALLOC: LockFlexLayout: baseFormat: 11, yStride: 640, ySize: 307200, uOffset: 307200,  uStride: 640
2019-10-07 11:28:44.304 766-17400/? I/GRALLOC: LockFlexLayout: baseFormat: 11, yStride: 640, ySize: 307200, uOffset: 307200,  uStride: 640
2019-10-07 11:28:44.304 1846-4456/? D/AssistantService-901302: registerHwActivityNotifier call fromPackage:com.virobugs, toPackage:com.huawei.android.launcher
2019-10-07 11:28:44.305 1846-4456/? D/AssistantService-901302: getAppSDKType packageName:com.virobugs, type:0
2019-10-07 11:28:44.305 1846-4456/? D/AssistantService-901302: appInJoint:0
2019-10-07 11:28:44.305 1846-4456/? D/AssistantService-901302: issystemapp:com.huawei.android.launcher
2019-10-07 11:28:44.305 749-916/? E/Surface: queueBuffer: error queuing buffer to SurfaceTexture, -32
2019-10-07 11:28:44.305 749-916/? E/Camera3-OutputStream: returnBufferCheckedLocked: Stream 0: Error queueing buffer to native window: Broken pipe (-32)
2019-10-07 11:28:44.305 749-916/? E/Camera3-Device: Can't return buffer to its stream: (0xee35d280), error: Broken pipe (-32)
2019-10-07 11:28:44.307 611-611/? I/mediacomm@2.1-service: getMdcClient:114: get client<Camera, 15, 766>, channel<4, 1>, perfLev=1, powerStatue=0.
2019-10-07 11:28:44.307 611-611/? I/mediacomm@2.1-service: getMdcVotePerfLev:179: Connected Mdc client<Camera, 15, 766> channel<4, 1> perfLev<1>
2019-10-07 11:28:44.307 1995-2187/? D/Activity: pivotX = 540.0, pivotY = 1653.0, iconWidth = 170, iconHeight = 170, iconWidth = 170, flag = 0
2019-10-07 11:28:44.310 611-611/? I/mediacomm@2.1-service: doCopybit:495: client<Camera, 0> ret = 766 finish copybit -.
2019-10-07 11:28:44.311 766-17400/? I/GRALLOC: LockFlexLayout: baseFormat: 11, yStride: 640, ySize: 307200, uOffset: 307200,  uStride: 640
2019-10-07 11:28:44.312 766-17400/? I/GRALLOC: LockFlexLayout: baseFormat: 11, yStride: 640, ySize: 307200, uOffset: 307200,  uStride: 640
2019-10-07 11:28:44.312 749-916/? E/Surface: queueBuffer: error queuing buffer to SurfaceTexture, -32
2019-10-07 11:28:44.312 749-916/? E/Camera3-OutputStream: returnBufferCheckedLocked: Stream 0: Error queueing buffer to native window: Broken pipe (-32)
2019-10-07 11:28:44.312 749-916/? I/Camera3-IOStreamBase: returnAnyBufferLocked: Stream 0: All buffers returned; now idle
2019-10-07 11:28:44.312 749-916/? E/Camera3-Device: Can't return buffer to its stream: (0xee35d280), error: Broken pipe (-32)
2019-10-07 11:28:44.313 1110-9115/? D/HwPhoneWindowManager: sensorRotation = 0 lastRotation:0
2019-10-07 11:28:44.313 749-17374/? I/Camera3-Status: Camera device is now idle
2019-10-07 11:28:44.313 749-10654/? I/Camera3-Device: disconnect: E
2019-10-07 11:28:44.314 1110-9115/? V/WindowManager: notifyAppResumed: wasStopped=true AppWindowToken{dcb498d token=Token{7151a24 ActivityRecord{2ce02b7 u0 com.huawei.android.launcher/.unihome.UniHomeLauncher t1}}}
2019-10-07 11:28:44.314 749-10654/? I/CameraLatencyHistogram: ProcessCaptureRequest latency histogram (27) samples:
2019-10-07 11:28:44.314 749-10654/? I/CameraLatencyHistogram:        40     80    120    160    200    240    280    320    360    inf (max ms)
2019-10-07 11:28:44.314 749-10654/? I/CameraLatencyHistogram:      92.59   3.70   0.00   0.00   3.70   0.00   0.00   0.00   0.00   0.00 (%)
2019-10-07 11:28:44.315 1956-2062/? D/ScenarioService: front pkg : com.huawei.android.launcher launcher: true
2019-10-07 11:28:44.316 1956-2062/? I/AppManager: handleAppFrontEvent: com.huawei.android.launcher
2019-10-07 11:28:44.316 749-10654/? I/Camera3-Device: disconnect: request thread and status tracker exit.
2019-10-07 11:28:44.316 1956-2062/? I/AppsUsage: scnOff:false FgAPP:com.huawei.android.launcher BgAPP:com.virobugs
2019-10-07 11:28:44.317 1956-2275/? I/hibernation: front pkg : com.huawei.android.launcher launcher: true
2019-10-07 11:28:44.318 766-1294/? I/ImagingSystem: #Camera# [862680300]> 3_stopStreaming
2019-10-07 11:28:44.318 766-1294/? I/ImagingSystem: #Camera# [862680698]> pipeline_prepare4Stop
2019-10-07 11:28:44.318 766-1294/? D/IppAlgoFilter: [HWA_CAM3]enter prepare4Stop(), this=0x7ec0b40800
2019-10-07 11:28:44.318 766-1294/? D/IppAlgo: [HWA_CAM3]FRMC_ this=0x7ec0b26fa0, ipptype=0, name=StatIpp, enter prepare4Stop()
2019-10-07 11:28:44.318 766-1294/? D/HwaIppPluginImpl: [3c6ca2b_64D] FRMC_ this=0x7ec0ae5000, ipptype=0, enter prepare4Stop()
2019-10-07 11:28:44.318 766-1294/? D/IppAlgoDM: [3c6ca2b_64D] enter onPrepare4Stop()
2019-10-07 11:28:44.318 766-1294/? D/HwaIppPluginImpl: [3c6ca2b_64D] FRMC_ this=0x7ec0ae5000, ipptype=0, exit  prepare4Stop()
2019-10-07 11:28:44.318 766-1294/? D/IppAlgo: [HWA_CAM3]FRMC_ this=0x7ec0b26fa0, ipptype=0, name=StatIpp, exit prepare4Stop()
2019-10-07 11:28:44.318 766-1294/? D/IppAlgoFilter: [HWA_CAM3]enter prepare4Stop(), this=0x7ec0b46000
2019-10-07 11:28:44.318 766-1294/? D/IppAlgo: [HWA_CAM3]FRMC_ this=0x7ec0b27360, ipptype=256, name=PostIpp, enter prepare4Stop()
2019-10-07 11:28:44.318 766-1294/? D/HwaIppPluginImpl: [3c6ca2b_64D] FRMC_ this=0x7ec0ae6800, ipptype=256, enter prepare4Stop()
2019-10-07 11:28:44.318 766-1294/? D/HwaIppPluginImpl: [3c6ca2b_64D] FRMC_ this=0x7ec0ae6800, ipptype=256, exit  prepare4Stop()
2019-10-07 11:28:44.318 766-1294/? D/IppAlgo: [HWA_CAM3]FRMC_ this=0x7ec0b27360, ipptype=256, name=PostIpp, exit prepare4Stop()
2019-10-07 11:28:44.318 766-1294/? I/ImagingSystem: #Camera# [862680698]< pipeline_prepare4Stop
2019-10-07 11:28:44.318 766-17405/? I/IppAlgoFilter: processFrame skip frame after prepareStop
2019-10-07 11:28:44.319 766-1294/? I/ImagingSystem: doStopStreaming(519):
2019-10-07 11:28:44.319 766-1294/? I/LaserManager: stopStreaming: enter.
2019-10-07 11:28:44.319 766-1294/? I/LaserManager: stopDevice(2237) stopDevice async=0 m_state4StartLaser=start
2019-10-07 11:28:44.319 766-1294/? I/LaserControl: stop: instance[0x7f4fed4880], cmd = 0x4acb
2019-10-07 11:28:44.319 766-17403/? I/IppAlgoFilter: processFrame skip frame after prepareStop
2019-10-07 11:28:44.319 766-1294/? I/HispManager: stopStreaming enter .
2019-10-07 11:28:44.319 766-1294/? I/Processor: #Camera# [862684277]> Flush_0
2019-10-07 11:28:44.319 752-828/? E/dubaid: [CameraHandler.cpp] handleOnDisconnected# Invalid tag: 2
2019-10-07 11:28:44.320 1846-2274/? D/Hicom_EmcomManagerService: forePackage name is com.huawei.android.launcher
2019-10-07 11:28:44.320 1846-2274/? D/HicomMonitor: notifyForegroundAppChanged: begin
2019-10-07 11:28:44.320 1846-2274/? D/XEngineProcessor: onForegroundAppChanged, pkgName:com.huawei.android.launcher
2019-10-07 11:28:44.320 1846-2274/? I/XEngineProcessor: Feature is not enable.
2019-10-07 11:28:44.320 1846-2274/? D/Hicom_SysEnvMonitor: onForegroundAppChanged, pkgName: com.huawei.android.launcher
2019-10-07 11:28:44.320 1846-2274/? D/XEngineMpipControl: onForegroundAppChanged, pkgName:com.huawei.android.launcher
2019-10-07 11:28:44.320 1846-2274/? D/XEngineMpipControl: Invalid subId
2019-10-07 11:28:44.320 1846-2274/? E/XEngineMpipControl: Invalid SubId
2019-10-07 11:28:44.320 1846-2274/? D/HicomMonitor: onForegroundAppChanged is called
2019-10-07 11:28:44.321 1846-2274/? D/Hicom_PolicyCenterService: handleForegroundAppChanged new forground app 10104
2019-10-07 11:28:44.321 1846-2274/? D/Hicom_AppLifeCycleManager: sAppAllSocketClosed NOT contain: 10306
2019-10-07 11:28:44.321 1846-2274/? D/Hicom_PolicyCenterService: mCurrentForgroundUid is not policy exist
2019-10-07 11:28:44.326 1956-2395/? I/PGServer: report state:10000 event type:2 pid:0 uid:0 pkg:com.virobugs to pid: 1110
2019-10-07 11:28:44.326 1956-2395/? I/PGServer: report state:10000 event type:2 pid:0 uid:0 pkg:com.virobugs to pid: 1956
2019-10-07 11:28:44.328 766-949/? I/HispManager: requestAck0(28):map(2024),status(1),rawValid(0),meta(1),ts(1570440524/320529)
2019-10-07 11:28:44.328 766-949/? I/HispManager: requestAck0(29):map(2024),status(1),rawValid(0),meta(1),ts(0/0)
2019-10-07 11:28:44.328 766-949/? I/HispManager: requestAck0(30):map(2024),status(1),rawValid(0),meta(1),ts(0/0)
2019-10-07 11:28:44.329 766-949/? I/HispManager: requestAck0(31):map(2024),status(1),rawValid(0),meta(1),ts(0/0)
2019-10-07 11:28:44.330 766-1294/? I/Processor: #Camera# [862684277]< Flush_0
2019-10-07 11:28:44.330 766-1294/? I/Processor: streamOff: camera id:0.
2019-10-07 11:28:44.330 766-17405/? I/IppAlgoFilter: [HWA_CAM3]processFrame: invalid tiny buffer drop by IPP
2019-10-07 11:28:44.331 766-17405/? I/chatty: uid=1013(media) ispout#2# identical 1 line
2019-10-07 11:28:44.331 766-17405/? I/IppAlgoFilter: [HWA_CAM3]processFrame: invalid tiny buffer drop by IPP
2019-10-07 11:28:44.331 766-949/? E/HISPMsgController: procMsgAck: can't match api:0x201c
2019-10-07 11:28:44.331 766-17405/? I/IppAlgoFilter: [HWA_CAM3]processFrame: invalid tiny buffer drop by IPP
2019-10-07 11:28:44.332 766-17403/? I/IppAlgoFilter: processFrame skip frame after prepareStop
2019-10-07 11:28:44.333 1956-2395/? I/SceneReceiver: state type: 10000 eventType:2 pid:0 uid:0 pkg:com.virobugs
2019-10-07 11:28:44.333 1956-2395/? I/PGServer: report state:10010 event type:1 pid:0 uid:0 pkg:com.huawei.android.launcher to pid: 1110
2019-10-07 11:28:44.333 766-17409/? I/Processor: wait4Start: ignore waiting . m_rgReady[0] = 0
2019-10-07 11:28:44.333 766-1294/? I/ImagingSystem: #NONE# [862692714]> stopFeatures
2019-10-07 11:28:44.333 766-17409/? I/HispManager: reqRequest0(0):pre(0)tiny(0) outmeta(1)
2019-10-07 11:28:44.333 766-17403/? I/IppAlgoFilter: processFrame skip frame after prepareStop
2019-10-07 11:28:44.333 1956-1979/? I/PGServer: checkPkgType. calling pkg: android
2019-10-07 11:28:44.333 766-1294/? I/Feature: setPowerSaveRawRequestStatus: flow:single camera status:fill raw
2019-10-07 11:28:44.334 766-1294/? I/HISP160Feature: setYUVNFDSStatus: multiscale yuvnfds count(1) cam_id(0, 0, 0) cam_id(0, 0, 0)
2019-10-07 11:28:44.334 766-1294/? I/Feature: stop(6842) enter!
2019-10-07 11:28:44.334 766-1294/? I/ImagingSystem: setAwbSensorInfo: awb info[1]: r 0, g 0, b 0, ir 0, c 0, w 0
2019-10-07 11:28:44.334 766-17403/? I/IppAlgoFilter: processFrame skip frame after prepareStop
2019-10-07 11:28:44.334 1956-2395/? I/PGServer: report state:10010 event type:1 pid:0 uid:0 pkg:com.huawei.android.launcher to pid: 1956
2019-10-07 11:28:44.335 766-1294/? I/ImagingSystem: setAwbSensorInfo: awb info[0]: r 37, g 29, b 8, ir 51, c 0, w 0
2019-10-07 11:28:44.335 766-1294/? I/Feature: #NONE# [862695261]> readLightData
2019-10-07 11:28:44.336 766-1294/? I/Feature: #NONE# [862695261]< readLightData
2019-10-07 11:28:44.336 766-1294/? I/Feature: stop(6887) exit!
2019-10-07 11:28:44.336 766-1294/? I/ImagingSystem: #NONE# [862692714]< stopFeatures
2019-10-07 11:28:44.336 766-17403/? I/IppAlgoFilter: processFrame skip frame after prepareStop
2019-10-07 11:28:44.336 766-1294/? I/HispManager: stopStreaming exit .
2019-10-07 11:28:44.336 766-1294/? I/160DmapM: stopStreaming
2019-10-07 11:28:44.336 599-2170/? I/GRALLOC: getCallingPid=650, shrFd=32,fmt=0x1,intFmt=0x200000001,btStrd=4352,size=9973760,pid=599
    	 yuv=2,w=1080,h=2244,Stride u=0 v=0,offset u=0 v=0
    	 iova_size=9973760,conUsg=0x900,proUsg=0x900,	 strd=1088,[afbc]HdrStrd=1088 PyldStrd=69632 Scrmbl=2,ionhnd = 1
2019-10-07 11:28:44.336 766-1294/? I/DmapManager: stopStreaming: enter
2019-10-07 11:28:44.336 766-1294/? I/SensorManager: stopStreaming: enter instance(0x7f4fe7af80)
2019-10-07 11:28:44.336 766-1294/? I/LCDInfoProcess: enter stop()
2019-10-07 11:28:44.337 1110-9115/? V/WindowManager: Checking 1 opening apps (frozen=false timeout=false), Track: relayout performsurface
2019-10-07 11:28:44.337 1110-9115/? V/WindowManager: Check opening app=AppWindowToken{dcb498d token=Token{7151a24 ActivityRecord{2ce02b7 u0 com.huawei.android.launcher/.unihome.UniHomeLauncher t1}}}: allDrawn=false startingDisplayed=false startingMoved=false isRelaunching()=false startingWindow=null
2019-10-07 11:28:44.339 766-1294/? W/PipelineLayout: disconnectPostProc: post proc is already disconnected .
2019-10-07 11:28:44.339 766-1294/? I/ImagingSystem: stop(4214): instance[0x7f4fa24000].
2019-10-07 11:28:44.340 766-1294/? I/ImagingSystem: #Camera# [862702578]> pipeline_stop
2019-10-07 11:28:44.340 766-1294/? I/ImagingSystem: stop(909): (stream.sink) instance[0x7ec01f7f00].
2019-10-07 11:28:44.340 766-1294/? I/ImagingSystem: stop(909): (stream.sink) instance[0x7ec01f7a00].
2019-10-07 11:28:44.340 766-1294/? I/ImagingSystem: stop(909): (algo.ipp) instance[0x7ec0b40800].
2019-10-07 11:28:44.340 766-1294/? I/IppAlgoPortIn: [HWA_CAM3]this=0x7ec0b40888, ipptype=0, enter deactivate()
2019-10-07 11:28:44.340 766-1294/? I/IppAlgoFilter: [HWA_CAM3]this=0x7ec0b40800, ipptype=0, enter destroyAlgo()
2019-10-07 11:28:44.340 766-1294/? I/IppAlgoPortIn: [HWA_CAM3]this=0x7ec0b40888, ipptype=0, exit deactivate()
2019-10-07 11:28:44.340 766-1294/? I/ImagingSystem: doDeallocate4Idle(0x7ec0b9b700) m_listIdle.size(5) m_listBusy.size(1) m_rgBuffer.size(6)
2019-10-07 11:28:44.341 1956-2395/? I/SceneReceiver: state type: 10010 eventType:1 pid:0 uid:0 pkg:com.huawei.android.launcher
2019-10-07 11:28:44.341 599-2170/? I/GRALLOC: getCallingPid=650, shrFd=32,fmt=0x1,intFmt=0x200000001,btStrd=4352,size=9973760,pid=599
    	 yuv=2,w=1080,h=2244,Stride u=0 v=0,offset u=0 v=0
    	 iova_size=9973760,conUsg=0x900,proUsg=0x900,	 strd=1088,[afbc]HdrStrd=1088 PyldStrd=69632 Scrmbl=2,ionhnd = 1
2019-10-07 11:28:44.342 766-1294/? I/IppAlgoPortIn: [HWA_CAM3]this=0x7ec0b40888, ipptype=0, enter stop()
2019-10-07 11:28:44.342 766-1294/? I/IppAlgoFilter: [HWA_CAM3]this=0x7ec0b40800, ipptype=0, enter stopAlgo()
2019-10-07 11:28:44.342 766-1294/? I/IppAlgo: [HWA_CAM3]FRMC_ this=0x7ec0b26fa0, ipptype=0, name=StatIpp, enter stop()
2019-10-07 11:28:44.342 766-1294/? D/HwaIppPluginImpl: [3c6ca2b_64D] FRMC_ this=0x7ec0ae5000, ipptype=0, enter stop()
2019-10-07 11:28:44.342 766-1294/? D/HwaIppAlgoExeThread: [3c6ca2b_64D] enter stop(), algo name: FNFaceDetect
2019-10-07 11:28:44.342 766-1294/? D/FNFaceDetect: [3c6ca2b_64D] enter onStop()
2019-10-07 11:28:44.342 1956-2683/? D/HwThermalStateManager: current foreapp pkg : com.huawei.android.launcher
2019-10-07 11:28:44.342 766-1294/? I/EventCallbackImpl: [HWA_CAM3]Don't need to send face info to isp!
2019-10-07 11:28:44.342 766-1294/? D/HwaIppAlgoExeThread: [3c6ca2b_64D] enter stop(), algo name: SceneDetection
2019-10-07 11:28:44.343 766-1294/? D/SceneDetection: [3c6ca2b_64D] enter onStop()
2019-10-07 11:28:44.343 766-1294/? D/HwaIppAlgoExeThread: [3c6ca2b_64D] enter stop(), algo name: IppAlgoDM
2019-10-07 11:28:44.343 1956-2687/? D/ThermalTrace_ThermalRaise: current pkg:com.virobugs
2019-10-07 11:28:44.343 766-1294/? D/IppAlgoDM: [3c6ca2b_64D] enter onStop()
2019-10-07 11:28:44.343 766-1294/? D/HwaIppAlgoExeThread: [3c6ca2b_64D] enter stop(), algo name: Misc
2019-10-07 11:28:44.343 766-1294/? D/Misc____: [3c6ca2b_64D] enter onStop()
2019-10-07 11:28:44.343 766-1294/? D/SensorGatherMisc: [3c6ca2b_64D] enter stop()
2019-10-07 11:28:44.343 766-1294/? D/SensorGatherMisc: [3c6ca2b_64D] enter DisableSensor(), sensorType is 1
2019-10-07 11:28:44.344 1110-1367/? W/ActivityManager: setHasOverlayUi called on unknown pid: 17184
2019-10-07 11:28:44.345 779-779/? D/SensorHub: batch called handle:0 sample_ns:10000000 latency_ns:0
2019-10-07 11:28:44.345 779-779/? D/SensorHub: in batch, handle = 0, flags = 0, period_ns = 10000000, timeout = 0
2019-10-07 11:28:44.347 766-1294/? D/SensorGatherMisc: [3c6ca2b_64D] enter DisableSensor(), sensorType is 10
2019-10-07 11:28:44.347 1995-2068/? E/HwLauncher: SettingsEx , no such field.
2019-10-07 11:28:44.347 1995-2068/? W/HwLauncher: Clock getDataFormat the getSystemString failed.
2019-10-07 11:28:44.349 779-779/? D/SensorHub: batch called handle:7 sample_ns:10000000 latency_ns:0
2019-10-07 11:28:44.349 779-779/? D/SensorHub: in batch, handle = 7, flags = 0, period_ns = 10000000, timeout = 0
2019-10-07 11:28:44.350 766-1294/? D/SensorGatherMisc: [3c6ca2b_64D] enter DisableSensor(), sensorType is 4
2019-10-07 11:28:44.350 779-779/? D/SensorHub: batch called handle:5 sample_ns:10000000 latency_ns:0
2019-10-07 11:28:44.350 779-779/? D/SensorHub: in batch, handle = 5, flags = 0, period_ns = 10000000, timeout = 0
2019-10-07 11:28:44.351 766-1294/? D/SensorGatherMisc: [3c6ca2b_64D] enter DisableSensor(), sensorType is 3
2019-10-07 11:28:44.351 599-2170/? I/GRALLOC: getCallingPid=650, shrFd=32,fmt=0x1,intFmt=0x200000001,btStrd=4352,size=9973760,pid=599
    	 yuv=2,w=1080,h=2244,Stride u=0 v=0,offset u=0 v=0
    	 iova_size=9973760,conUsg=0x900,proUsg=0x900,	 strd=1088,[afbc]HdrStrd=1088 PyldStrd=69632 Scrmbl=2,ionhnd = 1
2019-10-07 11:28:44.351 779-779/? D/SensorHub: batch called handle:2 sample_ns:10000000 latency_ns:0
2019-10-07 11:28:44.351 779-779/? D/SensorHub: in batch, handle = 2, flags = 0, period_ns = 10000000, timeout = 0
2019-10-07 11:28:44.352 766-1294/? I/SensorGatherMisc: [3c6ca2b_64I] enter ~SensorGatherMisc()
2019-10-07 11:28:44.352 766-1294/? D/HwaIppAlgoExeThread: [3c6ca2b_64D] enter stop(), algo name: AssistAF
2019-10-07 11:28:44.352 766-1294/? D/AssistAF: [3c6ca2b_64D] enter onStop()
2019-10-07 11:28:44.352 766-1294/? D/DeviceBaseImpl: [HWA_CAM3]enter sendMessage(), size = 50
2019-10-07 11:28:44.352 766-1294/? D/HwaIppAlgoExeThread: [3c6ca2b_64D] enter stop(), algo name: LaserMgr
2019-10-07 11:28:44.353 766-1294/? V/AFDepthTrans: [3c6ca2b_64V] enter destroy()
2019-10-07 11:28:44.353 766-1294/? V/AFDepthTrans: [3c6ca2b_64V] enter destroyInstance()
2019-10-07 11:28:44.353 766-1294/? I/DLibLoader: [3c6ca2b_64I] enter unloadSo(), mSoName=libtrans_depth_code.so
2019-10-07 11:28:44.353 766-1294/? D/AFDepthTrans: [3c6ca2b_64D] enter unloadFuns()
2019-10-07 11:28:44.353 766-1294/? D/AFDepthTrans: [3c6ca2b_64D] enter setFunsToDefault()
2019-10-07 11:28:44.353 3497-3882/? D/mali_winsys: EGLint new_window_surface(egl_winsys_display *, void *, EGLSurface, EGLConfig, egl_winsys_surface **, EGLBoolean) returns 0x3000
2019-10-07 11:28:44.355 766-1294/? D/AFDepthTrans: [3c6ca2b_64D] enter ~AFDepthTransLibLoader()
2019-10-07 11:28:44.355 766-1294/? I/DLibLoader: [3c6ca2b_64I] enter ~DLibLoader()
2019-10-07 11:28:44.356 766-1294/? D/HwaIppAlgoExeThread: [3c6ca2b_64D] enter stop(), algo name: IspEnhncAlgo
2019-10-07 11:28:44.357 766-1294/? D/HwaIppAlgoExeThread: [3c6ca2b_64D] enter stop(), algo name: MotionDetectionAlgo
2019-10-07 11:28:44.360 1846-3191/? D/DollieActivityManagerAdapter: [UidGone]  uid:10306
2019-10-07 11:28:44.360 1846-3191/? E/DollieAdapterService: notifyActivityState pkg:com.virobugs/com.virobugs.MainActivity state:18 fg:false mUid:10306
2019-10-07 11:28:44.360 766-1294/? D/OisMgr: [3c6ca2b_64D] enter onStop()
2019-10-07 11:28:44.360 766-1294/? D/MultiScale: [3c6ca2b_64D] enter onStop()
2019-10-07 11:28:44.360 766-1294/? D/SenseMgr: [3c6ca2b_64D] enter onStop()
2019-10-07 11:28:44.360 766-1294/? D/AfStatCalculate: [3c6ca2b_64D] enter onStop()
2019-10-07 11:28:44.360 766-1294/? I/afstat_calc: afstat_onstop!
2019-10-07 11:28:44.360 766-1294/? D/HwaIppAlgoExeThread: [3c6ca2b_64D] enter stop(), algo name: CIEProxy
2019-10-07 11:28:44.362 1846-3191/? I/HidataAppQoeP: foregroundUidRemove uid: 10306 name: com.virobugs
2019-10-07 11:28:44.362 1846-3191/? I/HidataAppQoeP: sendKernelAppUid, Uid = 0, period = 0 name = null
2019-10-07 11:28:44.362 1846-3191/? I/DollieCore: onQoeInfoChanged :3
2019-10-07 11:28:44.362 1846-2010/? I/DollieCore: onEvtQoeInfoChanged: QOE_EXPERIENCE_LEVEL_UNKNOW
2019-10-07 11:28:44.362 1846-2010/? I/DollieCore: notify recovery status no change directly
2019-10-07 11:28:44.362 1995-1995/? D/ZrHung.AppEyeUiProbe: notify runnable to start.
2019-10-07 11:28:44.363 1110-5989/? D/HwNetworkManagementService: setNetBoosterAppUid,appUid=0,period=0
2019-10-07 11:28:44.364 1110-5989/? D/NetdConnector: SND -> {334 hwnb appQoe uid 0 0}
2019-10-07 11:28:44.364 7497-7853/? I/HiSearch19.11.3.304: [LauncherOverlayService]: LAUNCHER_INTERACTION from launcher and invoke id = -111
2019-10-07 11:28:44.364 7497-7853/? I/HiSearch19.11.3.304: [LauncherOverlayService]: isOverlayClosed = true
2019-10-07 11:28:44.364 7497-7853/? I/HiSearch19.11.3.304: [LauncherOverlayService]: LAUNCHER_INTERACTION from launcher and invoke, overlay closed, return.
2019-10-07 11:28:44.365 1110-1597/? D/NetdConnector: RCV <- {200 334 appQoe uid cmd succeeded}
2019-10-07 11:28:44.365 628-683/? I/PF_FREQ_GRP: [recordLimitCmd:65] [CPU_B] end limit freq 2093000 ~ 2362000
2019-10-07 11:28:44.365 628-684/? I/PF_FREQ_GRP: [recordLimitCmd:65] [GPU] end limit freq 550000000 ~ 767000000
2019-10-07 11:28:44.365 599-2170/? I/GRALLOC: getCallingPid=650, shrFd=32,fmt=0x1,intFmt=0x200000001,btStrd=4352,size=9973760,pid=599
    	 yuv=2,w=1080,h=2244,Stride u=0 v=0,offset u=0 v=0
    	 iova_size=9973760,conUsg=0xb00,proUsg=0xb00,	 strd=1088,[afbc]HdrStrd=1088 PyldStrd=69632 Scrmbl=2,ionhnd = 1
2019-10-07 11:28:44.365 766-1294/? D/CIEProxy: Enter CIEProxy::onStop
2019-10-07 11:28:44.363 1995-2091/? D/ZrHung.AppEyeUiProbe: restart watching
2019-10-07 11:28:44.366 766-1294/? I/CIEProxy: CIEProxyLibLoaderMgr::getFunction::find CIEDeInit in lib /vendor/lib64/libcie.so successfully.
2019-10-07 11:28:44.366 766-1294/? I/cie: Enter CIE::onDeInit
2019-10-07 11:28:44.366 766-1294/? I/cie: CIE::onDeInit::ObjectDetectionAlgo algo is disabled, deinit bypass
2019-10-07 11:28:44.367 782-17421/? I/hcs: IPUTaskScheduler::AddTask Add task to task queue successs.
2019-10-07 11:28:44.367 782-10325/? I/hcs: IPUTaskScheduler::CPUTaskHandler CPU task queue has task now, we will back to work.
2019-10-07 11:28:44.367 782-10325/? I/hcs: IPUMngr_UnloadModel Unload model success.
2019-10-07 11:28:44.369 3497-3497/? I/ViewRootImpl: jank_removeInvalidNode all the node in jank list is out of time
2019-10-07 11:28:44.365 1110-1597/? D/NetdConnector: RCV <- {200 334 appQoe uid cmd succeeded}
2019-10-07 11:28:44.369 1110-1278/? W/Looper: Slow dispatch took 103ms android.ui h=com.android.server.am.ActivityManagerService$UiHandler c=null m=53
2019-10-07 11:28:44.369 1110-1278/? I/StatusBarDisable: setFlags what=0 which=1 pkg=Window{4c8636c u0 com.virobugs/com.virobugs.MainActivity}
2019-10-07 11:28:44.370 1110-1265/? W/HwActivityManagerServiceEx: HwActivityNotifier end call for activityLifeState under user 0 cost 1
2019-10-07 11:28:44.370 1110-7635/? V/WindowManager: Checking 1 opening apps (frozen=false timeout=false), Track: relayout performsurface
2019-10-07 11:28:44.370 1110-7635/? V/WindowManager: Check opening app=AppWindowToken{dcb498d token=Token{7151a24 ActivityRecord{2ce02b7 u0 com.huawei.android.launcher/.unihome.UniHomeLauncher t1}}}: allDrawn=false startingDisplayed=false startingMoved=false isRelaunching()=false startingWindow=null
2019-10-07 11:28:44.370 1956-2062/? I/AppManager: dependence has been existed:1995 -> 3497
2019-10-07 11:28:44.370 1110-1603/? D/HwHiCureActivityObserver: handleMessage: msg[0]
2019-10-07 11:28:44.370 1110-1603/? D/HiData_HwAPPQoEResourceMangerImpl: checkIsMonitorHiCureAppScence input :com.huawei.android.launcher
2019-10-07 11:28:44.371 1110-1672/? D/HiDATA_HiStream: activityResumed:pid=1995, uid=10104, component=ComponentInfo{com.huawei.android.launcher/com.huawei.android.launcher.unihome.UniHomeLauncher}
2019-10-07 11:28:44.371 1110-1672/? D/HiData_HwAPPQoEResourceMangerImpl: checkIsMonitorVideoScence input :com.huawei.android.launcher,com.huawei.android.launcher.unihome.UniHomeLauncher
2019-10-07 11:28:44.371 3559-3581/? I/AppLifeChangeSensor:  CAWARENESS: activityResumed componentName = ComponentInfo{com.huawei.android.launcher/com.huawei.android.launcher.unihome.UniHomeLauncher}
2019-10-07 11:28:44.371 1110-1672/? D/HiDATA_HiStream: mHwAPPQoEAPKConfig is null
2019-10-07 11:28:44.371 3559-3581/? E/AppLifeChangeSensor:  CAWARENESS: activityResumed mAppLifeChangeCallback is null
2019-10-07 11:28:44.371 1846-3191/? D/DollieActivityManagerAdapter: [Resumed] pid:1995 uid:10104 ComponentInfo{com.huawei.android.launcher/com.huawei.android.launcher.unihome.UniHomeLauncher}
2019-10-07 11:28:44.371 1110-1372/? D/HwGameAssistantController: UPDATE: mCurFgPkg=com.huawei.android.launcher, mCurFgPid=1995, mCurIsGame=false
2019-10-07 11:28:44.371 1846-3191/? E/DollieAdapterService: notifyActivityState pkg:com.huawei.android.launcher/com.huawei.android.launcher.unihome.UniHomeLauncher state:2 fg:true mUid:10104
2019-10-07 11:28:44.371 1110-4522/? D/HiData_HwAPPQoEActivityMonitor: handleActivityChange,  curPackage:com.huawei.android.launcher, curClass:com.huawei.android.launcher.unihome.UniHomeLauncher
2019-10-07 11:28:44.371 1110-4522/? D/HiData_HwAPPQoEResourceMangerImpl: checkIsMonitorAPKScence input :com.huawei.android.launcher,com.huawei.android.launcher.unihome.UniHomeLauncher
2019-10-07 11:28:44.371 1110-4522/? D/HiData_HwAPPQoEResourceMangerImpl: checkIsMonitorAPKScence input :com.huawei.android.launcher,null
2019-10-07 11:28:44.371 1110-4522/? D/HiData_HwAPPQoEResourceMangerImpl: checkIsMonitorGameScence input :com.huawei.android.launcher
2019-10-07 11:28:44.371 1110-4522/? D/HiData_HwAPPQoEResourceMangerImpl: checkIsMonitorGameScence input :com.huawei.android.launcher
2019-10-07 11:28:44.371 1110-4522/? D/HiData_HwAPPQoEActivityMonitor: handleActivityChange, it is not a care app or scence
2019-10-07 11:28:44.371 1110-4522/? D/HiData_HwAPPQoEActivityMonitor: handleActivityChange,  curr mAppType:-1, lastType:-1
2019-10-07 11:28:44.371 650-650/? D/SurfaceFlinger: duplicate layer name: changing com.huawei.android.launcher/com.huawei.android.launcher.unihome.UniHomeLauncher to com.huawei.android.launcher/com.huawei.android.launcher.unihome.UniHomeLauncher#1
2019-10-07 11:28:44.372 1709-1709/? I/HwNavigationBarView: updateAssistantButtonInGuestureMode(), vis=true,isGestureNavEnable=false
2019-10-07 11:28:44.372 782-17421/? I/hcs: IPUExecutor::Unloadmodel Unload model success.
2019-10-07 11:28:44.372 782-17421/? I/hcs: HIAI IPU manager release wake lock
2019-10-07 11:28:44.372 782-17421/? I/hcs: IPUMngr_Close Close IPU success.
2019-10-07 11:28:44.372 782-17421/? I/hiai_hcs: HCSService::~HCSService Delete HCSService instance.
2019-10-07 11:28:44.373 1110-7635/? V/HwPhoneWindowManager: updateSystemUiColorLw window=Window{4daa0f0 u0 com.huawei.android.launcher/com.huawei.android.launcher.unihome.UniHomeLauncher},EmuiStyle=-1,StatusBarColor=0x0,NavigationBarColor=0x0, mForceNotchStatusBar=false
2019-10-07 11:28:44.373 766-1294/? I/cie: CIE::onDeInit::SceneRecognition onDeInit success,TimeCost: 6(ms)
2019-10-07 11:28:44.373 766-1294/? I/cie: CIE::onDeInit::FoodRecognition algo is disabled, deinit bypass
2019-10-07 11:28:44.373 766-1294/? I/cie: CIE::onDeInit::HiTracking algo is disabled, deinit bypass
2019-10-07 11:28:44.373 766-1294/? I/cie: CIE::onDeInit::FaceStoryAlgo algo is disabled, deinit bypass
2019-10-07 11:28:44.373 766-1294/? I/cie: PublicBufMgr::clearBufCache::clearBuf(0x7f4fa4d8f8)
2019-10-07 11:28:44.373 766-1294/? I/CIEProxy: CIEProxy::doStop TimeCost: 7(ms)
2019-10-07 11:28:44.373 766-1294/? D/CIEProxy: Leave CIEProxy::onStop
2019-10-07 11:28:44.373 766-1294/? D/HwaIppPluginImpl: [3c6ca2b_64D] FRMC_ this=0x7ec0ae5000, ipptype=0, exit  stop()
2019-10-07 11:28:44.373 1110-7635/? D/ZrHung.AppEyeFocusWindow: FocusWindowErrorScene cancelCheckFreezeScreen
2019-10-07 11:28:44.373 766-1294/? I/IppAlgo: [HWA_CAM3]FRMC_ this=0x7ec0b26fa0, ipptype=0, name=StatIpp, exit stop()
2019-10-07 11:28:44.373 766-1294/? I/IppAlgoFilter: [HWA_CAM3]this=0x7ec0b40800, ipptype=0, exit stopAlgo()
2019-10-07 11:28:44.373 766-1294/? I/IppAlgoFilter: [HWA_CAM3]this=0x7ec0b40800, ipptype=0, enter resetFilterInfosAndDestroy()
2019-10-07 11:28:44.373 766-1294/? D/IppFrameAllocatorImpl: [HWA_CAM3]this=0x7ec0b27050, ipptype=0, enter destroyInnnerAllocator(), successful
2019-10-07 11:28:44.373 766-1294/? D/IppFrameAllocatorImpl: [HWA_CAM3]this=0x7ec0b27050, ipptype=0, enter resetFilterInfos()
2019-10-07 11:28:44.373 766-1294/? I/IppAlgoFilter: [HWA_CAM3]this=0x7ec0b40800, ipptype=0, exit resetFilterInfosAndDestroy()
2019-10-07 11:28:44.373 766-1294/? I/IppAlgoPortIn: [HWA_CAM3]this=0x7ec0b40888, ipptype=0, exit stop()
2019-10-07 11:28:44.373 1110-7635/? D/ZrHung.AppEyeTransparentWindow: TransparentWindow mHungConfigStatus = 1,mHungConfigEnable =
2019-10-07 11:28:44.373 782-10325/? W/hcs: IPUTaskScheduler::GetCPUTask CPU task queue is empty!
2019-10-07 11:28:44.373 782-10325/? I/hcs: IPUTaskScheduler::CPUTaskHandler CPU task queue is empty, so we wait here for task.
2019-10-07 11:28:44.373 766-1294/? I/ImagingSystem: stop(909): (downscale) instance[0x7ea9886200].
2019-10-07 11:28:44.373 766-1294/? I/ImagingSystem: doDeallocate4Idle(0x7ec0b9b980) m_listIdle.size(5) m_listBusy.size(1) m_rgBuffer.size(6)
2019-10-07 11:28:44.376 1995-2147/? D/mali_winsys: EGLint new_window_surface(egl_winsys_display *, void *, EGLSurface, EGLConfig, egl_winsys_surface **, EGLBoolean) returns 0x3000
2019-10-07 11:28:44.376 1110-1530/? V/WindowManager_visibility: updateAllDrawn Add AppWindowToken{dcb498d token=Token{7151a24 ActivityRecord{2ce02b7 u0 com.huawei.android.launcher/.unihome.UniHomeLauncher t1}}}
2019-10-07 11:28:44.377 1110-1530/? V/WindowManager_visibility: updateAllDrawn allDrawn=false interesting=2 drawn=1 relaunchCount=0 for AppWindowToken{dcb498d token=Token{7151a24 ActivityRecord{2ce02b7 u0 com.huawei.android.launcher/.unihome.UniHomeLauncher t1}}}
2019-10-07 11:28:44.377 3497-3497/? I/HwPhoneWindow: updateLayoutParamsColor false mSpecialSet=false, mForcedNavigationBarColor=true, navigationBarColor=ffffff, mNavBarShow=false, mIsFloating=false
2019-10-07 11:28:44.378 3497-3497/? I/HwPhoneWindow: updateLayoutParamsColor false mSpecialSet=false, mForcedNavigationBarColor=true, navigationBarColor=ffffff, mNavBarShow=false, mIsFloating=false
2019-10-07 11:28:44.380 599-2170/? I/GRALLOC: getCallingPid=650, shrFd=32,fmt=0x1,intFmt=0x200000001,btStrd=4352,size=9973760,pid=599
    	 yuv=2,w=1080,h=2244,Stride u=0 v=0,offset u=0 v=0
    	 iova_size=9973760,conUsg=0x900,proUsg=0x900,	 strd=1088,[afbc]HdrStrd=1088 PyldStrd=69632 Scrmbl=2,ionhnd = 1
2019-10-07 11:28:44.380 1110-1530/? V/WindowManager: Checking 1 opening apps (frozen=false timeout=false), Track:  performsurface
2019-10-07 11:28:44.380 1110-1530/? V/WindowManager: Check opening app=AppWindowToken{dcb498d token=Token{7151a24 ActivityRecord{2ce02b7 u0 com.huawei.android.launcher/.unihome.UniHomeLauncher t1}}}: allDrawn=false startingDisplayed=false startingMoved=false isRelaunching()=false startingWindow=null
2019-10-07 11:28:44.381 766-1294/? I/MediaComm: closeCopybit: enter, copybitId(15)
2019-10-07 11:28:44.381 611-611/? I/mediacomm@2.1-service: getMdcClient:114: get client<Camera, 15, 766>, channel<4, 1>, perfLev=1, powerStatue=0.
2019-10-07 11:28:44.381 611-611/? I/mediacomm@2.1-service: request:417: before client<Camera, 15, 766> request perfLev(0x1).
2019-10-07 11:28:44.381 611-611/? I/mediacomm@2.1-service: getMdcVotePerfLev:179: Connected Mdc client<Camera, 15, 766> channel<4, 1> perfLev<1>
2019-10-07 11:28:44.381 611-611/? I/mediacomm@2.1-service: request:421: after client<Camera, 15, 766> request perfLev(0x1).
2019-10-07 11:28:44.382 611-611/? I/mediacomm@2.1-service: destroyClient:321: destroy client<Camera, 15, 766>, channel<4, 1>, perf=1, power=0.
2019-10-07 11:28:44.382 766-1294/? I/libCLCropScale: close copybit device succeed.
2019-10-07 11:28:44.382 766-1294/? I/ImagingSystem: stop(909): (downscale) instance[0x7ec0b90200].
2019-10-07 11:28:44.382 766-1294/? I/ImagingSystem: doDeallocate4Idle(0x7ec0b9b980) m_listIdle.size(0) m_listBusy.size(1) m_rgBuffer.size(1)
2019-10-07 11:28:44.382 766-1294/? I/ImagingSystem: stop(909): (fork) instance[0x7ec01f6100].
2019-10-07 11:28:44.382 766-1294/? I/ImagingSystem: doDeallocate4Idle(0x7ec0b9b980) m_listIdle.size(0) m_listBusy.size(1) m_rgBuffer.size(1)
