2019-10-10 12:31:04.502 5753-5753/? A/DEBUG:     #150 pc 000000000025d7a8  /system/lib64/libart.so (art::interpreter::ArtInterpreterToInterpreterBridge(art::Thread*, art::CodeItemDataAccessor const&, art::ShadowFrame*, art::JValue*)+216)
2019-10-10 12:31:04.502 5753-5753/? A/DEBUG:     #151 pc 000000000027df94  /system/lib64/libart.so (bool art::interpreter::DoCall<false, false>(art::ArtMethod*, art::Thread*, art::ShadowFrame&, art::Instruction const*, unsigned short, art::JValue*)+940)
2019-10-10 12:31:04.502 5753-5753/? A/DEBUG:     #152 pc 000000000053ff9c  /system/lib64/libart.so (MterpInvokeStatic+204)
2019-10-10 12:31:04.502 5753-5753/? A/DEBUG:     #153 pc 0000000000561794  /system/lib64/libart.so (ExecuteMterpImpl+14612)
2019-10-10 12:31:04.502 5753-5753/? A/DEBUG:     #154 pc 0000000000b44c4c  /system/framework/boot-framework.vdex (android.os.Handler.dispatchMessage+8)
2019-10-10 12:31:04.502 5753-5753/? A/DEBUG:     #155 pc 0000000000257cb4  /system/lib64/libart.so (_ZN3art11interpreterL7ExecuteEPNS_6ThreadERKNS_20CodeItemDataAccessorERNS_11ShadowFrameENS_6JValueEb.llvm.4019025862+488)
2019-10-10 12:31:04.502 5753-5753/? A/DEBUG:     #156 pc 000000000025d7a8  /system/lib64/libart.so (art::interpreter::ArtInterpreterToInterpreterBridge(art::Thread*, art::CodeItemDataAccessor const&, art::ShadowFrame*, art::JValue*)+216)
2019-10-10 12:31:04.502 5753-5753/? A/DEBUG:     #157 pc 000000000027df94  /system/lib64/libart.so (bool art::interpreter::DoCall<false, false>(art::ArtMethod*, art::Thread*, art::ShadowFrame&, art::Instruction const*, unsigned short, art::JValue*)+940)
2019-10-10 12:31:04.502 5753-5753/? A/DEBUG:     #158 pc 000000000053ea98  /system/lib64/libart.so (MterpInvokeVirtual+588)
2019-10-10 12:31:04.502 5753-5753/? A/DEBUG:     #159 pc 0000000000561614  /system/lib64/libart.so (ExecuteMterpImpl+14228)
2019-10-10 12:31:04.502 5753-5753/? A/DEBUG:     #160 pc 0000000000b4ca70  /system/framework/boot-framework.vdex (android.os.Looper.loop+498)
2019-10-10 12:31:04.502 5753-5753/? A/DEBUG:     #161 pc 0000000000257cb4  /system/lib64/libart.so (_ZN3art11interpreterL7ExecuteEPNS_6ThreadERKNS_20CodeItemDataAccessorERNS_11ShadowFrameENS_6JValueEb.llvm.4019025862+488)
2019-10-10 12:31:04.502 5753-5753/? A/DEBUG:     #162 pc 000000000025d7a8  /system/lib64/libart.so (art::interpreter::ArtInterpreterToInterpreterBridge(art::Thread*, art::CodeItemDataAccessor const&, art::ShadowFrame*, art::JValue*)+216)
2019-10-10 12:31:04.502 5753-5753/? A/DEBUG:     #163 pc 000000000027df94  /system/lib64/libart.so (bool art::interpreter::DoCall<false, false>(art::ArtMethod*, art::Thread*, art::ShadowFrame&, art::Instruction const*, unsigned short, art::JValue*)+940)
2019-10-10 12:31:04.502 5753-5753/? A/DEBUG:     #164 pc 000000000053ff9c  /system/lib64/libart.so (MterpInvokeStatic+204)
2019-10-10 12:31:04.502 5753-5753/? A/DEBUG:     #165 pc 0000000000561794  /system/lib64/libart.so (ExecuteMterpImpl+14612)
2019-10-10 12:31:04.502 5753-5753/? A/DEBUG:     #166 pc 00000000003de2ec  /system/framework/boot-framework.vdex (android.app.ActivityThread.main+428)
2019-10-10 12:31:04.502 5753-5753/? A/DEBUG:     #167 pc 0000000000257cb4  /system/lib64/libart.so (_ZN3art11interpreterL7ExecuteEPNS_6ThreadERKNS_20CodeItemDataAccessorERNS_11ShadowFrameENS_6JValueEb.llvm.4019025862+488)
2019-10-10 12:31:04.502 5753-5753/? A/DEBUG:     #168 pc 000000000052aa88  /system/lib64/libart.so (artQuickToInterpreterBridge+1020)
2019-10-10 12:31:04.502 5753-5753/? A/DEBUG:     #169 pc 00000000005780fc  /system/lib64/libart.so (art_quick_to_interpreter_bridge+92)
2019-10-10 12:31:04.502 5753-5753/? A/DEBUG:     #170 pc 000000000056f24c  /system/lib64/libart.so (art_quick_invoke_static_stub+604)
2019-10-10 12:31:04.502 5753-5753/? A/DEBUG:     #171 pc 00000000000d4224  /system/lib64/libart.so (art::ArtMethod::Invoke(art::Thread*, unsigned int*, unsigned int, art::JValue*, char const*)+232)
2019-10-10 12:31:04.502 5753-5753/? A/DEBUG:     #172 pc 0000000000472fd4  /system/lib64/libart.so (art::(anonymous namespace)::InvokeWithArgArray(art::ScopedObjectAccessAlreadyRunnable const&, art::ArtMethod*, art::(anonymous namespace)::ArgArray*, art::JValue*, char const*)+104)
2019-10-10 12:31:04.502 5753-5753/? A/DEBUG:     #173 pc 0000000000474a28  /system/lib64/libart.so (art::InvokeMethod(art::ScopedObjectAccessAlreadyRunnable const&, _jobject*, _jobject*, _jobject*, unsigned long)+1440)
2019-10-10 12:31:04.502 5753-5753/? A/DEBUG:     #174 pc 00000000004043ac  /system/lib64/libart.so (art::Method_invoke(_JNIEnv*, _jobject*, _jobject*, _jobjectArray*)+52)
2019-10-10 12:31:04.502 5753-5753/? A/DEBUG:     #175 pc 00000000001456d4  /system/framework/arm64/boot.oat (offset 0x13b000) (java.lang.Class.getDeclaredMethodInternal [DEDUPED]+180)
2019-10-10 12:31:04.502 5753-5753/? A/DEBUG:     #176 pc 000000000056ef88  /system/lib64/libart.so (art_quick_invoke_stub+584)
2019-10-10 12:31:04.502 5753-5753/? A/DEBUG:     #177 pc 00000000000d4204  /system/lib64/libart.so (art::ArtMethod::Invoke(art::Thread*, unsigned int*, unsigned int, art::JValue*, char const*)+200)
2019-10-10 12:31:04.502 5753-5753/? A/DEBUG:     #178 pc 0000000000283fa8  /system/lib64/libart.so (art::interpreter::ArtInterpreterToCompiledCodeBridge(art::Thread*, art::ArtMethod*, art::ShadowFrame*, unsigned short, art::JValue*)+344)
2019-10-10 12:31:04.502 5753-5753/? A/DEBUG:     #179 pc 000000000027dfb0  /system/lib64/libart.so (bool art::interpreter::DoCall<false, false>(art::ArtMethod*, art::Thread*, art::ShadowFrame&, art::Instruction const*, unsigned short, art::JValue*)+968)
2019-10-10 12:31:04.502 5753-5753/? A/DEBUG:     #180 pc 000000000053ea98  /system/lib64/libart.so (MterpInvokeVirtual+588)
2019-10-10 12:31:04.502 5753-5753/? A/DEBUG:     #181 pc 0000000000561614  /system/lib64/libart.so (ExecuteMterpImpl+14228)
2019-10-10 12:31:04.502 5753-5753/? A/DEBUG:     #182 pc 000000000122bd7c  /system/framework/boot-framework.vdex (com.android.internal.os.RuntimeInit$MethodAndArgsCaller.run+22)
2019-10-10 12:31:04.502 5753-5753/? A/DEBUG:     #183 pc 0000000000257cb4  /system/lib64/libart.so (_ZN3art11interpreterL7ExecuteEPNS_6ThreadERKNS_20CodeItemDataAccessorERNS_11ShadowFrameENS_6JValueEb.llvm.4019025862+488)
2019-10-10 12:31:04.502 5753-5753/? A/DEBUG:     #184 pc 000000000052aa88  /system/lib64/libart.so (artQuickToInterpreterBridge+1020)
2019-10-10 12:31:04.502 5753-5753/? A/DEBUG:     #185 pc 00000000005780fc  /system/lib64/libart.so (art_quick_to_interpreter_bridge+92)
2019-10-10 12:31:04.502 5753-5753/? A/DEBUG:     #186 pc 0000000000ee3d8c  /system/framework/arm64/boot-framework.oat (offset 0x415000) (com.android.internal.os.ZygoteInit.main+2540)
2019-10-10 12:31:04.502 5753-5753/? A/DEBUG:     #187 pc 000000000056f24c  /system/lib64/libart.so (art_quick_invoke_static_stub+604)
2019-10-10 12:31:04.502 5753-5753/? A/DEBUG:     #188 pc 00000000000d4224  /system/lib64/libart.so (art::ArtMethod::Invoke(art::Thread*, unsigned int*, unsigned int, art::JValue*, char const*)+232)
2019-10-10 12:31:04.502 5753-5753/? A/DEBUG:     #189 pc 0000000000472fd4  /system/lib64/libart.so (art::(anonymous namespace)::InvokeWithArgArray(art::ScopedObjectAccessAlreadyRunnable const&, art::ArtMethod*, art::(anonymous namespace)::ArgArray*, art::JValue*, char const*)+104)
2019-10-10 12:31:04.502 5753-5753/? A/DEBUG:     #190 pc 0000000000472c34  /system/lib64/libart.so (art::InvokeWithVarArgs(art::ScopedObjectAccessAlreadyRunnable const&, _jobject*, _jmethodID*, std::__va_list)+424)
2019-10-10 12:31:04.502 5753-5753/? A/DEBUG:     #191 pc 0000000000367254  /system/lib64/libart.so (art::JNI::CallStaticVoidMethodV(_JNIEnv*, _jclass*, _jmethodID*, std::__va_list)+652)
2019-10-10 12:31:04.502 5753-5753/? A/DEBUG:     #192 pc 00000000000b9810  /system/lib64/libandroid_runtime.so (_JNIEnv::CallStaticVoidMethod(_jclass*, _jmethodID*, ...)+120)
2019-10-10 12:31:04.502 5753-5753/? A/DEBUG:     #193 pc 00000000000bc588  /system/lib64/libandroid_runtime.so (android::AndroidRuntime::start(char const*, android::Vector<android::String8> const&, bool)+780)
2019-10-10 12:31:04.502 5753-5753/? A/DEBUG:     #194 pc 0000000000002368  /system/bin/app_process64 (main+1444)
2019-10-10 12:31:04.502 5753-5753/? A/DEBUG:     #195 pc 00000000000ae7e4  /system/lib64/libc.so (__libc_init+88)
2019-10-10 12:31:04.650 1158-3510/? V/BroadcastQueue: Finished with ordered broadcast BroadcastRecord{6f6977d u0 com.huawei.thermal.MSG_CLEAR_DATA}
2019-10-10 12:31:04.651 1158-3510/? I/ActivityManager: App 10007/com.android.providers.contacts targets O+, restricted
2019-10-10 12:31:04.659 1158-1540/? W/ActivityManager: Sending non-protected broadcast telephony.dataconnection.DNS_MONITOR_ACTION from system uid 1000 pkg android
2019-10-10 12:31:04.659 1158-7849/? V/BroadcastQueue: Finished with ordered broadcast BroadcastRecord{2a60f40 u0 null}
2019-10-10 12:31:04.661 5589-5768/? E/CursorWindow: Failed to read row 0, column 3 from a CursorWindow which has 7 rows, 3 columns.
2019-10-10 12:31:04.662 5589-5768/? E/ContactsProvider: DeleteContactsReportReceiver report delete contacts info error
2019-10-10 12:31:04.668 1158-1158/? V/BroadcastQueue: Finished with ordered broadcast BroadcastRecord{4da2e79 u0 telephony.dataconnection.DNS_MONITOR_ACTION}
2019-10-10 12:31:04.830 1158-1158/? I/MQoS: onSignal: mSubId=0,currDataSubID=0
2019-10-10 12:31:04.831 1845-1845/? D/DaemonMessageAdapter: onMobileSignalStrengthChanged, subId: 0, signalStrength: SignalStrength: 0 755203440 0 0 32767 -1 32767 -1 -109 -13 -1 -1 0 2147483647 0 120 2147483647 255 gsm|lte use_rsrp_and_rssnr_for_lte_level rscp [-128, -118, -108, -98] [-115, -105, -95, -85] 0 0 0 0 0 0
2019-10-10 12:31:04.832 1964-1964/? D/Mapcon  : TelephonyTracker: onSignalStrengthsChanged:phoneId=0, level=3
2019-10-10 12:31:04.832 1158-1158/? I/MQoS: received cell-signal:4
2019-10-10 12:31:04.833 1964-2469/? D/Mapcon  : SMVoice-0-Normal: PrepareState:defaultStatehandle msg=CMD_SIGNAL_STRENGTH_CHANED_IND
2019-10-10 12:31:04.833 1845-1845/? D/DaemonMessageAdapter: SignalStrength update result, ss: SignalStrengthInfo: 3574792 mGsmSignalStrength: 0 mWcdmaRscp: 2147483647 mWcdmaEcio: 255 mLteRsrp: -109 mLteRsrq: -13 mCdmaDbm: 0 mCdmaEcio: 0 mEvdoDbm: 32767 mEvdoEcio: -1 mLteRssnr: -1
2019-10-10 12:31:04.834 1845-1960/? I/HidataAppQoeP: handleStateChanged reason=6
2019-10-10 12:31:04.838 1845-1960/? I/PreDnsQuery: handleStateChanged reason=6
2019-10-10 12:31:04.840 1845-1960/? I/BrowserChrP: handleStateChanged
2019-10-10 12:31:04.841 1690-1829/? I/HwMobileSignalController(0): subId:0 phoneType:1 networktype:13 targetClass:3 masterLevel:3 slaveLevel:-1
2019-10-10 12:31:05.065 1158-1644/? D/HiDATA: onForegroundAppWifiSleepChange: config:false, sleeptime:-1,type: -1, appname:com.virobugs
2019-10-10 12:31:05.066 1158-1644/? D/MSSArbitrager: setGameForeground:false
2019-10-10 12:31:05.066 1158-1644/? D/HiDATA: APP type: -1 appName= com.virobugs
2019-10-10 12:31:05.066 1158-1644/? D/HiDATA: no game, APP_TYPE_GAME, appName =com.virobugs
2019-10-10 12:31:05.237 1158-5769/? W/ActivityManager:   finishTopCrashedActivityLocked Force finishing activity com.virobugs/.MainActivity
2019-10-10 12:31:05.239 1158-5769/? V/ActivityManager: positionChild stackId=0 to top.
2019-10-10 12:31:05.240 1845-1845/? D/DaemonMessageAdapter: onMobileSignalStrengthChanged, subId: 0, signalStrength: SignalStrength: 0 755203440 0 0 32767 -1 32767 -1 -109 -12 0 -1 0 2147483647 0 120 2147483647 255 gsm|lte use_rsrp_and_rssnr_for_lte_level rscp [-128, -118, -108, -98] [-115, -105, -95, -85] 0 0 0 0 0 0
2019-10-10 12:31:05.240 759-759/? E//system/bin/tombstoned: Tombstone written to: /data/tombstones/tombstone_01
2019-10-10 12:31:05.244 1158-1158/? I/MQoS: onSignal: mSubId=0,currDataSubID=0
2019-10-10 12:31:05.246 1158-1272/? I/StatusBarDisable: setFlags what=0 which=1 pkg=Window{c7fb66a u0 com.virobugs/com.virobugs.MainActivity}
2019-10-10 12:31:05.250 1845-1845/? D/DaemonMessageAdapter: SignalStrength update result, ss: SignalStrengthInfo: 3574792 mGsmSignalStrength: 0 mWcdmaRscp: 2147483647 mWcdmaEcio: 255 mLteRsrp: -109 mLteRsrq: -12 mCdmaDbm: 0 mCdmaEcio: 0 mEvdoDbm: 32767 mEvdoEcio: -1 mLteRssnr: 0
2019-10-10 12:31:05.253 757-3025/? E/iMonitor: FaultDetect: DUMPTOOL_PRINTF return.
2019-10-10 12:31:05.253 757-3025/? E/iMonitor: FaultDetect: DUMPTOOL_PRINTF return.
2019-10-10 12:31:05.253 1158-1158/? I/MQoS: received cell-signal:4
2019-10-10 12:31:05.254 757-3025/? E/iMonitor: FaultDetect: DUMPTOOL_PRINTF return.
2019-10-10 12:31:05.254 1964-1964/? D/Mapcon  : TelephonyTracker: onSignalStrengthsChanged:phoneId=0, level=3
2019-10-10 12:31:05.257 1845-1960/? I/HidataAppQoeP: handleStateChanged reason=6
2019-10-10 12:31:05.258 1845-1960/? I/PreDnsQuery: handleStateChanged reason=6
2019-10-10 12:31:05.258 1964-2469/? D/Mapcon  : SMVoice-0-Normal: PrepareState:defaultStatehandle msg=CMD_SIGNAL_STRENGTH_CHANED_IND
2019-10-10 12:31:05.263 1845-1960/? I/BrowserChrP: handleStateChanged
2019-10-10 12:31:05.265 1158-1280/? I/BootReceiver: Copying /data/tombstones/tombstone_01 to DropBox (SYSTEM_TOMBSTONE)
2019-10-10 12:31:05.269 745-765/? E/AwareLog: iawared: change_property_content open /proc/5660/task/5713/static_vip fail errno(2)!
2019-10-10 12:31:05.273 1690-1829/? I/HwMobileSignalController(0): subId:0 phoneType:1 networktype:13 targetClass:3 masterLevel:3 slaveLevel:-1
2019-10-10 12:31:05.277 1941-2667/? E/AwareLog: SPKSchedFeature: Uid has been sent, ignore.
2019-10-10 12:31:05.292 1158-1272/? W/ActivityManager: Skipping native crash dialog of ProcessRecord{ce86857 5660:com.virobugs/u0a347}
2019-10-10 12:31:05.293 1941-2740/? E/AwareLog: GameSdkConfigReader: GameSdkLog: idNameMap: null
2019-10-10 12:31:05.298 1158-1272/? D/HiDATA_ContentAware: mForegroundAppPackageName: com.huawei.android.launcher ,score: 0
2019-10-10 12:31:05.298 1158-1272/? D/HiDATA: onForegroundAppWifiSleepChange: config:false, sleeptime:-1,type: 255, appname:com.huawei.android.launcher
2019-10-10 12:31:05.299 1158-1272/? D/MSSArbitrager: setGameForeground:false
2019-10-10 12:31:05.300 1158-1272/? D/HiDATA: APP type: 255 appName= com.huawei.android.launcher
2019-10-10 12:31:05.300 1158-1272/? D/HiDATA: no game, APP_TYPE_GAME, appName =com.huawei.android.launcher
2019-10-10 12:31:05.304 1158-1267/? I/HwAudioService: now type = -1,reportForegroundAppType = 255,pkg = null,mVoipOptimizeInGameModetrue
2019-10-10 12:31:05.307 1845-25434/? I/BoosterSwitchP: notifyUidState do nothing
2019-10-10 12:31:05.307 1845-25434/? I/BrowserChrP: notifyUidState
2019-10-10 12:31:05.309 608-4407/? I/spk_dev_interface: spk_set_parameters: use new smartpakit version
2019-10-10 12:31:05.310 608-4407/? I/audio_hw_primary: update stream types 0
2019-10-10 12:31:05.310 608-4407/? I/audio_custom: game mode exit.
2019-10-10 12:31:05.310 608-4407/? I/dsp_soc: set primary algo bypass 0 succ
2019-10-10 12:31:05.311 1158-1777/? I/HwNetworkPolicy: onTransact, code = 203
2019-10-10 12:31:05.311 2112-2362/? I/HwNetworkPolicyManager: getHwUidPolicy uid = 10104 policy = 0
2019-10-10 12:31:05.346 1158-1577/? D/NetdConnector: SND -> {8408 firewall set_uid_rule standby 10013 allow}
2019-10-10 12:31:05.355 1158-1571/? D/NetdConnector: RCV <- {200 8408 Firewall command succeeded}
2019-10-10 12:31:05.358 1158-1577/? I/NetworkPolicy: updateRulesForPowerRestrictionsUL(10013), isIdle: true, mRestrictPower: false, mDeviceIdleMode: false, isForeground=true, isWhitelisted=false, oldRule=64 (REJECT_ALL), newRule=32 (ALLOW_ALL), newUidRules=32 (ALLOW_ALL), oldUidRules=64 (REJECT_ALL), mRestrictBackground=false
2019-10-10 12:31:05.357 1158-1571/? D/NetdConnector: RCV <- {200 8408 Firewall command succeeded}
2019-10-10 12:31:05.361 1158-1901/? V/BroadcastQueue: Finished with ordered broadcast BroadcastRecord{bdff01f u0 android.intent.action.DROPBOX_ENTRY_ADDED}
2019-10-10 12:31:05.368 730-1527/? E/dubaid: [DubaiUtils.h] parseMessage# Failed to find second tag: uid=
2019-10-10 12:31:05.368 730-1527/? E/dubaid: [SystemHandler.cpp] parsePartialWakelockAcquiredMessage# Failed to parse count: lock=172055021 tag=IntentOp:.common.broadcast.BackgroundBroadcastReceiverSupport$PersistentReceiverIntentOperation count=0
2019-10-10 12:31:05.368 730-1527/? E/dubaid: [SystemHandler.cpp] onPartialWakelockAcquireMessage# Failed to parse message
2019-10-10 12:31:05.369 1158-1551/? W/InputDispatcher: channel 'c7fb66a com.virobugs/com.virobugs.MainActivity (server)' ~ Consumer closed input channel or an error occurred.  events=0x9
2019-10-10 12:31:05.369 1158-1551/? E/InputDispatcher: channel 'c7fb66a com.virobugs/com.virobugs.MainActivity (server)' ~ Channel is unrecoverably broken and will be disposed!
2019-10-10 12:31:05.373 751-751/? I/Sensors@1.0-impl: activate-0 enabled-0 fwkOals-1 camOals-0 fwkOcolor-1 camOcolor-0 fwkOtof-0 camOtof-0
2019-10-10 12:31:05.373 578-578/? I/Zygote: Process 5660 exited due to signal (11)
2019-10-10 12:31:05.373 751-751/? D/SensorHub: enableSensor-> handle: 0 enable : 0
2019-10-10 12:31:05.374 751-751/? D/SensorHub: Channel activate-> handle: 0, enabled:0, err: 0
2019-10-10 12:31:05.374 1158-5902/? I/WindowManager: WIN DEATH: Window{c7fb66a u0 com.virobugs/com.virobugs.MainActivity}
2019-10-10 12:31:05.374 1158-5902/? V/WindowManager: removeIfPossible: Window{c7fb66a u0 com.virobugs/com.virobugs.MainActivity}
2019-10-10 12:31:05.374 1158-5902/? W/InputDispatcher: Attempted to unregister already unregistered input channel 'c7fb66a com.virobugs/com.virobugs.MainActivity (server)'
2019-10-10 12:31:05.374 751-751/? D/SensorHub: lib ver is 15
2019-10-10 12:31:05.374 751-751/? E/SensorHub: get_acc_convert_coff = 1000.000000
2019-10-10 12:31:05.375 1158-5902/? V/WindowManager: Not removing Window{c7fb66a u0 com.virobugs/com.virobugs.MainActivity EXITING} due to exit animation
2019-10-10 12:31:05.376 1158-1272/? I/StatusBarDisable: setFlags what=0 which=1 pkg=Window{c7fb66a u0 com.virobugs/com.virobugs.MainActivity EXITING}
2019-10-10 12:31:05.376 1158-5902/? D/ZrHung.AppEyeFocusWindow: FocusWindowErrorScene CheckFreezeScreen
2019-10-10 12:31:05.376 1158-5902/? D/ZrHung.AppEyeTransparentWindow: TransparentWindow cancelCheckFreezeScreen
2019-10-10 12:31:05.382 1941-2044/? I/SensorState: sensor:0 name:accelerometer enable:false uid:10347
2019-10-10 12:31:05.382 1941-2044/? I/SensorState: sensor stop, total history time:42649
2019-10-10 12:31:05.382 1941-2044/? I/SensorState: removeSensor,mHandles:{}
2019-10-10 12:31:05.382 1941-2044/? I/PGServer: report state:4 event type:2 pid:0 uid:10347 pkg:null to pid: 1158
2019-10-10 12:31:05.385 1158-5579/? E/AwareLog: CPUKeyBackground: checkIsTargetGroup read catch IOException msg = /proc/5660/cpuset (No such file or directory)
2019-10-10 12:31:05.389 1979-15690/? D/HwRecentsTaskUtils: refreshToCache
2019-10-10 12:31:05.389 1979-15690/? D/HwRecentsTaskUtils: searchFromDate
2019-10-10 12:31:05.391 1158-1671/? I/ActivityManager: Process com.virobugs (pid 5660) has died: vis  +99TOP
2019-10-10 12:31:05.391 1158-1671/? D/ActivityManager: cleanUpApplicationRecord app: ProcessRecord{ce86857 5660:com.virobugs/u0a347}, app.bad: false, restarting: false, allowRestart: true
2019-10-10 12:31:05.393 1158-1267/? I/HwAudioService: now type = 255,reportForegroundAppType = 255,pkg = null,mVoipOptimizeInGameModetrue
2019-10-10 12:31:05.393 1941-2740/? E/AwareLog: GameSdkConfigReader: GameSdkLog: idNameMap: null
2019-10-10 12:31:05.394 1845-25434/? E/HsmCoreServiceImpl: onTransact in code is: 102
2019-10-10 12:31:05.394 1845-25434/? I/MediaProcessHandler: processOp opType: 1, uid: 10347, pid: 5660
2019-10-10 12:31:05.394 1845-25434/? W/MediaProcessHandler: remove target not exist, maybe the UI process: uid: 10347, pid: 5660
2019-10-10 12:31:05.394 1845-25434/? I/MediaProcessHandler: executedCallBack opType: 1 mMediaStatusObservers.size=0
2019-10-10 12:31:05.394 1845-2204/? D/HicomMonitor: notifyAppDied: begin
2019-10-10 12:31:05.394 1845-2204/? D/Hicom_SysEnvMonitor: onAppDied, uid:10347
2019-10-10 12:31:05.394 1845-2204/? D/HicomMonitor: onAppDied: uid = 10347
2019-10-10 12:31:05.394 1845-2204/? D/Hicom_AppLifeCycleManager: sAppAllSocketClosed rm uid: 10347
2019-10-10 12:31:05.394 1845-2204/? D/Hicom_SingleTaskDecisionSystem: AllAppPolicyEmpty(), disable MobileData...
2019-10-10 12:31:05.394 1845-2204/? D/Hicom_MobileDataControl: setMobileData Mobile switch closing,mEnableSourceMask:0
2019-10-10 12:31:05.394 1845-2204/? D/Hicom_MobileDataControl: stopMobileDataNetwork
2019-10-10 12:31:05.394 1845-2204/? D/Hicom_MobileDataControl: has already stopMobileDataNetwork
2019-10-10 12:31:05.394 1158-1671/? V/WindowManager: Exit animation finished in Window{c7fb66a u0 com.virobugs/com.virobugs.MainActivity EXITING}: remove=true
2019-10-10 12:31:05.395 1845-2204/? E/Hicom_PolicyCenterService: handleAppDied. null == mMultipathAppsMap
2019-10-10 12:31:05.395 1158-1671/? E/WindowManager: win=Window{c7fb66a u0 com.virobugs/com.virobugs.MainActivity EXITING} destroySurfaces: appStopped=false win.mWindowRemovalAllowed=true win.mRemoveOnExit=true
2019-10-10 12:31:05.395 1845-3259/? I/BoosterSwitchP: notifyUidState do nothing
2019-10-10 12:31:05.395 1845-3259/? I/BrowserChrP: notifyUidState
2019-10-10 12:31:05.395 1158-1275/? W/libprocessgroup: kill(-5660, 9) failed: No such process
2019-10-10 12:31:05.395 1158-1275/? I/libprocessgroup: Successfully killed process cgroup uid 10347 pid 5660 in 3ms
2019-10-10 12:31:05.395 1158-1671/? W/WindowManager: Exception thrown when updateSurfaceStatusSurface(name=com.virobugs/com.virobugs.MainActivity)/@0x187b022: android.os.DeadObjectException
2019-10-10 12:31:05.396 1158-1671/? V/WindowManager: postWindowRemoveCleanupLocked: Window{c7fb66a u0 com.virobugs/com.virobugs.MainActivity}
2019-10-10 12:31:05.396 1158-1671/? V/WindowManager: Removing Window{c7fb66a u0 com.virobugs/com.virobugs.MainActivity} from AppWindowToken{7b98f75 token=Token{eaa6ac ActivityRecord{a574c5f u0 com.virobugs/.MainActivity t6723}}}
2019-10-10 12:31:05.403 1158-1671/? V/WindowManager: removeAppToken: AppWindowToken{7b98f75 token=Token{eaa6ac ActivityRecord{a574c5f u0 com.virobugs/.MainActivity t6723}}} delayed=true Callers=com.android.server.wm.DisplayContent.removeAppToken:1086 com.android.server.wm.AppWindowContainerController.removeContainer:315 com.android.server.am.ActivityRecord.removeWindowContainer:1201 com.android.server.am.ActivityStack.removeActivityFromHistoryLocked:4568
2019-10-10 12:31:05.415 1158-1671/? V/ActivityManager: removeChild: detaching stackId=155 from displayId=0
2019-10-10 12:31:05.423 1158-1671/? W/HwActivityManagerServiceEx: setResumedActivityUncheckLocked start call, from: ActivityRecord{a574c5f u0 com.virobugs/.MainActivity t-1 f}, to: ActivityRecord{736ac83 u0 com.huawei.android.launcher/.unihome.UniHomeLauncher t1}
2019-10-10 12:31:05.423 1158-1671/? W/HwActivityManagerServiceEx: appSwitch from: com.virobugs to: com.huawei.android.launcher
2019-10-10 12:31:05.424 1158-1269/? W/HwActivityManagerServiceEx: HwActivityNotifier end call for returnToHome under user 0 cost 0
2019-10-10 12:31:05.424 1158-1269/? W/HwActivityManagerServiceEx: HwActivityNotifier end call for appSwitch under user 0 cost 0
2019-10-10 12:31:05.427 1158-1671/? D/HwPhoneWindowManager: sensorRotation = 0 lastRotation:0
2019-10-10 12:31:05.428 1845-3259/? D/AssistantService-901302: registerHwActivityNotifier call fromPackage:com.virobugs, toPackage:com.huawei.android.launcher
2019-10-10 12:31:05.428 1845-3259/? D/AssistantService-901302: getAppSDKType packageName:com.virobugs, type:0
2019-10-10 12:31:05.428 1845-3259/? D/AssistantService-901302: appInJoint:0
2019-10-10 12:31:05.428 1845-3259/? D/AssistantService-901302: issystemapp:com.huawei.android.launcher
2019-10-10 12:31:05.429 1158-1671/? V/WindowManager: notifyAppResumed: wasStopped=true AppWindowToken{df5a639 token=Token{b298e00 ActivityRecord{736ac83 u0 com.huawei.android.launcher/.unihome.UniHomeLauncher t1}}}
2019-10-10 12:31:05.429 1941-2044/? D/ScenarioService: front pkg : com.huawei.android.launcher launcher: true
2019-10-10 12:31:05.429 1941-2044/? I/AppManager: handleAppFrontEvent: com.huawei.android.launcher
2019-10-10 12:31:05.429 1941-2044/? I/AppsUsage: scnOff:false FgAPP:com.huawei.android.launcher BgAPP:com.virobugs
2019-10-10 12:31:05.429 1979-2663/? D/Activity: pivotX = 540.0, pivotY = 1653.0, iconWidth = 170, iconHeight = 170, iconWidth = 170, flag = 0
2019-10-10 12:31:05.435 1158-1671/? V/WindowManager: Checking 1 opening apps (frozen=false timeout=false), Track: updateconfig performsurface
2019-10-10 12:31:05.435 1158-1671/? V/WindowManager: Check opening app=AppWindowToken{df5a639 token=Token{b298e00 ActivityRecord{736ac83 u0 com.huawei.android.launcher/.unihome.UniHomeLauncher t1}}}: allDrawn=false startingDisplayed=false startingMoved=false isRelaunching()=false startingWindow=null
2019-10-10 12:31:05.438 1845-2204/? D/Hicom_EmcomManagerService: forePackage name is com.huawei.android.launcher
2019-10-10 12:31:05.438 1845-2204/? D/HicomMonitor: notifyForegroundAppChanged: begin
2019-10-10 12:31:05.438 1845-2204/? D/XEngineProcessor: onForegroundAppChanged, pkgName:com.huawei.android.launcher
2019-10-10 12:31:05.438 1845-2204/? I/XEngineProcessor: Feature is not enable.
2019-10-10 12:31:05.438 1845-2204/? D/Hicom_SysEnvMonitor: onForegroundAppChanged, pkgName: com.huawei.android.launcher
2019-10-10 12:31:05.438 1845-2204/? D/XEngineMpipControl: onForegroundAppChanged, pkgName:com.huawei.android.launcher
2019-10-10 12:31:05.438 1845-2204/? D/XEngineMpipControl: Invalid subId
2019-10-10 12:31:05.438 1845-2204/? E/XEngineMpipControl: Invalid SubId
2019-10-10 12:31:05.438 1845-2204/? D/HicomMonitor: onForegroundAppChanged is called
2019-10-10 12:31:05.438 1941-2227/? I/hibernation: front pkg : com.huawei.android.launcher launcher: true
2019-10-10 12:31:05.439 1845-2204/? D/Hicom_PolicyCenterService: handleForegroundAppChanged new forground app 10104
2019-10-10 12:31:05.439 1845-2204/? D/Hicom_AppLifeCycleManager: sAppAllSocketClosed NOT contain: 10347
2019-10-10 12:31:05.439 1845-2204/? D/Hicom_PolicyCenterService: mCurrentForgroundUid is not policy exist
2019-10-10 12:31:05.443 1941-2335/? I/PGServer: report state:10000 event type:2 pid:0 uid:0 pkg:com.virobugs to pid: 1158
2019-10-10 12:31:05.444 1979-2052/? E/HwLauncher: SettingsEx , no such field.
2019-10-10 12:31:05.445 1979-2052/? W/HwLauncher: Clock getDataFormat the getSystemString failed.
2019-10-10 12:31:05.446 1941-2335/? I/PGServer: report state:10000 event type:2 pid:0 uid:0 pkg:com.virobugs to pid: 1941
2019-10-10 12:31:05.447 1158-1901/? V/WindowManager: Checking 1 opening apps (frozen=false timeout=false), Track: relayout performsurface
2019-10-10 12:31:05.447 1158-1901/? V/WindowManager: Check opening app=AppWindowToken{df5a639 token=Token{b298e00 ActivityRecord{736ac83 u0 com.huawei.android.launcher/.unihome.UniHomeLauncher t1}}}: allDrawn=false startingDisplayed=false startingMoved=false isRelaunching()=false startingWindow=null
2019-10-10 12:31:05.449 1845-10398/? D/DollieActivityManagerAdapter: [UidGone]  uid:10347
2019-10-10 12:31:05.450 1845-10398/? E/DollieAdapterService: notifyActivityState pkg:com.virobugs/com.virobugs.MainActivity state:18 fg:false mUid:10347
2019-10-10 12:31:05.451 1845-10398/? I/HidataAppQoeP: foregroundUidRemove uid: 10347 name: com.virobugs
2019-10-10 12:31:05.451 1845-10398/? I/HidataAppQoeP: sendKernelAppUid, Uid = 0, period = 0 name = null
2019-10-10 12:31:05.451 1158-1283/? W/ActivityManager: setHasOverlayUi called on unknown pid: 5660
2019-10-10 12:31:05.451 1845-10398/? I/DollieCore: onQoeInfoChanged :3
2019-10-10 12:31:05.451 1845-1988/? I/DollieCore: onEvtQoeInfoChanged: QOE_EXPERIENCE_LEVEL_UNKNOW
2019-10-10 12:31:05.451 1845-1988/? I/DollieCore: notify recovery status no change directly
2019-10-10 12:31:05.451 1845-3259/? E/HsmCoreServiceImpl: onTransact in code is: 103
2019-10-10 12:31:05.451 1845-3259/? I/MediaProcessHandler: playingUids:
2019-10-10 12:31:05.451 1158-3510/? D/HwNetworkManagementService: setNetBoosterAppUid,appUid=0,period=0
2019-10-10 12:31:05.455 1941-2335/? I/SceneReceiver: state type: 10000 eventType:2 pid:0 uid:0 pkg:com.virobugs
2019-10-10 12:31:05.455 1941-2335/? I/PGServer: report state:10010 event type:1 pid:0 uid:0 pkg:com.huawei.android.launcher to pid: 1158
2019-10-10 12:31:05.455 1941-2335/? I/PGServer: report state:10010 event type:1 pid:0 uid:0 pkg:com.huawei.android.launcher to pid: 1941
2019-10-10 12:31:05.456 1158-3510/? D/NetdConnector: SND -> {8409 hwnb appQoe uid 0 0}
2019-10-10 12:31:05.456 1941-9583/? I/PGServer: checkPkgType. calling pkg: android
2019-10-10 12:31:05.457 1158-1571/? D/NetdConnector: RCV <- {200 8409 appQoe uid cmd succeeded}
2019-10-10 12:31:05.460 14136-14207/? D/mali_winsys: EGLint new_window_surface(egl_winsys_display *, void *, EGLSurface, EGLConfig, egl_winsys_surface **, EGLBoolean) returns 0x3000
2019-10-10 12:31:05.465 730-1527/? E/dubaid: [DubaiUtils.h] parseMessage# Failed to find second tag: uid=
2019-10-10 12:31:05.465 730-1527/? E/dubaid: [SystemHandler.cpp] parsePartialWakelockAcquiredMessage# Failed to parse count: lock=96771371 tag=IntentOp:.common.broadcast.BackgroundBroadcastReceiverSupport$GmsReceiverIntentOperation count=0
2019-10-10 12:31:05.465 730-1527/? E/dubaid: [SystemHandler.cpp] onPartialWakelockAcquireMessage# Failed to parse message
2019-10-10 12:31:05.469 1979-1979/? D/ZrHung.AppEyeUiProbe: notify runnable to start.
2019-10-10 12:31:05.471 1979-2069/? D/ZrHung.AppEyeUiProbe: restart watching
2019-10-10 12:31:05.471 23633-24049/? I/HiSearch19.11.3.304: [LauncherOverlayService]: LAUNCHER_INTERACTION from launcher and invoke id = -111
2019-10-10 12:31:05.471 23633-24049/? I/HiSearch19.11.3.304: [LauncherOverlayService]: isOverlayClosed = true
2019-10-10 12:31:05.472 23633-24049/? I/HiSearch19.11.3.304: [LauncherOverlayService]: LAUNCHER_INTERACTION from launcher and invoke, overlay closed, return.
2019-10-10 12:31:05.477 1158-1582/? D/HwHiCureActivityObserver: handleMessage: msg[0]
2019-10-10 12:31:05.460 1158-1571/? D/NetdConnector: RCV <- {200 8409 appQoe uid cmd succeeded}
2019-10-10 12:31:05.477 1158-1269/? W/HwActivityManagerServiceEx: HwActivityNotifier end call for activityLifeState under user 0 cost 0
2019-10-10 12:31:05.477 1158-1582/? D/HiData_HwAPPQoEResourceMangerImpl: checkIsMonitorHiCureAppScence input :com.huawei.android.launcher
2019-10-10 12:31:05.478 1158-4664/? D/HiData_HwAPPQoEActivityMonitor: handleActivityChange,  curPackage:com.huawei.android.launcher, curClass:com.huawei.android.launcher.unihome.UniHomeLauncher
2019-10-10 12:31:05.478 1158-1284/? D/HwGameAssistantController: UPDATE: mCurFgPkg=com.huawei.android.launcher, mCurFgPid=1979, mCurIsGame=false
2019-10-10 12:31:05.478 1158-4664/? D/HiData_HwAPPQoEResourceMangerImpl: checkIsMonitorAPKScence input :com.huawei.android.launcher,com.huawei.android.launcher.unihome.UniHomeLauncher
2019-10-10 12:31:05.478 1158-4664/? D/HiData_HwAPPQoEResourceMangerImpl: checkIsMonitorAPKScence input :com.huawei.android.launcher,null
2019-10-10 12:31:05.478 1158-1653/? D/HiDATA_HiStream: activityResumed:pid=1979, uid=10104, component=ComponentInfo{com.huawei.android.launcher/com.huawei.android.launcher.unihome.UniHomeLauncher}
2019-10-10 12:31:05.478 1158-4664/? D/HiData_HwAPPQoEResourceMangerImpl: checkIsMonitorGameScence input :com.huawei.android.launcher
2019-10-10 12:31:05.478 1158-4664/? D/HiData_HwAPPQoEResourceMangerImpl: checkIsMonitorGameScence input :com.huawei.android.launcher
2019-10-10 12:31:05.478 1158-4664/? D/HiData_HwAPPQoEActivityMonitor: handleActivityChange, it is not a care app or scence
2019-10-10 12:31:05.478 1158-4664/? D/HiData_HwAPPQoEActivityMonitor: handleActivityChange,  curr mAppType:-1, lastType:-1
2019-10-10 12:31:05.478 1690-1690/? I/HwNavigationBarView: updateAssistantButtonInGuestureMode(), vis=true,isGestureNavEnable=false
2019-10-10 12:31:05.478 3460-3476/? I/AppLifeChangeSensor:  CAWARENESS: activityResumed componentName = ComponentInfo{com.huawei.android.launcher/com.huawei.android.launcher.unihome.UniHomeLauncher}
2019-10-10 12:31:05.478 1158-1653/? D/HiData_HwAPPQoEResourceMangerImpl: checkIsMonitorVideoScence input :com.huawei.android.launcher,com.huawei.android.launcher.unihome.UniHomeLauncher
2019-10-10 12:31:05.478 3460-3476/? E/AppLifeChangeSensor:  CAWARENESS: activityResumed mAppLifeChangeCallback is null
2019-10-10 12:31:05.478 1158-1653/? D/HiDATA_HiStream: mHwAPPQoEAPKConfig is null
2019-10-10 12:31:05.478 1845-10398/? D/DollieActivityManagerAdapter: [Resumed] pid:1979 uid:10104 ComponentInfo{com.huawei.android.launcher/com.huawei.android.launcher.unihome.UniHomeLauncher}
2019-10-10 12:31:05.478 1845-10398/? E/DollieAdapterService: notifyActivityState pkg:com.huawei.android.launcher/com.huawei.android.launcher.unihome.UniHomeLauncher state:2 fg:true mUid:10104
2019-10-10 12:31:05.479 1979-15690/? I/RecentsTaskLoadPlan: to show tasks size is 2
2019-10-10 12:31:05.481 1158-1777/? V/WindowManager: Checking 1 opening apps (frozen=false timeout=false), Track: relayout performsurface
2019-10-10 12:31:05.481 1158-1777/? V/WindowManager: Check opening app=AppWindowToken{df5a639 token=Token{b298e00 ActivityRecord{736ac83 u0 com.huawei.android.launcher/.unihome.UniHomeLauncher t1}}}: allDrawn=false startingDisplayed=false startingMoved=false isRelaunching()=false startingWindow=null
2019-10-10 12:31:05.481 1941-2335/? I/SceneReceiver: state type: 10010 eventType:1 pid:0 uid:0 pkg:com.huawei.android.launcher
2019-10-10 12:31:05.482 598-598/? I/GRALLOC: getCallingPid=649, shrFd=32,fmt=0x1,intFmt=0x200000001,btStrd=4352,size=9973760,pid=598
    	 yuv=2,w=1080,h=2244,Stride u=0 v=0,offset u=0 v=0
    	 iova_size=9973760,conUsg=0xb00,proUsg=0xb00,	 strd=1088,[afbc]HdrStrd=1088 PyldStrd=69632 Scrmbl=2,ionhnd = 1
2019-10-10 12:31:05.482 1941-2669/? D/ThermalTrace_ThermalRaise: current pkg:com.virobugs
2019-10-10 12:31:05.482 1941-2666/? D/HwThermalStateManager: current foreapp pkg : com.huawei.android.launcher
2019-10-10 12:31:05.482 649-649/? D/SurfaceFlinger: duplicate layer name: changing com.huawei.android.launcher/com.huawei.android.launcher.unihome.UniHomeLauncher to com.huawei.android.launcher/com.huawei.android.launcher.unihome.UniHomeLauncher#1
2019-10-10 12:31:05.484 1158-1777/? V/HwPhoneWindowManager: updateSystemUiColorLw window=Window{b087f20 u0 com.huawei.android.launcher/com.huawei.android.launcher.unihome.UniHomeLauncher},EmuiStyle=-1,StatusBarColor=0x0,NavigationBarColor=0x0, mForceNotchStatusBar=false
2019-10-10 12:31:05.484 1158-1777/? D/ZrHung.AppEyeFocusWindow: FocusWindowErrorScene cancelCheckFreezeScreen
2019-10-10 12:31:05.484 1158-1777/? D/ZrHung.AppEyeTransparentWindow: TransparentWindow mHungConfigStatus = 1,mHungConfigEnable =
2019-10-10 12:31:05.482 1158-1158/? W/Binder:1158_1C: type=1400 audit(0.0:35214): avc: granted { read } for path="/data/system/dropbox/data_app_native_crash@1570703465244.txt.gz" dev="sdd64" ino=19327 scontext=u:r:priv_app:s0:c512,c768 tcontext=u:object_r:system_data_file:s0 tclass=file
2019-10-10 12:31:05.486 598-598/? I/GRALLOC: getCallingPid=649, shrFd=32,fmt=0x1,intFmt=0x200000001,btStrd=4352,size=9973760,pid=598
    	 yuv=2,w=1080,h=2244,Stride u=0 v=0,offset u=0 v=0
    	 iova_size=9973760,conUsg=0xb00,proUsg=0xb00,	 strd=1088,[afbc]HdrStrd=1088 PyldStrd=69632 Scrmbl=2,ionhnd = 1
2019-10-10 12:31:05.487 1979-2159/? D/mali_winsys: EGLint new_window_surface(egl_winsys_display *, void *, EGLSurface, EGLConfig, egl_winsys_surface **, EGLBoolean) returns 0x3000
2019-10-10 12:31:05.482 1158-1158/? W/Binder:1158_6: type=1400 audit(0.0:35215): avc: granted { read } for path="/data/system/dropbox/SYSTEM_TOMBSTONE@1570703465281.txt.gz" dev="sdd64" ino=19166 scontext=u:r:priv_app:s0:c512,c768 tcontext=u:object_r:system_data_file:s0 tclass=file
2019-10-10 12:31:05.489 598-2614/? I/GRALLOC: getCallingPid=649, shrFd=32,fmt=0x1,intFmt=0x200000001,btStrd=4352,size=9973760,pid=598
    	 yuv=2,w=1080,h=2244,Stride u=0 v=0,offset u=0 v=0
    	 iova_size=9973760,conUsg=0xb00,proUsg=0xb00,	 strd=1088,[afbc]HdrStrd=1088 PyldStrd=69632 Scrmbl=2,ionhnd = 1
2019-10-10 12:31:05.492 730-1527/? E/dubaid: [DubaiUtils.h] parseMessage# Failed to find second tag: uid=
2019-10-10 12:31:05.492 730-1527/? E/dubaid: [SystemHandler.cpp] parsePartialWakelockAcquiredMessage# Failed to parse count: lock=191750407 tag=IntentOp:.common.broadcast.BackgroundBroadcastReceiverSupport$GmsReceiverIntentOperation count=0
2019-10-10 12:31:05.492 730-1527/? E/dubaid: [SystemHandler.cpp] onPartialWakelockAcquireMessage# Failed to parse message
2019-10-10 12:31:05.493 1979-1979/? W/InputMethodManager: startInputReason = 1
2019-10-10 12:31:05.494 1158-1514/? V/WindowManager: Checking 1 opening apps (frozen=false timeout=false), Track:  performsurface
2019-10-10 12:31:05.494 1158-1514/? V/WindowManager: Check opening app=AppWindowToken{df5a639 token=Token{b298e00 ActivityRecord{736ac83 u0 com.huawei.android.launcher/.unihome.UniHomeLauncher t1}}}: allDrawn=false startingDisplayed=false startingMoved=false isRelaunching()=false startingWindow=null
2019-10-10 12:31:05.495 730-1527/? E/dubaid: [SystemHandler.cpp] onPartialWakelockReleaseMessage# Already released, lock: 172055021
2019-10-10 12:31:05.496 598-834/? I/GRALLOC: getCallingPid=649, shrFd=32,fmt=0x1,intFmt=0x200000001,btStrd=4352,size=9973760,pid=598
    	 yuv=2,w=1080,h=2244,Stride u=0 v=0,offset u=0 v=0
    	 iova_size=9973760,conUsg=0x900,proUsg=0x900,	 strd=1088,[afbc]HdrStrd=1088 PyldStrd=69632 Scrmbl=2,ionhnd = 1
2019-10-10 12:31:05.497 730-1527/? E/dubaid: [DubaiUtils.h] parseMessage# Failed to find second tag: uid=
2019-10-10 12:31:05.497 730-1527/? E/dubaid: [SystemHandler.cpp] parsePartialWakelockAcquiredMessage# Failed to parse count: lock=180560436 tag=IntentOp:.common.broadcast.BackgroundBroadcastReceiverSupport$PersistentReceiverIntentOperation count=0
2019-10-10 12:31:05.497 730-1527/? E/dubaid: [SystemHandler.cpp] onPartialWakelockAcquireMessage# Failed to parse message
2019-10-10 12:31:05.498 1158-6161/? V/BroadcastQueue: Finished with ordered broadcast BroadcastRecord{811b004 u0 android.intent.action.DROPBOX_ENTRY_ADDED}
2019-10-10 12:31:05.501 598-834/? I/GRALLOC: getCallingPid=649, shrFd=32,fmt=0x1,intFmt=0x200000001,btStrd=4352,size=9973760,pid=598
    	 yuv=2,w=1080,h=2244,Stride u=0 v=0,offset u=0 v=0
    	 iova_size=9973760,conUsg=0x900,proUsg=0x900,	 strd=1088,[afbc]HdrStrd=1088 PyldStrd=69632 Scrmbl=2,ionhnd = 1
2019-10-10 12:31:05.502 730-1527/? E/dubaid: [SystemHandler.cpp] onPartialWakelockReleaseMessage# Already released, lock: 96771371
2019-10-10 12:31:05.503 14136-14136/? I/HwPhoneWindow: updateLayoutParamsColor false mSpecialSet=false, mForcedNavigationBarColor=true, navigationBarColor=ffffff, mNavBarShow=false, mIsFloating=false
2019-10-10 12:31:05.503 14136-14136/? I/HwPhoneWindow: updateLayoutParamsColor false mSpecialSet=false, mForcedNavigationBarColor=true, navigationBarColor=ffffff, mNavBarShow=false, mIsFloating=false
2019-10-10 12:31:05.504 598-834/? I/GRALLOC: getCallingPid=649, shrFd=32,fmt=0x1,intFmt=0x200000001,btStrd=4352,size=9973760,pid=598
    	 yuv=2,w=1080,h=2244,Stride u=0 v=0,offset u=0 v=0
    	 iova_size=9973760,conUsg=0x900,proUsg=0x900,	 strd=1088,[afbc]HdrStrd=1088 PyldStrd=69632 Scrmbl=2,ionhnd = 1
2019-10-10 12:31:05.505 14136-14136/? W/ThreadPoolDumper: Queue length for executor EventBus is now 11. Perhaps some tasks are too long, or the pool is too small.
2019-10-10 12:31:05.507 598-834/? I/GRALLOC: getCallingPid=649, shrFd=32,fmt=0x1,intFmt=0x200000001,btStrd=4352,size=9973760,pid=598
    	 yuv=2,w=1080,h=2244,Stride u=0 v=0,offset u=0 v=0
    	 iova_size=9973760,conUsg=0xb00,proUsg=0xb00,	 strd=1088,[afbc]HdrStrd=1088 PyldStrd=69632 Scrmbl=2,ionhnd = 1
2019-10-10 12:31:05.508 1158-1514/? V/WindowManager_visibility: updateAllDrawn Add AppWindowToken{df5a639 token=Token{b298e00 ActivityRecord{736ac83 u0 com.huawei.android.launcher/.unihome.UniHomeLauncher t1}}}
2019-10-10 12:31:05.508 730-1527/? E/dubaid: [SystemHandler.cpp] onPartialWakelockReleaseMessage# Already released, lock: 191750407
2019-10-10 12:31:05.509 1158-1514/? V/WindowManager_visibility: updateAllDrawn allDrawn=false interesting=2 drawn=1 relaunchCount=0 for AppWindowToken{df5a639 token=Token{b298e00 ActivityRecord{736ac83 u0 com.huawei.android.launcher/.unihome.UniHomeLauncher t1}}}
2019-10-10 12:31:05.512 1158-1514/? V/WindowManager: Checking 1 opening apps (frozen=false timeout=false), Track:  performsurface
2019-10-10 12:31:05.512 1158-1514/? V/WindowManager: Check opening app=AppWindowToken{df5a639 token=Token{b298e00 ActivityRecord{736ac83 u0 com.huawei.android.launcher/.unihome.UniHomeLauncher t1}}}: allDrawn=false startingDisplayed=false startingMoved=false isRelaunching()=false startingWindow=null
2019-10-10 12:31:05.513 730-1527/? E/dubaid: [SystemHandler.cpp] onPartialWakelockReleaseMessage# Already released, lock: 180560436
2019-10-10 12:31:05.515 1158-1514/? I/WindowManager: New wallpaper target: Window{b087f20 u0 com.huawei.android.launcher/com.huawei.android.launcher.unihome.UniHomeLauncher} prevTarget: null
2019-10-10 12:31:05.515 1158-1514/? I/WindowManager: test-wallpaper Updating vis of wallpaper Window{9dcd159 u0 com.android.systemui.HwImageWallpaper}: true from:
    com.android.server.wm.WallpaperWindowToken.updateWallpaperWindows:138 com.android.server.wm.WallpaperController.updateWallpaperTokens:585 com.android.server.wm.WallpaperController.adjustWallpaperWindows:620 com.android.server.wm.DisplayContent.applySurfaceChangesTransaction:3386
2019-10-10 12:31:05.519 1158-1514/? V/WindowManager_visibility: updateAllDrawn Add AppWindowToken{df5a639 token=Token{b298e00 ActivityRecord{736ac83 u0 com.huawei.android.launcher/.unihome.UniHomeLauncher t1}}}
2019-10-10 12:31:05.520 1158-1514/? V/WindowManager_visibility: updateAllDrawn allDrawn=false interesting=2 drawn=2 relaunchCount=0 for AppWindowToken{df5a639 token=Token{b298e00 ActivityRecord{736ac83 u0 com.huawei.android.launcher/.unihome.UniHomeLauncher t1}}}
2019-10-10 12:31:05.520 1158-1514/? V/WindowManager: Checking 1 opening apps (frozen=false timeout=false), Track:  performsurface
2019-10-10 12:31:05.520 1158-1514/? V/WindowManager: Check opening app=AppWindowToken{df5a639 token=Token{b298e00 ActivityRecord{736ac83 u0 com.huawei.android.launcher/.unihome.UniHomeLauncher t1}}}: allDrawn=true startingDisplayed=false startingMoved=false isRelaunching()=false startingWindow=null
2019-10-10 12:31:05.520 1964-7464/? D/PhoneInterfaceManager: [PhoneIntfMgr] isUserDataEnabled: subId=0 phoneId=0
2019-10-10 12:31:05.520 1158-1514/? I/WindowManager: closing apps count = 0
2019-10-10 12:31:05.520 1964-7464/? D/PhoneInterfaceManager: [PhoneIntfMgr] isUserDataEnabled: subId=0 retVal=true
2019-10-10 12:31:05.526 1964-7464/? D/PhoneInterfaceManager: [PhoneIntfMgr] isUserDataEnabled: subId=0 phoneId=0
2019-10-10 12:31:05.526 1964-7464/? D/PhoneInterfaceManager: [PhoneIntfMgr] isUserDataEnabled: subId=0 retVal=true
2019-10-10 12:31:05.527 1158-5579/? I/HwNetworkPolicy: onTransact, code = 14
2019-10-10 12:31:05.534 1158-1272/? D/HwPhoneWindowManager: Transact:setSystemUIColor to status bar service
2019-10-10 12:31:05.534 1690-7878/? I/CommandQueue: updateBarBgColor
2019-10-10 12:31:05.534 1690-7878/? D/CommandQueue: CommandQueue, setBarBackgroundColor
2019-10-10 12:31:05.535 1690-1690/? D/TintManager: navigationBarIconTint=99ffffff
2019-10-10 12:31:05.535 1158-1272/? I/StatusBarDisable: setFlags what=0 which=1 pkg=Window{b087f20 u0 com.huawei.android.launcher/com.huawei.android.launcher.unihome.UniHomeLauncher}
2019-10-10 12:31:05.536 1158-1272/? I/chatty: uid=1000(system) android.ui identical 4 lines
2019-10-10 12:31:05.536 1158-1272/? I/StatusBarDisable: setFlags what=0 which=1 pkg=Window{b087f20 u0 com.huawei.android.launcher/com.huawei.android.launcher.unihome.UniHomeLauncher}
2019-10-10 12:31:05.538 1158-1671/? I/HwNetworkPolicy: onTransact, code = 14
2019-10-10 12:31:05.542 14136-14213/? I/StreamController: registerScope: nowcards-15-8d6515a-a5d5
2019-10-10 12:31:05.582 14136-14213/? I/MicroDetectionState: Keep running DSP hotword
2019-10-10 12:31:05.638 1158-1158/? I/MQoS: onSignal: mSubId=0,currDataSubID=0
2019-10-10 12:31:05.638 1845-1845/? D/DaemonMessageAdapter: onMobileSignalStrengthChanged, subId: 0, signalStrength: SignalStrength: 0 755203440 0 0 32767 -1 32767 -1 -109 -13 -1 -1 0 2147483647 0 120 2147483647 255 gsm|lte use_rsrp_and_rssnr_for_lte_level rscp [-128, -118, -108, -98] [-115, -105, -95, -85] 0 0 0 0 0 0
2019-10-10 12:31:05.638 1845-1845/? D/DaemonMessageAdapter: SignalStrength update result, ss: SignalStrengthInfo: 3574792 mGsmSignalStrength: 0 mWcdmaRscp: 2147483647 mWcdmaEcio: 255 mLteRsrp: -109 mLteRsrq: -13 mCdmaDbm: 0 mCdmaEcio: 0 mEvdoDbm: 32767 mEvdoEcio: -1 mLteRssnr: -1
2019-10-10 12:31:05.639 1964-1964/? D/Mapcon  : TelephonyTracker: onSignalStrengthsChanged:phoneId=0, level=3
2019-10-10 12:31:05.639 1158-1158/? I/MQoS: received cell-signal:4
2019-10-10 12:31:05.640 1964-2469/? D/Mapcon  : SMVoice-0-Normal: PrepareState:defaultStatehandle msg=CMD_SIGNAL_STRENGTH_CHANED_IND
2019-10-10 12:31:05.641 1845-1960/? I/HidataAppQoeP: handleStateChanged reason=6
2019-10-10 12:31:05.641 14136-14146/? I/earchbox:searc: Background concurrent copying GC freed 87841(4MB) AllocSpace objects, 10(164KB) LOS objects, 50% free, 17MB/35MB, paused 136us total 147.876ms
2019-10-10 12:31:05.643 1845-1960/? I/PreDnsQuery: handleStateChanged reason=6
2019-10-10 12:31:05.643 1690-1829/? I/HwMobileSignalController(0): subId:0 phoneType:1 networktype:13 targetClass:3 masterLevel:3 slaveLevel:-1
2019-10-10 12:31:05.644 1845-1960/? I/BrowserChrP: handleStateChanged
2019-10-10 12:31:05.698 730-876/? E/dubaid: [CpuHandler.cpp] findUidEntry# Uid(10345) has not package, maybe it's already uninstalled
2019-10-10 12:31:05.698 730-876/? E/dubaid: [CpuHandler.cpp] setUidCpuTime# Failed to find uid entry
2019-10-10 12:31:05.751 745-765/? D/AwareLog: iawared: WorkingsetProcessCommand subCmd = 357, userId=10347, pid=5660, com.virobugs
2019-10-10 12:31:05.751 745-765/? D/AwareLog: iawared: WorkingsetPauseCollect com.virobugs
2019-10-10 12:31:05.895 608-4407/? I/audio_hw_primary: usb_ext_get_parameters: check show hires (false)
2019-10-10 12:31:05.896 647-3260/? I/hash_map_utils: key: 'typec_need_show_hires' value: ''
2019-10-10 12:31:05.896 647-3260/? I/bt_a2dp_hw: adev_get_parameters: audio a2dp receive kvpairs typec_need_show_hires ,but need not handle
2019-10-10 12:31:05.898 1158-1611/? I/HwAudioServiceEx: check HiRes Icon false
2019-10-10 12:31:05.900 1158-1611/? W/ActivityManager: Sending non-protected broadcast huawei.intent.action.hideHiResIcon from system 1158:system/1000 pkg android
2019-10-10 12:31:05.958 1158-1158/? I/HwNormalizedSpline: DayMode:getBrightnessLevel lux =69.0, mDefaultBrightnessFromLux =38.13444
2019-10-10 12:31:05.900 1158-1611/? W/ActivityManager: Sending non-protected broadcast huawei.intent.action.hideHiResIcon from system 1158:system/1000 pkg android
2019-10-10 12:31:05.977 1158-4670/? I/MQoS: MSG_QUERY_TCP_INFO called,count:1972
2019-10-10 12:31:05.980 1158-1582/? I/QosMonitor: postEventFromNative: msg=100,arg1=0,arg2=10
2019-10-10 12:31:05.981 1158-1582/? I/MQoS: rtt=0,tcp_tx_pkts=0,tcp_rx_pkts=0
2019-10-10 12:31:05.984 1158-4670/? I/TrafficMonitor: getStatic,count:0,work status:false
2019-10-10 12:31:05.984 1158-4670/? I/MQoS: QOS_level:4(4),use RAT:4G;signalLvl:4
2019-10-10 12:31:06.006 1979-1979/? W/HwLauncher: FolderIcon drawSelectedLabel bitmap null
2019-10-10 12:31:06.007 1979-1979/? W/HwLauncher: FolderIcon drawSelectedLabel bitmap null
2019-10-10 12:31:06.027 1979-2159/? W/OpenGLRenderer: Incorrectly called buildLayer on View: ShortcutAndWidgetContainer, destroying layer...
2019-10-10 12:31:06.027 1979-2159/? W/OpenGLRenderer: Incorrectly called buildLayer on View: ShortcutAndWidgetContainer, destroying layer...
2019-10-10 12:31:06.033 598-834/? I/GRALLOC: getCallingPid=649, shrFd=32,fmt=0x1,intFmt=0x200000001,btStrd=4352,size=9973760,pid=598
    	 yuv=2,w=1080,h=2244,Stride u=0 v=0,offset u=0 v=0
    	 iova_size=9973760,conUsg=0xb00,proUsg=0xb00,	 strd=1088,[afbc]HdrStrd=1088 PyldStrd=69632 Scrmbl=2,ionhnd = 1
2019-10-10 12:31:06.047 1158-1158/? I/MQoS: onSignal: mSubId=0,currDataSubID=0
2019-10-10 12:31:06.048 1845-1845/? D/DaemonMessageAdapter: onMobileSignalStrengthChanged, subId: 0, signalStrength: SignalStrength: 0 755203440 0 0 32767 -1 32767 -1 -109 -13 -1 -1 0 2147483647 0 120 2147483647 255 gsm|lte use_rsrp_and_rssnr_for_lte_level rscp [-128, -118, -108, -98] [-115, -105, -95, -85] 0 0 0 0 0 0
2019-10-10 12:31:06.049 1158-1158/? I/MQoS: received cell-signal:4
2019-10-10 12:31:06.049 1964-1964/? D/Mapcon  : TelephonyTracker: onSignalStrengthsChanged:phoneId=0, level=3
2019-10-10 12:31:06.050 1845-1845/? D/DaemonMessageAdapter: SignalStrength update result, ss: SignalStrengthInfo: 3574792 mGsmSignalStrength: 0 mWcdmaRscp: 2147483647 mWcdmaEcio: 255 mLteRsrp: -109 mLteRsrq: -13 mCdmaDbm: 0 mCdmaEcio: 0 mEvdoDbm: 32767 mEvdoEcio: -1 mLteRssnr: -1
2019-10-10 12:31:06.050 1964-2469/? D/Mapcon  : SMVoice-0-Normal: PrepareState:defaultStatehandle msg=CMD_SIGNAL_STRENGTH_CHANED_IND
2019-10-10 12:31:06.053 1690-1829/? I/HwMobileSignalController(0): subId:0 phoneType:1 networktype:13 targetClass:3 masterLevel:3 slaveLevel:-1
2019-10-10 12:31:06.054 1845-1960/? I/HidataAppQoeP: handleStateChanged reason=6
2019-10-10 12:31:06.055 1845-1960/? I/PreDnsQuery: handleStateChanged reason=6
2019-10-10 12:31:06.056 1845-1960/? I/BrowserChrP: handleStateChanged
2019-10-10 12:31:06.170 622-622/? I/uniperf server: setConfig clientId=1, tagLen=1, tags[0]=10, configs[0]=332000000
2019-10-10 12:31:06.171 642-1019/? I/PF_MT: [recordCmd:60] Pid:622 Qos:3 mode:0 suspend_mask:0x0 val=767000000
2019-10-10 12:31:06.171 642-1019/? I/PF_MT: [recordCmd:60] Pid:622 Qos:3 mode:0 suspend_mask:0x0 val=332000000
