2019-10-07 11:28:43.067 17184-17184/? I/native: android_camera.cc:1644 Initializing camera manager.
2019-10-07 11:28:43.068 17184-17184/? E/ACameraMetadata: isNdkSupportedCapability: Unknonwn capability 11
2019-10-07 11:28:43.068 17184-17184/? E/ACameraMetadata: isNdkSupportedCapability: Unknonwn capability 11
2019-10-07 11:28:43.070 17184-17184/? I/native: android_camera.cc:1669 Camera manager initialized successfully with 4 cameras.
2019-10-07 11:28:43.070 17184-17184/? I/native: android_camera.cc:675 Camera 0: State CLOSED: Reset cleanly got to CLOSED state.
2019-10-07 11:28:43.071 17184-17184/? I/native: android_camera.cc:675 Camera 3: State CLOSED: Reset cleanly got to CLOSED state.
2019-10-07 11:28:43.071 17184-17184/? I/native: android_camera.cc:675 Camera 2: State CLOSED: Reset cleanly got to CLOSED state.
2019-10-07 11:28:43.071 17184-17184/? I/native: android_camera.cc:675 Camera 1: State CLOSED: Reset cleanly got to CLOSED state.
2019-10-07 11:28:43.079 17184-17184/? W/ARCore-ContextUtils: The API key for use with the Google AR service could not be obtained!
2019-10-07 11:28:43.090 17184-17184/? I/tflite: Initialized TensorFlow Lite runtime.
2019-10-07 11:28:43.091 1995-2091/? D/ZrHung.AppEyeUiProbe: Current Activity:false
2019-10-07 11:28:43.091 1995-2091/? D/ZrHung.AppEyeUiProbe: not watching, wait.
2019-10-07 11:28:43.091 17184-17184/? I/native: planar_target_tracking_manager.h:109 Config of PlanarTargetTrackingManager:
    -pose_refinement_with_detection_interval_ns: 0
    -min_interval_between_detections_ns: 500000000
    -filter_parallax: false
    -filter_result: true
    -multiple_targets: true
    -mini_detection: true
    -tracking_mode: 1
2019-10-07 11:28:43.096 17184-17184/? I/native: session_create_implementation.cc:251 createImplementationWithFeaturesAndSettings returning OK.
2019-10-07 11:28:43.104 17184-17184/? I/native: session.cc:925 Entering Session::Resume.
2019-10-07 11:28:43.104 17184-17184/? I/native: android_camera.cc:675 Camera 0: State CLOSED: Reset cleanly got to CLOSED state.
2019-10-07 11:28:43.108 10199-10199/? W/ARCore.Analytics: Log Source: PJgQUl1CRhj8-rGlwtloKA==
2019-10-07 11:28:43.110 17184-17184/? I/native: android_sensors.cc:150 Starting thread.
2019-10-07 11:28:43.111 17184-17184/? I/native: cameras.cc:1118 Selected camera 0 stream 0 as feature extraction stream.
2019-10-07 11:28:43.112 17184-17365/? I/native: android_sensors.cc:28 Gyro min delay 2ms requesting 5ms
2019-10-07 11:28:43.112 2991-4222/? I/PeopleChimeraService: onService. callbacks = zvu@812b279, request = com.google.android.gms.common.internal.GetServiceRequest@4ed0bbe
2019-10-07 11:28:43.112 779-779/? D/SensorHub: batch called handle:14 sample_ns:200000000 latency_ns:0
2019-10-07 11:28:43.112 779-779/? D/SensorHub: in batch, handle = 14, flags = 0, period_ns = 200000000, timeout = 0
2019-10-07 11:28:43.113 1956-2062/? I/SensorState: sensor:14 name:unknown enable:true uid:10306
2019-10-07 11:28:43.113 1956-2062/? I/PGServer: report state:4 event type:1 pid:14 uid:10306 pkg:null to pid: 1110
2019-10-07 11:28:43.113 1956-2062/? I/SensorState: addSensor,mHandles:{0=1, 14=1}
2019-10-07 11:28:43.113 17184-17184/? E/ACameraMetadata: isNdkSupportedCapability: Unknonwn capability 11
2019-10-07 11:28:43.113 749-10652/? I/HwCameraServiceEx: CameraService::connectDevice E (pid 17184 "", id 0)
2019-10-07 11:28:43.113 749-10652/? I/HwCameraServiceEx: CameraService::connect call (PID -1 "", camera ID 0) for HAL version default and Camera API version 2
2019-10-07 11:28:43.113 749-10652/? I/HwCameraServiceEx: validateClientPermissionsLocked(), client user id: 10306
2019-10-07 11:28:43.113 749-10652/? I/HwCameraServiceEx: updateEvictedList(), evicted size: 0, incomming package name: ''.
2019-10-07 11:28:43.114 749-10652/? I/Camera2ClientBase: Camera 0: Opened. Client:  (PID 17184, UID 10306)
2019-10-07 11:28:43.114 749-10652/? I/HwPerformEx: HwPerformEx(0xee9c9da0), camera 0.
2019-10-07 11:28:43.114 749-10652/? I/CameraDeviceClient: CameraDeviceClient 0: Opened
2019-10-07 11:28:43.114 749-10652/? I/HwCameraServiceEx: connectHelper(), make client for ''.
2019-10-07 11:28:43.115 749-10652/? I/HwCameraServiceEx: onTorchStatusChangedLocked: Torch status changed for cameraId=0, newStatus=0
2019-10-07 11:28:43.115 1709-2500/? D/FlashlightController: dispatchAvailabilityChanged(false)
2019-10-07 11:28:43.115 766-15211/? I/ServerTranslator: open: enter
2019-10-07 11:28:43.115 766-15211/? I/CfgServer: open: open device (/dev/video20)
2019-10-07 11:28:43.115 1110-1603/? D/HiDATA_HiStream: onCameraUnavailable cameraId = 0
2019-10-07 11:28:43.115 766-15211/? D/HwaPerfRecorderImpl: [HWA_CAM3]enter perfInitialize(), id(0):rear camera
2019-10-07 11:28:43.115 766-15211/? I/CPipelineTranslator: CPipelineTranslator: ctor instance[0x7ec004ec48].
2019-10-07 11:28:43.116 1709-2195/? I/ToolBoxView: updateFlashlightViewInner:isAvailablefalse;isEnabledfalse;lightControllercom.android.systemui.statusbar.policy.FlashlightController@a466ac
2019-10-07 11:28:43.116 779-779/? I/Sensors@1.0-impl: activate-14 enabled-1 fwkOals-1 camOals-0 fwkOcolor-1 camOcolor-0 fwkOtof-0 camOtof-0
2019-10-07 11:28:43.116 779-779/? D/SensorHub: enableSensor-> handle: 14 enable : 1
2019-10-07 11:28:43.116 779-779/? D/SensorHub: Channel activate-> handle: 14, enabled:1, err: 0
2019-10-07 11:28:43.116 749-10652/? I/CameraProviderManager: Camera device device@3.4/legacy/0 torch status is now NOT_AVAILABLE
2019-10-07 11:28:43.116 766-1294/? I/ImagingSystem: updateClockMode: clockMode = 4
2019-10-07 11:28:43.116 779-779/? D/SensorHub: read /sys/devices/virtual/sensors/gyro_sensor/ungyro_time_offset time_offset time = 0
2019-10-07 11:28:43.116 766-1294/? I/ImagingSystem: powerUp enter.
2019-10-07 11:28:43.116 766-1294/? I/ImagingSystem: #Camera# [862043976]> ImagingSystem_powerUp
2019-10-07 11:28:43.116 1709-1709/? I/ColorPickUitls: type = 2
2019-10-07 11:28:43.116 749-10652/? I/HwCameraServiceEx: onTorchStatusChangedLocked: Torch status changed for cameraId=0, newStatus=0
2019-10-07 11:28:43.116 766-1294/? I/LaserManager: prepareAlgorithmData4AF SuperFastShot Enter!
2019-10-07 11:28:43.117 766-1296/? I/LaserManager: powerUp: enter.
2019-10-07 11:28:43.117 766-1294/? I/HispManager: powerUp: isp power up. pl:0x7ec0bba800 secure:0
2019-10-07 11:28:43.117 766-1294/? I/HispManager: #Camera# [0]> CHISPManager::powerUp
2019-10-07 11:28:43.117 766-1295/? I/SensorManager: powerUp: enter
2019-10-07 11:28:43.117 779-779/? I/Sensors@1.0-impl: colorActivate-26 enabled-1, fwkOcolor-1 camOcolor-0
2019-10-07 11:28:43.117 766-956/? I/160Manager: allocMemoryPool enter
2019-10-07 11:28:43.117 766-956/? I/HISP160ShareMemoryPoolManager: allocMemoryPool enter
2019-10-07 11:28:43.117 766-956/? I/HISP160ShareMemoryPoolManager: getMemAttr MemPoolSize:149946368
2019-10-07 11:28:43.117 779-779/? I/Sensors@1.0-impl: alsActivate-3 enabled-1 fwkOals-1 camOals-0
2019-10-07 11:28:43.117 766-1296/? I/LaserManager: dlopen load lib[/odm/lib64/vl53l1_driver.so] success
2019-10-07 11:28:43.117 766-1296/? I/LaserManager: dlopen callFunc[vl53l1_daemon_init]
2019-10-07 11:28:43.118 766-1296/? I/VL53L1_DRVIER: socket open to id 38
2019-10-07 11:28:43.118 766-1296/? I/VL53L1_DRVIER: ping driver
2019-10-07 11:28:43.118 766-1296/? I/VL53L1_DRVIER: daemon INIT success
2019-10-07 11:28:43.118 766-1296/? I/LaserManager: dlopen callFunc[vl53l1_daemon_run]
2019-10-07 11:28:43.118 766-1296/? I/VL53L1_DRVIER: thread created: Daemon running
2019-10-07 11:28:43.118 766-1296/? I/LaserManager: laserInAPSupported(398): Laser is in AP.
2019-10-07 11:28:43.118 766-17373/? I/VL53L1_DRVIER: runing start
2019-10-07 11:28:43.118 766-1295/? I/FlickerSensorImpl: enableSensor: sensor_handle:700, enabled:true, sampling_period_ns:500000
2019-10-07 11:28:43.118 779-779/? I/Sensors@1.0-impl: extendSensorActivate
2019-10-07 11:28:43.118 779-779/? E/Sensors@1.0-impl: open extendSensorActivate FLK_SENSOR fd fail!
2019-10-07 11:28:43.119 766-1295/? E/FlickerSensorImpl: enableSensor: activate FAILED
2019-10-07 11:28:43.119 766-1295/? I/AwbSensorImpl: enableSensor: SuperFastShot awb sensor already enabled
2019-10-07 11:28:43.120 766-1296/? I/ImagingSystem: laserInitialize(171). enter!
2019-10-07 11:28:43.120 766-1296/? I/LaserManager: initialize: enter.
2019-10-07 11:28:43.120 766-961/? I/LaserManager: laserInAPSupported(398): Laser is in AP.
2019-10-07 11:28:43.120 766-961/? I/LaserManager: loadCalibrationCfgFromXML: instance[0x7f4fed4800]
2019-10-07 11:28:43.120 766-961/? I/LaserManager: loadCalibrationCfgFromXML(1713): configPath(/odm/etc/camera/LaserCali/LaserCali_L1.xml)
2019-10-07 11:28:43.120 766-961/? I/LaserManager: loadCalibrationCfgFromXML(1758): OffsetDistance(100) OffsetThre(45) CrosstalkDistance(600) DistanceNear(100) DistanceNearThre(5) DistanceFarThre(60)
2019-10-07 11:28:43.120 766-961/? I/LaserManager: loadCalibrationCfgFromXML(1762): OffsetSampleNum(10) CrosstalkSampleNum(10) SamplePeriod(60) DistanceNearSampleNum(5) DistanceFarSampleNum(5) LaserVersion(2) FOVThresholdCenter(15) FOVThresholdSize(40)
2019-10-07 11:28:43.120 766-961/? I/LaserManager: loadLaserL1OEM: instance[0x7f4fed4800]
2019-10-07 11:28:43.120 766-961/? I/LaserManager: printL1CalibrationData(1896):PLANEOFFSET_KCPS = 410,XPLANE_GRADIENT = 0,YPLANE_GRADIENT = 0,            ZONE_ID = 0, TIMESTAMP = 0, FIRST_BIN = 0,             BUFFER_SIZE = 12, NUMBER_OF_BINS = 12, RESULT_REF_PHASE = 10240,             RESULT_VCSEL_START = 6, CONFIG_VCSEL_START = 9, VCSEL_WIDTH = 40,             FASTOSC_FREQUENCY = 48333, ZERO_DISTANCE_PHASE = 4096,             XtalkParmBinData: 360 480 480 360 0 0, 0 0 0 0 0 0
2019-10-07 11:28:43.120 766-961/? I/LaserManager: setDefaultCalibData(1985): use oem L1 laser param
2019-10-07 11:28:43.120 766-961/? I/LaserManager: loadDefaultLaserCalibData: instance[0x7f4fed4800]
2019-10-07 11:28:43.120 766-961/? I/LaserManager: loadDefaultLaserCalibData(1793): configPath(/odm/etc/camera/LaserCali/LaserCaliDefault_L1.xml)
2019-10-07 11:28:43.120 766-961/? I/LaserManager: printL1CalibrationData(1896):PLANEOFFSET_KCPS = 410,XPLANE_GRADIENT = 0,YPLANE_GRADIENT = 0,            ZONE_ID = 0, TIMESTAMP = 0, FIRST_BIN = 0,             BUFFER_SIZE = 12, NUMBER_OF_BINS = 12, RESULT_REF_PHASE = 10240,             RESULT_VCSEL_START = 6, CONFIG_VCSEL_START = 9, VCSEL_WIDTH = 40,             FASTOSC_FREQUENCY = 48333, ZERO_DISTANCE_PHASE = 4096,             XtalkParmBinData: 360 480 480 360 0 0, 0 0 0 0 0 0
2019-10-07 11:28:43.120 766-961/? I/LaserManager: setDefaultCalibData: set xtalk m_xtalk:0, default:410
2019-10-07 11:28:43.120 766-961/? I/LaserControl: setCalibData: instance[0x7f4fed4880], cmd = 0xc19046c7
2019-10-07 11:28:43.120 766-961/? I/LaserManager: setDefaultCalibData: loglevel = 0
2019-10-07 11:28:43.120 766-961/? I/LaserManager: startDevice(2203) startDevice async=0 m_state4StartLaser=stop
2019-10-07 11:28:43.120 766-961/? I/LaserControl: start: instance[0x7f4fed4880], cmd = 0x49ca
2019-10-07 11:28:43.121 749-10652/? I/HwPerformEx: setInfo(0xee9c9da0)
2019-10-07 11:28:43.121 749-10652/? I/HwPerformEx: setInfo(), get vendor tag id: 3854507339.
2019-10-07 11:28:43.121 749-10652/? I/HwName2Tag: createInstance()
2019-10-07 11:28:43.121 749-10652/? I/HwName2Tag: ~HwName2Tag(0xee998150)
2019-10-07 11:28:43.121 749-10652/? I/HwName2Tag: HwName2Tag(0xee998150), vendor tag id: 3854507339.
2019-10-07 11:28:43.123 1956-2062/? I/AppManager: handleVideoRecord, add: true, pid: , uid: 10306, type: 1
2019-10-07 11:28:43.123 749-10652/? I/HwCameraServiceEx: NFC polling true
2019-10-07 11:28:43.123 752-828/? E/dubaid: [DubaiUtils.h] parseMessage# Value of this tag(name=) is blank
2019-10-07 11:28:43.123 752-828/? E/dubaid: [CameraHandler.cpp] saveConnectParams# Failed to parse name: -2
2019-10-07 11:28:43.123 752-828/? E/dubaid: [CameraHandler.cpp] handleOnDisconnected# Failed to save connect message parameter: -19
2019-10-07 11:28:43.123 766-17371/? I/ImagingSystem: tryGetAwbSensorData: awb info! r 36, g 28, b 8 ir 49,c -1 w -1
2019-10-07 11:28:43.123 766-17371/? I/ImagingSystem: setAwbSensorInfo: awb info[1]: r 36, g 28, b 8, ir 49, c -1, w -1
2019-10-07 11:28:43.124 779-779/? D/SensorHub: batch called handle:14 sample_ns:5000000 latency_ns:0
2019-10-07 11:28:43.124 779-779/? D/SensorHub: in batch, handle = 14, flags = 0, period_ns = 5000000, timeout = 0
2019-10-07 11:28:43.124 3407-3440/? D/NfcNci:HwCustNfcService: isIWareCalling Calling UID = 1047
2019-10-07 11:28:43.124 3407-3440/? I/NfcNci:HwCustNfcService: disablePolling
2019-10-07 11:28:43.125 1956-2062/? D/ScenarioService: camera start : com.virobugs, cameraId: 0, pid: 17184, mFrontPkg: com.virobugs, pkgs: {com.virobugs=6352068}, uptime: 6352068
2019-10-07 11:28:43.125 749-10652/? I/HwCameraServiceEx: connectDevice(), exit.
2019-10-07 11:28:43.125 17184-17365/? I/native: android_sensors.cc:28 Accel min delay 5ms requesting 5ms
2019-10-07 11:28:43.125 779-779/? D/SensorHub: batch called handle:7 sample_ns:10000000 latency_ns:0
2019-10-07 11:28:43.125 779-779/? D/SensorHub: in batch, handle = 7, flags = 0, period_ns = 10000000, timeout = 0
2019-10-07 11:28:43.126 779-779/? I/Sensors@1.0-impl: activate-7 enabled-1 fwkOals-1 camOals-1 fwkOcolor-1 camOcolor-1 fwkOtof-0 camOtof-0
2019-10-07 11:28:43.126 779-779/? D/SensorHub: enableSensor-> handle: 7 enable : 1
2019-10-07 11:28:43.126 779-779/? D/SensorHub: Channel activate-> handle: 7, enabled:1, err: 0
2019-10-07 11:28:43.126 749-10652/? I/CameraDeviceClient: createDefaultRequest (templateId = 0x3)
2019-10-07 11:28:43.126 749-10652/? I/CameraDeviceClient: CameraDeviceClient packageName: com.virobugs
2019-10-07 11:28:43.126 766-17370/? I/ImagingSystem: tryGetLightSensorData: SuperFast GetLight Succ light: 148, tempera: 0!
2019-10-07 11:28:43.126 749-10233/? I/CameraDeviceClient: waitUntilIdle
2019-10-07 11:28:43.126 749-10233/? I/CameraDeviceClient: waitUntilIdle Done
2019-10-07 11:28:43.126 749-10654/? I/CameraDeviceClient: createStream
2019-10-07 11:28:43.127 749-10654/? I/Camera3-Stream: Camera3Stream(), create stream 0xee35d280, 640 x 480, format: 0x23
2019-10-07 11:28:43.127 749-1732/? I/CameraDeviceClient: createStream
2019-10-07 11:28:43.127 749-1732/? W/CameraDeviceClient: createSurfaceFromGbp: Camera 0 with consumer usage flag: 256: Forcing asynchronous mode for stream
2019-10-07 11:28:43.127 749-1732/? W/CameraDeviceClient: createSurfaceFromGbp: Camera 0: Overriding format 0x1 to IMPLEMENTATION_DEFINED
2019-10-07 11:28:43.127 749-1732/? I/Camera3-Stream: Camera3Stream(), create stream 0xee5bc600, 1440 x 1080, format: 0x22
2019-10-07 11:28:43.128 1956-2062/? I/SensorState: sensor:27 name:unknown enable:true uid:10306
2019-10-07 11:28:43.128 1956-2062/? I/PGServer: report state:4 event type:1 pid:27 uid:10306 pkg:null to pid: 1110
2019-10-07 11:28:43.128 779-779/? D/SensorHub: batch called handle:27 sample_ns:200000000 latency_ns:0
2019-10-07 11:28:43.128 779-779/? D/SensorHub: in batch, handle = 27, flags = 0, period_ns = 200000000, timeout = 0
2019-10-07 11:28:43.128 1956-2062/? I/SensorState: addSensor,mHandles:{0=1, 27=1, 14=1}
2019-10-07 11:28:43.128 766-15211/? I/ImagingMetaStream: CImagingMetaStream: ctor instance[0x7ec0b98000].
2019-10-07 11:28:43.128 766-15211/? I/CStreamTranslator: CStreamTranslator: ctor instance[0x7f4fe5b2e0].
2019-10-07 11:28:43.128 3407-17378/? E/NfcNci:HwCustNfcService: applyRouting -1.1
2019-10-07 11:28:43.128 766-15211/? I/ImagingGraphicStream: CImagingGraphicStream: ctor instance[0x7f4ff30200].
2019-10-07 11:28:43.128 766-15211/? I/ImagingGraphicStream: loadInfo(618): format:0x23, stream width:640, stream height:480, max buffers:0, usage:0x3, rotation 0, cameraId 0, stream flow:0
2019-10-07 11:28:43.128 766-15211/? I/CStreamTranslator: CStreamTranslator: ctor instance[0x7ec0add860].
2019-10-07 11:28:43.128 766-15211/? I/ImagingGraphicStream: loadInfo(618): format:0x23, stream width:640, stream height:480, max buffers:7, usage:0xc00000040020003, rotation 0, cameraId 0, stream flow:0
2019-10-07 11:28:43.129 766-15211/? I/ImagingGraphicStream: CImagingGraphicStream: ctor instance[0x7f4ff31d00].
2019-10-07 11:28:43.129 766-15211/? I/ImagingGraphicStream: loadInfo(618): format:0x11, stream width:1440, stream height:1080, max buffers:0, usage:0x100, rotation 0, cameraId 0, stream flow:0
2019-10-07 11:28:43.129 766-15211/? I/CStreamTranslator: CStreamTranslator: ctor instance[0x7ec0add940].
2019-10-07 11:28:43.129 766-15211/? I/ImagingGraphicStream: loadInfo(618): format:0x11, stream width:1440, stream height:1080, max buffers:7, usage:0xc00000040020003, rotation 0, cameraId 0, stream flow:0
2019-10-07 11:28:43.129 749-10654/? I/Camera3-OutputStream: configureConsumerQueueLocked(), connect stream 0 to native window, for stream: 0xee35d280
2019-10-07 11:28:43.129 779-779/? I/Sensors@1.0-impl: activate-27 enabled-1 fwkOals-1 camOals-1 fwkOcolor-1 camOcolor-1 fwkOtof-0 camOtof-0
2019-10-07 11:28:43.129 779-779/? D/SensorHub: enableSensor-> handle: 27 enable : 1
2019-10-07 11:28:43.129 779-779/? D/SensorHub: Channel activate-> handle: 27, enabled:1, err: 0
2019-10-07 11:28:43.129 749-10654/? I/Camera3-OutputStream: configureConsumerQueueLocked: Consumer wants 16 buffers, HAL wants 7, for stream: 0xee35d280, type: 0x23
2019-10-07 11:28:43.129 779-779/? D/SensorHub: read /sys/devices/virtual/sensors/acc_sensor/unacc_time_offset time_offset time = 0
2019-10-07 11:28:43.129 749-10654/? I/Camera3-OutputStream: configureConsumerQueueLocked(), connect stream 1 to native window, for stream: 0xee5bc600
2019-10-07 11:28:43.129 749-10654/? I/Camera3-OutputStream: configureConsumerQueueLocked: Consumer wants 2 buffers, HAL wants 7, for stream: 0xee5bc600, type: 0x22
2019-10-07 11:28:43.129 779-779/? D/SensorHub: batch called handle:0 sample_ns:10000000 latency_ns:0
2019-10-07 11:28:43.129 779-779/? D/SensorHub: in batch, handle = 0, flags = 0, period_ns = 10000000, timeout = 0
2019-10-07 11:28:43.130 779-779/? D/SensorHub: in flush, handle = 0
2019-10-07 11:28:43.130 749-10654/? D/Camera3-Device: Set real time priority for request queue thread (tid 17375)
2019-10-07 11:28:43.130 749-10654/? I/Camera3-Device: configureStreamsLocked: Camera 0: Stream configuration complete
2019-10-07 11:28:43.130 779-905/? D/SensorHub: getSensorType get meta data! handle =0
2019-10-07 11:28:43.130 779-779/? D/SensorHub: batch called handle:27 sample_ns:5000000 latency_ns:0
2019-10-07 11:28:43.130 779-779/? D/SensorHub: in batch, handle = 27, flags = 0, period_ns = 5000000, timeout = 0
2019-10-07 11:28:43.131 17184-17184/? E/ACameraMetadata: isNdkSupportedCapability: Unknonwn capability 11
2019-10-07 11:28:43.131 749-17374/? I/Camera3-Status: Camera device is now active
2019-10-07 11:28:43.132 17184-17339/? I/native: cameras.cc:1269 Camera changed state from CLOSED to OPEN: Camera 0: State CLOSED: Camera device opened successfully.
2019-10-07 11:28:43.132 17184-17184/? I/native: session.cc:1070 Session::ResumeWithAnalytics returning OK.
2019-10-07 11:28:43.132 17184-17339/? I/native: cameras.cc:1269 Camera changed state from OPEN to CAPTURING: Started capture session.
2019-10-07 11:28:43.132 779-905/? D/SensorHub: batch called handle:5 sample_ns:10000000 latency_ns:0
2019-10-07 11:28:43.132 779-905/? D/SensorHub: in batch, handle = 5, flags = 0, period_ns = 10000000, timeout = 0
2019-10-07 11:28:43.132 17184-17184/? I/Viro: AR session resumed
2019-10-07 11:28:43.134 779-905/? I/Sensors@1.0-impl: activate-5 enabled-1 fwkOals-1 camOals-1 fwkOcolor-1 camOcolor-1 fwkOtof-0 camOtof-0
2019-10-07 11:28:43.134 779-905/? D/SensorHub: enableSensor-> handle: 5 enable : 1
2019-10-07 11:28:43.134 779-905/? D/SensorHub: Channel activate-> handle: 5, enabled:1, err: 0
2019-10-07 11:28:43.134 779-905/? D/SensorHub: batch called handle:2 sample_ns:10000000 latency_ns:0
2019-10-07 11:28:43.134 779-905/? D/SensorHub: in batch, handle = 2, flags = 0, period_ns = 10000000, timeout = 0
2019-10-07 11:28:43.135 1956-2380/? I/InputManager: new hook event, id: 106, pkg: com.virobugs
2019-10-07 11:28:43.135 1956-2380/? I/InputManager: new hook event, id: 192, pkg: 1000
2019-10-07 11:28:43.135 17184-17239/? D/mali_winsys: EGLint new_window_surface(egl_winsys_display *, void *, EGLSurface, EGLConfig, egl_winsys_surface **, EGLBoolean) returns 0x3000
2019-10-07 11:28:43.135 779-905/? I/Sensors@1.0-impl: activate-2 enabled-1 fwkOals-1 camOals-1 fwkOcolor-1 camOcolor-1 fwkOtof-0 camOtof-0
2019-10-07 11:28:43.135 779-905/? D/SensorHub: enableSensor-> handle: 2 enable : 1
2019-10-07 11:28:43.135 779-905/? D/SensorHub: Channel activate-> handle: 2, enabled:1, err: 0
2019-10-07 11:28:43.135 1956-2062/? I/AppManager: dependence has been existed:1110 -> 1876
2019-10-07 11:28:43.135 17184-17239/? I/Viro: Acquired sRGB framebuffer
2019-10-07 11:28:43.139 766-1294/? I/HispManager: #Camera# [0]< CHISPManager::powerUp
2019-10-07 11:28:43.139 766-1294/? I/HispManager: powerUpDone: enter.
2019-10-07 11:28:43.139 766-1294/? I/160Manager: initMemoryPool
2019-10-07 11:28:43.140 1876-1876/? W/ChimeraUtils: Non Chimera context
2019-10-07 11:28:43.140 1876-1876/? W/ChimeraUtils: Non Chimera context
2019-10-07 11:28:43.144 766-1295/? I/SensorManager: powerUpDone: enter
2019-10-07 11:28:43.149 17184-17239/? I/native: device_provider.cc:1606 Identified device type: kHweml
2019-10-07 11:28:43.149 17184-17239/? I/Viro: Successfully configured AR session [lighting 1, planes 1, update 0, focus 0]
2019-10-07 11:28:43.149 17184-17239/? I/native: session.cc:925 Entering Session::Resume.
2019-10-07 11:28:43.149 17184-17239/? I/native: session.cc:954 Session::ResumeWithAnalytics returning OK.
2019-10-07 11:28:43.149 17184-17239/? I/native: session.cc:925 Entering Session::Resume.
2019-10-07 11:28:43.149 17184-17239/? I/native: session.cc:954 Session::ResumeWithAnalytics returning OK.
2019-10-07 11:28:43.149 17184-17239/? I/Viro: AR session resumed
2019-10-07 11:28:43.152 1956-2062/? I/AppManager: dependence has been existed:1110 -> 1876
2019-10-07 11:28:43.152 1876-1876/? W/ChimeraUtils: Non Chimera context
2019-10-07 11:28:43.152 1876-1876/? W/ChimeraUtils: Non Chimera context
2019-10-07 11:28:43.154 599-599/? I/GRALLOC: getCallingPid=766, shrFd=32,fmt=0x30a,intFmt=0x30a,btStrd=150994944,size=150994944,pid=599
    	 yuv=2,w=150994944,h=1,Stride u=0 v=0,offset u=0 v=0
    	 iova_size=150994944,conUsg=0xc00000000000000,proUsg=0xc00000000000000,	 strd=150994944,[afbc]HdrStrd=0 PyldStrd=0 Scrmbl=0,ionhnd = 1
2019-10-07 11:28:43.154 599-2170/? I/GRALLOC: getCallingPid=17184, shrFd=32,fmt=0x11,intFmt=0x11,btStrd=640,size=462848,pid=599
    	 yuv=2,w=640,h=480,Stride u=640 v=640,offset u=307200 v=307200
    	 iova_size=462848,conUsg=0xc00000040020006,proUsg=0xc00000040020006,	 strd=640,[afbc]HdrStrd=0 PyldStrd=0 Scrmbl=0,ionhnd = 1
2019-10-07 11:28:43.156 766-956/? I/HISP160ShareMemoryPoolManager: getMemAttr MemPoolSize:0
2019-10-07 11:28:43.156 766-956/? W/HISP160ShareMemoryPoolManager: allocMemoryPool: unsupport the share memory ATTR 1
2019-10-07 11:28:43.156 766-1294/? I/HISP160ShareMemoryPoolManager: getMemAttr MemPoolSize:149946368
2019-10-07 11:28:43.156 766-1294/? I/HISP160ShareMemoryPoolManager: initMemoryPool: base size =0x8f00000 align size=0x100000 usage=864691128455135232 format=0x30a cached=true secured=false, pool_type=0
2019-10-07 11:28:43.157 766-1294/? I/HISP160ShareMemoryPoolManager: initMemoryPool: init pool[0] va=0x0x7eb4dd5000, iova=0xd600000, prot=0x7
2019-10-07 11:28:43.157 766-1294/? I/HISP160ShareMemoryPoolManager: getMemAttr MemPoolSize:0
2019-10-07 11:28:43.157 766-1294/? W/HISP160ShareMemoryPoolManager: initMemoryPool: unsupport the share memory ATTR 1
2019-10-07 11:28:43.157 766-1294/? I/Feature: initFeature: m_secMode = 0
2019-10-07 11:28:43.157 766-1295/? I/HispSensorController: openCamera: camera id = [0] enter.
2019-10-07 11:28:43.157 766-1295/? I/HispSensorController: updateMemPoolAddr map buffer size 0x7400000
2019-10-07 11:28:43.157 766-1295/? I/HispSensorController: updateMemPoolAddr fwSize:0x1d00000, ispFwSize:0x4900000, pd3AddSize:0x0
2019-10-07 11:28:43.160 599-2170/? I/GRALLOC: getCallingPid=17184, shrFd=32,fmt=0x11,intFmt=0x11,btStrd=1440,size=2334720,pid=599
    	 yuv=2,w=1440,h=1080,Stride u=1440 v=1440,offset u=1555200 v=1555200
    	 iova_size=2334720,conUsg=0xc00000040020106,proUsg=0xc00000040020106,	 strd=1440,[afbc]HdrStrd=0 PyldStrd=0 Scrmbl=0,ionhnd = 1
2019-10-07 11:28:43.160 10199-10199/? W/PeopleDeviceAccountsProvider: Processing 2 accounts
2019-10-07 11:28:43.165 1956-2062/? I/AppManager: dependence has been existed:10199 -> 1876
2019-10-07 11:28:43.198 599-599/? I/GRALLOC: getCallingPid=766, shrFd=32,fmt=0x30a,intFmt=0x30a,btStrd=121634816,size=121634816,pid=599
    	 yuv=2,w=121634816,h=1,Stride u=0 v=0,offset u=0 v=0
    	 iova_size=121634816,conUsg=0xc00000040020000,proUsg=0xc00000040020000,	 strd=121634816,[afbc]HdrStrd=0 PyldStrd=0 Scrmbl=0,ionhnd = 1
2019-10-07 11:28:43.198 599-2170/? I/GRALLOC: getCallingPid=17184, shrFd=34,fmt=0x11,intFmt=0x11,btStrd=640,size=462848,pid=599
    	 yuv=2,w=640,h=480,Stride u=640 v=640,offset u=307200 v=307200
    	 iova_size=462848,conUsg=0xc00000040020006,proUsg=0xc00000040020006,	 strd=640,[afbc]HdrStrd=0 PyldStrd=0 Scrmbl=0,ionhnd = 2
2019-10-07 11:28:43.200 766-1295/? D/HispSensorController: updateIspCoreMemPoolAddr: size = 0x7400000, m_MemPoolAddr=0x16528000.
2019-10-07 11:28:43.200 766-1295/? I/HispSensorController: hfbc start_addr=0xc1400000
2019-10-07 11:28:43.201 599-2170/? I/GRALLOC: getCallingPid=17184, shrFd=32,fmt=0x11,intFmt=0x11,btStrd=1440,size=2334720,pid=599
    	 yuv=2,w=1440,h=1080,Stride u=1440 v=1440,offset u=1555200 v=1555200
    	 iova_size=2334720,conUsg=0xc00000040020106,proUsg=0xc00000040020106,	 strd=1440,[afbc]HdrStrd=0 PyldStrd=0 Scrmbl=0,ionhnd = 2
2019-10-07 11:28:43.201 766-1295/? I/HispSensorController: acquireCameraById: sensor id 0
2019-10-07 11:28:43.201 766-1295/? I/HispSensorController: allocOTPBuffer, alloc OTP buffer
2019-10-07 11:28:43.201 766-1295/? I/HispSensorController: getOTPBufferAddr,OTP buffer addr :0x13c00000
2019-10-07 11:28:43.201 766-1295/? I/HispSensorController: getOTPBufferVaddr,OTP buffer vaddr :0x0x7ebb4ad000
2019-10-07 11:28:43.201 766-1295/? I/ImagingSystem: sensor info is ready!
2019-10-07 11:28:43.201 766-1295/? I/HispSensorController: acquireCameraById: set otp buffer[13c00000] size[32803]
2019-10-07 11:28:43.201 766-1295/? D/ImagingSystem: getImagingParameters: instance[0x0x7ec0e76040].
2019-10-07 11:28:43.203 766-1295/? I/HispSensorController: getCalibBuffer(2140): module addr: 0x13c10000, size(5339552)
2019-10-07 11:28:43.203 766-1295/? I/HispSensorController: updateCalibBufferAddr(2352): calibAddr is (0x13c10000), factoryAddr (0x0)
2019-10-07 11:28:43.203 766-1295/? I/HispSensorController: sensor = [IMX380DUALHYBRID_OFILM], camId = [0], csi = [0], i2c = [0], product = [EMILY]. input_calib_buffer = [13c10000]
2019-10-07 11:28:43.203 766-1295/? I/HispSensorController: acquireCameraById: get ANDROID_HW_ACQUIRECAM_SEQUENCE_OPTIMIZATION fail (0)
2019-10-07 11:28:43.203 766-1295/? I/HispSensorController: #Camera# [862097087]> Acquire_Camera
2019-10-07 11:28:43.204 599-2170/? I/GRALLOC: getCallingPid=17184, shrFd=32,fmt=0x11,intFmt=0x11,btStrd=640,size=462848,pid=599
    	 yuv=2,w=640,h=480,Stride u=640 v=640,offset u=307200 v=307200
    	 iova_size=462848,conUsg=0xc00000040020006,proUsg=0xc00000040020006,	 strd=640,[afbc]HdrStrd=0 PyldStrd=0 Scrmbl=0,ionhnd = 1
2019-10-07 11:28:43.205 599-2170/? I/GRALLOC: getCallingPid=17184, shrFd=32,fmt=0x11,intFmt=0x11,btStrd=1440,size=2334720,pid=599
    	 yuv=2,w=1440,h=1080,Stride u=1440 v=1440,offset u=1555200 v=1555200
    	 iova_size=2334720,conUsg=0xc00000040020106,proUsg=0xc00000040020106,	 strd=1440,[afbc]HdrStrd=0 PyldStrd=0 Scrmbl=0,ionhnd = 1
2019-10-07 11:28:43.207 599-2170/? I/GRALLOC: getCallingPid=17184, shrFd=32,fmt=0x11,intFmt=0x11,btStrd=640,size=462848,pid=599
    	 yuv=2,w=640,h=480,Stride u=640 v=640,offset u=307200 v=307200
    	 iova_size=462848,conUsg=0xc00000040020006,proUsg=0xc00000040020006,	 strd=640,[afbc]HdrStrd=0 PyldStrd=0 Scrmbl=0,ionhnd = 1
2019-10-07 11:28:43.208 599-2170/? I/GRALLOC: getCallingPid=17184, shrFd=32,fmt=0x11,intFmt=0x11,btStrd=1440,size=2334720,pid=599
    	 yuv=2,w=1440,h=1080,Stride u=1440 v=1440,offset u=1555200 v=1555200
    	 iova_size=2334720,conUsg=0xc00000040020106,proUsg=0xc00000040020106,	 strd=1440,[afbc]HdrStrd=0 PyldStrd=0 Scrmbl=0,ionhnd = 1
2019-10-07 11:28:43.209 599-2170/? I/GRALLOC: getCallingPid=17184, shrFd=32,fmt=0x11,intFmt=0x11,btStrd=640,size=462848,pid=599
    	 yuv=2,w=640,h=480,Stride u=640 v=640,offset u=307200 v=307200
    	 iova_size=462848,conUsg=0xc00000040020006,proUsg=0xc00000040020006,	 strd=640,[afbc]HdrStrd=0 PyldStrd=0 Scrmbl=0,ionhnd = 1
2019-10-07 11:28:43.210 599-2170/? I/GRALLOC: getCallingPid=17184, shrFd=32,fmt=0x11,intFmt=0x11,btStrd=1440,size=2334720,pid=599
    	 yuv=2,w=1440,h=1080,Stride u=1440 v=1440,offset u=1555200 v=1555200
    	 iova_size=2334720,conUsg=0xc00000040020106,proUsg=0xc00000040020106,	 strd=1440,[afbc]HdrStrd=0 PyldStrd=0 Scrmbl=0,ionhnd = 1
2019-10-07 11:28:43.211 599-2170/? I/GRALLOC: getCallingPid=17184, shrFd=32,fmt=0x11,intFmt=0x11,btStrd=640,size=462848,pid=599
    	 yuv=2,w=640,h=480,Stride u=640 v=640,offset u=307200 v=307200
    	 iova_size=462848,conUsg=0xc00000040020006,proUsg=0xc00000040020006,	 strd=640,[afbc]HdrStrd=0 PyldStrd=0 Scrmbl=0,ionhnd = 1
2019-10-07 11:28:43.212 599-2170/? I/GRALLOC: getCallingPid=17184, shrFd=32,fmt=0x11,intFmt=0x11,btStrd=1440,size=2334720,pid=599
    	 yuv=2,w=1440,h=1080,Stride u=1440 v=1440,offset u=1555200 v=1555200
    	 iova_size=2334720,conUsg=0xc00000040020106,proUsg=0xc00000040020106,	 strd=1440,[afbc]HdrStrd=0 PyldStrd=0 Scrmbl=0,ionhnd = 1
2019-10-07 11:28:43.213 766-1295/? I/HispSensorController: #Camera# [862097087]< Acquire_Camera
2019-10-07 11:28:43.214 599-2170/? I/GRALLOC: getCallingPid=17184, shrFd=32,fmt=0x11,intFmt=0x11,btStrd=640,size=462848,pid=599
    	 yuv=2,w=640,h=480,Stride u=640 v=640,offset u=307200 v=307200
    	 iova_size=462848,conUsg=0xc00000040020006,proUsg=0xc00000040020006,	 strd=640,[afbc]HdrStrd=0 PyldStrd=0 Scrmbl=0,ionhnd = 1
2019-10-07 11:28:43.214 766-1295/? I/ImagingSystem: getTofSensorId(5645): tof sensorid:4!
2019-10-07 11:28:43.214 766-1295/? I/HispSensorController: acquireSubCamera: set otp buffer[0] size[0]
2019-10-07 11:28:43.214 766-1295/? I/ImagingSystem: sensor info is ready!
2019-10-07 11:28:43.214 766-1295/? I/HispSensorController: acquireSubCamera: getSensorInfo return 0
2019-10-07 11:28:43.215 766-1295/? I/HispSensorController: getCalibBuffer(2140): module addr: 0x14128000, size(5339552)
2019-10-07 11:28:43.215 766-1295/? I/HispSensorController: updateCalibBufferAddr(2352): calibAddr is (0x14128000), factoryAddr (0x0)
2019-10-07 11:28:43.215 766-1295/? I/HispSensorController: acquireSubCamera: sensor = [IMX380DUALHYBRID_OFILM], camId = [2], csi = [2], i2c = [2], product = [EMILY]. input_calib_buffer = [14128000]
2019-10-07 11:28:43.215 766-1295/? I/HispSensorController: acquireSubCamera: get ANDROID_HW_ACQUIRECAM_SEQUENCE_OPTIMIZATION fail (0)
2019-10-07 11:28:43.215 766-1295/? I/HispSensorController: #Camera# [862100581]> Acquire_SubCamera
2019-10-07 11:28:43.215 599-2170/? I/GRALLOC: getCallingPid=17184, shrFd=32,fmt=0x11,intFmt=0x11,btStrd=1440,size=2334720,pid=599
    	 yuv=2,w=1440,h=1080,Stride u=1440 v=1440,offset u=1555200 v=1555200
    	 iova_size=2334720,conUsg=0xc00000040020106,proUsg=0xc00000040020106,	 strd=1440,[afbc]HdrStrd=0 PyldStrd=0 Scrmbl=0,ionhnd = 1
2019-10-07 11:28:43.219 17184-17239/? D/HwGalleryCacheManagerImpl: mIsEffect:false
2019-10-07 11:28:43.221 17184-17239/? I/Viro: GPU vendor [ARM], renderer [Mali-G72]
2019-10-07 11:28:43.221 17184-17239/? I/Viro:    Detected Mali GPU, sRGB framebuffer assumed
2019-10-07 11:28:43.221 17184-17239/? I/Viro: Creating render targets with configuration:
2019-10-07 11:28:43.221 17184-17239/? I/Viro: [MRT supported:   1]
2019-10-07 11:28:43.221 17184-17239/? I/Viro: [Shadows enabled: 1]
2019-10-07 11:28:43.221 17184-17239/? I/Viro: [HDR supported:   1, HDR enabled:   1]
2019-10-07 11:28:43.221 17184-17239/? I/Viro: [PBR supported:   1, PBR enabled:   1]
2019-10-07 11:28:43.221 17184-17239/? I/Viro: [Bloom supported: 1, Bloom enabled: 1]
2019-10-07 11:28:43.221 17184-17239/? W/Viro: Font loader not initialized, default font will be used
2019-10-07 11:28:43.221 17184-17239/? I/Viro: Loading font face [name: Helvetica, index: -1]
2019-10-07 11:28:43.221 17184-17239/? I/Viro: Failed to find suitable face matching [Helvetica], defaulting to system font
2019-10-07 11:28:43.224 766-1295/? I/HispSensorController: #Camera# [862100581]< Acquire_SubCamera
2019-10-07 11:28:43.224 766-1295/? I/HispSensorController: isTofCameraSupport(267): tofSupport 0!
2019-10-07 11:28:43.224 766-1295/? I/ImagingSystem: sensorInitialize(153). open camera success!
2019-10-07 11:28:43.224 766-1294/? I/SensorManager: loadFirmware: get ANDROID_HW_ACQUIRECAM_SEQUENCE_OPTIMIZATION fail (0)
2019-10-07 11:28:43.224 766-1294/? I/HISPOisController: loadFirmware: enter
2019-10-07 11:28:43.224 766-1294/? I/ImagingSystem: oisInitialize ois load firmware done
2019-10-07 11:28:43.224 766-17389/? I/HISP160OisController: doLoadFirmware: ois loadFirmware start
2019-10-07 11:28:43.224 766-1294/? I/ImagingSystem: #Camera# [862043976]< ImagingSystem_powerUp
2019-10-07 11:28:43.224 766-1294/? I/ImagingSystem: loadCapabilities: get ANDROID_HW_HOTPLUG_SUPPORTED (0)
2019-10-07 11:28:43.224 766-1294/? E/DataTable: metadata(2147483648) capability(2147549184) id(2147484346) set com.huawei.capture.metadata dfFactoryMode failed. (254)
2019-10-07 11:28:43.224 766-1294/? I/ImagingSystem: attach isDvfsSupport = 1
2019-10-07 11:28:43.225 766-1294/? D/CameraDvfs: voteIsp: HISP_CONFIG_ISP_TURBO
2019-10-07 11:28:43.225 766-17389/? E/HISP160OisController: doLoadFirmware() get SENSOR_OTP_OIS failed!
2019-10-07 11:28:43.225 766-17389/? E/HISPOisController: handleMessage ois down load firmware fail!
2019-10-07 11:28:43.225 766-1294/? D/CameraDvfs: voteR8: HISP_CONFIG_R8_TURBO
2019-10-07 11:28:43.225 766-1294/? D/ImagingSystem: STAGELIFECTRL start to attach every StageBase, pipelineId=20
2019-10-07 11:28:43.225 766-1294/? D/AlgoFilterStage: [HWA_CAM3]STAGELIFECTRL enter attach(), pipeline id=8
2019-10-07 11:28:43.225 766-1294/? D/AlgoFilterManager: [HWA_CAM3]KEY_CA_CAM3 enter createPlugin, mPipeLineId=8, mIsPlugInCreated=0
2019-10-07 11:28:43.225 766-1294/? D/IppAlgo: [HWA_CAM3]ipp=PostIpp KEY_CA_CAM3 PREV enter createPlugin this=0x7ec0b27360
2019-10-07 11:28:43.225 766-1294/? D/HwaIppPluginImpl: [3c6ca2b_64D] FRMC_ this=0x7ec0ae6800, ipptype=256, enter create()
2019-10-07 11:28:43.225 766-1294/? D/DmapSdkDepthIppAlgo: [3c6ca2b_64D] enter newIppalgo()
2019-10-07 11:28:43.225 766-1294/? D/DmapSdkDepthIppAlgo: [3c6ca2b_64D] enter DmapSdkDepthIppAlgo()
2019-10-07 11:28:43.225 766-1294/? D/VidHance: [3c6ca2b_64D] no oisCameraId cfg
2019-10-07 11:28:43.225 766-1294/? D/VidHance: [3c6ca2b_64D] no regionLimited cfg
2019-10-07 11:28:43.225 766-1294/? D/VidHance: [3c6ca2b_64D] no mNeedFourKStab cfg
2019-10-07 11:28:43.225 766-1294/? D/VidHance: [3c6ca2b_64D] no mNeedHighFpsStab cfg
2019-10-07 11:28:43.225 766-1294/? D/VidHance: [3c6ca2b_64D] no previewLatency cfg
2019-10-07 11:28:43.225 766-1294/? D/VidHance: [3c6ca2b_64D] no needOisOff cfg
2019-10-07 11:28:43.225 766-1294/? I/HwaUtils: [3c6ca2b_64I] getProductExtendName() path=EMILY
2019-10-07 11:28:43.225 766-1294/? I/HwaUtils: [3c6ca2b_64I] getOneCfgFile() path=/odm/etc/camera/dcamera/config.xml
2019-10-07 11:28:43.225 766-1294/? W/VideoBokehDspAlgo: [3c6ca2b_64W] setXmlConfigPara, can not get EDOF_ZOOM_RATIO value, use defalt!
2019-10-07 11:28:43.225 766-1294/? W/VideoBokehDspAlgo: [3c6ca2b_64W] setXmlConfigPara: can not get SUPPORT_DEFAULT_HDC_PARAM value, use default!
2019-10-07 11:28:43.225 766-1294/? D/VideoBokehDspAlgo: [3c6ca2b_64D] setXmlConfigPara() BOKEHOZ FUSION_TYPE=3, FRAME_NUM:6 SUB_FRAME_NUM:6 MANUAL_AE_COUNT:0 HDR_FRAME_NUM:0
2019-10-07 11:28:43.225 766-1294/? I/VideoBokehDspAlgo: [3c6ca2b_64I] setXmlConfigPara() Edof Status=1, Front Support:0, mSupportZoomRatio:2 ,mSmartCaptureBokehOn:0!!
2019-10-07 11:28:43.225 766-1294/? I/VideoBokehDspAlgo: [3c6ca2b_64I] setXmlConfigPara previewUsingMoca:1 captureUsingMoca:1 ozCaptureUsingMoca:1 captureSwitchMocaMode:0 superPortraitUsingMoca:0
2019-10-07 11:28:43.225 766-1294/? I/VideoBokehDspAlgo: [3c6ca2b_64I] setXmlConfigPara RAW_FRAME_SUPPORT:0
2019-10-07 11:28:43.225 766-1294/? I/HwaUtils: [3c6ca2b_64I] getProductExtendName() path=EMILY
2019-10-07 11:28:43.225 766-1294/? I/HwaUtils: [3c6ca2b_64I] getOneCfgFile() path=/odm/etc/camera/dcamera/config.xml
2019-10-07 11:28:43.225 766-1294/? I/VideoBokehDspAlgo: [3c6ca2b_64I] setXmlConfigMonoPara() EDOF_MONO_MODE_Cap = 1
2019-10-07 11:28:43.225 766-1294/? I/HwaUtils: [3c6ca2b_64I] getProductExtendName() path=EMILY
2019-10-07 11:28:43.225 766-1294/? I/HwaUtils: [3c6ca2b_64I] getOneCfgFile() path=/odm/etc/camera/dcamera/config.xml
2019-10-07 11:28:43.225 766-1294/? I/VideoBokehDspAlgo: [3c6ca2b_64I] configForceArmPara() mVideoBokehEdofForceArm = 0 mVideoBokehPortraitForceArm = 0
2019-10-07 11:28:43.225 766-1294/? D/HwaIppAlgoExeParallel: [3c6ca2b_64D] enter HwaIppAlgoExeParallel(), algo name: VideoBokehDspAlgo
2019-10-07 11:28:43.225 766-1294/? I/HwaUtils: [3c6ca2b_64I] getOneCfgFile() path=/odm/etc/camera/casiobeauty/casioBeautyIppConfig.xml
2019-10-07 11:28:43.226 766-1294/? D/HwaUtils: [3c6ca2b_64D] casioBeautyIppConfig() check [support front 1, rear 0], [BypassParam front 100, rear 100]
2019-10-07 11:28:43.226 766-1294/? I/HwaUtils: [3c6ca2b_64I] getOneCfgFile() path=/odm/etc/camera/casiobeauty/casioBeautyIppConfig.xml
2019-10-07 11:28:43.226 766-1294/? D/HwaUtils: [3c6ca2b_64D] casioBeautyIppConfig() check [support front 1, rear 0], [BypassParam front 100, rear 100]
2019-10-07 11:28:43.226 766-1294/? I/HwaUtils: [3c6ca2b_64I] getOneCfgFile() path=/odm/etc/camera/portrait/portraitModeConfig.xml
2019-10-07 11:28:43.226 766-1294/? I/HwaUtils: [3c6ca2b_64I] getFcveInterfaceVersion() fcveInterfaceVersion =1
2019-10-07 11:28:43.226 766-1294/? I/DLibLoader: [3c6ca2b_64I] enter DLibLoader(), soName=libSuperVideo.so
2019-10-07 11:28:43.226 766-1294/? I/HwaUtils: [3c6ca2b_64I] getOneCfgFile() path=NULL
2019-10-07 11:28:43.226 766-1294/? D/HwaUtils: [3c6ca2b_64D] FirstLevelXmlParser(), Config File Path NULL
2019-10-07 11:28:43.226 766-1294/? E/HwaUtils: [3c6ca2b_64E] getAttributeValue() mFirstLevelElement Is NULL
2019-10-07 11:28:43.226 766-1294/? I/chatty: uid=1013(media) pl#2 identical 8 lines
2019-10-07 11:28:43.226 766-1294/? E/HwaUtils: [3c6ca2b_64E] getAttributeValue() mFirstLevelElement Is NULL
2019-10-07 11:28:43.226 766-1294/? W/SmartBeautyIpp: [3c6ca2b_64W] setXmlConfigPara, can not get SMARTCAPTURE_FRONT_ON value, use defalt!
2019-10-07 11:28:43.226 766-1294/? W/SmartBeautyIpp: [3c6ca2b_64W] setXmlConfigPara, can not get SMARTCAPTURE_VERSION value, use defalt!
2019-10-07 11:28:43.226 766-1294/? I/SmartBeautyIpp: [3c6ca2b_64I] setXmlConfigPara() Back Support:1 Front Support:0 !!, SmartCapture Version:1
2019-10-07 11:28:43.226 766-1294/? I/ObjectDetectionDraw: [3c6ca2b_64I] enter ObjectDetectionDraw()
2019-10-07 11:28:43.226 766-1294/? D/HwaIppPluginImpl: [3c6ca2b_64D] FRMC_ this=0x7ec0ae6800, ipptype=256, exit  create()
2019-10-07 11:28:43.226 766-1294/? D/IppAlgo: [HWA_CAM3]ipp=TofIpp KEY_CA_CAM3 PREV enter createPlugin this=0x7ec0b28540
2019-10-07 11:28:43.226 766-1294/? D/HwaIppPluginImpl: [3c6ca2b_64D] FRMC_ this=0x7ec0b3c000, ipptype=1, enter create()
2019-10-07 11:28:43.226 766-1294/? D/HwaIppPluginImpl: [3c6ca2b_64D] FRMC_ this=0x7ec0b3c000, ipptype=1, exit  create()
2019-10-07 11:28:43.226 766-1294/? D/IppAlgo: [HWA_CAM3]ipp=StatIpp KEY_CA_CAM3 PREV enter createPlugin this=0x7ec0b26fa0
2019-10-07 11:28:43.226 766-1294/? D/HwaIppPluginImpl: [3c6ca2b_64D] FRMC_ this=0x7ec0ae5000, ipptype=0, enter create()
2019-10-07 11:28:43.226 766-1294/? I/HwaStatInfo: [3c6ca2b_64I] enter initialize()
2019-10-07 11:28:43.226 766-1294/? I/DLibLoader: [3c6ca2b_64I] enter DLibLoader(), soName=libSmartAE.so
2019-10-07 11:28:43.226 766-1294/? I/HwaUtils: [3c6ca2b_64I] getProductExtendName() path=EMILY
2019-10-07 11:28:43.226 766-1294/? I/HwaUtils: [3c6ca2b_64I] getOneCfgFile() path=/odm/etc/camera/dcamera/dmap.xml
2019-10-07 11:28:43.226 766-1294/? I/HwaDMapIpp: [3c6ca2b_64I] loadConfig(), normal dmap config info[base(1), format(1), kind(0), size(0)]!
2019-10-07 11:28:43.226 766-1294/? I/HwaDMapIpp: [3c6ca2b_64I] loadConfig(), apertur dmap config info[base(0), kind(0), size(2)], mono info[base(1), size(2)], dmapRechargeEnable(1)
2019-10-07 11:28:43.226 766-1294/? I/HwaDMapIpp: [3c6ca2b_64I] loadConfig Fail! Config Num=0
2019-10-07 11:28:43.226 766-1294/? E/HwaUtils: [3c6ca2b_64E] FirstLevelXmlParser() LoadFile /odm/etc/camera/misc/video_fps_params.xml Failed
2019-10-07 11:28:43.226 766-1294/? E/HwaUtils: [3c6ca2b_64E] getAttributeValue() mFirstLevelElement Is NULL
2019-10-07 11:28:43.226 766-1294/? E/Misc____: [3c6ca2b_64E] get supportChangeVideoFps fail
2019-10-07 11:28:43.226 766-1294/? I/HwaUtils: [3c6ca2b_64I] getProductExtendName() path=EMILY
2019-10-07 11:28:43.226 766-1294/? I/HwaUtils: [3c6ca2b_64I] getOneCfgFile() path=NULL
2019-10-07 11:28:43.226 766-1294/? W/Misc____: [3c6ca2b_64W] loadDiffFovFusionConfig: diff fov config file is not exist
2019-10-07 11:28:43.226 766-1294/? I/HwaUtils: [3c6ca2b_64I] getOneCfgFile() path=/odm/etc/camera/mmi//config.xml
2019-10-07 11:28:43.226 766-1294/? D/MultiScale: [3c6ca2b_64D] loadMultiScaleConfig(), THRESHOLD[zoomThreshold=2.000000, isoThreshold=800],
    DEBUG_MODE[status=0, rawnfdsPreview=0, rawnfdsCapture=0, yuvnfdsPreview=0, yuvnfdsCapture=0],
     hwcam[enable=1, preview[rawnfdsInZoom=1, rawnfdsInBright=0, rawnfdsInDark=1, yuvnfdsInZoom=1, yuvnfdsInBright=0, yuvnfdsInDark=1],
     capture[rawnfdsInZoom=1, rawnfdsInBright=1, rawnfdsInDark=1, yuvnfdsInZoom=1, yuvnfdsInBright=1, yuvnfdsInDark=1],
     video[rawnfdsInZoom=1, rawnfdsInBright=0, rawnfdsInDark=1, yuvnfdsInZoom=1, yuvnfdsInBright=0, yuvnfdsInDark=1]],
     thirdparty[enable=1, preview[rawnfdsInZoom=1, rawnfdsInBright=0, rawnfdsInDark=1, yuvnfdsInZoom=1, yuvnfdsInBright=0, yuvnfdsInDark=1],
     capture[rawnfdsInZoom=1, rawnfdsInBright=1, rawnfdsInDark=1, yuvnfdsInZoom=1, yuvnfdsInBright=1, yuvnfdsInDark=1]
    , video[rawnfdsInZoom=1, rawnfdsInBright=0, rawnfdsInDark=1, yuvnfdsInZoom=1, yuvnfdsInBright=0, yuvnfdsInDark=1]]
2019-10-07 11:28:43.226 766-1294/? I/MRMain: [3c6ca2b_64I] ModeRecomm version: mode_recom_v3.1.0
2019-10-07 11:28:43.226 766-1294/? I/HwaUtils: [3c6ca2b_64I] getOneCfgFile() path=/odm/etc/camera/moderecomm//config.xml
2019-10-07 11:28:43.227 766-1294/? E/HwaUtils: [3c6ca2b_64E] str2float(), input or value is NULL
2019-10-07 11:28:43.227 766-1294/? I/chatty: uid=1013(media) pl#2 identical 8 lines
2019-10-07 11:28:43.227 766-1294/? E/HwaUtils: [3c6ca2b_64E] str2float(), input or value is NULL
2019-10-07 11:28:43.227 766-1294/? I/MRMain: [3c6ca2b_64I] getXmlConfig(), switch[0,1], ModeSwitch[1,1,1,1,1,1,1,1,1,1,1,1,1,0,1,1,1,1,0,1,1,1,0,0,0,0,0,0,1],    ModeSwitchFrontCamera[0,0,0,0,0,0,0,0,0,0,0,0,0,0,0,0,0,0,0,0,0,0,0,0,0,0,0,0,0,0,0,0,0],    V2AppearTime[0.5,0.5,0.5,0.5,0.3,0.5,0.5,0.5,0.5,0.5,0.5,0.5,0.5,0.5,1.5,1.0],    V2DisappearTime[0.5,0.5,0.5,0.5,0.5,0.5,0.5,0.5,0.5,0.5,3.0,0.5,0.5,0.5,1.0,1.0],    zoomRatioTh[2.0,6.0,6.0], nightScene[10,20,0.20,0.10,50,255,0.30,0.40,3,3,230,0.01,0.10,4,0,1], portrait[0.06,0.06,0.04,0.04,1,0]    quitProb[1,0,400,400,400,0,100,400,400,0,400], macro[80], gyroInvalid[0]
2019-10-07 11:28:43.227 766-1294/? I/MRMain: [3c6ca2b_64I] ModeRecommendation() V1Switch=0, V2Switch=1, V3Switch=0
2019-10-07 11:28:43.227 766-1294/? I/ObjectDetection: [3c6ca2b_64I] enter ObjectDetection()
2019-10-07 11:28:43.227 766-1294/? D/CIEProxy: Enter CIEProxy::newIppalgo
2019-10-07 11:28:43.227 766-1294/? D/CIEProxy: Enter CIEProxy::CIEProxy
2019-10-07 11:28:43.227 766-1294/? I/CIEProxy: CIEProxyLibLoaderMgr::loadCIELib::dlopen lib /vendor/lib64/libcie.so successfully.
2019-10-07 11:28:43.227 766-1294/? D/HwaIppPluginImpl: [3c6ca2b_64D] FRMC_ this=0x7ec0ae5000, ipptype=0, exit  create()
2019-10-07 11:28:43.227 766-1294/? D/IppAlgo: [HWA_CAM3]ipp=PreviewVideoIpp KEY_CA_CAM3 PREV enter createPlugin this=0x7ec0b288f0
2019-10-07 11:28:43.227 766-1294/? D/HwaIppPluginImpl: [3c6ca2b_64D] FRMC_ this=0x7ec0b3d800, ipptype=65536, enter create()
2019-10-07 11:28:43.227 766-1294/? D/HwaIppPluginImpl: [3c6ca2b_64D] FRMC_ this=0x7ec0b3d800, ipptype=65536, exit  create()
2019-10-07 11:28:43.227 766-1294/? D/IppAlgo: [HWA_CAM3]ipp=RecordVideoIpp KEY_CA_CAM3 PREV enter createPlugin this=0x7ec0b28cb0
2019-10-07 11:28:43.227 766-1294/? D/HwaIppPluginImpl: [3c6ca2b_64D] FRMC_ this=0x7ec0b3f000, ipptype=131072, enter create()
2019-10-07 11:28:43.227 766-1294/? D/HwaIppPluginImpl: [3c6ca2b_64D] FRMC_ this=0x7ec0b3f000, ipptype=131072, exit  create()
2019-10-07 11:28:43.227 766-1294/? D/IppAlgo: [HWA_CAM3]ipp=DmapIpp KEY_CA_CAM3 PREV enter createPlugin this=0x7ec0b27718
2019-10-07 11:28:43.227 766-1294/? D/HwaIppPluginImpl: [3c6ca2b_64D] FRMC_ this=0x7ec0b33000, ipptype=4096, enter create()
2019-10-07 11:28:43.227 766-1294/? D/HwaIppPluginImpl: [3c6ca2b_64D] FRMC_ this=0x7ec0b33000, ipptype=4096, exit  create()
2019-10-07 11:28:43.227 766-1294/? D/AlgoFilterManager: [HWA_CAM3]KEY_CA_CAM3 exit createPlugin, mPipeLineId=8, mIsPlugInCreated=1
2019-10-07 11:28:43.227 766-1294/? D/ImagingSystem: STAGELIFECTRL end to attach every StageBase, pipelineId=20
2019-10-07 11:28:43.229 766-1294/? D/ImagingSystem: processFirstHALRequest
2019-10-07 11:28:43.229 766-1294/? I/ImagingSystem: createHotplugPipeline: hotplugsupport = 0
2019-10-07 11:28:43.229 766-1294/? I/IppAlgoFilter: [HWA_CAM3]first request, set targetPreviewCamera = 0
2019-10-07 11:28:43.229 766-1294/? D/IppAlgoFilter: configureEnv : package name com.virobugs
2019-10-07 11:28:43.229 766-1294/? D/EnvImpl: [HWA_CAM3]setPackageName : com.virobugs Size 12
2019-10-07 11:28:43.229 766-1294/? I/DeviceBaseImpl: [HWA_CAM3]getRemosaicPostProcMode remosaicPostProcMode = 0
2019-10-07 11:28:43.229 766-1294/? D/HwaPPStrategy: [3c6ca2b_64D] KEY_CA_ALGO SNAP indentify fore Ground front: type: 1(normal), mode: 1(single)
2019-10-07 11:28:43.229 766-1294/? I/HwaPPExecuter: [checkPpAlgoMaxMem]type=1,mode=1
2019-10-07 11:28:43.229 766-1294/? I/HwaPPExecuter: [checkPpAlgoMaxMem] PictureSize = 0, IspOutSize=0
    , len = 6
2019-10-07 11:28:43.229 766-1294/? D/HwaPPExecuter: [3c6ca2b_64D] LoadPPAlgoMaxMemConfig(3073) path=/odm/etc/camera/pp_max_mem_config/pp_max_mem_config.xml
2019-10-07 11:28:43.229 766-1294/? E/HwaPPExecuter: [3c6ca2b_64E] enter LoadPPAlgoMaxMemConfig() loadFile /odm/etc/camera/pp_max_mem_config/pp_max_mem_config.xml fail
2019-10-07 11:28:43.229 766-1294/? I/HwaPPExecuter: [checkPpAlgoMaxMem]maxM=8
2019-10-07 11:28:43.229 766-1294/? D/EnvImpl: [HWA_CAM3]getPackageName :  com.virobugs
2019-10-07 11:28:43.229 766-1294/? I/HwaUtils: [3c6ca2b_64I] getProductExtendName() path=EMILY
2019-10-07 11:28:43.229 766-1294/? I/HwaUtils: [3c6ca2b_64I] getOneCfgFile() path=NULL
2019-10-07 11:28:43.229 766-1294/? I/HwaDMapIpp: [3c6ca2b_64I] checkNeedSwapCalibrationData() ConfigFile NULL
2019-10-07 11:28:43.229 766-1294/? V/DualDepthVideoCalcLib: [3c6ca2b_64V] getInstance DualDepthVideoCalcLib getInstance ref=0
2019-10-07 11:28:43.229 766-1294/? I/DLibLoader: [3c6ca2b_64I] enter DLibLoader(), soName=libdcamera_stream.so
2019-10-07 11:28:43.229 766-1294/? V/DualDepthVideoCalcLib: [3c6ca2b_64V] enter DualDepthVideoCalcLib()
2019-10-07 11:28:43.229 766-1294/? V/DualDepthVideoCalcLib: [3c6ca2b_64V] enter setFunsToDefault()
2019-10-07 11:28:43.229 766-1294/? I/DLibLoader: [3c6ca2b_64I] enter loadSo(), soName=NULL, mSoName=libdcamera_stream.so
2019-10-07 11:28:43.229 766-1294/? V/DualDepthVideoCalcLib: [3c6ca2b_64V] enter setFunsToDefault()
2019-10-07 11:28:43.230 766-766/? I/CfgServer: nCap=0x64003e nLowCap=62 nHighCap=100 nPss=266240 nFree=1411481 totalFd=322 m_cMeta=-1, m_nPPSize=0, m_cFds=20
2019-10-07 11:28:43.231 766-1294/? V/DualDepthVideoCalcLib: [3c6ca2b_64V] enter loadFuns()
2019-10-07 11:28:43.231 766-1294/? I/DLibLoader: [3c6ca2b_64I] enter loadFun(), funName=DCAMERA_SelfLearn_Init
2019-10-07 11:28:43.231 766-1294/? I/DLibLoader: [3c6ca2b_64I] enter loadFun(), funName=DCAMERA_SelfLearn_Process
2019-10-07 11:28:43.231 766-1294/? I/DLibLoader: [3c6ca2b_64I] enter loadFun(), funName=DCAMERA_SelfLearn_Uninit
2019-10-07 11:28:43.231 766-1294/? I/DLibLoader: [3c6ca2b_64I] enter loadFun(), funName=DCAMERA_GetCalibPara
2019-10-07 11:28:43.231 766-1294/? I/DLibLoader: [3c6ca2b_64I] enter loadFun(), funName=DCAMERA_GetCalibSDKPara
2019-10-07 11:28:43.231 766-1294/? I/DLibLoader: [3c6ca2b_64I] enter loadFun(), funName=DCAMERA_GetCalibParaDMAP
2019-10-07 11:28:43.231 766-1294/? I/DLibLoader: [3c6ca2b_64I] enter loadFun(), funName=DCAMERA_Get_DMAP_Param
2019-10-07 11:28:43.231 766-1294/? D/DualDepthVideoCalcLib: [3c6ca2b_64D] exit loadFuns() successful
2019-10-07 11:28:43.231 766-1294/? I/DLibLoader: [3c6ca2b_64I] CAMERA3_exit loadSo(). successful.
2019-10-07 11:28:43.231 766-1294/? I/HwaUtils: [3c6ca2b_64I] getProductExtendName() path=EMILY
2019-10-07 11:28:43.231 766-1294/? I/HwaUtils: [3c6ca2b_64I] getOneCfgFile() path=/odm/etc/camera/dcamera/dual_lave_platformconfig.xml
2019-10-07 11:28:43.231 766-1294/? V/DualDepthVideoCalcLib: [3c6ca2b_64V] enter DCAMERA_Get_DMAP_Param()
2019-10-07 11:28:43.231 766-1294/? I/DC282: [ DCAMERA_Get_DMAP_Param   - 2334 ] Entering << DCAMERA_Get_DMAP_Param
2019-10-07 11:28:43.231 766-1294/? I/DC282: [ GetXMLAttribute          - 1678 ] get xml attribute /Config/AlgorithmDCInfo/sparseDispAlg/DMAPAlg: 1
2019-10-07 11:28:43.231 766-1294/? I/DC282: [ GetXMLValue              - 1655 ] /Config/AlgorithmDCInfo/sparseDispAlg/DMAPAlg/dmapVersion: 1
