2019-10-07 11:28:44.382 766-1294/? I/ImagingSystem: deactivate(2380): instance[0x7ea9820b80].
2019-10-07 11:28:44.382 766-1294/? I/ImagingSystem: doDeallocate4Idle(0x7ec0b9b980) m_listIdle.size(0) m_listBusy.size(1) m_rgBuffer.size(1)
2019-10-07 11:28:44.382 766-1294/? I/ImagingSystem: deactivate(2387): instance[0x7ea9820b80] stop begin.
2019-10-07 11:28:44.383 599-599/? I/GRALLOC: getCallingPid=650, shrFd=32,fmt=0x1,intFmt=0x200000001,btStrd=4352,size=9973760,pid=599
    	 yuv=2,w=1080,h=2244,Stride u=0 v=0,offset u=0 v=0
    	 iova_size=9973760,conUsg=0x900,proUsg=0x900,	 strd=1088,[afbc]HdrStrd=1088 PyldStrd=69632 Scrmbl=2,ionhnd = 1
2019-10-07 11:28:44.383 766-1294/? I/ImagingSystem: deactivate(2393): instance[0x7ea9820b80] stop end.
2019-10-07 11:28:44.383 766-1294/? I/ImagingSystem: deactivate(2380): instance[0x7ebf640c80].
2019-10-07 11:28:44.383 766-1294/? I/ImagingSystem: doDeallocate4Idle(0x7ec0b9b980) m_listIdle.size(0) m_listBusy.size(1) m_rgBuffer.size(1)
2019-10-07 11:28:44.383 766-1294/? I/ImagingSystem: deactivate(2387): instance[0x7ebf640c80] stop begin.
2019-10-07 11:28:44.384 766-1294/? I/ImagingSystem: deactivate(2393): instance[0x7ebf640c80] stop end.
2019-10-07 11:28:44.384 766-1294/? I/ImagingSystem: stop(909): (algo.ipp) instance[0x7ec0b46000].
2019-10-07 11:28:44.384 766-1294/? I/IppAlgoPortIn: [HWA_CAM3]this=0x7ec0b46088, ipptype=256, enter deactivate()
2019-10-07 11:28:44.384 766-1294/? I/IppAlgoFilter: [HWA_CAM3]this=0x7ec0b46000, ipptype=256, enter destroyAlgo()
2019-10-07 11:28:44.384 766-1294/? I/IppAlgoPortIn: [HWA_CAM3]this=0x7ec0b46088, ipptype=256, exit deactivate()
2019-10-07 11:28:44.384 766-1294/? I/ImagingSystem: doDeallocate4Idle(0x7ec0b9b980) m_listIdle.size(0) m_listBusy.size(1) m_rgBuffer.size(1)
2019-10-07 11:28:44.384 766-1294/? I/ImagingSystem: doDeallocate4Idle(0x7ec0b9b980) m_listIdle.size(0) m_listBusy.size(1) m_rgBuffer.size(1)
2019-10-07 11:28:44.384 766-1294/? I/IppAlgoPortIn: [HWA_CAM3]this=0x7ec0b46088, ipptype=256, enter stop()
2019-10-07 11:28:44.384 766-1294/? I/IppAlgoFilter: [HWA_CAM3]this=0x7ec0b46000, ipptype=256, enter stopAlgo()
2019-10-07 11:28:44.384 766-1294/? I/IppAlgo: [HWA_CAM3]FRMC_ this=0x7ec0b27360, ipptype=256, name=PostIpp, enter stop()
2019-10-07 11:28:44.384 766-1294/? D/HwaIppPluginImpl: [3c6ca2b_64D] FRMC_ this=0x7ec0ae6800, ipptype=256, enter stop()
2019-10-07 11:28:44.384 766-1294/? D/HwaIppAlgoExeThread: [3c6ca2b_64D] enter stop(), algo name: VideoBokehDspAlgo
2019-10-07 11:28:44.384 766-1294/? I/ObjectDetectionDraw: [3c6ca2b_64I] enter onStop()
2019-10-07 11:28:44.384 766-1294/? D/HwaIppPluginImpl: [3c6ca2b_64D] FRMC_ this=0x7ec0ae6800, ipptype=256, exit  stop()
2019-10-07 11:28:44.384 766-1294/? I/IppAlgo: [HWA_CAM3]FRMC_ this=0x7ec0b27360, ipptype=256, name=PostIpp, exit stop()
2019-10-07 11:28:44.384 766-1294/? I/IppAlgoFilter: [HWA_CAM3]this=0x7ec0b46000, ipptype=256, exit stopAlgo()
2019-10-07 11:28:44.384 766-1294/? I/IppAlgoFilter: [HWA_CAM3]this=0x7ec0b46000, ipptype=256, enter resetFilterInfosAndDestroy()
2019-10-07 11:28:44.384 766-1294/? D/IppFrameAllocatorImpl: [HWA_CAM3]this=0x7ec0b27410, ipptype=256, enter destroyInnnerAllocator(), successful
2019-10-07 11:28:44.384 766-1294/? D/IppFrameAllocatorImpl: [HWA_CAM3]this=0x7ec0b27410, ipptype=256, enter resetFilterInfos()
2019-10-07 11:28:44.384 766-1294/? I/IppAlgoFilter: [HWA_CAM3]this=0x7ec0b46000, ipptype=256, exit resetFilterInfosAndDestroy()
2019-10-07 11:28:44.384 766-1294/? I/IppAlgoPortIn: [HWA_CAM3]this=0x7ec0b46088, ipptype=256, exit stop()
2019-10-07 11:28:44.384 766-1294/? I/ImagingSystem: stop(909): (HISP160Filter) instance[0x7f4fe927b8].
2019-10-07 11:28:44.384 766-1294/? I/ImagingSystem: doDeallocate4Idle(0x7ec0b9b980) m_listIdle.size(0) m_listBusy.size(1) m_rgBuffer.size(1)
2019-10-07 11:28:44.384 766-1294/? I/ImagingSystem: doDeallocate4Idle(0x7ec0b9b700) m_listIdle.size(0) m_listBusy.size(1) m_rgBuffer.size(1)
2019-10-07 11:28:44.385 766-1294/? I/ImagingSystem: doDeallocate4Idle(0x7ec0b9b480) m_listIdle.size(15) m_listBusy.size(1) m_rgBuffer.size(16)
2019-10-07 11:28:44.385 766-1294/? I/ImagingSystem: doDeallocate4Idle(0x7ec0b9b480) m_listIdle.size(1) m_listBusy.size(0) m_rgBuffer.size(1)
2019-10-07 11:28:44.385 766-1294/? I/ImagingSystem: doDeallocate4Idle(0x7ec0b9b700) m_listIdle.size(1) m_listBusy.size(0) m_rgBuffer.size(1)
2019-10-07 11:28:44.385 766-1294/? I/ImagingSystem: doDeallocate4Idle(0x7ec0b9b980) m_listIdle.size(1) m_listBusy.size(0) m_rgBuffer.size(1)
2019-10-07 11:28:44.386 766-1294/? I/ImagingSystem: stop(909): (Laser Filter) instance[0x7f4fed4910].
2019-10-07 11:28:44.386 766-1294/? I/ImagingSystem: stop(909): (sensor filter) instance[0x7f4fe7b0c8].
2019-10-07 11:28:44.386 766-1294/? I/ImagingSystem: stop(4229): hotplug instance[0x7f4fa24000].
2019-10-07 11:28:44.386 766-1294/? I/ImagingSystem: #Camera# [862702578]< pipeline_stop
2019-10-07 11:28:44.386 3497-14249/? W/ThreadPoolDumper: Queue length for executor EventBus is now 11. Perhaps some tasks are too long, or the pool is too small.
2019-10-07 11:28:44.386 766-1294/? D/ImagingSystem: ~CPipelineHeapObj: instance[0x7f4fa24000].
2019-10-07 11:28:44.386 766-1294/? D/ImagingSystem: ~CPipelineBase(3092): instance[0x7f4fa24000].
2019-10-07 11:28:44.386 766-1294/? I/ImagingSystem: stop(4214): instance[0x7f4fa24000].
2019-10-07 11:28:44.386 766-1294/? I/ImagingSystem: #Camera# [862716130]> pipeline_stop
2019-10-07 11:28:44.386 766-1294/? I/ImagingSystem: stop(4229): hotplug instance[0x7f4fa24000].
2019-10-07 11:28:44.386 766-1294/? I/ImagingSystem: #Camera# [862716130]< pipeline_stop
2019-10-07 11:28:44.386 766-1294/? I/ImagingSystem: enter waitStreamStoped(643)
2019-10-07 11:28:44.386 766-1294/? I/ImagingSystem: limitLCoreFreqEnd enter.
2019-10-07 11:28:44.386 766-1294/? I/ImagingSystem: clearMaster: cleare 0 MetaTraceManager!
2019-10-07 11:28:44.386 766-1294/? I/ImagingSystem: clearMaster: cleare 0 CMaster!
2019-10-07 11:28:44.386 766-1294/? I/ImagingSystem: stopStreaming(4549): pipeline 0x7ec0bba800, intent 3, zsl 2,mirror 0, postproc 0, burst 0, customMode 0, multiCamera 2
2019-10-07 11:28:44.386 766-1294/? I/ImagingSystem: #Camera# [862680300]< 3_stopStreaming
2019-10-07 11:28:44.386 766-10294/? I/ImagingSystem: stopStream: instance[0x7ec0bba800] stopStream exit.
2019-10-07 11:28:44.387 766-10294/? I/ImagingSystem: stopStream: instance[0x7ec0bba800] stopStream enter.
2019-10-07 11:28:44.387 766-10294/? I/ImagingSystem: stopStream: instance[0x7ec0bba800] wait enter.
2019-10-07 11:28:44.387 599-599/? I/GRALLOC: getCallingPid=650, shrFd=32,fmt=0x1,intFmt=0x200000001,btStrd=4352,size=9973760,pid=599
    	 yuv=2,w=1080,h=2244,Stride u=0 v=0,offset u=0 v=0
    	 iova_size=9973760,conUsg=0x900,proUsg=0x900,	 strd=1088,[afbc]HdrStrd=1088 PyldStrd=69632 Scrmbl=2,ionhnd = 1
2019-10-07 11:28:44.387 766-10294/? I/ImagingSystem: stopStream: instance[0x7ec0bba800] stopStream exit.
2019-10-07 11:28:44.387 766-10294/? I/ImagingSystem: stopStream: instance[0x7ec0bba800] stopStream enter.
2019-10-07 11:28:44.387 766-10294/? I/ImagingSystem: stopStream: instance[0x7ec0bba800] wait enter.
2019-10-07 11:28:44.387 766-10294/? I/ImagingSystem: stopStream: instance[0x7ec0bba800] stopStream exit.
2019-10-07 11:28:44.388 766-10294/? I/CStreamTranslator: ~CStreamTranslator: dtor instance[0x7f4fe5b2e0].
2019-10-07 11:28:44.388 766-10294/? I/ImagingMetaStream: ~CImagingMetaStream: dtor instance[0x7ec0b98000].
2019-10-07 11:28:44.389 766-10294/? I/CStreamTranslator: ~CStreamTranslator: dtor instance[0x7ec0add940].
2019-10-07 11:28:44.389 766-10294/? I/ImagingGraphicStream: ~CImagingGraphicStream: dtor instance[0x7f4ff31d00].
2019-10-07 11:28:44.390 766-10294/? I/CStreamTranslator: ~CStreamTranslator: dtor instance[0x7ec0add860].
2019-10-07 11:28:44.390 766-10294/? I/ImagingGraphicStream: ~CImagingGraphicStream: dtor instance[0x7f4ff30200].
2019-10-07 11:28:44.390 766-1294/? D/CameraDvfs: voteIsp: HISP_CONFIG_ISP_LOWPOWER
2019-10-07 11:28:44.390 766-1294/? D/CameraDvfs: voteR8: HISP_CONFIG_R8_LOWPOWER
2019-10-07 11:28:44.390 766-1294/? I/MediaComm: setCopybitVoltaLev: enter, copybitId(-1)
2019-10-07 11:28:44.390 766-1294/? I/ImagingSystem: powerDown enter.
2019-10-07 11:28:44.390 766-1294/? I/ImagingSystem: #Camera# [862719573]> ImagingSystem_powerDown
2019-10-07 11:28:44.390 766-1294/? I/ImagingSystem: getTofSensorId(5645): tof sensorid:4!
2019-10-07 11:28:44.390 766-1294/? I/HispSensorController: closeCamera:camera id = [0] enter.
2019-10-07 11:28:44.390 766-1294/? I/HispManager: enter checkOisHardwareReady
2019-10-07 11:28:44.390 766-1294/? I/HISPOisController: wait4HardwareReady wait ois load firmware begin
2019-10-07 11:28:44.390 766-1294/? I/HISPOisController: wait4HardwareReady ois load firmware done
2019-10-07 11:28:44.390 766-1294/? I/HISPOisController: wait4HardwareReady wait ois load firmware end
2019-10-07 11:28:44.390 766-10294/? D/HwaPerfRecorderImpl: [HWA_CAM3]enter perfDeInitialize(), id(0):rear camera
2019-10-07 11:28:44.391 749-10654/? I/CameraProviderManager: Camera device device@3.4/legacy/0 torch status is now AVAILABLE_OFF
2019-10-07 11:28:44.391 749-10654/? I/HwCameraServiceEx: onTorchStatusChangedLocked: Torch status changed for cameraId=0, newStatus=1
2019-10-07 11:28:44.391 749-10654/? I/Camera3-OutputStream: disconnectLocked: disconnecting stream 0 from native window, for stream 0xee35d280
2019-10-07 11:28:44.391 1709-2500/? D/FlashlightController: dispatchAvailabilityChanged(true)
2019-10-07 11:28:44.392 1709-1927/? I/ToolBoxView: updateFlashlightViewInner:isAvailabletrue;isEnabledfalse;lightControllercom.android.systemui.statusbar.policy.FlashlightController@a466ac
2019-10-07 11:28:44.392 1975-2495/? D/PhoneInterfaceManager: [PhoneIntfMgr] isUserDataEnabled: subId=0 phoneId=0
2019-10-07 11:28:44.392 749-10654/? W/Camera3-OutputStream: disconnectLocked: While disconnecting stream 0 from native window, the native window died from under us
2019-10-07 11:28:44.392 749-10654/? I/CameraLatencyHistogram: Stream 0 dequeueBuffer latency histogram (161) samples:
2019-10-07 11:28:44.392 749-10654/? I/CameraLatencyHistogram:         5     10     15     20     25     30     35     40     45    inf (max ms)
2019-10-07 11:28:44.392 749-10654/? I/CameraLatencyHistogram:      98.76   0.00   0.00   0.00   0.62   0.00   0.00   0.62   0.00   0.00 (%)
2019-10-07 11:28:44.392 1956-2062/? I/DeviceStateService: torch mode changed: false, id: 0
2019-10-07 11:28:44.392 1975-2495/? D/PhoneInterfaceManager: [PhoneIntfMgr] isUserDataEnabled: subId=0 retVal=true
2019-10-07 11:28:44.392 749-10654/? I/Camera3-Stream: ~Camera3Stream(), destruct stream 0xee35d280, 640 x 480, format: 0x23
2019-10-07 11:28:44.392 749-10654/? I/Camera3-OutputStream: disconnectLocked: disconnecting stream 1 from native window, for stream 0xee5bc600
2019-10-07 11:28:44.394 749-10654/? W/Camera3-OutputStream: disconnectLocked: While disconnecting stream 1 from native window, the native window died from under us
2019-10-07 11:28:44.394 749-10654/? I/CameraLatencyHistogram: Stream 1 dequeueBuffer latency histogram (27) samples:
2019-10-07 11:28:44.394 766-1294/? I/HispSensorController: isTofCameraSupport(267): tofSupport 0!
2019-10-07 11:28:44.394 749-10654/? I/CameraLatencyHistogram:         5     10     15     20     25     30     35     40     45    inf (max ms)
2019-10-07 11:28:44.394 749-10654/? I/CameraLatencyHistogram:      96.30   3.70   0.00   0.00   0.00   0.00   0.00   0.00   0.00   0.00 (%)
2019-10-07 11:28:44.394 749-10654/? I/Camera3-Stream: ~Camera3Stream(), destruct stream 0xee5bc600, 1440 x 1080, format: 0x22
2019-10-07 11:28:44.394 749-10654/? I/Camera3-Device: disconnect: X
2019-10-07 11:28:44.394 766-10294/? I/CPipelineTranslator: ~CPipelineTranslator: dtor instance[0x7ec004ec48].
2019-10-07 11:28:44.395 766-1294/? I/HispSensorController: releaseCalibBuffer: instance(0x7f4fe91d38).
2019-10-07 11:28:44.396 749-10654/? I/HwCameraServiceEx: disconnect: Disconnected client for camera 0 for PID 17184
2019-10-07 11:28:44.397 752-828/? E/dubaid: [CameraHandler.cpp] handleOnDisconnected# Invalid tag: 4
2019-10-07 11:28:44.398 599-599/? I/GRALLOC: getCallingPid=650, shrFd=32,fmt=0x1,intFmt=0x200000001,btStrd=4352,size=9973760,pid=599
    	 yuv=2,w=1080,h=2244,Stride u=0 v=0,offset u=0 v=0
    	 iova_size=9973760,conUsg=0xb00,proUsg=0xb00,	 strd=1088,[afbc]HdrStrd=1088 PyldStrd=69632 Scrmbl=2,ionhnd = 1
2019-10-07 11:28:44.398 1956-2062/? D/ScenarioService: camera end : com.virobugs, last: com.virobugs, pkgs: {com.virobugs=6352068}
2019-10-07 11:28:44.398 3407-3440/? D/NfcNci:HwCustNfcService: isIWareCalling Calling UID = 1047
2019-10-07 11:28:44.399 3407-3440/? I/NfcNci:HwCustNfcService: enablePolling
2019-10-07 11:28:44.399 1956-2395/? I/PGServer: report state:10019 event type:1 pid:0 uid:0 pkg:com.virobugs to pid: 1956
2019-10-07 11:28:44.400 749-10654/? I/CameraDeviceClient: ~CameraDeviceClient 0: Released!
2019-10-07 11:28:44.400 749-10654/? I/HwPerformEx: ~HwPerformEx(0xee9c9da0), camera 0.
2019-10-07 11:28:44.400 749-10654/? I/Camera2ClientBase: Closed Camera 0. Client was: com.virobugs (PID 17184, UID 10306)
2019-10-07 11:28:44.400 749-10654/? E/HwCameraServiceEx: binderDied: Java client's binder died, removing it from the list of active clients
2019-10-07 11:28:44.400 749-916/? I/Camera3-Device: disconnect: E
2019-10-07 11:28:44.400 749-916/? I/Camera3-Device: disconnect: X, device has been disconnected before.
2019-10-07 11:28:44.401 599-2170/? I/GRALLOC: getCallingPid=650, shrFd=34,fmt=0x1,intFmt=0x200000001,btStrd=4352,size=9973760,pid=599
    	 yuv=2,w=1080,h=2244,Stride u=0 v=0,offset u=0 v=0
    	 iova_size=9973760,conUsg=0xb00,proUsg=0xb00,	 strd=1088,[afbc]HdrStrd=1088 PyldStrd=69632 Scrmbl=2,ionhnd = 2
2019-10-07 11:28:44.401 1110-1603/? D/HiDATA_HiStream: onCameraAvailable cameraId = 0
2019-10-07 11:28:44.402 1709-1709/? I/ColorPickUitls: type = 2
2019-10-07 11:28:44.403 3407-17438/? E/NfcNci:HwCustNfcService: applyRouting -1.1
2019-10-07 11:28:44.405 766-1294/? I/HISP160OisController: closeCamera, m_pModule=0x7f4fe7af80
2019-10-07 11:28:44.406 1110-1530/? I/WindowManager: New wallpaper target: Window{4daa0f0 u0 com.huawei.android.launcher/com.huawei.android.launcher.unihome.UniHomeLauncher} prevTarget: null
2019-10-07 11:28:44.407 1110-1530/? I/WindowManager: test-wallpaper Updating vis of wallpaper Window{28d4563 u0 com.android.systemui.HwImageWallpaper}: true from:
    com.android.server.wm.WallpaperWindowToken.updateWallpaperWindows:138 com.android.server.wm.WallpaperController.updateWallpaperTokens:585 com.android.server.wm.WallpaperController.adjustWallpaperWindows:620 com.android.server.wm.DisplayContent.applySurfaceChangesTransaction:3386
2019-10-07 11:28:44.407 1995-1995/? W/InputMethodManager: startInputReason = 1
2019-10-07 11:28:44.408 1110-1530/? V/WindowManager_visibility: updateAllDrawn Add AppWindowToken{dcb498d token=Token{7151a24 ActivityRecord{2ce02b7 u0 com.huawei.android.launcher/.unihome.UniHomeLauncher t1}}}
2019-10-07 11:28:44.408 1975-2495/? D/PhoneInterfaceManager: [PhoneIntfMgr] isUserDataEnabled: subId=0 phoneId=0
2019-10-07 11:28:44.408 1975-2495/? D/PhoneInterfaceManager: [PhoneIntfMgr] isUserDataEnabled: subId=0 retVal=true
2019-10-07 11:28:44.409 1110-7635/? I/HwNetworkPolicy: onTransact, code = 14
2019-10-07 11:28:44.409 1110-1530/? V/WindowManager_visibility: updateAllDrawn allDrawn=false interesting=2 drawn=2 relaunchCount=0 for AppWindowToken{dcb498d token=Token{7151a24 ActivityRecord{2ce02b7 u0 com.huawei.android.launcher/.unihome.UniHomeLauncher t1}}}
2019-10-07 11:28:44.410 1110-1530/? V/WindowManager: Checking 1 opening apps (frozen=false timeout=false), Track:  performsurface
2019-10-07 11:28:44.410 1110-1530/? V/WindowManager: Check opening app=AppWindowToken{dcb498d token=Token{7151a24 ActivityRecord{2ce02b7 u0 com.huawei.android.launcher/.unihome.UniHomeLauncher t1}}}: allDrawn=true startingDisplayed=false startingMoved=false isRelaunching()=false startingWindow=null
2019-10-07 11:28:44.410 1110-1530/? I/WindowManager: closing apps count = 0
2019-10-07 11:28:44.416 1110-2833/? I/HwNetworkPolicy: onTransact, code = 14
2019-10-07 11:28:44.417 1995-1995/? W/HwLauncher: FolderIcon drawSelectedLabel bitmap null
2019-10-07 11:28:44.417 1995-1995/? W/HwLauncher: FolderIcon drawSelectedLabel bitmap null
2019-10-07 11:28:44.419 3497-3839/? I/StreamController: registerScope: nowcards-15-4f85ae-3419
2019-10-07 11:28:44.421 599-2170/? I/GRALLOC: getCallingPid=650, shrFd=32,fmt=0x1,intFmt=0x200000001,btStrd=4352,size=9973760,pid=599
    	 yuv=2,w=1080,h=2244,Stride u=0 v=0,offset u=0 v=0
    	 iova_size=9973760,conUsg=0xb00,proUsg=0xb00,	 strd=1088,[afbc]HdrStrd=1088 PyldStrd=69632 Scrmbl=2,ionhnd = 1
2019-10-07 11:28:44.423 1110-1278/? D/HwPhoneWindowManager: Transact:setSystemUIColor to status bar service
2019-10-07 11:28:44.423 1709-9995/? I/CommandQueue: updateBarBgColor
2019-10-07 11:28:44.424 1709-9995/? D/CommandQueue: CommandQueue, setBarBackgroundColor
2019-10-07 11:28:44.424 1110-1278/? I/StatusBarDisable: setFlags what=0 which=1 pkg=Window{4daa0f0 u0 com.huawei.android.launcher/com.huawei.android.launcher.unihome.UniHomeLauncher}
2019-10-07 11:28:44.426 1709-1709/? D/TintManager: navigationBarIconTint=99ffffff
2019-10-07 11:28:44.430 766-1294/? I/LaserManager: powerDown: enter.
2019-10-07 11:28:44.430 766-1294/? I/LaserManager: stopDevice(2237) stopDevice async=0 m_state4StartLaser=stop
2019-10-07 11:28:44.430 766-1294/? I/LaserManager: stopDevice(2256): laser stopped
2019-10-07 11:28:44.430 766-1294/? I/LaserManager: laserInAPSupported(398): Laser is in AP.
2019-10-07 11:28:44.430 766-1294/? I/LaserManager: dlopen callFunc[vl53l1_daemon_deinit]
2019-10-07 11:28:44.430 766-1294/? I/VL53L1_DRVIER: Daemon_deinit rc = 0
2019-10-07 11:28:44.430 766-17373/? I/VL53L1_DRVIER: got exit message. exit...
2019-10-07 11:28:44.430 766-17373/? I/VL53L1_DRVIER: exit running...
2019-10-07 11:28:44.430 766-1294/? I/VL53L1_DRVIER: close pipe[0]
2019-10-07 11:28:44.431 766-1294/? I/VL53L1_DRVIER: close pipe[1]
2019-10-07 11:28:44.431 766-1294/? I/VL53L1_DRVIER: Close Socket
2019-10-07 11:28:44.431 766-1294/? I/VL53L1_DRVIER: free nlh_msg_rcv
2019-10-07 11:28:44.431 766-1294/? I/VL53L1_DRVIER: free nlh_msg_snd
2019-10-07 11:28:44.432 766-1294/? I/LaserManager: dlopen unload so[/odm/lib64/vl53l1_driver.so]--
2019-10-07 11:28:44.432 766-1294/? I/SensorManager: powerDown(526, 0x7f4fe7af80): enter
2019-10-07 11:28:44.432 779-905/? I/Sensors@1.0-impl: activate-7 enabled-0 fwkOals-1 camOals-1 fwkOcolor-1 camOcolor-1 fwkOtof-0 camOtof-0
2019-10-07 11:28:44.432 779-905/? D/SensorHub: enableSensor-> handle: 7 enable : 0
2019-10-07 11:28:44.433 779-905/? D/SensorHub: Channel activate-> handle: 7, enabled:0, err: 0
2019-10-07 11:28:44.433 779-905/? I/Sensors@1.0-impl: activate-0 enabled-0 fwkOals-1 camOals-1 fwkOcolor-1 camOcolor-1 fwkOtof-0 camOtof-0
2019-10-07 11:28:44.434 779-905/? D/SensorHub: enableSensor-> handle: 0 enable : 0
2019-10-07 11:28:44.434 779-905/? D/SensorHub: Channel activate-> handle: 0, enabled:0, err: 0
2019-10-07 11:28:44.434 779-905/? D/SensorHub: lib ver is 15
2019-10-07 11:28:44.434 779-905/? E/SensorHub: get_acc_convert_coff = 1000.000000
2019-10-07 11:28:44.435 779-905/? I/Sensors@1.0-impl: activate-5 enabled-0 fwkOals-1 camOals-1 fwkOcolor-1 camOcolor-1 fwkOtof-0 camOtof-0
2019-10-07 11:28:44.435 779-905/? D/SensorHub: enableSensor-> handle: 5 enable : 0
2019-10-07 11:28:44.435 779-905/? D/SensorHub: Channel activate-> handle: 5, enabled:0, err: 0
2019-10-07 11:28:44.436 779-905/? I/Sensors@1.0-impl: activate-2 enabled-0 fwkOals-1 camOals-1 fwkOcolor-1 camOcolor-1 fwkOtof-0 camOtof-0
2019-10-07 11:28:44.436 779-905/? D/SensorHub: enableSensor-> handle: 2 enable : 0
2019-10-07 11:28:44.436 779-905/? D/SensorHub: Channel activate-> handle: 2, enabled:0, err: 0
2019-10-07 11:28:44.437 779-905/? I/Sensors@1.0-impl: alsActivate-3 enabled-0 fwkOals-1 camOals-1
2019-10-07 11:28:44.437 766-1294/? I/FlickerSensorImpl: disableSensor: already disabled
2019-10-07 11:28:44.438 779-905/? I/Sensors@1.0-impl: colorActivate-26 enabled-0, fwkOcolor-1 camOcolor-1
2019-10-07 11:28:44.438 766-1294/? I/FLashDevice: TurnOff enter, fd=44.
2019-10-07 11:28:44.439 766-1294/? I/LCDInfoProcess: enter stop()
2019-10-07 11:28:44.439 766-1294/? I/SensorClusterImpl: disableSensor: sensor[10] already disabled
2019-10-07 11:28:44.439 766-1294/? I/SensorClusterImpl: disableSensor: sensor[1] already disabled
2019-10-07 11:28:44.439 766-1294/? I/SensorClusterImpl: disableSensor: sensor[4] already disabled
2019-10-07 11:28:44.439 766-1294/? I/SensorClusterImpl: disableSensor: sensor[3] already disabled
2019-10-07 11:28:44.449 766-1294/? I/SensorManager: powerDownDone(586, 0x7f4fe7af80): enter
2019-10-07 11:28:44.449 766-1294/? I/160Manager: deinitMemoryPool
2019-10-07 11:28:44.449 766-1294/? I/HISP160ShareMemoryPoolManager: deinitMemoryPool enter
2019-10-07 11:28:44.452 3497-3839/? I/MicroDetectionState: Keep running DSP hotword
2019-10-07 11:28:44.452 766-1294/? I/160Manager: ispCpuPowerOff
2019-10-07 11:28:44.453 766-1294/? I/HispManager: powerDown: isp power down. pl:0x7ec0bba800
2019-10-07 11:28:44.453 766-1294/? I/HispManager: #Camera# [1]> CHISPManager::powerDown
2019-10-07 11:28:44.464 599-2170/? I/GRALLOC: getCallingPid=650, shrFd=32,fmt=0x1,intFmt=0x200000001,btStrd=4352,size=9973760,pid=599
    	 yuv=2,w=1080,h=2244,Stride u=0 v=0,offset u=0 v=0
    	 iova_size=9973760,conUsg=0xb00,proUsg=0xb00,	 strd=1088,[afbc]HdrStrd=1088 PyldStrd=69632 Scrmbl=2,ionhnd = 1
2019-10-07 11:28:44.465 766-1294/? I/HispManager: #Camera# [1]< CHISPManager::powerDown
2019-10-07 11:28:44.465 766-1294/? I/HispManager: powerDownDone: enter.
2019-10-07 11:28:44.466 766-1294/? I/ImagingSystem: #Camera# [862719573]< ImagingSystem_powerDown
2019-10-07 11:28:44.466 766-1294/? I/ImagingSystem: doDeallocate4Idle(0x7f4fe43180) m_listIdle.size(54) m_listBusy.size(10) m_rgBuffer.size(64)
2019-10-07 11:28:44.467 766-1294/? I/ImagingSystem: doDeallocate4Idle(0x7f4fe43180) m_rgBuffer.size(10)
2019-10-07 11:28:44.468 766-1294/? I/ImagingSystem: doDeallocate4Idle(0x7f4fe43180) m_listIdle.size(1) m_listBusy.size(9) m_rgBuffer.size(10)
2019-10-07 11:28:44.468 766-1294/? I/ImagingSystem: doDeallocate4Idle(0x7f4fe43180) m_rgBuffer.size(9)
2019-10-07 11:28:44.468 766-1294/? I/ImagingSystem: doDeallocate4Idle(0x7f4fe43180) m_listIdle.size(1) m_listBusy.size(8) m_rgBuffer.size(9)
2019-10-07 11:28:44.468 766-1294/? I/ImagingSystem: doDeallocate4Idle(0x7f4fe43180) m_rgBuffer.size(8)
2019-10-07 11:28:44.468 766-1294/? I/ImagingSystem: doDeallocate4Idle(0x7f4fe43180) m_listIdle.size(1) m_listBusy.size(7) m_rgBuffer.size(8)
2019-10-07 11:28:44.468 766-1294/? I/ImagingSystem: doDeallocate4Idle(0x7f4fe43180) m_rgBuffer.size(7)
2019-10-07 11:28:44.468 766-1294/? I/ImagingSystem: doDeallocate4Idle(0x7f4fe43180) m_listIdle.size(1) m_listBusy.size(6) m_rgBuffer.size(7)
2019-10-07 11:28:44.468 766-1294/? I/ImagingSystem: doDeallocate4Idle(0x7f4fe43180) m_rgBuffer.size(6)
2019-10-07 11:28:44.468 766-1294/? I/ImagingSystem: doDeallocate4Idle(0x7f4fe43180) m_listIdle.size(1) m_listBusy.size(5) m_rgBuffer.size(6)
2019-10-07 11:28:44.468 766-1294/? I/ImagingSystem: doDeallocate4Idle(0x7f4fe43180) m_rgBuffer.size(5)
2019-10-07 11:28:44.468 766-1294/? I/ImagingSystem: doDeallocate4Idle(0x7f4fe43180) m_listIdle.size(1) m_listBusy.size(4) m_rgBuffer.size(5)
2019-10-07 11:28:44.469 766-1294/? I/ImagingSystem: doDeallocate4Idle(0x7f4fe43180) m_rgBuffer.size(4)
2019-10-07 11:28:44.469 766-1294/? I/ImagingSystem: doDeallocate4Idle(0x7f4fe43180) m_listIdle.size(1) m_listBusy.size(3) m_rgBuffer.size(4)
2019-10-07 11:28:44.469 766-1294/? I/ImagingSystem: doDeallocate4Idle(0x7f4fe43180) m_rgBuffer.size(3)
2019-10-07 11:28:44.469 766-1294/? I/ImagingSystem: doDeallocate4Idle(0x7f4fe43180) m_listIdle.size(1) m_listBusy.size(2) m_rgBuffer.size(3)
2019-10-07 11:28:44.469 766-1294/? I/ImagingSystem: doDeallocate4Idle(0x7f4fe43180) m_rgBuffer.size(2)
2019-10-07 11:28:44.469 766-1294/? I/ImagingSystem: doDeallocate4Idle(0x7f4fe43180) m_listIdle.size(1) m_listBusy.size(1) m_rgBuffer.size(2)
2019-10-07 11:28:44.469 766-1294/? I/ImagingSystem: doDeallocate4Idle(0x7f4fe43180) m_rgBuffer.size(1)
2019-10-07 11:28:44.469 766-1294/? I/ImagingSystem: doDeallocate4Idle(0x7f4fe43180) m_listIdle.size(1) m_listBusy.size(0) m_rgBuffer.size(1)
2019-10-07 11:28:44.469 766-1294/? I/ImagingSystem: doDeallocate4Idle(0x7f4fe43180) m_rgBuffer.size(0)
2019-10-07 11:28:44.469 766-1294/? D/ImagingSystem: STAGELIFECTRL start to detach every StageBase, pipelineId=20
2019-10-07 11:28:44.469 766-1294/? D/AlgoFilterStage: [HWA_CAM3]STAGELIFECTRL enter detach(), pipeline id=8
2019-10-07 11:28:44.469 766-1294/? D/AlgoFilterManager: [HWA_CAM3]KEY_CA_CAM3 enter destroyPlugin, mPipeLineId=8, mIsPlugInCreated=1
2019-10-07 11:28:44.469 766-1294/? D/IppAlgo: [HWA_CAM3]FRMC_ this=0x7ec0b27360, ipptype=256, name=PostIpp, enter destroyPlugin()
2019-10-07 11:28:44.469 766-1294/? D/HwaIppPluginImpl: [3c6ca2b_64D] FRMC_ this=0x7ec0ae6800, ipptype=256, enter destroy()
2019-10-07 11:28:44.469 766-1294/? D/HwaIppAlgoExecutor: [3c6ca2b_64D] enter ~HwaIppAlgoExecutor(), algo name: DmapSdkDepthIppAlgo
2019-10-07 11:28:44.469 766-1294/? D/DmapSdkDepthIppAlgo: [3c6ca2b_64D] enter ~DmapSdkDepthIppAlgo()
2019-10-07 11:28:44.469 766-1294/? D/HwaIppAlgoExecutor: [3c6ca2b_64D] enter ~HwaIppAlgoExecutor(), algo name: VidHance
2019-10-07 11:28:44.469 766-1294/? D/VidHance: [3c6ca2b_64D] enter ~VidHance()
2019-10-07 11:28:44.469 766-1294/? D/HwaIppAlgoExeThread: [3c6ca2b_64D] enter destroy(), algo name: VideoBokehDspAlgo
2019-10-07 11:28:44.469 766-1294/? D/HwaIppAlgoExeThread: [3c6ca2b_64D] enter ~HwaIppAlgoExeThread(), algo name: VideoBokehDspAlgo
2019-10-07 11:28:44.469 766-1294/? D/HwaIppAlgoExeParallel: [3c6ca2b_64D] enter ~HwaIppAlgoExeParallel(), algo name: VideoBokehDspAlgo
2019-10-07 11:28:44.469 766-1294/? D/HwaIppAlgoExecutor: [3c6ca2b_64D] enter ~HwaIppAlgoExecutor(), algo name: VideoBokehDspAlgo
2019-10-07 11:28:44.469 766-1294/? D/HwaIppAlgoExecutor: [3c6ca2b_64D] enter ~HwaIppAlgoExecutor(), algo name: casioBeautyIpp
2019-10-07 11:28:44.469 766-1294/? D/casioBeautyIpp: [3c6ca2b_64D] enter ~casioBeautyIpp()
2019-10-07 11:28:44.469 766-1294/? D/HwaIppAlgoExecutor: [3c6ca2b_64D] enter ~HwaIppAlgoExecutor(), algo name: MirrorDenoise
2019-10-07 11:28:44.469 766-1294/? D/MirrorDenoise: [3c6ca2b_64D] enter ~MirrorDenoise()
2019-10-07 11:28:44.469 766-1294/? D/HwaIppAlgoExecutor: [3c6ca2b_64D] enter ~HwaIppAlgoExecutor(), algo name: ColorEffect
2019-10-07 11:28:44.469 766-1294/? D/ColorEffect: [3c6ca2b_64D] enter ~ColorEffect()
2019-10-07 11:28:44.469 766-1294/? D/HwaIppAlgoExecutor: [3c6ca2b_64D] enter ~HwaIppAlgoExecutor(), algo name: NiceFoodIppAlgo
2019-10-07 11:28:44.469 766-1294/? D/NiceFoodIppAlgo: [3c6ca2b_64D] enter ~NiceFoodIppAlgo()
2019-10-07 11:28:44.469 766-1294/? D/HwaIppAlgoExecutor: [3c6ca2b_64D] enter ~HwaIppAlgoExecutor(), algo name: HwBeautyIpp
2019-10-07 11:28:44.469 766-1294/? D/HwBeautyIpp: [3c6ca2b_64D] enter ~HwBeautyIpp()
2019-10-07 11:28:44.469 766-1294/? D/HwaIppAlgoExecutor: [3c6ca2b_64D] enter ~HwaIppAlgoExecutor(), algo name: FrontBokehAlgo
2019-10-07 11:28:44.469 766-1294/? D/HwaIppAlgoExecutor: [3c6ca2b_64D] enter ~HwaIppAlgoExecutor(), algo name: SuperVideo
2019-10-07 11:28:44.469 766-1294/? I/DLibLoader: [3c6ca2b_64I] enter ~DLibLoader()
2019-10-07 11:28:44.469 766-1294/? D/HwaIppAlgoExecutor: [3c6ca2b_64D] enter ~HwaIppAlgoExecutor(), algo name: SmartBeautyIpp
2019-10-07 11:28:44.469 766-1294/? D/SmartBeautyIpp: [3c6ca2b_64D] enter ~SmartBeautyIpp()
2019-10-07 11:28:44.469 766-1294/? D/HwaIppAlgoExecutor: [3c6ca2b_64D] enter ~HwaIppAlgoExecutor(), algo name: FairLightIpp
2019-10-07 11:28:44.469 766-1294/? D/FairLight: [3c6ca2b_64D] enter ~FairLightIpp()
2019-10-07 11:28:44.469 766-1294/? I/ObjectDetectionDraw: [3c6ca2b_64I] enter onDestroy()
2019-10-07 11:28:44.469 766-1294/? D/HwaIppAlgoExecutor: [3c6ca2b_64D] enter ~HwaIppAlgoExecutor(), algo name: ObjectDetectionDraw
2019-10-07 11:28:44.469 766-1294/? D/HwaIppPluginImpl: [3c6ca2b_64D] FRMC_ this=0x7ec0ae6800, ipptype=256, exit  destroy()
2019-10-07 11:28:44.470 766-1294/? D/IppAlgo: [HWA_CAM3]FRMC_ this=0x7ec0b27360, ipptype=256, name=PostIpp, exit destroyPlugin()
2019-10-07 11:28:44.470 766-1294/? D/IppAlgo: [HWA_CAM3]FRMC_ this=0x7ec0b26fa0, ipptype=0, name=StatIpp, enter destroyPlugin()
2019-10-07 11:28:44.470 766-1294/? D/HwaIppPluginImpl: [3c6ca2b_64D] FRMC_ this=0x7ec0ae5000, ipptype=0, enter destroy()
2019-10-07 11:28:44.470 766-1294/? D/HwaIppAlgoExecutor: [3c6ca2b_64D] enter ~HwaIppAlgoExecutor(), algo name: IppAlgoHwaAWB
2019-10-07 11:28:44.470 766-1294/? D/HwaIppAlgoExecutor: [3c6ca2b_64D] enter ~HwaIppAlgoExecutor(), algo name: ARkitFeatureTrackingDspAlgo
2019-10-07 11:28:44.470 766-1294/? D/HwaIppAlgoExeThread: [3c6ca2b_64D] enter destroy(), algo name: FNFaceDetect
2019-10-07 11:28:44.470 766-1294/? D/HwaIppAlgoExeThread: [3c6ca2b_64D] enter ~HwaIppAlgoExeThread(), algo name: FNFaceDetect
2019-10-07 11:28:44.470 766-1294/? D/FNFaceDetectAlgoProxy: [3c6ca2b_64D] enter ~FNFaceDetectAlgoProxy
2019-10-07 11:28:44.474 766-1294/? V/FNFaceDetectLibLoader: [3c6ca2b_64V] enter destroyInstance()
2019-10-07 11:28:44.474 766-1294/? I/DLibLoader: [3c6ca2b_64I] enter unloadSo(), mSoName=libFNFD.so
2019-10-07 11:28:44.474 766-1294/? V/FNFaceDetectLibLoader: [3c6ca2b_64V] enter unloadFuns()
2019-10-07 11:28:44.474 766-1294/? V/FNFaceDetectLibLoader: [3c6ca2b_64V] enter setFunsToDefault()
2019-10-07 11:28:44.474 766-1294/? V/FNFaceDetectLibLoader: [3c6ca2b_64V] enter ~FNFDLibLoader()
2019-10-07 11:28:44.474 766-1294/? I/DLibLoader: [3c6ca2b_64I] enter ~DLibLoader()
2019-10-07 11:28:44.474 766-1294/? I/DLibLoader: [3c6ca2b_64I] enter unloadSo(), mSoName=libFNFFD.so
2019-10-07 11:28:44.474 766-1294/? V/FNFaceDetectLibLoader: [3c6ca2b_64V] enter unloadFuns()
2019-10-07 11:28:44.474 766-1294/? V/FNFaceDetectLibLoader: [3c6ca2b_64V] enter setFunsToDefault()
2019-10-07 11:28:44.475 766-1294/? V/FNFaceDetectLibLoader: [3c6ca2b_64V] enter ~FNFFDLibLoader()
2019-10-07 11:28:44.475 766-1294/? I/DLibLoader: [3c6ca2b_64I] enter ~DLibLoader()
2019-10-07 11:28:44.475 766-1294/? V/FNFaceDetectLibLoader: [3c6ca2b_64V] enter destroyInstance()
2019-10-07 11:28:44.475 766-1294/? I/DLibLoader: [3c6ca2b_64I] enter unloadSo(), mSoName=libIPU12DriverUser.so
2019-10-07 11:28:44.475 766-1294/? V/FNFaceDetectLibLoader: [3c6ca2b_64V] enter unloadFuns()
2019-10-07 11:28:44.475 766-1294/? I/FNFaceDetectLibLoader: [3c6ca2b_64I] enter setFunsToDefault()
2019-10-07 11:28:44.475 766-1294/? V/FNFaceDetectLibLoader: [3c6ca2b_64V] enter ~FNIPU12LibLoader()
2019-10-07 11:28:44.475 766-1294/? I/DLibLoader: [3c6ca2b_64I] enter ~DLibLoader()
2019-10-07 11:28:44.475 766-1294/? E/FNFaceDetect: [3c6ca2b_64E] onDestroy fail. ai facedetection proxy!
2019-10-07 11:28:44.475 766-1294/? D/HwaIppAlgoExecutor: [3c6ca2b_64D] enter ~HwaIppAlgoExecutor(), algo name: FNFaceDetect
2019-10-07 11:28:44.475 766-1294/? D/HwaIppAlgoExeThread: [3c6ca2b_64D] enter destroy(), algo name: SceneDetection
2019-10-07 11:28:44.475 766-1294/? D/HwaIppAlgoExeThread: [3c6ca2b_64D] enter ~HwaIppAlgoExeThread(), algo name: SceneDetection
2019-10-07 11:28:44.475 766-1294/? D/SceneDetection: [3c6ca2b_64D] enter onDestroy()
2019-10-07 11:28:44.476 766-1294/? I/Tornado: ver 4.30, unInitialization success.
2019-10-07 11:28:44.476 766-1294/? I/DLibLoader: [3c6ca2b_64I] enter unloadSo(), mSoName=libscenedetection.so
2019-10-07 11:28:44.476 766-1294/? V/SceneDetectionLibLoader: [3c6ca2b_64V] enter unloadFuns()
2019-10-07 11:28:44.476 766-1294/? V/SceneDetectionLibLoader: [3c6ca2b_64V] enter setFunsToDefault()
2019-10-07 11:28:44.476 766-1294/? V/SceneDetectionLibLoader: [3c6ca2b_64V] enter ~SDLibLoader()
2019-10-07 11:28:44.476 766-1294/? I/DLibLoader: [3c6ca2b_64I] enter ~DLibLoader()
2019-10-07 11:28:44.476 766-1294/? I/SceneDetectionAlgoProxy: [3c6ca2b_64I] SceneDetectionAlgoProxy [~SceneDetectionAlgoProxy] destruction
2019-10-07 11:28:44.476 766-1294/? D/HwaIppAlgoExecutor: [3c6ca2b_64D] enter ~HwaIppAlgoExecutor(), algo name: SceneDetection
2019-10-07 11:28:44.476 766-1294/? D/SceneDetection: [3c6ca2b_64D] enter ~SceneDetection()
2019-10-07 11:28:44.476 766-1294/? D/HwaIppAlgoExecutor: [3c6ca2b_64D] enter ~HwaIppAlgoExecutor(), algo name: SmartAE
2019-10-07 11:28:44.476 766-1294/? D/IppAlgoSmartAE: [3c6ca2b_64D] enter ~IppAlgoSmartAE()
2019-10-07 11:28:44.476 766-1294/? D/IppAlgoSmartAE: [3c6ca2b_64D] enter onUnloadLibrary()
2019-10-07 11:28:44.476 766-1294/? E/IppAlgoSmartAE: [3c6ca2b_64E] onUnloadLibrary() mSmartAESoState is unloaded ,so we not Uninit it!
2019-10-07 11:28:44.476 766-1294/? D/SmartAEDLibLoader: [3c6ca2b_64D] enter ~SmartAEDLibLoader()
2019-10-07 11:28:44.476 766-1294/? I/DLibLoader: [3c6ca2b_64I] enter ~DLibLoader()
2019-10-07 11:28:44.476 766-1294/? D/HwaIppAlgoExeThread: [3c6ca2b_64D] enter destroy(), algo name: IppAlgoDM
2019-10-07 11:28:44.476 766-1294/? D/HwaIppAlgoExeThread: [3c6ca2b_64D] enter ~HwaIppAlgoExeThread(), algo name: IppAlgoDM
2019-10-07 11:28:44.476 766-1294/? D/IppAlgoDM: [3c6ca2b_64D] enter onDestroy()
2019-10-07 11:28:44.476 766-1294/? D/HwaIppAlgoExecutor: [3c6ca2b_64D] enter ~HwaIppAlgoExecutor(), algo name: IppAlgoDM
2019-10-07 11:28:44.476 766-1294/? D/HwaIppAlgoExecutor: [3c6ca2b_64D] enter ~HwaIppAlgoExecutor(), algo name: HwaDMapIpp
2019-10-07 11:28:44.476 766-1294/? I/HwaDMapIpp: [3c6ca2b_64I] enter ~HwaDMapIpp()
2019-10-07 11:28:44.476 766-1294/? V/DualDepthVideoCalcLib: [3c6ca2b_64V] enter ~DualDepthVideoCalcLib()
2019-10-07 11:28:44.476 766-1294/? I/DLibLoader: [3c6ca2b_64I] enter unloadSo(), mSoName=libdcamera_stream.so
2019-10-07 11:28:44.476 766-1294/? V/DualDepthVideoCalcLib: [3c6ca2b_64V] enter unloadFuns()
2019-10-07 11:28:44.476 766-1294/? V/DualDepthVideoCalcLib: [3c6ca2b_64V] enter setFunsToDefault()
2019-10-07 11:28:44.477 766-1294/? I/DLibLoader: [3c6ca2b_64I] enter ~DLibLoader()
2019-10-07 11:28:44.477 766-1294/? V/DualDepthVideoCalcLib: [3c6ca2b_64V] destroy DualDepthVideoCalcLib destroy ref=0
2019-10-07 11:28:44.477 766-1294/? D/HwaIppAlgoExeThread: [3c6ca2b_64D] enter destroy(), algo name: Misc
2019-10-07 11:28:44.477 766-1294/? D/HwaIppAlgoExeThread: [3c6ca2b_64D] enter ~HwaIppAlgoExeThread(), algo name: Misc
2019-10-07 11:28:44.477 766-1294/? D/Misc____: [3c6ca2b_64D] enter onDestroy()
2019-10-07 11:28:44.477 766-1294/? D/HwaIppAlgoExecutor: [3c6ca2b_64D] enter ~HwaIppAlgoExecutor(), algo name: Misc
2019-10-07 11:28:44.477 766-1294/? D/HwaIppAlgoExecutor: [3c6ca2b_64D] enter ~HwaIppAlgoExecutor(), algo name: BShutterTryAE
2019-10-07 11:28:44.477 766-1294/? D/HwaIppAlgoExeThread: [3c6ca2b_64D] enter destroy(), algo name: AssistAF
2019-10-07 11:28:44.477 766-1294/? D/HwaIppAlgoExeThread: [3c6ca2b_64D] enter ~HwaIppAlgoExeThread(), algo name: AssistAF
2019-10-07 11:28:44.477 766-1294/? D/AssistAF: [3c6ca2b_64D] enter onDestroy()
2019-10-07 11:28:44.477 766-1294/? D/HwaIppAlgoExecutor: [3c6ca2b_64D] enter ~HwaIppAlgoExecutor(), algo name: AssistAF
2019-10-07 11:28:44.477 766-1294/? D/AssistAF: [3c6ca2b_64D] enter ~AssistAF()
2019-10-07 11:28:44.477 766-1294/? D/HwaIppAlgoExeThread: [3c6ca2b_64D] enter destroy(), algo name: LaserMgr
2019-10-07 11:28:44.477 766-1294/? D/HwaIppAlgoExeThread: [3c6ca2b_64D] enter ~HwaIppAlgoExeThread(), algo name: LaserMgr
2019-10-07 11:28:44.477 766-1294/? I/LaserSelfCali: laser,laserSelfCali,deinitAlgo,0 0 0 0 0 0
2019-10-07 11:28:44.477 766-1294/? D/LaserMgrLibLoader: [3c6ca2b_64D] enter destroyInstance()
2019-10-07 11:28:44.477 766-1294/? D/LaserMgrLibLoader: [3c6ca2b_64D] enter setFunsToDefault()
2019-10-07 11:28:44.477 766-1294/? I/DLibLoader: [3c6ca2b_64I] enter unloadSo(), mSoName=libLaserSelfCali.so
2019-10-07 11:28:44.477 766-1294/? D/LaserMgrLibLoader: [3c6ca2b_64D] enter unloadFuns()
2019-10-07 11:28:44.477 766-1294/? D/LaserMgrLibLoader: [3c6ca2b_64D] enter ~LaserMgrLibLoader()
2019-10-07 11:28:44.477 766-1294/? I/DLibLoader: [3c6ca2b_64I] enter ~DLibLoader()
2019-10-07 11:28:44.477 766-1294/? D/HwaIppAlgoExecutor: [3c6ca2b_64D] enter ~HwaIppAlgoExecutor(), algo name: LaserMgr
2019-10-07 11:28:44.477 766-1294/? D/HwaIppAlgoExeThread: [3c6ca2b_64D] enter destroy(), algo name: IspEnhncAlgo
2019-10-07 11:28:44.477 766-1294/? D/HwaIppAlgoExeThread: [3c6ca2b_64D] enter ~HwaIppAlgoExeThread(), algo name: IspEnhncAlgo
2019-10-07 11:28:44.477 766-1294/? I/AntiBanding: ~AntiBanding() enter ~AntiBanding
2019-10-07 11:28:44.477 766-1294/? I/DLibLoader: [3c6ca2b_64I] enter unloadSo(), mSoName=libispenhnc.so
2019-10-07 11:28:44.477 766-1294/? I/DLibLoader: [3c6ca2b_64I] enter ~DLibLoader()
2019-10-07 11:28:44.477 766-1294/? D/HwaIppAlgoExecutor: [3c6ca2b_64D] enter ~HwaIppAlgoExecutor(), algo name: IspEnhncAlgo
2019-10-07 11:28:44.477 766-1294/? D/HwaIppAlgoExeThread: [3c6ca2b_64D] enter destroy(), algo name: MotionDetectionAlgo
2019-10-07 11:28:44.477 766-1294/? D/HwaIppAlgoExeThread: [3c6ca2b_64D] enter ~HwaIppAlgoExeThread(), algo name: MotionDetectionAlgo
2019-10-07 11:28:44.478 766-1294/? I/DLibLoader: [3c6ca2b_64I] enter unloadSo(), mSoName=libmotiondetect.so
2019-10-07 11:28:44.478 766-1294/? I/DLibLoader: [3c6ca2b_64I] enter ~DLibLoader()
2019-10-07 11:28:44.478 766-1294/? D/HwaIppAlgoExecutor: [3c6ca2b_64D] enter ~HwaIppAlgoExecutor(), algo name: MotionDetectionAlgo
2019-10-07 11:28:44.478 766-1294/? D/OisMgr: [3c6ca2b_64D] enter onDestroy()
2019-10-07 11:28:44.478 766-1294/? D/HwaIppAlgoExecutor: [3c6ca2b_64D] enter ~HwaIppAlgoExecutor(), algo name: OisMgr
2019-10-07 11:28:44.478 766-1294/? D/OisMgr: [3c6ca2b_64D] enter ~OisMgr()
2019-10-07 11:28:44.478 766-1294/? D/HwaIppAlgoExecutor: [3c6ca2b_64D] enter ~HwaIppAlgoExecutor(), algo name: AgeGender
2019-10-07 11:28:44.478 766-1294/? D/MultiScale: [3c6ca2b_64D] enter onDestroy()
2019-10-07 11:28:44.478 766-1294/? D/HwaIppAlgoExecutor: [3c6ca2b_64D] enter ~HwaIppAlgoExecutor(), algo name: MultiScale
2019-10-07 11:28:44.478 766-1294/? D/SenseMgr: [3c6ca2b_64D] enter onDestroy()
2019-10-07 11:28:44.478 766-1294/? D/HwaIppAlgoExecutor: [3c6ca2b_64D] enter ~HwaIppAlgoExecutor(), algo name: SenseMgr
2019-10-07 11:28:44.478 766-1294/? D/SenseMgr: [3c6ca2b_64D] enter ~SenseMgr()
2019-10-07 11:28:44.478 766-1294/? D/AfStatCalculate: [3c6ca2b_64D] enter onDestroy()
2019-10-07 11:28:44.478 766-1294/? I/afstat_calc: afstat_cal_uninit!
2019-10-07 11:28:44.478 766-1294/? D/AfStatCalculateLibLoader: [3c6ca2b_64D] enter destroyInstance()
2019-10-07 11:28:44.478 766-1294/? I/DLibLoader: [3c6ca2b_64I] enter unloadSo(), mSoName=libAfStatCalc.so
2019-10-07 11:28:44.478 766-1294/? D/AfStatCalculateLibLoader: [3c6ca2b_64D] enter unloadFuns()
2019-10-07 11:28:44.478 766-1294/? D/AfStatCalculateLibLoader: [3c6ca2b_64D] enter setFunsToDefault()
2019-10-07 11:28:44.478 766-1294/? D/AfStatCalculateLibLoader: [3c6ca2b_64D] enter ~AfStatCalculateLibLoader()
2019-10-07 11:28:44.478 766-1294/? I/DLibLoader: [3c6ca2b_64I] enter ~DLibLoader()
2019-10-07 11:28:44.478 766-1294/? D/HwaIppAlgoExecutor: [3c6ca2b_64D] enter ~HwaIppAlgoExecutor(), algo name: AfStatCalculate
2019-10-07 11:28:44.478 766-1294/? D/AfStatCalculate: [3c6ca2b_64D] enter ~AfStatCalculate()
2019-10-07 11:28:44.478 766-1294/? D/HwaIppAlgoExecutor: [3c6ca2b_64D] enter ~HwaIppAlgoExecutor(), algo name: ModeRecommendation
2019-10-07 11:28:44.478 766-1294/? I/MRMain: [3c6ca2b_64I] enter ~ModeRecommendation()
2019-10-07 11:28:44.479 766-1294/? D/HwaIppAlgoExecutor: [3c6ca2b_64D] enter ~HwaIppAlgoExecutor(), algo name: ObjectDetection
2019-10-07 11:28:44.479 766-1294/? I/ObjectDetection: [3c6ca2b_64I] enter ~ObjectDetection()
2019-10-07 11:28:44.479 766-1294/? D/HwaIppAlgoExeThread: [3c6ca2b_64D] enter destroy(), algo name: CIEProxy
2019-10-07 11:28:44.479 766-1294/? D/HwaIppAlgoExeThread: [3c6ca2b_64D] enter ~HwaIppAlgoExeThread(), algo name: CIEProxy
2019-10-07 11:28:44.479 766-1294/? D/CIEProxy: Enter CIEProxy::onDestroy
2019-10-07 11:28:44.479 766-1294/? I/CIEProxy: CIEProxyLibLoaderMgr::getFunction::find CIEDestory in lib /vendor/lib64/libcie.so successfully.
2019-10-07 11:28:44.479 766-1294/? I/cie: Enter CIE::~CIE
2019-10-07 11:28:44.479 766-1294/? I/cie: Enter AiEngineObjectDetection::~ObjectDetectionAlgo
2019-10-07 11:28:44.479 766-1294/? I/cie: Enter SceneRecognition::~SceneRecognition
2019-10-07 11:28:44.479 766-1294/? I/cie: SceneStabilization::~SceneStabilization:: Exit!
2019-10-07 11:28:44.479 766-1294/? I/cie: Enter FoodRecognition::~FoodRecognition
2019-10-07 11:28:44.479 766-1294/? I/cie: Enter HiTracking::~HiTracking
2019-10-07 11:28:44.479 766-1294/? I/cie: Enter FaceStoryAlgo::~FaceStoryAlgo
2019-10-07 11:28:44.479 766-1294/? I/cie: PublicBufMgr::~PublicBufMgr
2019-10-07 11:28:44.479 766-1294/? D/CIEProxy: Leave CIEProxy::onDestroy
2019-10-07 11:28:44.479 766-1294/? I/MemPoolMonitor: [3c6ca2b_64I] HwCamMem enter checkMemChunkLeak(), allocateType=1
2019-10-07 11:28:44.479 766-1294/? I/MemPoolMonitor: [3c6ca2b_64I] HwCamMem exit checkMemChunkLeak(), allocateType=1, isMemLeaked=0
2019-10-07 11:28:44.479 766-1294/? D/HwaIppAlgoExecutor: [3c6ca2b_64D] enter ~HwaIppAlgoExecutor(), algo name: CIEProxy
2019-10-07 11:28:44.479 766-1294/? D/CIEProxy: Enter CIEProxy::~CIEProxy
2019-10-07 11:28:44.479 766-1294/? I/CIEProxy: CIEProxyLibLoaderMgr::unLoadCIELib::dlclose lib /vendor/lib64/libcie.so successfully.
2019-10-07 11:28:44.479 766-1294/? I/HwaStatInfo: [3c6ca2b_64I] enter uninitialize()
2019-10-07 11:28:44.479 766-1294/? D/HwaIppPluginImpl: [3c6ca2b_64D] FRMC_ this=0x7ec0ae5000, ipptype=0, exit  destroy()
2019-10-07 11:28:44.479 766-1294/? D/IppAlgo: [HWA_CAM3]FRMC_ this=0x7ec0b26fa0, ipptype=0, name=StatIpp, exit destroyPlugin()
2019-10-07 11:28:44.479 766-1294/? D/IppAlgo: [HWA_CAM3]FRMC_ this=0x7ec0b27718, ipptype=4096, name=DmapIpp, enter destroyPlugin()
2019-10-07 11:28:44.479 766-1294/? D/HwaIppPluginImpl: [3c6ca2b_64D] FRMC_ this=0x7ec0b33000, ipptype=4096, enter destroy()
2019-10-07 11:28:44.479 766-1294/? D/HwaIppPluginImpl: [3c6ca2b_64D] FRMC_ this=0x7ec0b33000, ipptype=4096, exit  destroy()
2019-10-07 11:28:44.479 766-1294/? D/IppAlgo: [HWA_CAM3]FRMC_ this=0x7ec0b27718, ipptype=4096, name=DmapIpp, exit destroyPlugin()
2019-10-07 11:28:44.479 766-1294/? D/IppAlgo: [HWA_CAM3]FRMC_ this=0x7ec0b28540, ipptype=1, name=TofIpp, enter destroyPlugin()
2019-10-07 11:28:44.479 766-1294/? D/HwaIppPluginImpl: [3c6ca2b_64D] FRMC_ this=0x7ec0b3c000, ipptype=1, enter destroy()
2019-10-07 11:28:44.479 766-1294/? D/HwaIppPluginImpl: [3c6ca2b_64D] FRMC_ this=0x7ec0b3c000, ipptype=1, exit  destroy()
2019-10-07 11:28:44.479 766-1294/? D/IppAlgo: [HWA_CAM3]FRMC_ this=0x7ec0b28540, ipptype=1, name=TofIpp, exit destroyPlugin()
2019-10-07 11:28:44.479 766-1294/? D/IppAlgo: [HWA_CAM3]FRMC_ this=0x7ec0b288f0, ipptype=4096, name=PreviewVideoIpp, enter destroyPlugin()
2019-10-07 11:28:44.479 766-1294/? D/HwaIppPluginImpl: [3c6ca2b_64D] FRMC_ this=0x7ec0b3d800, ipptype=65536, enter destroy()
2019-10-07 11:28:44.479 766-1294/? D/HwaIppPluginImpl: [3c6ca2b_64D] FRMC_ this=0x7ec0b3d800, ipptype=65536, exit  destroy()
2019-10-07 11:28:44.479 766-1294/? D/IppAlgo: [HWA_CAM3]FRMC_ this=0x7ec0b288f0, ipptype=4096, name=PreviewVideoIpp, exit destroyPlugin()
2019-10-07 11:28:44.479 766-1294/? D/IppAlgo: [HWA_CAM3]FRMC_ this=0x7ec0b28cb0, ipptype=4096, name=RecordVideoIpp, enter destroyPlugin()
2019-10-07 11:28:44.479 766-1294/? D/HwaIppPluginImpl: [3c6ca2b_64D] FRMC_ this=0x7ec0b3f000, ipptype=131072, enter destroy()
2019-10-07 11:28:44.479 766-1294/? D/HwaIppPluginImpl: [3c6ca2b_64D] FRMC_ this=0x7ec0b3f000, ipptype=131072, exit  destroy()
2019-10-07 11:28:44.479 766-1294/? D/IppAlgo: [HWA_CAM3]FRMC_ this=0x7ec0b28cb0, ipptype=4096, name=RecordVideoIpp, exit destroyPlugin()
2019-10-07 11:28:44.479 766-1294/? D/PpAlgo: [HWA_CAM3]algo=PostPp KEY_CA_CAM3 SNAP enter notifyCameraClose snapShotId=0
2019-10-07 11:28:44.479 766-1294/? D/HwaPPExecuter: [3c6ca2b_64D] SNAP ALGO enter notifyCameraClose
2019-10-07 11:28:44.479 766-1294/? D/EventCallbackImpl: [HWA_CAM3]enter notifyStopPostProc()
2019-10-07 11:28:44.479 766-1294/? D/PpAlgo: [HWA_CAM3]algo=ForePp KEY_CA_CAM3 SNAP enter notifyFpCameraClose snapShotId=0
2019-10-07 11:28:44.479 766-1294/? D/AlgoFilterManager: [HWA_CAM3]KEY_CA_CAM3 exit destroyPlugin, mPipeLineId=8, mIsPlugInCreated=0
2019-10-07 11:28:44.479 766-1294/? D/ImagingSystem: STAGELIFECTRL end to detach every StageBase, pipelineId=20
2019-10-07 11:28:44.529 768-796/? D/AwareLog: iawared: WorkingsetProcessCommand subCmd = 357, userId=10306, pid=17184, com.virobugs
2019-10-07 11:28:44.530 768-796/? D/AwareLog: iawared: WorkingsetPauseCollect com.virobugs
2019-10-07 11:28:44.573 3497-3512/? I/earchbox:searc: Background concurrent copying GC freed 82798(3MB) AllocSpace objects, 1(20KB) LOS objects, 49% free, 13MB/27MB, paused 227us total 130.092ms
2019-10-07 11:28:44.636 609-1214/? D/asd_primary_out: L[0],R[0], continus 20 times!
2019-10-07 11:28:44.745 609-1250/? I/audio_hw_primary: usb_ext_get_parameters: check show hires (false)
2019-10-07 11:28:44.745 648-15874/? I/hash_map_utils: key: 'typec_need_show_hires' value: ''
2019-10-07 11:28:44.745 648-15874/? I/bt_a2dp_hw: adev_get_parameters: audio a2dp receive kvpairs typec_need_show_hires ,but need not handle
2019-10-07 11:28:44.745 1110-1631/? I/HwAudioServiceEx: check HiRes Icon false
2019-10-07 11:28:44.746 1110-1631/? W/ActivityManager: Sending non-protected broadcast huawei.intent.action.hideHiResIcon from system 1110:system/1000 pkg android
2019-10-07 11:28:44.746 1110-1631/? W/ActivityManager: Sending non-protected broadcast huawei.intent.action.hideHiResIcon from system 1110:system/1000 pkg android
2019-10-07 11:28:44.764 628-684/? I/PF_FREQ_GRP: [recordLimitCmd:59] [GPU] start limit freq 237143000 ~ 332000000
2019-10-07 11:28:44.764 628-684/? W/PF_SYS_WRAPPER: [sysOpenAndWriteStr:83] [GPU] 332000000 write to /sys/class/devfreq/gpufreq/max_freq failed, errno=22 (Invalid argument)
2019-10-07 11:28:44.764 628-683/? I/PF_FREQ_GRP: [recordLimitCmd:59] [CPU_B] start limit freq 682000 ~ 1863000
2019-10-07 11:28:44.764 628-683/? W/PF_SYS_WRAPPER: [sysOpenAndWriteStr:83] [CPU_B] 1863000 write to /sys/devices/system/cpu/cpu4/cpufreq/scaling_max_freq failed, errno=22 (Invalid argument)
2019-10-07 11:28:44.835 1110-1110/? I/HwNormalizedSpline: DayMode:getBrightnessLevel lux =49.0, mDefaultBrightnessFromLux =37.06949
2019-10-07 11:28:44.895 628-683/? I/PF_FREQ_GRP: [recordLimitCmd:65] [CPU_B] end limit freq 1364000 ~ 2362000
2019-10-07 11:28:44.914 1995-2147/? W/OpenGLRenderer: Incorrectly called buildLayer on View: ShortcutAndWidgetContainer, destroying layer...
2019-10-07 11:28:44.914 1995-2147/? W/OpenGLRenderer: Incorrectly called buildLayer on View: ShortcutAndWidgetContainer, destroying layer...
2019-10-07 11:28:44.917 599-2170/? I/GRALLOC: getCallingPid=650, shrFd=32,fmt=0x1,intFmt=0x200000001,btStrd=4352,size=9973760,pid=599
    	 yuv=2,w=1080,h=2244,Stride u=0 v=0,offset u=0 v=0
    	 iova_size=9973760,conUsg=0xb00,proUsg=0xb00,	 strd=1088,[afbc]HdrStrd=1088 PyldStrd=69632 Scrmbl=2,ionhnd = 1
