2019-10-07 17:58:12.158 29213-29227/? D/ContentProvider: openAssetFile
2019-10-07 17:58:12.162 29213-29227/? D/ContentProvider: openAssetFile
2019-10-07 17:58:12.164 749-3370/? I/CameraLatencyHistogram: Stream 0 dequeueBuffer latency histogram (877) samples:
2019-10-07 17:58:12.164 749-3370/? I/CameraLatencyHistogram:         5     10     15     20     25     30     35     40     45    inf (max ms)
2019-10-07 17:58:12.164 749-3370/? I/CameraLatencyHistogram:      97.95   0.57   0.34   0.11   0.23   0.57   0.11   0.11   0.00   0.00 (%)
2019-10-07 17:58:12.169 749-3370/? I/Camera3-Stream: ~Camera3Stream(), destruct stream 0xee35b480, 1440 x 1080, format: 0x22
2019-10-07 17:58:12.169 749-3370/? I/Camera3-OutputStream: disconnectLocked: disconnecting stream 1 from native window, for stream 0xee5bdf80
2019-10-07 17:58:12.171 749-3370/? I/CameraLatencyHistogram: Stream 1 dequeueBuffer latency histogram (877) samples:
2019-10-07 17:58:12.171 29213-29227/? D/ContentProvider: openAssetFile
2019-10-07 17:58:12.172 749-3370/? I/CameraLatencyHistogram:         5     10     15     20     25     30     35     40     45    inf (max ms)
2019-10-07 17:58:12.172 749-3370/? I/CameraLatencyHistogram:      99.66   0.23   0.00   0.00   0.11   0.00   0.00   0.00   0.00   0.00 (%)
2019-10-07 17:58:12.172 749-3370/? I/Camera3-Stream: ~Camera3Stream(), destruct stream 0xee5bdf80, 640 x 480, format: 0x23
2019-10-07 17:58:12.172 749-3370/? I/Camera3-Device: disconnect: X
2019-10-07 17:58:12.172 749-3370/? I/Camera3-Device: disconnect: E
2019-10-07 17:58:12.172 749-3370/? I/Camera3-Device: disconnect: X, device has been disconnected before.
2019-10-07 17:58:12.173 766-1294/? I/LaserManager: powerDown: enter.
2019-10-07 17:58:12.173 766-1294/? I/LaserManager: stopDevice(2237) stopDevice async=0 m_state4StartLaser=stop
2019-10-07 17:58:12.173 766-1294/? I/LaserManager: stopDevice(2256): laser stopped
2019-10-07 17:58:12.173 766-1294/? I/LaserManager: laserInAPSupported(398): Laser is in AP.
2019-10-07 17:58:12.174 29213-29227/? D/ContentProvider: openAssetFile
2019-10-07 17:58:12.175 766-1294/? I/LaserManager: dlopen callFunc[vl53l1_daemon_deinit]
2019-10-07 17:58:12.177 1956-2062/? I/AppManager: handleVideoRecord, add: false, pid: , uid: 10314, type: 1
2019-10-07 17:58:12.180 749-3370/? I/HwCameraServiceEx: disconnect: Disconnected client for camera 0 for PID 26614
2019-10-07 17:58:12.180 766-1294/? I/VL53L1_DRVIER: Daemon_deinit rc = 0
2019-10-07 17:58:12.180 766-28209/? I/VL53L1_DRVIER: got exit message. exit...
2019-10-07 17:58:12.180 766-28209/? I/VL53L1_DRVIER: exit running...
2019-10-07 17:58:12.180 766-1294/? I/VL53L1_DRVIER: close pipe[0]
2019-10-07 17:58:12.180 766-1294/? I/VL53L1_DRVIER: close pipe[1]
2019-10-07 17:58:12.181 766-1294/? I/VL53L1_DRVIER: Close Socket
2019-10-07 17:58:12.181 766-1294/? I/VL53L1_DRVIER: free nlh_msg_rcv
2019-10-07 17:58:12.181 766-1294/? I/VL53L1_DRVIER: free nlh_msg_snd
2019-10-07 17:58:12.181 766-1294/? I/LaserManager: dlopen unload so[/odm/lib64/vl53l1_driver.so]--
2019-10-07 17:58:12.182 766-1294/? I/SensorManager: powerDown(526, 0x7f4fe7af80): enter
2019-10-07 17:58:12.185 29213-29227/? D/ContentProvider: openAssetFile
2019-10-07 17:58:12.187 1110-1603/? D/HiDATA_HiStream: onCameraAvailable cameraId = 0
2019-10-07 17:58:12.188 29117-29136/? W/System: A resource failed to call close.
2019-10-07 17:58:12.188 752-828/? E/dubaid: [CameraHandler.cpp] handleOnDisconnected# Invalid tag: 4
2019-10-07 17:58:12.192 29213-29227/? D/ContentProvider: openAssetFile
2019-10-07 17:58:12.195 1956-2062/? D/ScenarioService: camera end : com.virobugs, last: com.virobugs, pkgs: {com.virobugs=29675760}
2019-10-07 17:58:12.196 3407-9392/? D/NfcNci:HwCustNfcService: isIWareCalling Calling UID = 1047
2019-10-07 17:58:12.196 3407-9392/? I/NfcNci:HwCustNfcService: enablePolling
2019-10-07 17:58:12.196 779-905/? I/Sensors@1.0-impl: activate-7 enabled-0 fwkOals-1 camOals-1 fwkOcolor-1 camOcolor-1 fwkOtof-0 camOtof-0
2019-10-07 17:58:12.196 779-905/? D/SensorHub: enableSensor-> handle: 7 enable : 0
2019-10-07 17:58:12.196 779-905/? D/SensorHub: Channel activate-> handle: 7, enabled:0, err: 0
2019-10-07 17:58:12.197 779-779/? D/SensorHub: batch called handle:0 sample_ns:66667000 latency_ns:0
2019-10-07 17:58:12.197 779-779/? D/SensorHub: in batch, handle = 0, flags = 0, period_ns = 66667000, timeout = 0
2019-10-07 17:58:12.198 1956-2395/? I/PGServer: report state:10019 event type:1 pid:0 uid:0 pkg:com.virobugs to pid: 1956
2019-10-07 17:58:12.198 779-779/? I/Sensors@1.0-impl: activate-5 enabled-0 fwkOals-1 camOals-1 fwkOcolor-1 camOcolor-1 fwkOtof-0 camOtof-0
2019-10-07 17:58:12.198 779-779/? D/SensorHub: enableSensor-> handle: 5 enable : 0
2019-10-07 17:58:12.199 1110-2815/? I/AppEyeSocketThread: connecting socket: ZRHungServer
2019-10-07 17:58:12.199 779-779/? D/SensorHub: Channel activate-> handle: 5, enabled:0, err: 0
2019-10-07 17:58:12.200 29213-29227/? D/ContentProvider: openAssetFile
2019-10-07 17:58:12.200 779-905/? I/Sensors@1.0-impl: activate-2 enabled-0 fwkOals-1 camOals-1 fwkOcolor-1 camOcolor-1 fwkOtof-0 camOtof-0
2019-10-07 17:58:12.200 779-905/? D/SensorHub: enableSensor-> handle: 2 enable : 0
2019-10-07 17:58:12.200 749-3370/? I/Camera2ClientBase: Camera 0: Opened. Client:  (PID 26614, UID 10314)
2019-10-07 17:58:12.200 609-1214/? D/asd_primary_out: L[0],R[0], continus 20 times!
2019-10-07 17:58:12.201 3407-29237/? E/NfcNci:HwCustNfcService: applyRouting -1.1
2019-10-07 17:58:12.202 749-3370/? I/HwPerformEx: HwPerformEx(0xee585e20), camera 0.
2019-10-07 17:58:12.202 749-3370/? I/CameraDeviceClient: CameraDeviceClient 0: Opened
2019-10-07 17:58:12.202 749-3370/? I/HwCameraServiceEx: connectHelper(), make client for ''.
2019-10-07 17:58:12.202 779-905/? D/SensorHub: Channel activate-> handle: 2, enabled:0, err: 0
2019-10-07 17:58:12.203 779-779/? I/Sensors@1.0-impl: alsActivate-3 enabled-0 fwkOals-1 camOals-1
2019-10-07 17:58:12.203 766-1294/? I/FlickerSensorImpl: disableSensor: already disabled
2019-10-07 17:58:12.203 779-779/? I/Sensors@1.0-impl: colorActivate-26 enabled-0, fwkOcolor-1 camOcolor-1
2019-10-07 17:58:12.203 766-1294/? I/FLashDevice: TurnOff enter, fd=44.
2019-10-07 17:58:12.204 766-1294/? I/LCDInfoProcess: enter stop()
2019-10-07 17:58:12.204 766-1294/? I/SensorClusterImpl: disableSensor: sensor[10] already disabled
2019-10-07 17:58:12.204 766-1294/? I/SensorClusterImpl: disableSensor: sensor[1] already disabled
2019-10-07 17:58:12.204 766-1294/? I/SensorClusterImpl: disableSensor: sensor[4] already disabled
2019-10-07 17:58:12.204 766-1294/? I/SensorClusterImpl: disableSensor: sensor[3] already disabled
2019-10-07 17:58:12.204 766-1294/? I/SensorManager: powerDownDone(586, 0x7f4fe7af80): enter
2019-10-07 17:58:12.204 749-3370/? I/HwCameraServiceEx: onTorchStatusChangedLocked: Torch status changed for cameraId=0, newStatus=0
2019-10-07 17:58:12.205 1709-2500/? D/FlashlightController: dispatchAvailabilityChanged(false)
2019-10-07 17:58:12.206 1110-1603/? D/HiDATA_HiStream: onCameraUnavailable cameraId = 0
2019-10-07 17:58:12.206 766-1294/? I/160Manager: deinitMemoryPool
2019-10-07 17:58:12.206 1709-1927/? I/ToolBoxView: updateFlashlightViewInner:isAvailablefalse;isEnabledfalse;lightControllercom.android.systemui.statusbar.policy.FlashlightController@a466ac
2019-10-07 17:58:12.207 1709-1709/? I/ColorPickUitls: type = 2
2019-10-07 17:58:12.208 29213-29227/? D/ContentProvider: openAssetFile
2019-10-07 17:58:12.209 766-1294/? I/HISP160ShareMemoryPoolManager: deinitMemoryPool enter
2019-10-07 17:58:12.211 29213-29227/? D/ContentProvider: openAssetFile
2019-10-07 17:58:12.211 766-906/? I/ServerTranslator: open: enter
2019-10-07 17:58:12.211 766-906/? I/CfgServer: open: open device (/dev/video20)
2019-10-07 17:58:12.212 766-906/? D/HwaPerfRecorderImpl: [HWA_CAM3]enter perfInitialize(), id(0):rear camera
2019-10-07 17:58:12.212 766-906/? I/CPipelineTranslator: CPipelineTranslator: ctor instance[0x7f4ff2b738].
2019-10-07 17:58:12.213 766-1294/? I/160Manager: ispCpuPowerOff
2019-10-07 17:58:12.215 766-1294/? I/HispManager: powerDown: isp power down. pl:0x7ec0bba800
2019-10-07 17:58:12.215 766-1294/? I/HispManager: #Camera# [1]> CHISPManager::powerDown
2019-10-07 17:58:12.215 29213-29227/? D/ContentProvider: openAssetFile
2019-10-07 17:58:12.217 749-3370/? I/CameraProviderManager: Camera device device@3.4/legacy/0 torch status is now NOT_AVAILABLE
2019-10-07 17:58:12.217 749-3370/? I/HwCameraServiceEx: onTorchStatusChangedLocked: Torch status changed for cameraId=0, newStatus=0
2019-10-07 17:58:12.218 766-1294/? I/HispManager: #Camera# [1]< CHISPManager::powerDown
2019-10-07 17:58:12.218 766-1294/? I/HispManager: powerDownDone: enter.
2019-10-07 17:58:12.218 766-1294/? I/ImagingSystem: #Camera# [5860999309]< ImagingSystem_powerDown
2019-10-07 17:58:12.218 766-1294/? I/ImagingSystem: doDeallocate4Idle(0x7f4fe43040) m_listIdle.size(54) m_listBusy.size(10) m_rgBuffer.size(64)
2019-10-07 17:58:12.221 766-1294/? I/ImagingSystem: doDeallocate4Idle(0x7f4fe43040) m_rgBuffer.size(10)
2019-10-07 17:58:12.221 29213-29227/? D/ContentProvider: openAssetFile
2019-10-07 17:58:12.221 766-1294/? I/ImagingSystem: doDeallocate4Idle(0x7f4fe43040) m_listIdle.size(1) m_listBusy.size(9) m_rgBuffer.size(10)
2019-10-07 17:58:12.221 766-1294/? I/ImagingSystem: doDeallocate4Idle(0x7f4fe43040) m_rgBuffer.size(9)
2019-10-07 17:58:12.221 766-1294/? I/ImagingSystem: doDeallocate4Idle(0x7f4fe43040) m_listIdle.size(1) m_listBusy.size(8) m_rgBuffer.size(9)
2019-10-07 17:58:12.221 766-1294/? I/ImagingSystem: doDeallocate4Idle(0x7f4fe43040) m_rgBuffer.size(8)
2019-10-07 17:58:12.221 766-1294/? I/ImagingSystem: doDeallocate4Idle(0x7f4fe43040) m_listIdle.size(1) m_listBusy.size(7) m_rgBuffer.size(8)
2019-10-07 17:58:12.221 766-1294/? I/ImagingSystem: doDeallocate4Idle(0x7f4fe43040) m_rgBuffer.size(7)
2019-10-07 17:58:12.221 766-1294/? I/ImagingSystem: doDeallocate4Idle(0x7f4fe43040) m_listIdle.size(1) m_listBusy.size(6) m_rgBuffer.size(7)
2019-10-07 17:58:12.221 766-1294/? I/ImagingSystem: doDeallocate4Idle(0x7f4fe43040) m_rgBuffer.size(6)
2019-10-07 17:58:12.221 766-1294/? I/ImagingSystem: doDeallocate4Idle(0x7f4fe43040) m_listIdle.size(1) m_listBusy.size(5) m_rgBuffer.size(6)
2019-10-07 17:58:12.221 766-1294/? I/ImagingSystem: doDeallocate4Idle(0x7f4fe43040) m_rgBuffer.size(5)
2019-10-07 17:58:12.222 766-1294/? I/ImagingSystem: doDeallocate4Idle(0x7f4fe43040) m_listIdle.size(1) m_listBusy.size(4) m_rgBuffer.size(5)
2019-10-07 17:58:12.222 766-1294/? I/ImagingSystem: doDeallocate4Idle(0x7f4fe43040) m_rgBuffer.size(4)
2019-10-07 17:58:12.222 766-1294/? I/ImagingSystem: doDeallocate4Idle(0x7f4fe43040) m_listIdle.size(1) m_listBusy.size(3) m_rgBuffer.size(4)
2019-10-07 17:58:12.222 766-1294/? I/ImagingSystem: doDeallocate4Idle(0x7f4fe43040) m_rgBuffer.size(3)
2019-10-07 17:58:12.222 766-1294/? I/ImagingSystem: doDeallocate4Idle(0x7f4fe43040) m_listIdle.size(1) m_listBusy.size(2) m_rgBuffer.size(3)
2019-10-07 17:58:12.222 766-1294/? I/ImagingSystem: doDeallocate4Idle(0x7f4fe43040) m_rgBuffer.size(2)
2019-10-07 17:58:12.222 766-1294/? I/ImagingSystem: doDeallocate4Idle(0x7f4fe43040) m_listIdle.size(1) m_listBusy.size(1) m_rgBuffer.size(2)
2019-10-07 17:58:12.223 766-1294/? I/ImagingSystem: doDeallocate4Idle(0x7f4fe43040) m_rgBuffer.size(1)
2019-10-07 17:58:12.223 766-1294/? I/ImagingSystem: doDeallocate4Idle(0x7f4fe43040) m_listIdle.size(1) m_listBusy.size(0) m_rgBuffer.size(1)
2019-10-07 17:58:12.223 766-1294/? I/ImagingSystem: doDeallocate4Idle(0x7f4fe43040) m_rgBuffer.size(0)
2019-10-07 17:58:12.223 766-1294/? D/ImagingSystem: STAGELIFECTRL start to detach every StageBase, pipelineId=20
2019-10-07 17:58:12.223 766-1294/? D/AlgoFilterStage: [HWA_CAM3]STAGELIFECTRL enter detach(), pipeline id=8
2019-10-07 17:58:12.223 766-1294/? D/AlgoFilterManager: [HWA_CAM3]KEY_CA_CAM3 enter destroyPlugin, mPipeLineId=8, mIsPlugInCreated=1
2019-10-07 17:58:12.223 766-1294/? D/IppAlgo: [HWA_CAM3]FRMC_ this=0x7ec0b27360, ipptype=256, name=PostIpp, enter destroyPlugin()
2019-10-07 17:58:12.223 766-1294/? D/HwaIppPluginImpl: [3c6ca2b_64D] FRMC_ this=0x7ec0ae6800, ipptype=256, enter destroy()
2019-10-07 17:58:12.223 766-1294/? D/HwaIppAlgoExecutor: [3c6ca2b_64D] enter ~HwaIppAlgoExecutor(), algo name: DmapSdkDepthIppAlgo
2019-10-07 17:58:12.224 766-1294/? D/DmapSdkDepthIppAlgo: [3c6ca2b_64D] enter ~DmapSdkDepthIppAlgo()
2019-10-07 17:58:12.224 766-1294/? D/HwaIppAlgoExecutor: [3c6ca2b_64D] enter ~HwaIppAlgoExecutor(), algo name: VidHance
2019-10-07 17:58:12.224 766-1294/? D/VidHance: [3c6ca2b_64D] enter ~VidHance()
2019-10-07 17:58:12.224 766-1294/? D/HwaIppAlgoExeThread: [3c6ca2b_64D] enter destroy(), algo name: VideoBokehDspAlgo
2019-10-07 17:58:12.224 766-1294/? D/HwaIppAlgoExeThread: [3c6ca2b_64D] enter ~HwaIppAlgoExeThread(), algo name: VideoBokehDspAlgo
2019-10-07 17:58:12.224 766-1294/? D/HwaIppAlgoExeParallel: [3c6ca2b_64D] enter ~HwaIppAlgoExeParallel(), algo name: VideoBokehDspAlgo
2019-10-07 17:58:12.224 766-1294/? D/HwaIppAlgoExecutor: [3c6ca2b_64D] enter ~HwaIppAlgoExecutor(), algo name: VideoBokehDspAlgo
2019-10-07 17:58:12.224 766-1294/? D/HwaIppAlgoExecutor: [3c6ca2b_64D] enter ~HwaIppAlgoExecutor(), algo name: casioBeautyIpp
2019-10-07 17:58:12.225 766-1294/? D/casioBeautyIpp: [3c6ca2b_64D] enter ~casioBeautyIpp()
2019-10-07 17:58:12.225 766-1294/? D/HwaIppAlgoExecutor: [3c6ca2b_64D] enter ~HwaIppAlgoExecutor(), algo name: MirrorDenoise
2019-10-07 17:58:12.225 766-1294/? D/MirrorDenoise: [3c6ca2b_64D] enter ~MirrorDenoise()
2019-10-07 17:58:12.225 766-1294/? D/HwaIppAlgoExecutor: [3c6ca2b_64D] enter ~HwaIppAlgoExecutor(), algo name: ColorEffect
2019-10-07 17:58:12.225 766-1294/? D/ColorEffect: [3c6ca2b_64D] enter ~ColorEffect()
2019-10-07 17:58:12.225 766-1294/? D/HwaIppAlgoExecutor: [3c6ca2b_64D] enter ~HwaIppAlgoExecutor(), algo name: NiceFoodIppAlgo
2019-10-07 17:58:12.225 766-1294/? D/NiceFoodIppAlgo: [3c6ca2b_64D] enter ~NiceFoodIppAlgo()
2019-10-07 17:58:12.225 766-1294/? D/HwaIppAlgoExecutor: [3c6ca2b_64D] enter ~HwaIppAlgoExecutor(), algo name: HwBeautyIpp
2019-10-07 17:58:12.225 766-1294/? D/HwBeautyIpp: [3c6ca2b_64D] enter ~HwBeautyIpp()
2019-10-07 17:58:12.225 766-1294/? D/HwaIppAlgoExecutor: [3c6ca2b_64D] enter ~HwaIppAlgoExecutor(), algo name: FrontBokehAlgo
2019-10-07 17:58:12.225 766-1294/? D/HwaIppAlgoExecutor: [3c6ca2b_64D] enter ~HwaIppAlgoExecutor(), algo name: SuperVideo
2019-10-07 17:58:12.225 766-1294/? I/DLibLoader: [3c6ca2b_64I] enter ~DLibLoader()
2019-10-07 17:58:12.226 766-1294/? D/HwaIppAlgoExecutor: [3c6ca2b_64D] enter ~HwaIppAlgoExecutor(), algo name: SmartBeautyIpp
2019-10-07 17:58:12.226 766-1294/? D/SmartBeautyIpp: [3c6ca2b_64D] enter ~SmartBeautyIpp()
2019-10-07 17:58:12.226 766-1294/? D/HwaIppAlgoExecutor: [3c6ca2b_64D] enter ~HwaIppAlgoExecutor(), algo name: FairLightIpp
2019-10-07 17:58:12.226 766-1294/? D/FairLight: [3c6ca2b_64D] enter ~FairLightIpp()
2019-10-07 17:58:12.226 766-1294/? I/ObjectDetectionDraw: [3c6ca2b_64I] enter onDestroy()
2019-10-07 17:58:12.227 749-3370/? I/HwPerformEx: setInfo(0xee585e20)
2019-10-07 17:58:12.227 749-3370/? I/HwPerformEx: setInfo(), get vendor tag id: 3854507339.
2019-10-07 17:58:12.227 749-3370/? I/HwName2Tag: createInstance()
2019-10-07 17:58:12.227 749-3370/? I/HwName2Tag: ~HwName2Tag(0xee998150)
2019-10-07 17:58:12.227 749-3370/? I/HwName2Tag: HwName2Tag(0xee998150), vendor tag id: 3854507339.
2019-10-07 17:58:12.228 766-1294/? D/HwaIppAlgoExecutor: [3c6ca2b_64D] enter ~HwaIppAlgoExecutor(), algo name: ObjectDetectionDraw
2019-10-07 17:58:12.228 766-1294/? D/HwaIppPluginImpl: [3c6ca2b_64D] FRMC_ this=0x7ec0ae6800, ipptype=256, exit  destroy()
2019-10-07 17:58:12.229 766-1294/? D/IppAlgo: [HWA_CAM3]FRMC_ this=0x7ec0b27360, ipptype=256, name=PostIpp, exit destroyPlugin()
2019-10-07 17:58:12.229 766-1294/? D/IppAlgo: [HWA_CAM3]FRMC_ this=0x7ec0b26fa0, ipptype=0, name=StatIpp, enter destroyPlugin()
2019-10-07 17:58:12.229 766-1294/? D/HwaIppPluginImpl: [3c6ca2b_64D] FRMC_ this=0x7ec0ae5000, ipptype=0, enter destroy()
2019-10-07 17:58:12.229 766-1294/? D/HwaIppAlgoExecutor: [3c6ca2b_64D] enter ~HwaIppAlgoExecutor(), algo name: IppAlgoHwaAWB
2019-10-07 17:58:12.229 766-1294/? D/HwaIppAlgoExecutor: [3c6ca2b_64D] enter ~HwaIppAlgoExecutor(), algo name: ARkitFeatureTrackingDspAlgo
2019-10-07 17:58:12.229 766-1294/? D/HwaIppAlgoExeThread: [3c6ca2b_64D] enter destroy(), algo name: FNFaceDetect
2019-10-07 17:58:12.229 766-1294/? D/HwaIppAlgoExeThread: [3c6ca2b_64D] enter ~HwaIppAlgoExeThread(), algo name: FNFaceDetect
2019-10-07 17:58:12.229 766-1294/? D/FNFaceDetectAlgoProxy: [3c6ca2b_64D] enter ~FNFaceDetectAlgoProxy
2019-10-07 17:58:12.229 749-3370/? I/HwCameraServiceEx: NFC polling true
2019-10-07 17:58:12.229 752-828/? E/dubaid: [DubaiUtils.h] parseMessage# Value of this tag(name=) is blank
2019-10-07 17:58:12.229 752-828/? E/dubaid: [CameraHandler.cpp] saveConnectParams# Failed to parse name: -2
2019-10-07 17:58:12.229 752-828/? E/dubaid: [CameraHandler.cpp] handleOnDisconnected# Failed to save connect message parameter: -19
2019-10-07 17:58:12.229 29213-29227/? D/ContentProvider: openAssetFile
2019-10-07 17:58:12.230 1956-2062/? I/AppManager: handleVideoRecord, add: true, pid: , uid: 10314, type: 1
2019-10-07 17:58:12.230 1956-2062/? D/ScenarioService: camera start : com.virobugs, cameraId: 0, pid: 26614, mFrontPkg: com.virobugs, pkgs: {com.virobugs=29705750}, uptime: 29705750
2019-10-07 17:58:12.230 3407-9392/? D/NfcNci:HwCustNfcService: isIWareCalling Calling UID = 1047
2019-10-07 17:58:12.230 3407-9392/? I/NfcNci:HwCustNfcService: disablePolling
2019-10-07 17:58:12.231 749-3370/? I/HwCameraServiceEx: connectDevice(), exit.
2019-10-07 17:58:12.232 749-3370/? I/CameraDeviceClient: createDefaultRequest (templateId = 0x3)
2019-10-07 17:58:12.232 749-3370/? I/CameraDeviceClient: CameraDeviceClient packageName: com.virobugs
2019-10-07 17:58:12.233 3407-29242/? E/NfcNci:HwCustNfcService: applyRouting -1.1
2019-10-07 17:58:12.234 749-3370/? I/CameraDeviceClient: waitUntilIdle
2019-10-07 17:58:12.234 749-3370/? I/CameraDeviceClient: waitUntilIdle Done
2019-10-07 17:58:12.236 29213-29227/? D/ContentProvider: openAssetFile
2019-10-07 17:58:12.237 749-13316/? I/CameraDeviceClient: createStream
2019-10-07 17:58:12.239 749-13316/? I/Camera3-Stream: Camera3Stream(), create stream 0xee5bc180, 640 x 480, format: 0x23
2019-10-07 17:58:12.239 29122-29122/? I/GmsApplication: Registering the BackgroundBroadcastReceiverSupport receiver.
2019-10-07 17:58:12.239 749-3370/? I/CameraDeviceClient: createStream
2019-10-07 17:58:12.240 749-3370/? W/CameraDeviceClient: createSurfaceFromGbp: Camera 0 with consumer usage flag: 256: Forcing asynchronous mode for stream
2019-10-07 17:58:12.240 749-3370/? W/CameraDeviceClient: createSurfaceFromGbp: Camera 0: Overriding format 0x1 to IMPLEMENTATION_DEFINED
2019-10-07 17:58:12.241 749-3370/? I/Camera3-Stream: Camera3Stream(), create stream 0xee35b480, 1440 x 1080, format: 0x22
2019-10-07 17:58:12.241 766-906/? I/ImagingMetaStream: CImagingMetaStream: ctor instance[0x7ec01d7280].
2019-10-07 17:58:12.242 766-906/? I/CStreamTranslator: CStreamTranslator: ctor instance[0x7f4fe59440].
2019-10-07 17:58:12.242 766-906/? I/ImagingGraphicStream: CImagingGraphicStream: ctor instance[0x7ec0042800].
2019-10-07 17:58:12.243 766-906/? I/ImagingGraphicStream: loadInfo(618): format:0x23, stream width:640, stream height:480, max buffers:0, usage:0x3, rotation 0, cameraId 0, stream flow:0
2019-10-07 17:58:12.243 766-906/? I/CStreamTranslator: CStreamTranslator: ctor instance[0x7f4fe596e0].
2019-10-07 17:58:12.243 766-906/? I/ImagingGraphicStream: loadInfo(618): format:0x23, stream width:640, stream height:480, max buffers:7, usage:0xc00000040020003, rotation 0, cameraId 0, stream flow:0
2019-10-07 17:58:12.243 766-906/? I/ImagingGraphicStream: CImagingGraphicStream: ctor instance[0x7f4ff2a700].
2019-10-07 17:58:12.243 766-906/? I/ImagingGraphicStream: loadInfo(618): format:0x11, stream width:1440, stream height:1080, max buffers:0, usage:0x100, rotation 0, cameraId 0, stream flow:0
2019-10-07 17:58:12.243 766-906/? I/CStreamTranslator: CStreamTranslator: ctor instance[0x7f4fe597c0].
2019-10-07 17:58:12.243 766-906/? I/ImagingGraphicStream: loadInfo(618): format:0x11, stream width:1440, stream height:1080, max buffers:7, usage:0xc00000040020003, rotation 0, cameraId 0, stream flow:0
2019-10-07 17:58:12.243 749-3370/? I/Camera3-OutputStream: configureConsumerQueueLocked(), connect stream 0 to native window, for stream: 0xee5bc180
2019-10-07 17:58:12.244 749-3370/? I/Camera3-OutputStream: configureConsumerQueueLocked: Consumer wants 16 buffers, HAL wants 7, for stream: 0xee5bc180, type: 0x23
2019-10-07 17:58:12.244 749-3370/? I/Camera3-OutputStream: configureConsumerQueueLocked(), connect stream 1 to native window, for stream: 0xee35b480
2019-10-07 17:58:12.245 749-3370/? I/Camera3-OutputStream: configureConsumerQueueLocked: Consumer wants 2 buffers, HAL wants 7, for stream: 0xee35b480, type: 0x22
2019-10-07 17:58:12.246 749-3370/? D/Camera3-Device: Set real time priority for request queue thread (tid 29240)
2019-10-07 17:58:12.246 749-3370/? I/Camera3-Device: configureStreamsLocked: Camera 0: Stream configuration complete
2019-10-07 17:58:12.247 26614-26614/com.virobugs E/ACameraMetadata: isNdkSupportedCapability: Unknonwn capability 11
2019-10-07 17:58:12.250 749-29239/? I/Camera3-Status: Camera device is now active
2019-10-07 17:58:12.251 26614-26614/com.virobugs I/native: session.cc:1070 Session::ResumeWithAnalytics returning OK.
2019-10-07 17:58:12.251 26614-29155/com.virobugs I/native: cameras.cc:1269 Camera changed state from CLOSED to OPEN: Camera 0: State CLOSED: Camera device opened successfully.
2019-10-07 17:58:12.251 26614-29155/com.virobugs I/native: cameras.cc:1269 Camera changed state from OPEN to CAPTURING: Started capture session.
2019-10-07 17:58:12.252 766-1294/? I/DLibLoader: [3c6ca2b_64I] enter unloadSo(), mSoName=libFNFD.so
2019-10-07 17:58:12.252 26614-26614/com.virobugs I/Viro: AR session resumed
2019-10-07 17:58:12.253 766-1294/? I/DLibLoader: [3c6ca2b_64I] enter ~DLibLoader()
2019-10-07 17:58:12.253 766-1294/? I/DLibLoader: [3c6ca2b_64I] enter unloadSo(), mSoName=libFNFFD.so
2019-10-07 17:58:12.254 766-1294/? I/DLibLoader: [3c6ca2b_64I] enter ~DLibLoader()
2019-10-07 17:58:12.254 766-1294/? I/DLibLoader: [3c6ca2b_64I] enter unloadSo(), mSoName=libIPU12DriverUser.so
2019-10-07 17:58:12.254 766-1294/? I/FNFaceDetectLibLoader: [3c6ca2b_64I] enter setFunsToDefault()
2019-10-07 17:58:12.254 766-1294/? I/DLibLoader: [3c6ca2b_64I] enter ~DLibLoader()
2019-10-07 17:58:12.254 766-1294/? E/FNFaceDetect: [3c6ca2b_64E] onDestroy fail. ai facedetection proxy!
2019-10-07 17:58:12.254 766-1294/? D/HwaIppAlgoExecutor: [3c6ca2b_64D] enter ~HwaIppAlgoExecutor(), algo name: FNFaceDetect
2019-10-07 17:58:12.255 766-1294/? D/HwaIppAlgoExeThread: [3c6ca2b_64D] enter destroy(), algo name: SceneDetection
2019-10-07 17:58:12.255 766-1294/? D/HwaIppAlgoExeThread: [3c6ca2b_64D] enter ~HwaIppAlgoExeThread(), algo name: SceneDetection
2019-10-07 17:58:12.255 766-1294/? D/SceneDetection: [3c6ca2b_64D] enter onDestroy()
2019-10-07 17:58:12.255 29213-29227/? D/ContentProvider: openAssetFile
2019-10-07 17:58:12.260 599-599/? I/GRALLOC: getCallingPid=26614, shrFd=32,fmt=0x11,intFmt=0x11,btStrd=640,size=462848,pid=599
    	 yuv=2,w=640,h=480,Stride u=640 v=640,offset u=307200 v=307200
    	 iova_size=462848,conUsg=0xc00000040020006,proUsg=0xc00000040020006,	 strd=640,[afbc]HdrStrd=0 PyldStrd=0 Scrmbl=0,ionhnd = 1
2019-10-07 17:58:12.260 766-1294/? I/Tornado: ver 4.30, unInitialization success.
2019-10-07 17:58:12.261 766-1294/? I/DLibLoader: [3c6ca2b_64I] enter unloadSo(), mSoName=libscenedetection.so
2019-10-07 17:58:12.262 29213-29227/? D/ContentProvider: openAssetFile
2019-10-07 17:58:12.264 26614-29026/com.virobugs D/mali_winsys: EGLint new_window_surface(egl_winsys_display *, void *, EGLSurface, EGLConfig, egl_winsys_surface **, EGLBoolean) returns 0x3000
2019-10-07 17:58:12.265 29213-29227/? D/ContentProvider: openAssetFile
2019-10-07 17:58:12.265 26614-29026/com.virobugs I/Viro: Acquired sRGB framebuffer
2019-10-07 17:58:12.266 599-599/? I/GRALLOC: getCallingPid=26614, shrFd=32,fmt=0x11,intFmt=0x11,btStrd=1440,size=2334720,pid=599
    	 yuv=2,w=1440,h=1080,Stride u=1440 v=1440,offset u=1555200 v=1555200
    	 iova_size=2334720,conUsg=0xc00000040020106,proUsg=0xc00000040020106,	 strd=1440,[afbc]HdrStrd=0 PyldStrd=0 Scrmbl=0,ionhnd = 1
2019-10-07 17:58:12.267 766-1294/? I/DLibLoader: [3c6ca2b_64I] enter ~DLibLoader()
2019-10-07 17:58:12.267 766-1294/? I/SceneDetectionAlgoProxy: [3c6ca2b_64I] SceneDetectionAlgoProxy [~SceneDetectionAlgoProxy] destruction
2019-10-07 17:58:12.267 766-1294/? D/HwaIppAlgoExecutor: [3c6ca2b_64D] enter ~HwaIppAlgoExecutor(), algo name: SceneDetection
2019-10-07 17:58:12.267 766-1294/? D/SceneDetection: [3c6ca2b_64D] enter ~SceneDetection()
2019-10-07 17:58:12.267 766-1294/? D/HwaIppAlgoExecutor: [3c6ca2b_64D] enter ~HwaIppAlgoExecutor(), algo name: SmartAE
2019-10-07 17:58:12.267 766-1294/? D/IppAlgoSmartAE: [3c6ca2b_64D] enter ~IppAlgoSmartAE()
2019-10-07 17:58:12.268 766-1294/? D/IppAlgoSmartAE: [3c6ca2b_64D] enter onUnloadLibrary()
2019-10-07 17:58:12.268 766-1294/? E/IppAlgoSmartAE: [3c6ca2b_64E] onUnloadLibrary() mSmartAESoState is unloaded ,so we not Uninit it!
2019-10-07 17:58:12.268 766-1294/? D/SmartAEDLibLoader: [3c6ca2b_64D] enter ~SmartAEDLibLoader()
2019-10-07 17:58:12.268 766-1294/? I/DLibLoader: [3c6ca2b_64I] enter ~DLibLoader()
2019-10-07 17:58:12.268 766-1294/? D/HwaIppAlgoExeThread: [3c6ca2b_64D] enter destroy(), algo name: IppAlgoDM
2019-10-07 17:58:12.268 766-1294/? D/HwaIppAlgoExeThread: [3c6ca2b_64D] enter ~HwaIppAlgoExeThread(), algo name: IppAlgoDM
2019-10-07 17:58:12.268 766-1294/? D/IppAlgoDM: [3c6ca2b_64D] enter onDestroy()
2019-10-07 17:58:12.268 766-1294/? D/HwaIppAlgoExecutor: [3c6ca2b_64D] enter ~HwaIppAlgoExecutor(), algo name: IppAlgoDM
2019-10-07 17:58:12.268 766-1294/? D/HwaIppAlgoExecutor: [3c6ca2b_64D] enter ~HwaIppAlgoExecutor(), algo name: HwaDMapIpp
2019-10-07 17:58:12.268 766-1294/? I/HwaDMapIpp: [3c6ca2b_64I] enter ~HwaDMapIpp()
2019-10-07 17:58:12.269 766-1294/? I/DLibLoader: [3c6ca2b_64I] enter unloadSo(), mSoName=libdcamera_stream.so
2019-10-07 17:58:12.281 766-1294/? I/DLibLoader: [3c6ca2b_64I] enter ~DLibLoader()
2019-10-07 17:58:12.281 766-1294/? D/HwaIppAlgoExeThread: [3c6ca2b_64D] enter destroy(), algo name: Misc
2019-10-07 17:58:12.281 609-1219/? I/smartpakit: smartpa_algo_control: enter smartpa_algo_control, cmd = 26
2019-10-07 17:58:12.281 766-1294/? D/HwaIppAlgoExeThread: [3c6ca2b_64D] enter ~HwaIppAlgoExeThread(), algo name: Misc
2019-10-07 17:58:12.281 766-1294/? D/Misc____: [3c6ca2b_64D] enter onDestroy()
2019-10-07 17:58:12.281 766-1294/? D/HwaIppAlgoExecutor: [3c6ca2b_64D] enter ~HwaIppAlgoExecutor(), algo name: Misc
2019-10-07 17:58:12.281 766-1294/? D/HwaIppAlgoExecutor: [3c6ca2b_64D] enter ~HwaIppAlgoExecutor(), algo name: BShutterTryAE
2019-10-07 17:58:12.281 766-1294/? D/HwaIppAlgoExeThread: [3c6ca2b_64D] enter destroy(), algo name: AssistAF
2019-10-07 17:58:12.281 766-1294/? D/HwaIppAlgoExeThread: [3c6ca2b_64D] enter ~HwaIppAlgoExeThread(), algo name: AssistAF
2019-10-07 17:58:12.281 766-1294/? D/AssistAF: [3c6ca2b_64D] enter onDestroy()
2019-10-07 17:58:12.281 766-1294/? D/HwaIppAlgoExecutor: [3c6ca2b_64D] enter ~HwaIppAlgoExecutor(), algo name: AssistAF
2019-10-07 17:58:12.281 766-1294/? D/AssistAF: [3c6ca2b_64D] enter ~AssistAF()
2019-10-07 17:58:12.281 766-1294/? D/HwaIppAlgoExeThread: [3c6ca2b_64D] enter destroy(), algo name: LaserMgr
2019-10-07 17:58:12.281 766-1294/? D/HwaIppAlgoExeThread: [3c6ca2b_64D] enter ~HwaIppAlgoExeThread(), algo name: LaserMgr
2019-10-07 17:58:12.281 599-599/? I/GRALLOC: getCallingPid=26614, shrFd=32,fmt=0x11,intFmt=0x11,btStrd=640,size=462848,pid=599
    	 yuv=2,w=640,h=480,Stride u=640 v=640,offset u=307200 v=307200
    	 iova_size=462848,conUsg=0xc00000040020006,proUsg=0xc00000040020006,	 strd=640,[afbc]HdrStrd=0 PyldStrd=0 Scrmbl=0,ionhnd = 1
2019-10-07 17:58:12.283 766-1294/? I/LaserSelfCali: laser,laserSelfCali,deinitAlgo,0 0 0 0 0 0
2019-10-07 17:58:12.283 766-1294/? D/LaserMgrLibLoader: [3c6ca2b_64D] enter destroyInstance()
2019-10-07 17:58:12.283 766-1294/? D/LaserMgrLibLoader: [3c6ca2b_64D] enter setFunsToDefault()
2019-10-07 17:58:12.283 766-1294/? I/DLibLoader: [3c6ca2b_64I] enter unloadSo(), mSoName=libLaserSelfCali.so
2019-10-07 17:58:12.283 766-1294/? D/LaserMgrLibLoader: [3c6ca2b_64D] enter unloadFuns()
2019-10-07 17:58:12.285 766-1294/? D/LaserMgrLibLoader: [3c6ca2b_64D] enter ~LaserMgrLibLoader()
2019-10-07 17:58:12.286 766-1294/? I/DLibLoader: [3c6ca2b_64I] enter ~DLibLoader()
2019-10-07 17:58:12.286 766-1294/? D/HwaIppAlgoExecutor: [3c6ca2b_64D] enter ~HwaIppAlgoExecutor(), algo name: LaserMgr
2019-10-07 17:58:12.286 766-1294/? D/HwaIppAlgoExeThread: [3c6ca2b_64D] enter destroy(), algo name: IspEnhncAlgo
2019-10-07 17:58:12.286 29213-29227/? D/ContentProvider: openAssetFile
2019-10-07 17:58:12.286 766-1294/? D/HwaIppAlgoExeThread: [3c6ca2b_64D] enter ~HwaIppAlgoExeThread(), algo name: IspEnhncAlgo
2019-10-07 17:58:12.286 766-1294/? I/AntiBanding: ~AntiBanding() enter ~AntiBanding
2019-10-07 17:58:12.286 766-1294/? I/DLibLoader: [3c6ca2b_64I] enter unloadSo(), mSoName=libispenhnc.so
2019-10-07 17:58:12.288 766-1294/? I/DLibLoader: [3c6ca2b_64I] enter ~DLibLoader()
2019-10-07 17:58:12.288 766-1294/? D/HwaIppAlgoExecutor: [3c6ca2b_64D] enter ~HwaIppAlgoExecutor(), algo name: IspEnhncAlgo
2019-10-07 17:58:12.288 766-1294/? D/HwaIppAlgoExeThread: [3c6ca2b_64D] enter destroy(), algo name: MotionDetectionAlgo
2019-10-07 17:58:12.288 766-1294/? D/HwaIppAlgoExeThread: [3c6ca2b_64D] enter ~HwaIppAlgoExeThread(), algo name: MotionDetectionAlgo
2019-10-07 17:58:12.288 766-1294/? I/DLibLoader: [3c6ca2b_64I] enter unloadSo(), mSoName=libmotiondetect.so
2019-10-07 17:58:12.288 599-1006/? I/GRALLOC: getCallingPid=26614, shrFd=32,fmt=0x11,intFmt=0x11,btStrd=1440,size=2334720,pid=599
    	 yuv=2,w=1440,h=1080,Stride u=1440 v=1440,offset u=1555200 v=1555200
    	 iova_size=2334720,conUsg=0xc00000040020106,proUsg=0xc00000040020106,	 strd=1440,[afbc]HdrStrd=0 PyldStrd=0 Scrmbl=0,ionhnd = 1
2019-10-07 17:58:12.290 609-1219/? I/dsp_codec_ctl: codec_adsp_send_sync_cmd:ioctl ret=0
2019-10-07 17:58:12.291 766-1294/? I/DLibLoader: [3c6ca2b_64I] enter ~DLibLoader()
2019-10-07 17:58:12.291 766-1294/? D/HwaIppAlgoExecutor: [3c6ca2b_64D] enter ~HwaIppAlgoExecutor(), algo name: MotionDetectionAlgo
2019-10-07 17:58:12.291 766-1294/? D/OisMgr: [3c6ca2b_64D] enter onDestroy()
2019-10-07 17:58:12.291 766-1294/? D/HwaIppAlgoExecutor: [3c6ca2b_64D] enter ~HwaIppAlgoExecutor(), algo name: OisMgr
2019-10-07 17:58:12.291 766-1294/? D/OisMgr: [3c6ca2b_64D] enter ~OisMgr()
2019-10-07 17:58:12.291 766-1294/? D/HwaIppAlgoExecutor: [3c6ca2b_64D] enter ~HwaIppAlgoExecutor(), algo name: AgeGender
2019-10-07 17:58:12.291 766-1294/? D/MultiScale: [3c6ca2b_64D] enter onDestroy()
2019-10-07 17:58:12.291 766-1294/? D/HwaIppAlgoExecutor: [3c6ca2b_64D] enter ~HwaIppAlgoExecutor(), algo name: MultiScale
2019-10-07 17:58:12.291 766-1294/? D/SenseMgr: [3c6ca2b_64D] enter onDestroy()
2019-10-07 17:58:12.291 766-1294/? D/HwaIppAlgoExecutor: [3c6ca2b_64D] enter ~HwaIppAlgoExecutor(), algo name: SenseMgr
2019-10-07 17:58:12.291 766-1294/? D/SenseMgr: [3c6ca2b_64D] enter ~SenseMgr()
2019-10-07 17:58:12.291 766-1294/? D/AfStatCalculate: [3c6ca2b_64D] enter onDestroy()
2019-10-07 17:58:12.291 766-1294/? I/afstat_calc: afstat_cal_uninit!
2019-10-07 17:58:12.292 766-1294/? D/AfStatCalculateLibLoader: [3c6ca2b_64D] enter destroyInstance()
2019-10-07 17:58:12.292 766-1294/? I/DLibLoader: [3c6ca2b_64I] enter unloadSo(), mSoName=libAfStatCalc.so
2019-10-07 17:58:12.292 766-1294/? D/AfStatCalculateLibLoader: [3c6ca2b_64D] enter unloadFuns()
2019-10-07 17:58:12.292 766-1294/? D/AfStatCalculateLibLoader: [3c6ca2b_64D] enter setFunsToDefault()
2019-10-07 17:58:12.294 766-1294/? D/AfStatCalculateLibLoader: [3c6ca2b_64D] enter ~AfStatCalculateLibLoader()
2019-10-07 17:58:12.294 766-1294/? I/DLibLoader: [3c6ca2b_64I] enter ~DLibLoader()
2019-10-07 17:58:12.294 766-1294/? D/HwaIppAlgoExecutor: [3c6ca2b_64D] enter ~HwaIppAlgoExecutor(), algo name: AfStatCalculate
2019-10-07 17:58:12.294 766-1294/? D/AfStatCalculate: [3c6ca2b_64D] enter ~AfStatCalculate()
2019-10-07 17:58:12.294 766-1294/? D/HwaIppAlgoExecutor: [3c6ca2b_64D] enter ~HwaIppAlgoExecutor(), algo name: ModeRecommendation
2019-10-07 17:58:12.294 766-1294/? I/MRMain: [3c6ca2b_64I] enter ~ModeRecommendation()
2019-10-07 17:58:12.295 599-1006/? I/GRALLOC: getCallingPid=26614, shrFd=32,fmt=0x11,intFmt=0x11,btStrd=640,size=462848,pid=599
    	 yuv=2,w=640,h=480,Stride u=640 v=640,offset u=307200 v=307200
    	 iova_size=462848,conUsg=0xc00000040020006,proUsg=0xc00000040020006,	 strd=640,[afbc]HdrStrd=0 PyldStrd=0 Scrmbl=0,ionhnd = 1
2019-10-07 17:58:12.298 766-1294/? D/HwaIppAlgoExecutor: [3c6ca2b_64D] enter ~HwaIppAlgoExecutor(), algo name: ObjectDetection
2019-10-07 17:58:12.298 766-1294/? I/ObjectDetection: [3c6ca2b_64I] enter ~ObjectDetection()
2019-10-07 17:58:12.298 766-1294/? D/HwaIppAlgoExeThread: [3c6ca2b_64D] enter destroy(), algo name: CIEProxy
2019-10-07 17:58:12.298 766-1294/? D/HwaIppAlgoExeThread: [3c6ca2b_64D] enter ~HwaIppAlgoExeThread(), algo name: CIEProxy
2019-10-07 17:58:12.298 766-1294/? D/CIEProxy: Enter CIEProxy::onDestroy
2019-10-07 17:58:12.298 766-1294/? I/CIEProxy: CIEProxyLibLoaderMgr::getFunction::find CIEDestory in lib /vendor/lib64/libcie.so successfully.
2019-10-07 17:58:12.298 766-1294/? I/cie: Enter CIE::~CIE
2019-10-07 17:58:12.299 766-1294/? I/cie: Enter AiEngineObjectDetection::~ObjectDetectionAlgo
2019-10-07 17:58:12.300 766-1294/? I/cie: Enter SceneRecognition::~SceneRecognition
2019-10-07 17:58:12.300 766-1294/? I/cie: SceneStabilization::~SceneStabilization:: Exit!
2019-10-07 17:58:12.300 599-1006/? I/GRALLOC: getCallingPid=26614, shrFd=32,fmt=0x11,intFmt=0x11,btStrd=1440,size=2334720,pid=599
    	 yuv=2,w=1440,h=1080,Stride u=1440 v=1440,offset u=1555200 v=1555200
    	 iova_size=2334720,conUsg=0xc00000040020106,proUsg=0xc00000040020106,	 strd=1440,[afbc]HdrStrd=0 PyldStrd=0 Scrmbl=0,ionhnd = 1
2019-10-07 17:58:12.300 766-1294/? I/cie: Enter SceneRecognition::~SceneRecognition
2019-10-07 17:58:12.300 766-1294/? I/cie: SceneStabilization::~SceneStabilization:: Exit!
2019-10-07 17:58:12.300 766-1294/? I/cie: Enter FoodRecognition::~FoodRecognition
2019-10-07 17:58:12.300 766-1294/? I/cie: Enter HiTracking::~HiTracking
2019-10-07 17:58:12.300 766-1294/? I/cie: Enter FaceStoryAlgo::~FaceStoryAlgo
2019-10-07 17:58:12.300 766-1294/? I/cie: PublicBufMgr::~PublicBufMgr
2019-10-07 17:58:12.300 766-1294/? D/CIEProxy: Leave CIEProxy::onDestroy
2019-10-07 17:58:12.302 766-1294/? I/MemPoolMonitor: [3c6ca2b_64I] HwCamMem enter checkMemChunkLeak(), allocateType=1
2019-10-07 17:58:12.302 766-1294/? I/MemPoolMonitor: [3c6ca2b_64I] HwCamMem exit checkMemChunkLeak(), allocateType=1, isMemLeaked=0
2019-10-07 17:58:12.302 766-1294/? D/HwaIppAlgoExecutor: [3c6ca2b_64D] enter ~HwaIppAlgoExecutor(), algo name: CIEProxy
2019-10-07 17:58:12.302 766-1294/? D/CIEProxy: Enter CIEProxy::~CIEProxy
2019-10-07 17:58:12.302 766-1294/? I/CIEProxy: CIEProxyLibLoaderMgr::unLoadCIELib::dlclose lib /vendor/lib64/libcie.so successfully.
2019-10-07 17:58:12.305 766-1294/? I/HwaStatInfo: [3c6ca2b_64I] enter uninitialize()
2019-10-07 17:58:12.306 766-1294/? D/HwaIppPluginImpl: [3c6ca2b_64D] FRMC_ this=0x7ec0ae5000, ipptype=0, exit  destroy()
2019-10-07 17:58:12.306 766-1294/? D/IppAlgo: [HWA_CAM3]FRMC_ this=0x7ec0b26fa0, ipptype=0, name=StatIpp, exit destroyPlugin()
2019-10-07 17:58:12.306 766-1294/? D/IppAlgo: [HWA_CAM3]FRMC_ this=0x7ec0b27718, ipptype=4096, name=DmapIpp, enter destroyPlugin()
2019-10-07 17:58:12.306 766-1294/? D/HwaIppPluginImpl: [3c6ca2b_64D] FRMC_ this=0x7ec0b33000, ipptype=4096, enter destroy()
2019-10-07 17:58:12.306 766-1294/? D/HwaIppPluginImpl: [3c6ca2b_64D] FRMC_ this=0x7ec0b33000, ipptype=4096, exit  destroy()
2019-10-07 17:58:12.306 766-1294/? D/IppAlgo: [HWA_CAM3]FRMC_ this=0x7ec0b27718, ipptype=4096, name=DmapIpp, exit destroyPlugin()
2019-10-07 17:58:12.306 766-1294/? D/IppAlgo: [HWA_CAM3]FRMC_ this=0x7ec0b28540, ipptype=1, name=TofIpp, enter destroyPlugin()
2019-10-07 17:58:12.306 766-1294/? D/HwaIppPluginImpl: [3c6ca2b_64D] FRMC_ this=0x7ec0b3c000, ipptype=1, enter destroy()
2019-10-07 17:58:12.306 766-1294/? D/HwaIppPluginImpl: [3c6ca2b_64D] FRMC_ this=0x7ec0b3c000, ipptype=1, exit  destroy()
2019-10-07 17:58:12.306 766-1294/? D/IppAlgo: [HWA_CAM3]FRMC_ this=0x7ec0b28540, ipptype=1, name=TofIpp, exit destroyPlugin()
2019-10-07 17:58:12.306 766-1294/? D/IppAlgo: [HWA_CAM3]FRMC_ this=0x7ec0b288f0, ipptype=4096, name=PreviewVideoIpp, enter destroyPlugin()
2019-10-07 17:58:12.306 766-1294/? D/HwaIppPluginImpl: [3c6ca2b_64D] FRMC_ this=0x7ec0b3d800, ipptype=65536, enter destroy()
2019-10-07 17:58:12.306 766-1294/? D/HwaIppPluginImpl: [3c6ca2b_64D] FRMC_ this=0x7ec0b3d800, ipptype=65536, exit  destroy()
2019-10-07 17:58:12.306 766-1294/? D/IppAlgo: [HWA_CAM3]FRMC_ this=0x7ec0b288f0, ipptype=4096, name=PreviewVideoIpp, exit destroyPlugin()
2019-10-07 17:58:12.306 766-1294/? D/IppAlgo: [HWA_CAM3]FRMC_ this=0x7ec0b28cb0, ipptype=4096, name=RecordVideoIpp, enter destroyPlugin()
2019-10-07 17:58:12.306 766-1294/? D/HwaIppPluginImpl: [3c6ca2b_64D] FRMC_ this=0x7ec0b3f000, ipptype=131072, enter destroy()
2019-10-07 17:58:12.306 766-1294/? D/HwaIppPluginImpl: [3c6ca2b_64D] FRMC_ this=0x7ec0b3f000, ipptype=131072, exit  destroy()
2019-10-07 17:58:12.306 766-1294/? D/IppAlgo: [HWA_CAM3]FRMC_ this=0x7ec0b28cb0, ipptype=4096, name=RecordVideoIpp, exit destroyPlugin()
2019-10-07 17:58:12.307 766-1294/? D/PpAlgo: [HWA_CAM3]algo=PostPp KEY_CA_CAM3 SNAP enter notifyCameraClose snapShotId=0
2019-10-07 17:58:12.308 766-1294/? D/HwaPPExecuter: [3c6ca2b_64D] SNAP ALGO enter notifyCameraClose
2019-10-07 17:58:12.309 766-1294/? D/EventCallbackImpl: [HWA_CAM3]enter notifyStopPostProc()
2019-10-07 17:58:12.309 766-1294/? D/PpAlgo: [HWA_CAM3]algo=ForePp KEY_CA_CAM3 SNAP enter notifyFpCameraClose snapShotId=0
2019-10-07 17:58:12.309 766-1294/? D/AlgoFilterManager: [HWA_CAM3]KEY_CA_CAM3 exit destroyPlugin, mPipeLineId=8, mIsPlugInCreated=0
2019-10-07 17:58:12.309 766-1294/? D/ImagingSystem: STAGELIFECTRL end to detach every StageBase, pipelineId=20
2019-10-07 17:58:12.310 599-1006/? I/GRALLOC: getCallingPid=26614, shrFd=32,fmt=0x11,intFmt=0x11,btStrd=640,size=462848,pid=599
    	 yuv=2,w=640,h=480,Stride u=640 v=640,offset u=307200 v=307200
    	 iova_size=462848,conUsg=0xc00000040020006,proUsg=0xc00000040020006,	 strd=640,[afbc]HdrStrd=0 PyldStrd=0 Scrmbl=0,ionhnd = 1
2019-10-07 17:58:12.314 599-1006/? I/GRALLOC: getCallingPid=26614, shrFd=32,fmt=0x11,intFmt=0x11,btStrd=1440,size=2334720,pid=599
    	 yuv=2,w=1440,h=1080,Stride u=1440 v=1440,offset u=1555200 v=1555200
    	 iova_size=2334720,conUsg=0xc00000040020106,proUsg=0xc00000040020106,	 strd=1440,[afbc]HdrStrd=0 PyldStrd=0 Scrmbl=0,ionhnd = 1
2019-10-07 17:58:12.315 26614-29026/com.virobugs I/Viro: Successfully configured AR session [lighting 1, planes 1, update 0, focus 0]
2019-10-07 17:58:12.315 26614-29026/com.virobugs I/native: session.cc:925 Entering Session::Resume.
2019-10-07 17:58:12.315 26614-29026/com.virobugs I/native: session.cc:954 Session::ResumeWithAnalytics returning OK.
2019-10-07 17:58:12.316 26614-29026/com.virobugs I/native: session.cc:925 Entering Session::Resume.
2019-10-07 17:58:12.316 26614-29026/com.virobugs I/native: session.cc:954 Session::ResumeWithAnalytics returning OK.
2019-10-07 17:58:12.316 26614-29026/com.virobugs I/Viro: AR session resumed
2019-10-07 17:58:12.317 599-1006/? I/GRALLOC: getCallingPid=26614, shrFd=32,fmt=0x11,intFmt=0x11,btStrd=640,size=462848,pid=599
    	 yuv=2,w=640,h=480,Stride u=640 v=640,offset u=307200 v=307200
    	 iova_size=462848,conUsg=0xc00000040020006,proUsg=0xc00000040020006,	 strd=640,[afbc]HdrStrd=0 PyldStrd=0 Scrmbl=0,ionhnd = 1
2019-10-07 17:58:12.319 599-1006/? I/GRALLOC: getCallingPid=26614, shrFd=32,fmt=0x11,intFmt=0x11,btStrd=1440,size=2334720,pid=599
    	 yuv=2,w=1440,h=1080,Stride u=1440 v=1440,offset u=1555200 v=1555200
    	 iova_size=2334720,conUsg=0xc00000040020106,proUsg=0xc00000040020106,	 strd=1440,[afbc]HdrStrd=0 PyldStrd=0 Scrmbl=0,ionhnd = 1
2019-10-07 17:58:12.322 599-1006/? I/GRALLOC: getCallingPid=26614, shrFd=32,fmt=0x11,intFmt=0x11,btStrd=640,size=462848,pid=599
    	 yuv=2,w=640,h=480,Stride u=640 v=640,offset u=307200 v=307200
    	 iova_size=462848,conUsg=0xc00000040020006,proUsg=0xc00000040020006,	 strd=640,[afbc]HdrStrd=0 PyldStrd=0 Scrmbl=0,ionhnd = 1
2019-10-07 17:58:12.322 29122-29122/? I/GmsReceiverSupport: Registered Receiver for 18+1 IntentFilters
2019-10-07 17:58:12.324 599-1006/? I/GRALLOC: getCallingPid=26614, shrFd=32,fmt=0x11,intFmt=0x11,btStrd=1440,size=2334720,pid=599
    	 yuv=2,w=1440,h=1080,Stride u=1440 v=1440,offset u=1555200 v=1555200
    	 iova_size=2334720,conUsg=0xc00000040020106,proUsg=0xc00000040020106,	 strd=1440,[afbc]HdrStrd=0 PyldStrd=0 Scrmbl=0,ionhnd = 1
2019-10-07 17:58:12.327 599-1006/? I/GRALLOC: getCallingPid=26614, shrFd=32,fmt=0x11,intFmt=0x11,btStrd=640,size=462848,pid=599
    	 yuv=2,w=640,h=480,Stride u=640 v=640,offset u=307200 v=307200
    	 iova_size=462848,conUsg=0xc00000040020006,proUsg=0xc00000040020006,	 strd=640,[afbc]HdrStrd=0 PyldStrd=0 Scrmbl=0,ionhnd = 1
2019-10-07 17:58:12.329 599-1006/? I/GRALLOC: getCallingPid=26614, shrFd=32,fmt=0x11,intFmt=0x11,btStrd=1440,size=2334720,pid=599
    	 yuv=2,w=1440,h=1080,Stride u=1440 v=1440,offset u=1555200 v=1555200
    	 iova_size=2334720,conUsg=0xc00000040020106,proUsg=0xc00000040020106,	 strd=1440,[afbc]HdrStrd=0 PyldStrd=0 Scrmbl=0,ionhnd = 1
2019-10-07 17:58:12.333 628-683/? I/PF_FREQ_GRP: [recordLimitCmd:65] [CPU_B] end limit freq 2093000 ~ 2362000
2019-10-07 17:58:12.334 766-1294/? I/ImagingSystem: updateClockMode: clockMode = 4
2019-10-07 17:58:12.335 766-1294/? I/ImagingSystem: powerUp enter.
2019-10-07 17:58:12.335 766-1294/? I/ImagingSystem: #Camera# [5861079793]> ImagingSystem_powerUp
2019-10-07 17:58:12.337 766-1294/? I/LaserManager: prepareAlgorithmData4AF SuperFastShot Enter!
2019-10-07 17:58:12.337 766-1294/? I/HispManager: powerUp: isp power up. pl:0x7ec0bba800 secure:0
2019-10-07 17:58:12.337 766-1294/? I/HispManager: #Camera# [0]> CHISPManager::powerUp
2019-10-07 17:58:12.337 766-1295/? I/SensorManager: powerUp: enter
2019-10-07 17:58:12.337 766-1296/? I/LaserManager: powerUp: enter.
2019-10-07 17:58:12.337 779-905/? I/Sensors@1.0-impl: alsActivate-3 enabled-1 fwkOals-1 camOals-0
2019-10-07 17:58:12.338 766-1295/? I/FlickerSensorImpl: enableSensor: sensor_handle:700, enabled:true, sampling_period_ns:500000
2019-10-07 17:58:12.338 766-956/? I/160Manager: allocMemoryPool enter
2019-10-07 17:58:12.338 766-956/? I/HISP160ShareMemoryPoolManager: allocMemoryPool enter
2019-10-07 17:58:12.338 766-956/? I/HISP160ShareMemoryPoolManager: getMemAttr MemPoolSize:149946368
2019-10-07 17:58:12.338 779-905/? I/Sensors@1.0-impl: extendSensorActivate
2019-10-07 17:58:12.339 779-905/? E/Sensors@1.0-impl: open extendSensorActivate FLK_SENSOR fd fail!
2019-10-07 17:58:12.340 766-1295/? E/FlickerSensorImpl: enableSensor: activate FAILED
2019-10-07 17:58:12.341 779-905/? I/Sensors@1.0-impl: colorActivate-26 enabled-1, fwkOcolor-1 camOcolor-0
2019-10-07 17:58:12.344 779-905/? D/SensorHub: batch called handle:7 sample_ns:10000000 latency_ns:0
2019-10-07 17:58:12.344 779-905/? D/SensorHub: in batch, handle = 7, flags = 0, period_ns = 10000000, timeout = 0
2019-10-07 17:58:12.345 779-905/? I/Sensors@1.0-impl: activate-7 enabled-1 fwkOals-1 camOals-1 fwkOcolor-1 camOcolor-1 fwkOtof-0 camOtof-0
2019-10-07 17:58:12.345 779-905/? D/SensorHub: enableSensor-> handle: 7 enable : 1
2019-10-07 17:58:12.345 779-905/? D/SensorHub: Channel activate-> handle: 7, enabled:1, err: 0
2019-10-07 17:58:12.346 779-905/? D/SensorHub: batch called handle:0 sample_ns:10000000 latency_ns:0
2019-10-07 17:58:12.346 779-905/? D/SensorHub: in batch, handle = 0, flags = 0, period_ns = 10000000, timeout = 0
2019-10-07 17:58:12.346 779-779/? D/SensorHub: in flush, handle = 0
2019-10-07 17:58:12.351 766-29257/? I/AwbSensorImpl: enableSensor: SuperFastShot awb sensor already enabled
2019-10-07 17:58:12.352 779-779/? D/SensorHub: getSensorType get meta data! handle =0
2019-10-07 17:58:12.353 779-905/? D/SensorHub: batch called handle:5 sample_ns:10000000 latency_ns:0
2019-10-07 17:58:12.353 779-905/? D/SensorHub: in batch, handle = 5, flags = 0, period_ns = 10000000, timeout = 0
2019-10-07 17:58:12.353 766-29256/? I/ImagingSystem: tryGetLightSensorData: SuperFast GetLight Succ light: 41, tempera: 0!
2019-10-07 17:58:12.354 779-905/? I/Sensors@1.0-impl: activate-5 enabled-1 fwkOals-1 camOals-1 fwkOcolor-1 camOcolor-1 fwkOtof-0 camOtof-0
2019-10-07 17:58:12.354 779-905/? D/SensorHub: enableSensor-> handle: 5 enable : 1
2019-10-07 17:58:12.354 779-905/? D/SensorHub: Channel activate-> handle: 5, enabled:1, err: 0
2019-10-07 17:58:12.355 766-29257/? I/ImagingSystem: tryGetAwbSensorData: awb info! r 59, g 47, b 16 ir 53,c -1 w -1
2019-10-07 17:58:12.355 766-29257/? I/ImagingSystem: setAwbSensorInfo: awb info[1]: r 59, g 47, b 16, ir 53, c -1, w -1
2019-10-07 17:58:12.356 779-905/? D/SensorHub: batch called handle:2 sample_ns:10000000 latency_ns:0
2019-10-07 17:58:12.356 779-905/? D/SensorHub: in batch, handle = 2, flags = 0, period_ns = 10000000, timeout = 0
2019-10-07 17:58:12.358 779-905/? I/Sensors@1.0-impl: activate-2 enabled-1 fwkOals-1 camOals-1 fwkOcolor-1 camOcolor-1 fwkOtof-0 camOtof-0
2019-10-07 17:58:12.358 779-905/? D/SensorHub: enableSensor-> handle: 2 enable : 1
2019-10-07 17:58:12.358 779-905/? D/SensorHub: Channel activate-> handle: 2, enabled:1, err: 0
2019-10-07 17:58:12.369 29122-29122/? W/Primes: Primes not initialized, returning default (no-op) Primes instance which will ignore all calls. Please call Primes.initialize(...) before using any Primes API.
2019-10-07 17:58:12.371 766-1295/? I/SensorManager: powerUpDone: enter
2019-10-07 17:58:12.372 29122-29146/? E/MemoryLeakMonitorManager: MemoryLeakMonitor.jar is not exist!
2019-10-07 17:58:12.389 1110-1276/? W/ActivityManager: Ignoring remove of inactive process: ProcessRecord{2902d52 0:com.google.process.gapps/u0a24}
2019-10-07 17:58:12.392 599-1006/? I/GRALLOC: getCallingPid=766, shrFd=32,fmt=0x30a,intFmt=0x30a,btStrd=150994944,size=150994944,pid=599
    	 yuv=2,w=150994944,h=1,Stride u=0 v=0,offset u=0 v=0
    	 iova_size=150994944,conUsg=0xc00000000000000,proUsg=0xc00000000000000,	 strd=150994944,[afbc]HdrStrd=0 PyldStrd=0 Scrmbl=0,ionhnd = 1
2019-10-07 17:58:12.393 26614-26614/com.virobugs I/Choreographer: Skipped 63 frames!  The application may be doing too much work on its main thread.
2019-10-07 17:58:12.396 766-956/? I/HISP160ShareMemoryPoolManager: getMemAttr MemPoolSize:0
2019-10-07 17:58:12.396 766-956/? W/HISP160ShareMemoryPoolManager: allocMemoryPool: unsupport the share memory ATTR 1
2019-10-07 17:58:12.405 26614-29026/com.virobugs I/Viro: GPU vendor [ARM], renderer [Mali-G72]
2019-10-07 17:58:12.405 26614-29026/com.virobugs I/Viro:    Detected Mali GPU, sRGB framebuffer assumed
2019-10-07 17:58:12.406 26614-29026/com.virobugs I/Viro: Creating render targets with configuration:
2019-10-07 17:58:12.406 26614-29026/com.virobugs I/Viro: [MRT supported:   1]
2019-10-07 17:58:12.406 26614-29026/com.virobugs I/Viro: [Shadows enabled: 1]
2019-10-07 17:58:12.406 26614-29026/com.virobugs I/Viro: [HDR supported:   1, HDR enabled:   1]
2019-10-07 17:58:12.406 26614-29026/com.virobugs I/Viro: [PBR supported:   1, PBR enabled:   1]
2019-10-07 17:58:12.406 26614-29026/com.virobugs I/Viro: [Bloom supported: 1, Bloom enabled: 1]
2019-10-07 17:58:12.423 766-1296/? I/LaserManager: dlopen load lib[/odm/lib64/vl53l1_driver.so] success
2019-10-07 17:58:12.423 766-1296/? I/LaserManager: dlopen callFunc[vl53l1_daemon_init]
2019-10-07 17:58:12.423 766-1296/? I/VL53L1_DRVIER: socket open to id 38
2019-10-07 17:58:12.423 766-1296/? I/VL53L1_DRVIER: ping driver
2019-10-07 17:58:12.423 766-1296/? I/VL53L1_DRVIER: daemon INIT success
2019-10-07 17:58:12.423 766-1296/? I/LaserManager: dlopen callFunc[vl53l1_daemon_run]
2019-10-07 17:58:12.423 766-1296/? I/VL53L1_DRVIER: thread created: Daemon running
2019-10-07 17:58:12.424 766-1296/? I/LaserManager: laserInAPSupported(398): Laser is in AP.
2019-10-07 17:58:12.424 766-29263/? I/VL53L1_DRVIER: runing start
2019-10-07 17:58:12.425 766-1296/? I/ImagingSystem: laserInitialize(171). enter!
2019-10-07 17:58:12.425 766-1296/? I/LaserManager: initialize: enter.
2019-10-07 17:58:12.425 766-961/? I/LaserManager: laserInAPSupported(398): Laser is in AP.
2019-10-07 17:58:12.425 766-961/? I/LaserManager: loadCalibrationCfgFromXML: instance[0x7f4fed4800]
2019-10-07 17:58:12.425 766-961/? I/LaserManager: loadCalibrationCfgFromXML(1713): configPath(/odm/etc/camera/LaserCali/LaserCali_L1.xml)
2019-10-07 17:58:12.428 766-1294/? I/HispManager: #Camera# [0]< CHISPManager::powerUp
2019-10-07 17:58:12.428 766-1294/? I/HispManager: powerUpDone: enter.
2019-10-07 17:58:12.428 766-1294/? I/160Manager: initMemoryPool
2019-10-07 17:58:12.428 766-1294/? I/HISP160ShareMemoryPoolManager: getMemAttr MemPoolSize:149946368
2019-10-07 17:58:12.428 766-1294/? I/HISP160ShareMemoryPoolManager: initMemoryPool: base size =0x8f00000 align size=0x100000 usage=864691128455135232 format=0x30a cached=true secured=false, pool_type=0
2019-10-07 17:58:12.428 766-1294/? I/HISP160ShareMemoryPoolManager: initMemoryPool: init pool[0] va=0x0x7eb49b5000, iova=0x22400000, prot=0x7
