        at eal.onCreate(:com.google.android.gms@19275039@19.2.75 (100408-269183835):1)
        at qej.onCreate(:com.google.android.gms@19275039@19.2.75 (100408-269183835):4)
        at android.app.ActivityThread.handleCreateService(ActivityThread.java:4150)
        at android.app.ActivityThread.access$2400(ActivityThread.java:273)
        at android.app.ActivityThread$H.handleMessage(ActivityThread.java:2055)
        at android.os.Handler.dispatchMessage(Handler.java:112)
        at android.os.Looper.loop(Looper.java:216)
        at android.app.ActivityThread.main(ActivityThread.java:7625)
        at java.lang.reflect.Method.invoke(Native Method)
        at com.android.internal.os.RuntimeInit$MethodAndArgsCaller.run(RuntimeInit.java:524)
        at com.android.internal.os.ZygoteInit.main(ZygoteInit.java:987)
2019-10-07 17:58:14.612 766-29289/? I/HwaStatInfo: [3c6ca2b_64I] algotype is 0, videoRatio is 1.000000, ratio is 1.875000, faceNum is 0
2019-10-07 17:58:14.623 766-1294/? D/EnvImpl: [HWA_CAM3]getPackageName :  com.virobugs
2019-10-07 17:58:14.623 766-1294/? I/HwaUtils: [3c6ca2b_64I] getProductExtendName() path=EMILY
2019-10-07 17:58:14.623 766-1294/? I/HwaUtils: [3c6ca2b_64I] getOneCfgFile() path=NULL
2019-10-07 17:58:14.623 766-1294/? I/HwaDMapIpp: [3c6ca2b_64I] checkNeedSwapCalibrationData() ConfigFile NULL
2019-10-07 17:58:14.623 766-1294/? D/Misc____: [3c6ca2b_64D] enter loadRequest
2019-10-07 17:58:14.623 766-1294/? D/EnvImpl: [HWA_CAM3]getPackageName :  com.virobugs
2019-10-07 17:58:14.624 766-1294/? D/IppAlgoFilter: [HWA_CAM3]loadPreviewRequest() REQUEST_DMAP_SWAP, status:0
2019-10-07 17:58:14.624 766-1294/? D/EnvImpl: [HWA_CAM3]getPackageName :  com.virobugs
2019-10-07 17:58:14.624 766-1294/? I/chatty: uid=1013(media) pl#2 identical 2 lines
2019-10-07 17:58:14.630 766-1294/? D/EnvImpl: [HWA_CAM3]getPackageName :  com.virobugs
2019-10-07 17:58:14.630 766-1294/? I/HwaUtils: [3c6ca2b_64I] getProductExtendName() path=EMILY
2019-10-07 17:58:14.630 766-1294/? I/HwaUtils: [3c6ca2b_64I] getOneCfgFile() path=NULL
2019-10-07 17:58:14.630 766-1294/? I/HwaDMapIpp: [3c6ca2b_64I] checkNeedSwapCalibrationData() ConfigFile NULL
2019-10-07 17:58:14.630 766-29289/? I/HwaStatInfo: [3c6ca2b_64I] algotype is 0, videoRatio is 1.000000, ratio is 1.875000, faceNum is 0
2019-10-07 17:58:14.630 766-1294/? D/Misc____: [3c6ca2b_64D] enter loadRequest
2019-10-07 17:58:14.630 766-1294/? D/EnvImpl: [HWA_CAM3]getPackageName :  com.virobugs
2019-10-07 17:58:14.630 766-1294/? D/IppAlgoFilter: [HWA_CAM3]loadPreviewRequest() REQUEST_DMAP_SWAP, status:0
2019-10-07 17:58:14.630 766-1294/? D/EnvImpl: [HWA_CAM3]getPackageName :  com.virobugs
2019-10-07 17:58:14.630 766-1294/? I/chatty: uid=1013(media) pl#2 identical 1 line
2019-10-07 17:58:14.631 766-1294/? D/EnvImpl: [HWA_CAM3]getPackageName :  com.virobugs
2019-10-07 17:58:14.632 766-29292/? D/Misc____: [3c6ca2b_64D] onProcessFrame(666), afDistance(0.000000)
2019-10-07 17:58:14.635 611-611/? I/mediacomm@2.1-service: getMdcClient:114: get client<Camera, 384, 766>, channel<4, 1>, perfLev=1, powerStatue=0.
2019-10-07 17:58:14.635 611-611/? I/mediacomm@2.1-service: getMdcVotePerfLev:179: Connected Mdc client<Camera, 384, 766> channel<4, 1> perfLev<1>
2019-10-07 17:58:14.634 766-29297/? I/EnvImpl: [HWA_CAM3]getArCalorieMode mArCalorieMode 0
2019-10-07 17:58:14.635 766-29297/? I/cie: FaceStoryAlgo::isCurFrameRun isCurFrameRun. Process mode 0.
2019-10-07 17:58:14.637 611-611/? I/mediacomm@2.1-service: doCopybit:495: client<Camera, 0> ret = 766 finish copybit -.
2019-10-07 17:58:14.637 766-29299/? I/GRALLOC: LockFlexLayout: baseFormat: 11, yStride: 640, ySize: 307200, uOffset: 307200,  uStride: 640
2019-10-07 17:58:14.638 766-29299/? I/GRALLOC: LockFlexLayout: baseFormat: 11, yStride: 640, ySize: 307200, uOffset: 307200,  uStride: 640
2019-10-07 17:58:14.639 749-29240/? I/Camera3-Stream: getBuffer: Stream 0, 0xee5bc180: Already dequeued max output buffers (7), wait for next returned one.
2019-10-07 17:58:14.639 26614-29204/com.virobugs I/GRALLOC: LockFlexLayout: baseFormat: 11, yStride: 640, ySize: 307200, uOffset: 307200,  uStride: 640
2019-10-07 17:58:14.658 1956-2275/? I/AppManager: removeProcessDependency pid:26614
2019-10-07 17:58:14.668 766-29292/? D/Misc____: [3c6ca2b_64D] onProcessFrame(666), afDistance(0.000000)
2019-10-07 17:58:14.668 766-29297/? I/EnvImpl: [HWA_CAM3]getArCalorieMode mArCalorieMode 0
2019-10-07 17:58:14.668 766-29297/? I/cie: FaceStoryAlgo::isCurFrameRun isCurFrameRun. Process mode 0.
2019-10-07 17:58:14.669 766-29295/? I/AntiBanding: onSubAlgoProcess() mAlgoCtx.continue_detect_cnt :0, mAlgoCtx.succ_detect_cnt : 0, mAlgoCtx.motion_flag = 0, detect_result:0, frequency_detected = 0,cur_expo = 20000
2019-10-07 17:58:14.671 611-611/? I/mediacomm@2.1-service: getMdcClient:114: get client<Camera, 384, 766>, channel<4, 1>, perfLev=1, powerStatue=0.
2019-10-07 17:58:14.671 611-611/? I/mediacomm@2.1-service: getMdcVotePerfLev:179: Connected Mdc client<Camera, 384, 766> channel<4, 1> perfLev<1>
2019-10-07 17:58:14.672 766-1294/? D/EnvImpl: [HWA_CAM3]getPackageName :  com.virobugs
2019-10-07 17:58:14.672 766-1294/? I/HwaUtils: [3c6ca2b_64I] getProductExtendName() path=EMILY
2019-10-07 17:58:14.672 766-1294/? I/HwaUtils: [3c6ca2b_64I] getOneCfgFile() path=NULL
2019-10-07 17:58:14.672 766-1294/? I/HwaDMapIpp: [3c6ca2b_64I] checkNeedSwapCalibrationData() ConfigFile NULL
2019-10-07 17:58:14.672 766-1294/? D/Misc____: [3c6ca2b_64D] enter loadRequest
2019-10-07 17:58:14.672 766-1294/? D/EnvImpl: [HWA_CAM3]getPackageName :  com.virobugs
2019-10-07 17:58:14.672 766-1294/? D/IppAlgoFilter: [HWA_CAM3]loadPreviewRequest() REQUEST_DMAP_SWAP, status:0
2019-10-07 17:58:14.672 766-1294/? D/EnvImpl: [HWA_CAM3]getPackageName :  com.virobugs
2019-10-07 17:58:14.672 766-1294/? I/chatty: uid=1013(media) pl#2 identical 1 line
2019-10-07 17:58:14.672 766-1294/? D/EnvImpl: [HWA_CAM3]getPackageName :  com.virobugs
2019-10-07 17:58:14.673 611-611/? I/mediacomm@2.1-service: doCopybit:495: client<Camera, 0> ret = 766 finish copybit -.
2019-10-07 17:58:14.674 766-29299/? I/GRALLOC: LockFlexLayout: baseFormat: 11, yStride: 640, ySize: 307200, uOffset: 307200,  uStride: 640
2019-10-07 17:58:14.675 766-29299/? I/GRALLOC: LockFlexLayout: baseFormat: 11, yStride: 640, ySize: 307200, uOffset: 307200,  uStride: 640
2019-10-07 17:58:14.675 749-29240/? I/Camera3-Stream: getBuffer: Stream 0, 0xee5bc180: Already dequeued max output buffers (7), wait for next returned one.
2019-10-07 17:58:14.682 766-29289/? I/HwaStatInfo: [3c6ca2b_64I] algotype is 0, videoRatio is 1.000000, ratio is 1.875000, faceNum is 0
2019-10-07 17:58:14.687 578-578/? I/Zygote: Process 26614 exited due to signal (9)
2019-10-07 17:58:14.694 766-29297/? I/EnvImpl: [HWA_CAM3]getArCalorieMode mArCalorieMode 0
2019-10-07 17:58:14.694 766-29289/? I/HwaStatInfo: [3c6ca2b_64I] algotype is 0, videoRatio is 1.000000, ratio is 1.875000, faceNum is 0
2019-10-07 17:58:14.694 766-29297/? I/cie: FaceStoryAlgo::isCurFrameRun isCurFrameRun. Process mode 0.
2019-10-07 17:58:14.694 766-29292/? D/Misc____: [3c6ca2b_64D] onProcessFrame(666), afDistance(0.000000)
2019-10-07 17:58:14.699 766-29295/? I/AntiBanding: onSubAlgoProcess() mAlgoCtx.continue_detect_cnt :1, mAlgoCtx.succ_detect_cnt : 0, mAlgoCtx.motion_flag = 0, detect_result:0, frequency_detected = 26,cur_expo = 20000
2019-10-07 17:58:14.710 29270-29270/? D/NetworkSecurityConfig: Using Network Security Config from resource network_security_config debugBuild: false
2019-10-07 17:58:14.718 29270-29270/? I/ProviderInstaller: Installed default security provider GmsCore_OpenSSL
2019-10-07 17:58:14.730 766-29297/? I/EnvImpl: [HWA_CAM3]getArCalorieMode mArCalorieMode 0
2019-10-07 17:58:14.730 766-29297/? I/cie: FaceStoryAlgo::isCurFrameRun isCurFrameRun. Process mode 0.
2019-10-07 17:58:14.730 766-29295/? I/AntiBanding: onSubAlgoProcess() mAlgoCtx.continue_detect_cnt :2, mAlgoCtx.succ_detect_cnt : 0, mAlgoCtx.motion_flag = 0, detect_result:0, frequency_detected = 0,cur_expo = 20000
2019-10-07 17:58:14.730 766-29292/? D/Misc____: [3c6ca2b_64D] onProcessFrame(666), afDistance(0.000000)
2019-10-07 17:58:14.738 784-902/? E/JankService: logCaptureFilter: not the beta version or delimitation frozen, no need to capture log
2019-10-07 17:58:14.740 784-902/? E/JankService: ### JankSchedHwRead error!
2019-10-07 17:58:14.746 766-29289/? I/HwaStatInfo: [3c6ca2b_64I] algotype is 0, videoRatio is 1.000000, ratio is 1.875000, faceNum is 0
2019-10-07 17:58:14.747 29270-29270/? I/Safeboot: Checking safeboot...
2019-10-07 17:58:14.748 784-902/? E/JankService: update dlm info failed
2019-10-07 17:58:14.751 29270-29270/? I/Safeboot: Not entering safeboot; wrong process.
2019-10-07 17:58:14.753 29122-29122/? I/atea: getInstance: new instance created [CONTEXT service_id=79 ]
2019-10-07 17:58:14.757 784-902/? I/iMonitor: create: 902070100
2019-10-07 17:58:14.763 766-29289/? I/HwaStatInfo: [3c6ca2b_64I] algotype is 0, videoRatio is 1.000000, ratio is 1.875000, faceNum is 0
2019-10-07 17:58:14.763 766-29292/? D/Misc____: [3c6ca2b_64D] onProcessFrame(666), afDistance(0.000000)
2019-10-07 17:58:14.766 766-29297/? I/EnvImpl: [HWA_CAM3]getArCalorieMode mArCalorieMode 0
2019-10-07 17:58:14.766 766-29297/? I/cie: FaceStoryAlgo::isCurFrameRun isCurFrameRun. Process mode 0.
2019-10-07 17:58:14.766 29122-29342/? I/HwApiCacheMangerEx: apicache path=/storage/emulated/0 state=mounted key=com.google.android.gms#10024#256
2019-10-07 17:58:14.795 766-29297/? I/EnvImpl: [HWA_CAM3]getArCalorieMode mArCalorieMode 0
2019-10-07 17:58:14.795 766-29297/? I/cie: FaceStoryAlgo::isCurFrameRun isCurFrameRun. Process mode 0.
2019-10-07 17:58:14.796 766-29292/? D/Misc____: [3c6ca2b_64D] onProcessFrame(666), afDistance(0.000000)
2019-10-07 17:58:14.799 784-902/? I/iMonitor: send: 902070100
2019-10-07 17:58:14.802 766-29295/? I/AntiBanding: onSubAlgoProcess() mAlgoCtx.continue_detect_cnt :0, mAlgoCtx.succ_detect_cnt : 0, mAlgoCtx.motion_flag = 0, detect_result:0, frequency_detected = 0,cur_expo = 20000
2019-10-07 17:58:14.813 766-29289/? I/HwaStatInfo: [3c6ca2b_64I] algotype is 0, videoRatio is 1.000000, ratio is 1.875000, faceNum is 0
2019-10-07 17:58:14.828 766-29297/? I/EnvImpl: [HWA_CAM3]getArCalorieMode mArCalorieMode 0
2019-10-07 17:58:14.828 766-29292/? D/Misc____: [3c6ca2b_64D] onProcessFrame(666), afDistance(0.000000)
2019-10-07 17:58:14.829 766-29289/? I/HwaStatInfo: [3c6ca2b_64I] algotype is 0, videoRatio is 1.000000, ratio is 1.875000, faceNum is 0
2019-10-07 17:58:14.830 766-29297/? I/cie: FaceStoryAlgo::isCurFrameRun isCurFrameRun. Process mode 0.
2019-10-07 17:58:14.907 29122-29122/? I/NetworkScheduler: Using standalone scheduling engine
2019-10-07 17:58:14.928 1110-6136/? I/ActivityManager: Need to start process com.google.process.gapps for provider ContentProviderInfo{name=com.google.settings className=com.google.android.gsf.settings.GoogleSettingsProvider}, callerApp: ProcessRecord{3c90e8b 29122:com.google.android.gms.persistent/u0a24}
2019-10-07 17:58:14.953 29270-29270/? W/Primes: Primes not initialized, returning default (no-op) Primes instance which will ignore all calls. Please call Primes.initialize(...) before using any Primes API.
2019-10-07 17:58:14.959 29270-29311/? E/MemoryLeakMonitorManager: MemoryLeakMonitor.jar is not exist!
2019-10-07 17:58:14.972 578-578/? I/Zygote: say something before unblock SIGCHLD, uid: 10024 pid: 29350, do not delete this log!
2019-10-07 17:58:14.980 1110-1283/? I/ActivityManager: Start proc 29350:com.google.process.gapps/u0a24 for content provider com.google.android.gsf/.settings.GoogleSettingsProvider
2019-10-07 17:58:14.982 29122-29348/? E/TaskInfo: Failed to construct Task from database: java.lang.IllegalArgumentException: Window start must be shorter than window end.
2019-10-07 17:58:14.984 1110-1837/? E/ProcessInfoCollector: getProcessInfo: failed to find this proc
2019-10-07 17:58:14.993 29350-29350/? I/e.process.gapp: Reinit property: dalvik.vm.checkjni= false
2019-10-07 17:58:15.000 609-1214/? D/asd_primary_out: L[0],R[0], continus 20 times!
2019-10-07 17:58:15.009 29350-29350/? E/e.process.gapp: Not starting debugger since process cannot load the jdwp agent.
2019-10-07 17:58:15.027 29350-29350/? D/ZrHung.AppEyeUiProbe: AppEyeUIP created.
2019-10-07 17:58:15.032 29350-29350/? D/ActivityThread: Attach thread to application
2019-10-07 17:58:15.133 577-634/? W/SocketListener: sending broadcast to Pid = 1110, Uid = 1000
2019-10-07 17:58:15.136 1110-1597/? D/NetdConnector: RCV <- {601 limit alert globalAlert lo}
2019-10-07 17:58:15.138 29350-29364/? I/HwLogExceptionInner: Log blacklist
2019-10-07 17:58:15.137 1110-1597/? D/NetdConnector: RCV <- {601 limit alert globalAlert lo}
2019-10-07 17:58:15.139 1110-1365/? D/NetdConnector: RCV unsolicited event from native daemon, event = 601
2019-10-07 17:58:15.139 1110-1365/? I/NetworkStats: limitReached
2019-10-07 17:58:15.144 1110-1600/? I/NetworkStats: performPollLocked, pid = 1110
2019-10-07 17:58:15.156 29350-29350/? I/e.process.gapp: The ClassLoaderContext is a special shared library.
2019-10-07 17:58:15.161 1110-9112/? E/WifiService: enforceCanAccessScanResults: hiding ssid and bssidLocation mode is disabled for the device
2019-10-07 17:58:15.166 648-1232/? I/AudioFlinger: BUFFER TIMEOUT: remove(1) from active list on thread 0x73de505b80
2019-10-07 17:58:15.166 648-1232/? I/AudioFlinger: BUFFER TIMEOUT: remove(2) from active list on thread 0x73de505b80
2019-10-07 17:58:15.166 648-1232/? I/AudioFlinger: BUFFER TIMEOUT: remove(4) from active list on thread 0x73de505b80
2019-10-07 17:58:15.166 648-1232/? I/AudioFlinger: BUFFER TIMEOUT: remove(0) from active list on thread 0x73de505b80
2019-10-07 17:58:15.166 648-1232/? I/AudioFlinger: BUFFER TIMEOUT: remove(3) from active list on thread 0x73de505b80
2019-10-07 17:58:15.166 648-1232/? I/AudioFlinger: BUFFER TIMEOUT: remove(5) from active list on thread 0x73de505b80
2019-10-07 17:58:15.174 1956-2062/? I/PGAudioState: AUDIO_REMOVE_ACTIVE_TRACK, trackId : 471
2019-10-07 17:58:15.175 1956-2062/? I/PGAudioState: AUDIO_REMOVE_ACTIVE_TRACK, trackId : 472
2019-10-07 17:58:15.175 1956-2380/? I/InputManager: new hook event, id: 220, pkg: 475
2019-10-07 17:58:15.182 1956-2062/? I/PGAudioState: AUDIO_REMOVE_ACTIVE_TRACK, trackId : 474
2019-10-07 17:58:15.182 1956-2062/? I/PGAudioState: AUDIO_REMOVE_ACTIVE_TRACK, trackId : 470
2019-10-07 17:58:15.183 1956-2062/? I/PGAudioState: AUDIO_REMOVE_ACTIVE_TRACK, trackId : 473
2019-10-07 17:58:15.183 1956-2062/? I/PGAudioState: AUDIO_REMOVE_ACTIVE_TRACK, trackId : 475
2019-10-07 17:58:15.183 1956-2062/? I/DeviceMonitor: last release audio mix uid:10314 pid:-2
2019-10-07 17:58:15.189 648-851/? I/APM_AudioPolicyManager: stopOutput() output 13, stream 3, session 3145
2019-10-07 17:58:15.201 1110-1600/? W/NetworkStatsFactory: mStatsXtProcUid: /proc/net/comm/stats does not exist!
2019-10-07 17:58:15.201 1110-1600/? D/HwNetworkStatsService: hwRecordUidAndProcSnapshotLocked currentTime = 1570463896510
2019-10-07 17:58:15.204 609-839/? I/spk_dev_interface: spk_set_parameters: use new smartpakit version
2019-10-07 17:58:15.204 609-839/? I/audio_hw_primary: update stream types 0
2019-10-07 17:58:15.210 1110-1600/? I/NetworkStatsFactory: javaReadNetworkStatsUidAndProcDetail. cost time = 9
2019-10-07 17:58:15.212 29350-29364/? I/AwareBitmapCacher: init processName:com.google.process.gapps pid=29350 uid=10024
2019-10-07 17:58:15.220 648-851/? D/APM::AudioOutputDescriptor: stop, profile name: primary out,  curActiveCount: 1
2019-10-07 17:58:15.220 648-851/? I/APM_AudioPolicyManager: stopOutput() output 13, stream 3, session 3153
2019-10-07 17:58:15.221 609-839/? I/spk_dev_interface: spk_set_parameters: use new smartpakit version
2019-10-07 17:58:15.221 609-839/? I/audio_hw_primary: update stream types 0
2019-10-07 17:58:15.223 648-851/? D/APM::AudioOutputDescriptor: stop, profile name: primary out,  curActiveCount: 1
2019-10-07 17:58:15.223 648-851/? I/APM_AudioPolicyManager: stopOutput() output 13, stream 3, session 3169
2019-10-07 17:58:15.224 609-839/? I/spk_dev_interface: spk_set_parameters: use new smartpakit version
2019-10-07 17:58:15.224 609-839/? I/audio_hw_primary: update stream types 0
2019-10-07 17:58:15.225 1110-1600/? D/NetdConnector: SND -> {2170 bandwidth setglobalalert 2097152}
2019-10-07 17:58:15.225 648-851/? D/APM::AudioOutputDescriptor: stop, profile name: primary out,  curActiveCount: 1
2019-10-07 17:58:15.225 648-851/? I/APM_AudioPolicyManager: stopOutput() output 13, stream 3, session 3137
2019-10-07 17:58:15.226 609-10731/? I/spk_dev_interface: spk_set_parameters: use new smartpakit version
2019-10-07 17:58:15.226 609-10731/? I/audio_hw_primary: update stream types 0
2019-10-07 17:58:15.226 1110-1597/? D/NetdConnector: RCV <- {200 2170 Bandwidth command succeeeded}
2019-10-07 17:58:15.227 648-851/? D/APM::AudioOutputDescriptor: stop, profile name: primary out,  curActiveCount: 1
2019-10-07 17:58:15.227 648-851/? I/APM_AudioPolicyManager: stopOutput() output 13, stream 3, session 3161
2019-10-07 17:58:15.227 609-839/? I/spk_dev_interface: spk_set_parameters: use new smartpakit version
2019-10-07 17:58:15.227 609-839/? I/audio_hw_primary: update stream types 0
2019-10-07 17:58:15.228 648-851/? D/APM::AudioOutputDescriptor: stop, profile name: primary out,  curActiveCount: 1
2019-10-07 17:58:15.228 648-851/? I/APM_AudioPolicyManager: stopOutput() output 13, stream 3, session 3177
2019-10-07 17:58:15.229 609-12030/? I/spk_dev_interface: spk_set_parameters: use new smartpakit version
2019-10-07 17:58:15.229 609-12030/? I/audio_hw_primary: update stream types 0
2019-10-07 17:58:15.230 648-851/? I/APM_AudioPolicyManager: getNewOutputDevice() selected device 0 connectdeDevices(10003)
2019-10-07 17:58:15.230 648-851/? D/APM_AudioPolicyManager: setOutputDevice() device 0x0000 delayMs 80 force 0
2019-10-07 17:58:15.231 648-851/? I/APM_AudioPolicyManager: setOutputDevice() setting same device 0x0000 or null device
2019-10-07 17:58:15.231 648-851/? I/APM_AudioPolicyManager: checkOutputForStrategy() getDeviceForStrategy strategy=3 newDevice=2 oldDevice=2
2019-10-07 17:58:15.231 648-851/? D/APM::AudioOutputDescriptor: stop, profile name: primary out,  curActiveCount: 0
2019-10-07 17:58:15.239 609-10731/? I/smartpakit: smartpa_algo_control: enter smartpa_algo_control, cmd = 5
2019-10-07 17:58:15.245 609-10731/? I/dsp_codec_ctl: codec_adsp_send_sync_cmd:ioctl ret=0
2019-10-07 17:58:15.245 609-10731/? I/smartpakit: get_power_consumption: result[1] is 0x0 result[0] is 0x1b7!
2019-10-07 17:58:15.245 609-10731/? I/smartpakit: getSmartPAPOWER is pa1=439!
2019-10-07 17:58:15.250 648-11944/? I/hash_map_utils: key: 'getSmartPAPOWER' value: ''
2019-10-07 17:58:15.250 648-11944/? I/bt_a2dp_hw: adev_get_parameters: audio a2dp receive kvpairs getSmartPAPOWER ,but need not handle
2019-10-07 17:58:15.267 29350-29350/? I/GoogleHttpClient: GMS http client unavailable, use old client
2019-10-07 17:58:15.288 29350-29364/? E/MemoryLeakMonitorManager: MemoryLeakMonitor.jar is not exist!
2019-10-07 17:58:15.308 1110-1110/? D/JobScheduler: queuing all ready jobs for execution:
2019-10-07 17:58:15.316 1110-1366/? I/Bluetooth_framework: BluetoothManagerService:Added callback: android.bluetooth.IBluetoothManagerCallback$Stub$Proxy@d351dc7:true pid = 29122
2019-10-07 17:58:15.401 609-1214/? D/asd_primary_out: L[0],R[0], continus 20 times!
    , len = 6
2019-10-07 17:58:15.436 29122-29337/? W/ServiceManagement: getService: unable to call into hwbinder service for vendor.huawei.hardware.sensors@1.0::ISensors/default.
2019-10-07 17:58:15.490 29122-29122/? D/HwCustConnectivityManagerImpl: isBlockNetworkRequestByNonAis, INVALID_SUBSCRIPTION_ID
2019-10-07 17:58:15.493 1110-9112/? D/ConnectivityService: listenForNetwork for uid/pid:10024/29122 NetworkRequest [ LISTEN id=176, [ Capabilities: NOT_RESTRICTED Uid: 10024] ]
2019-10-07 17:58:15.499 1110-1617/? D/ConnectivityService: rematching NetworkAgentInfo [MOBILE (LTE) - 103]
2019-10-07 17:58:15.502 1975-2638/? D/PhoneInterfaceManager: [PhoneIntfMgr] isUserDataEnabled: subId=0 phoneId=0
2019-10-07 17:58:15.502 1975-2638/? D/PhoneInterfaceManager: [PhoneIntfMgr] isUserDataEnabled: subId=0 retVal=true
2019-10-07 17:58:15.503 1110-1617/? D/ConnectivityService:  network has: [ Transports: CELLULAR Capabilities: DUN&TRUSTED&NOT_VPN&VALIDATED&NOT_ROAMING&FOREGROUND&NOT_CONGESTED&NOT_SUSPENDED LinkUpBandwidth>=51200Kbps LinkDnBandwidth>=102400Kbps Specifier: <0>]
2019-10-07 17:58:15.512 1110-1617/? E/HwConnectivityService: NOT support internet or NOT mobile!
2019-10-07 17:58:15.512 1110-1617/? I/chatty: uid=1000(system) ConnectivitySer identical 5 lines
2019-10-07 17:58:15.512 1110-1617/? E/HwConnectivityService: NOT support internet or NOT mobile!
2019-10-07 17:58:15.512 1110-1617/? D/ConnectivityService: Network NetworkAgentInfo [MOBILE (LTE) - 103] was already satisfying request 134. No change.
2019-10-07 17:58:15.513 1110-1617/? D/ConnectivityService: rematching NetworkAgentInfo [MOBILE (LTE) - 102]
2019-10-07 17:58:15.516 1975-2638/? D/PhoneInterfaceManager: [PhoneIntfMgr] isUserDataEnabled: subId=0 phoneId=0
2019-10-07 17:58:15.516 1975-2638/? D/PhoneInterfaceManager: [PhoneIntfMgr] isUserDataEnabled: subId=0 retVal=true
2019-10-07 17:58:15.516 1110-1617/? D/ConnectivityService:  network has: [ Transports: CELLULAR Capabilities: MMS&SUPL&XCAP&INTERNET&NOT_RESTRICTED&TRUSTED&NOT_VPN&VALIDATED&NOT_ROAMING&FOREGROUND&NOT_CONGESTED&NOT_SUSPENDED LinkUpBandwidth>=51200Kbps LinkDnBandwidth>=102400Kbps Specifier: <0>]
2019-10-07 17:58:15.516 1110-1617/? D/ConnectivityService: Network NetworkAgentInfo [MOBILE (LTE) - 102] was already satisfying request 12. No change.
2019-10-07 17:58:15.516 1110-1617/? D/ConnectivityService: Network NetworkAgentInfo [MOBILE (LTE) - 102] was already satisfying request 8. No change.
2019-10-07 17:58:15.516 1110-1617/? D/ConnectivityService: Network NetworkAgentInfo [MOBILE (LTE) - 102] was already satisfying request 133. No change.
2019-10-07 17:58:15.516 1110-1617/? D/ConnectivityService: Network NetworkAgentInfo [MOBILE (LTE) - 102] was already satisfying request 1. No change.
2019-10-07 17:58:15.516 1110-1617/? D/ConnectivityService: Network NetworkAgentInfo [MOBILE (LTE) - 102] was already satisfying request 5. No change.
2019-10-07 17:58:15.516 1110-1617/? D/ConnectivityService: Network NetworkAgentInfo [MOBILE (LTE) - 102] was already satisfying request 15. No change.
2019-10-07 17:58:15.516 1110-1617/? D/ConnectivityService: Network NetworkAgentInfo [MOBILE (LTE) - 102] was already satisfying request 17. No change.
2019-10-07 17:58:15.517 1110-1617/? E/HwConnectivityService: network request is NOT bip!
2019-10-07 17:58:15.523 752-1227/? E/dubaid: [DubaiUtils.h] parseMessage# Failed to find second tag: uid=
2019-10-07 17:58:15.524 752-1227/? E/dubaid: [SystemHandler.cpp] parsePartialWakelockAcquiredMessage# Failed to parse count: lock=81251876 tag=GCM_CONN_ALARM count=0
2019-10-07 17:58:15.524 752-1227/? E/dubaid: [SystemHandler.cpp] onPartialWakelockAcquireMessage# Failed to parse message
2019-10-07 17:58:15.533 577-640/? I/PreDnsController: canPreDnsQuery,persist.sys.predns is false!
2019-10-07 17:58:15.585 1110-4524/? I/MQoS: MSG_QUERY_TCP_INFO called,count:129
2019-10-07 17:58:15.594 1110-1603/? I/QosMonitor: postEventFromNative: msg=100,arg1=0,arg2=10
2019-10-07 17:58:15.597 1110-1603/? I/MQoS: rtt=0,tcp_tx_pkts=0,tcp_rx_pkts=0
2019-10-07 17:58:15.601 1110-4524/? I/TrafficMonitor: getStatic,count:0,work status:false
2019-10-07 17:58:15.602 1110-4524/? I/MQoS: QOS_level:3(3),use RAT:4G;signalLvl:3
2019-10-07 17:58:15.615 752-1227/? E/dubaid: [DubaiUtils.h] parseMessage# Failed to find second tag: uid=
2019-10-07 17:58:15.615 752-1227/? E/dubaid: [SystemHandler.cpp] parsePartialWakelockAcquiredMessage# Failed to parse count: lock=244072773 tag=Wakeful StateMachine: GeofencerStateMachine count=0
2019-10-07 17:58:15.615 752-1227/? E/dubaid: [SystemHandler.cpp] onPartialWakelockAcquireMessage# Failed to parse message
2019-10-07 17:58:15.618 752-1227/? E/dubaid: [SystemHandler.cpp] onPartialWakelockReleaseMessage# Already released, lock: 244072773
2019-10-07 17:58:15.620 29122-29122/? D/WorkSource: Insert in WorkSource{} @ 0 uid 10024 name com.google.android.gms
2019-10-07 17:58:15.621 1110-9112/? W/HwAlarmManagerService: isContainsAppUidInWorksource-->happend NameNotFoundException
2019-10-07 17:58:15.623 1110-9112/? I/AlarmManager: adjustDeliveryTimeBasedOnStandbyBucketLocked alarm:Alarm{7165542 type 2 when 29716737 PendingIntent{13cdf8d: PendingIntentRecord{f525791 com.whatsapp broadcastIntent}}com.whatsapp}, standbyBucket:20, minElapsed:29862110
2019-10-07 17:58:15.624 1110-9112/? I/AlarmManager: adjustDeliveryTimeBasedOnStandbyBucketLocked alarm:Alarm{1268a71 type 0 when 1570466752450 PendingIntent{f8f974b: PendingIntentRecord{f3e7528 com.huawei.hiai broadcastIntent}}com.huawei.hiai}, standbyBucket:40, minElapsed:33942003
2019-10-07 17:58:15.641 1110-6136/? I/LocationManagerService:  PID: 29122 , uid : 10024 , packageName :com.google.android.gms , allowedResolutionLevel : 2 , permission : true
2019-10-07 17:58:15.645 1110-6136/? D/HwLocationManagerService: lbsService mLBSServiceStart:false
2019-10-07 17:58:15.646 1110-6136/? I/LocationManagerService: request 8214831 passive Request[POWER_NONE passive fastest=0 lowPowerMode=false] from com.google.android.gms(10024)
2019-10-07 17:58:15.649 1110-6136/? I/BackgroundPermManager: pkgName: com.google.android.gms,pid: 29122 ,uidOf3RdApk: 10024 ,permType: 2 ,permCfg: 1
2019-10-07 17:58:15.651 609-10217/? D/DlbDap2Process: process() called [2151000] times
2019-10-07 17:58:15.651 609-10217/? D/DlbDap2Process: process in: cap=256 ch=2 stride=8 samplesize=4
2019-10-07 17:58:15.651 609-10217/? D/DlbDap2Process: process out: cap=256 ch=2 stride=8 samplesize=4
2019-10-07 17:58:15.654 1110-1629/? E/HwXmlLogParse: mfile is null.
2019-10-07 17:58:15.672 2136-14576/? E/HSM_SEC_BG: BMNCaller:is not PermissionEnabled.
2019-10-07 17:58:15.673 1110-6136/? I/LocationManagerService: applyRequirementsLocked to passive
2019-10-07 17:58:15.674 1110-6136/? D/WorkSource: Insert in WorkSource{} @ 0 uid 1000 name android
2019-10-07 17:58:15.674 1110-6136/? D/WorkSource: Insert in WorkSource{1000 android} @ 1 uid 1001 name com.android.phone
2019-10-07 17:58:15.675 1110-6136/? D/WorkSource: Insert in WorkSource{1000 android, 1001 com.android.phone} @ 2 uid 10024 name com.google.android.gms
2019-10-07 17:58:15.675 1110-6136/? I/LocationManagerService: provider request: passive ProviderRequest[ON interval=0 lowPowerMode=false] mCHRFirstReqFlag:true
2019-10-07 17:58:15.675 1110-6136/? I/LocationManagerService: network chr update
2019-10-07 17:58:15.677 29122-29122/? D/WorkSource: Insert in WorkSource{} @ 0 uid 10024 name com.google.android.gms
2019-10-07 17:58:15.678 1110-6091/? W/HwAlarmManagerService: isContainsAppUidInWorksource-->happend NameNotFoundException
2019-10-07 17:58:15.679 1110-6091/? I/AlarmManager: adjustDeliveryTimeBasedOnStandbyBucketLocked alarm:Alarm{7165542 type 2 when 29716737 PendingIntent{13cdf8d: PendingIntentRecord{f525791 com.whatsapp broadcastIntent}}com.whatsapp}, standbyBucket:20, minElapsed:29862110
2019-10-07 17:58:15.680 1110-6091/? I/AlarmManager: adjustDeliveryTimeBasedOnStandbyBucketLocked alarm:Alarm{1268a71 type 0 when 1570466752450 PendingIntent{f8f974b: PendingIntentRecord{f3e7528 com.huawei.hiai broadcastIntent}}com.huawei.hiai}, standbyBucket:40, minElapsed:33942003
2019-10-07 17:58:15.700 1110-6136/? D/HwGpsPowerTracker: recordRequest AppName:com.google.android.gms quality:200
2019-10-07 17:58:15.725 29122-29337/? W/SystemServiceRegistry: No service published for: wifirtt
2019-10-07 17:58:15.731 752-1227/? E/dubaid: [DubaiUtils.h] parseMessage# Failed to find second tag: uid=
2019-10-07 17:58:15.731 752-1227/? E/dubaid: [SystemHandler.cpp] parsePartialWakelockAcquiredMessage# Failed to parse count: lock=249605872 tag=NlpWakeLock count=0
2019-10-07 17:58:15.731 752-1227/? E/dubaid: [SystemHandler.cpp] onPartialWakelockAcquireMessage# Failed to parse message
2019-10-07 17:58:15.744 1110-6136/? I/AudioPlaybackConfiguration: IPlayerShell binderDied for piid=3215
2019-10-07 17:58:15.744 1110-1890/? I/AudioPlaybackConfiguration: IPlayerShell binderDied for piid=3223
2019-10-07 17:58:15.744 1110-1704/? I/AudioPlaybackConfiguration: IPlayerShell binderDied for piid=3239
2019-10-07 17:58:15.745 1110-8820/? I/AudioPlaybackConfiguration: IPlayerShell binderDied for piid=3231
2019-10-07 17:58:15.745 1110-9112/? I/AudioPlaybackConfiguration: IPlayerShell binderDied for piid=3207
2019-10-07 17:58:15.745 1110-6091/? I/AudioPlaybackConfiguration: IPlayerShell binderDied for piid=3199
2019-10-07 17:58:15.745 648-11944/? D/AudioFlinger: event 163
2019-10-07 17:58:15.746 648-11944/? I/chatty: uid=1041(audioserver) Binder:648_9 identical 4 lines
2019-10-07 17:58:15.746 648-11944/? D/AudioFlinger: event 163
2019-10-07 17:58:15.746 1110-1110/? D/MediaRouterService: onAudioPlayerActiveStateChanged: uid=10314, active=false, restoreUid=10314
2019-10-07 17:58:15.746 1110-1110/? D/MediaRouterService: onAudioPlayerActiveStateChanged: uid=10314, active=false, restoreUid=10314
2019-10-07 17:58:15.746 1110-6136/? I/ActivityManager: Process com.virobugs (pid 26614) has died: fore TOP
2019-10-07 17:58:15.747 648-21911/? D/AudioFlinger: Destroy Track session=3145 uid=10314 type=3 rate=48000 format=1 channel=3
2019-10-07 17:58:15.747 648-9195/? D/AudioFlinger: Destroy Track session=3177 uid=10314 type=3 rate=48000 format=1 channel=3
2019-10-07 17:58:15.748 1110-1110/? D/MediaRouterService: onAudioPlayerActiveStateChanged: uid=10314, active=false, restoreUid=10314
2019-10-07 17:58:15.751 749-898/? E/Surface: queueBuffer: error queuing buffer to SurfaceTexture, -32
2019-10-07 17:58:15.751 648-1232/? I/AudioMixer: Pid:648 deleteTrackName(1)
2019-10-07 17:58:15.752 648-1232/? I/peq_android: PEQ destroyed
2019-10-07 17:58:15.752 1956-2380/? I/InputManager: new hook event, id: 163, pkg: 648
2019-10-07 17:58:15.752 1956-2380/? I/chatty: uid=1000(system) HookHub identical 1 line
2019-10-07 17:58:15.752 1956-2380/? I/InputManager: new hook event, id: 163, pkg: 648
2019-10-07 17:58:15.752 1956-2380/? I/InputManager: new hook event, id: 218, pkg: 471
2019-10-07 17:58:15.752 648-1232/? I/AudioMixer: Pid:648 deleteTrackName(5)
2019-10-07 17:58:15.753 1956-2062/? I/PGAudioState: AUDIO_RELEASE_TRACK, 471
2019-10-07 17:58:15.753 648-1232/? I/peq_android: PEQ destroyed
2019-10-07 17:58:15.753 1956-2062/? D/PGAudioState: remove from mTrackMap, 471
2019-10-07 17:58:15.756 1110-1898/? I/WindowManager: WIN DEATH: Window{1914b28 u0 com.virobugs/com.virobugs.MainActivity}
2019-10-07 17:58:15.756 648-9195/? D/AudioFlinger: Destroy Track session=3137 uid=10314 type=3 rate=48000 format=1 channel=3
2019-10-07 17:58:15.756 648-9195/? D/AudioFlinger: Destroy Track session=3169 uid=10314 type=3 rate=48000 format=1 channel=3
2019-10-07 17:58:15.758 749-749/? I/CameraDeviceClient: ~CameraDeviceClient 0: Released!
2019-10-07 17:58:15.759 749-898/? E/Camera3-OutputStream: returnBufferCheckedLocked: Stream 1: Error queueing buffer to native window: Broken pipe (-32)
2019-10-07 17:58:15.759 749-898/? E/Camera3-Device: Can't return buffer to its stream: (0xee35b480), error: Broken pipe (-32)
2019-10-07 17:58:15.760 648-1232/? I/AudioMixer: Pid:648 deleteTrackName(0)
2019-10-07 17:58:15.761 648-1232/? I/peq_android: PEQ destroyed
2019-10-07 17:58:15.761 648-1232/? I/AudioMixer: Pid:648 deleteTrackName(4)
2019-10-07 17:58:15.761 648-1232/? I/peq_android: PEQ destroyed
2019-10-07 17:58:15.763 749-749/? I/HwPerformEx: ~HwPerformEx(0xee5854e0), camera 0.
2019-10-07 17:58:15.764 749-749/? I/Camera2ClientBase: Closed Camera 0. Client was: com.virobugs (PID 26614, UID 10314)
2019-10-07 17:58:15.764 749-916/? E/Surface: queueBuffer: error queuing buffer to SurfaceTexture, -32
2019-10-07 17:58:15.764 749-916/? E/Camera3-OutputStream: returnBufferCheckedLocked: Stream 0: Error queueing buffer to native window: Broken pipe (-32)
2019-10-07 17:58:15.764 749-29240/? E/Camera3-OutputStream: getBufferLockedCommon: Stream 0: Can't dequeue next output buffer: Broken pipe (-32)
2019-10-07 17:58:15.764 749-29240/? E/Camera3-Device: RequestThread: Can't get output buffer, skipping request: Broken pipe (-32)
2019-10-07 17:58:15.764 749-29240/? I/CameraDeviceClient: notifyError(), device error: 0x3
2019-10-07 17:58:15.764 749-916/? E/Camera3-Device: Can't return buffer to its stream: (0xee5bc180), error: Broken pipe (-32)
2019-10-07 17:58:15.764 749-29240/? E/Camera3-OutputStream: getBufferLockedCommon: Stream 0: Can't dequeue next output buffer: Broken pipe (-32)
2019-10-07 17:58:15.764 749-29240/? E/Camera3-Device: RequestThread: Can't get output buffer, skipping request: Broken pipe (-32)
2019-10-07 17:58:15.764 749-29240/? I/CameraDeviceClient: notifyError(), device error: 0x3
2019-10-07 17:58:15.764 749-29240/? E/Camera3-OutputStream: getBufferLockedCommon: Stream 0: Can't dequeue next output buffer: Broken pipe (-32)
2019-10-07 17:58:15.764 749-29240/? E/Camera3-Device: RequestThread: Can't get output buffer, skipping request: Broken pipe (-32)
2019-10-07 17:58:15.764 749-29240/? I/CameraDeviceClient: notifyError(), device error: 0x3
2019-10-07 17:58:15.764 749-29240/? E/Camera3-OutputStream: getBufferLockedCommon: Stream 0: Can't dequeue next output buffer: Broken pipe (-32)
2019-10-07 17:58:15.764 749-29240/? E/Camera3-Device: RequestThread: Can't get output buffer, skipping request: Broken pipe (-32)
2019-10-07 17:58:15.764 749-29240/? I/CameraDeviceClient: notifyError(), device error: 0x3
2019-10-07 17:58:15.764 749-29240/? E/Camera3-OutputStream: getBufferLockedCommon: Stream 0: Can't dequeue next output buffer: Broken pipe (-32)
2019-10-07 17:58:15.764 749-29240/? E/Camera3-Device: RequestThread: Can't get output buffer, skipping request: Broken pipe (-32)
2019-10-07 17:58:15.764 749-29240/? I/CameraDeviceClient: notifyError(), device error: 0x3
2019-10-07 17:58:15.764 1956-2380/? I/InputManager: new hook event, id: 218, pkg: 474
2019-10-07 17:58:15.764 749-29240/? E/Camera3-OutputStream: getBufferLockedCommon: Stream 0: Can't dequeue next output buffer: Broken pipe (-32)
2019-10-07 17:58:15.764 749-29240/? E/Camera3-Device: RequestThread: Can't get output buffer, skipping request: Broken pipe (-32)
2019-10-07 17:58:15.765 749-29240/? I/CameraDeviceClient: notifyError(), device error: 0x3
2019-10-07 17:58:15.765 749-29240/? E/Camera3-OutputStream: getBufferLockedCommon: Stream 0: Can't dequeue next output buffer: Broken pipe (-32)
2019-10-07 17:58:15.765 749-29240/? E/Camera3-Device: RequestThread: Can't get output buffer, skipping request: Broken pipe (-32)
2019-10-07 17:58:15.765 749-29240/? I/CameraDeviceClient: notifyError(), device error: 0x3
2019-10-07 17:58:15.765 749-29240/? E/Camera3-OutputStream: getBufferLockedCommon: Stream 0: Can't dequeue next output buffer: Broken pipe (-32)
2019-10-07 17:58:15.765 749-29240/? E/Camera3-Device: RequestThread: Can't get output buffer, skipping request: Broken pipe (-32)
2019-10-07 17:58:15.765 749-29240/? I/CameraDeviceClient: notifyError(), device error: 0x3
2019-10-07 17:58:15.765 749-29240/? E/Camera3-OutputStream: getBufferLockedCommon: Stream 0: Can't dequeue next output buffer: Broken pipe (-32)
2019-10-07 17:58:15.765 749-29240/? E/Camera3-Device: RequestThread: Can't get output buffer, skipping request: Broken pipe (-32)
2019-10-07 17:58:15.765 749-29240/? I/CameraDeviceClient: notifyError(), device error: 0x3
2019-10-07 17:58:15.765 749-29240/? E/Camera3-OutputStream: getBufferLockedCommon: Stream 0: Can't dequeue next output buffer: Broken pipe (-32)
2019-10-07 17:58:15.765 749-29240/? E/Camera3-Device: RequestThread: Can't get output buffer, skipping request: Broken pipe (-32)
2019-10-07 17:58:15.765 749-29240/? I/CameraDeviceClient: notifyError(), device error: 0x3
2019-10-07 17:58:15.765 749-29240/? E/Camera3-OutputStream: getBufferLockedCommon: Stream 0: Can't dequeue next output buffer: Broken pipe (-32)
2019-10-07 17:58:15.765 749-29240/? E/Camera3-Device: RequestThread: Can't get output buffer, skipping request: Broken pipe (-32)
2019-10-07 17:58:15.765 749-29240/? I/CameraDeviceClient: notifyError(), device error: 0x3
2019-10-07 17:58:15.765 749-29240/? E/Camera3-OutputStream: getBufferLockedCommon: Stream 0: Can't dequeue next output buffer: Broken pipe (-32)
2019-10-07 17:58:15.765 749-29240/? E/Camera3-Device: RequestThread: Can't get output buffer, skipping request: Broken pipe (-32)
2019-10-07 17:58:15.765 749-29240/? I/CameraDeviceClient: notifyError(), device error: 0x3
2019-10-07 17:58:15.765 749-29240/? E/Camera3-OutputStream: getBufferLockedCommon: Stream 0: Can't dequeue next output buffer: Broken pipe (-32)
2019-10-07 17:58:15.765 749-29240/? E/Camera3-Device: RequestThread: Can't get output buffer, skipping request: Broken pipe (-32)
2019-10-07 17:58:15.765 749-29240/? I/CameraDeviceClient: notifyError(), device error: 0x3
2019-10-07 17:58:15.765 779-905/? D/SensorHub: batch called handle:0 sample_ns:10000000 latency_ns:0
2019-10-07 17:58:15.765 749-29240/? E/Camera3-OutputStream: getBufferLockedCommon: Stream 0: Can't dequeue next output buffer: Broken pipe (-32)
2019-10-07 17:58:15.765 779-905/? D/SensorHub: in batch, handle = 0, flags = 0, period_ns = 10000000, timeout = 0
2019-10-07 17:58:15.765 749-29240/? E/Camera3-Device: RequestThread: Can't get output buffer, skipping request: Broken pipe (-32)
2019-10-07 17:58:15.765 749-29240/? I/CameraDeviceClient: notifyError(), device error: 0x3
2019-10-07 17:58:15.765 749-29240/? E/Camera3-OutputStream: getBufferLockedCommon: Stream 0: Can't dequeue next output buffer: Broken pipe (-32)
2019-10-07 17:58:15.765 749-29240/? E/Camera3-Device: RequestThread: Can't get output buffer, skipping request: Broken pipe (-32)
2019-10-07 17:58:15.765 749-29240/? I/CameraDeviceClient: notifyError(), device error: 0x3
2019-10-07 17:58:15.765 749-29240/? E/Camera3-OutputStream: getBufferLockedCommon: Stream 0: Can't dequeue next output buffer: Broken pipe (-32)
2019-10-07 17:58:15.765 749-29240/? E/Camera3-Device: RequestThread: Can't get output buffer, skipping request: Broken pipe (-32)
2019-10-07 17:58:15.765 749-29240/? I/CameraDeviceClient: notifyError(), device error: 0x3
2019-10-07 17:58:15.765 749-29240/? E/Camera3-OutputStream: getBufferLockedCommon: Stream 0: Can't dequeue next output buffer: Broken pipe (-32)
2019-10-07 17:58:15.765 749-29240/? E/Camera3-Device: RequestThread: Can't get output buffer, skipping request: Broken pipe (-32)
2019-10-07 17:58:15.765 749-29240/? I/CameraDeviceClient: notifyError(), device error: 0x3
2019-10-07 17:58:15.765 749-29240/? E/Camera3-OutputStream: getBufferLockedCommon: Stream 0: Can't dequeue next output buffer: Broken pipe (-32)
2019-10-07 17:58:15.766 749-29240/? E/Camera3-Device: RequestThread: Can't get output buffer, skipping request: Broken pipe (-32)
2019-10-07 17:58:15.766 749-29240/? I/CameraDeviceClient: notifyError(), device error: 0x3
2019-10-07 17:58:15.766 749-29240/? E/Camera3-OutputStream: getBufferLockedCommon: Stream 0: Can't dequeue next output buffer: Broken pipe (-32)
2019-10-07 17:58:15.766 749-29240/? E/Camera3-Device: RequestThread: Can't get output buffer, skipping request: Broken pipe (-32)
2019-10-07 17:58:15.766 749-29240/? I/CameraDeviceClient: notifyError(), device error: 0x3
2019-10-07 17:58:15.766 648-21911/? D/AudioFlinger: Destroy Track session=3161 uid=10314 type=3 rate=48000 format=1 channel=3
2019-10-07 17:58:15.766 749-29240/? E/Camera3-OutputStream: getBufferLockedCommon: Stream 0: Can't dequeue next output buffer: Broken pipe (-32)
2019-10-07 17:58:15.766 749-29240/? E/Camera3-Device: RequestThread: Can't get output buffer, skipping request: Broken pipe (-32)
2019-10-07 17:58:15.766 749-29240/? I/CameraDeviceClient: notifyError(), device error: 0x3
2019-10-07 17:58:15.766 749-29240/? E/Camera3-OutputStream: getBufferLockedCommon: Stream 0: Can't dequeue next output buffer: Broken pipe (-32)
2019-10-07 17:58:15.766 749-29240/? E/Camera3-Device: RequestThread: Can't get output buffer, skipping request: Broken pipe (-32)
2019-10-07 17:58:15.766 749-29240/? I/CameraDeviceClient: notifyError(), device error: 0x3
2019-10-07 17:58:15.766 749-29240/? E/Camera3-OutputStream: getBufferLockedCommon: Stream 0: Can't dequeue next output buffer: Broken pipe (-32)
2019-10-07 17:58:15.766 749-29240/? E/Camera3-Device: RequestThread: Can't get output buffer, skipping request: Broken pipe (-32)
2019-10-07 17:58:15.766 749-29240/? I/CameraDeviceClient: notifyError(), device error: 0x3
2019-10-07 17:58:15.766 749-29240/? E/Camera3-OutputStream: getBufferLockedCommon: Stream 0: Can't dequeue next output buffer: Broken pipe (-32)
2019-10-07 17:58:15.766 749-29240/? E/Camera3-Device: RequestThread: Can't get output buffer, skipping request: Broken pipe (-32)
2019-10-07 17:58:15.766 648-21911/? D/AudioFlinger: Destroy Track session=3153 uid=10314 type=3 rate=48000 format=1 channel=3
2019-10-07 17:58:15.766 749-29240/? I/CameraDeviceClient: notifyError(), device error: 0x3
2019-10-07 17:58:15.766 749-29240/? E/Camera3-OutputStream: getBufferLockedCommon: Stream 0: Can't dequeue next output buffer: Broken pipe (-32)
2019-10-07 17:58:15.766 749-29240/? E/Camera3-Device: RequestThread: Can't get output buffer, skipping request: Broken pipe (-32)
2019-10-07 17:58:15.766 749-29240/? I/CameraDeviceClient: notifyError(), device error: 0x3
2019-10-07 17:58:15.766 749-29240/? E/Camera3-OutputStream: getBufferLockedCommon: Stream 0: Can't dequeue next output buffer: Broken pipe (-32)
2019-10-07 17:58:15.766 749-29240/? E/Camera3-Device: RequestThread: Can't get output buffer, skipping request: Broken pipe (-32)
2019-10-07 17:58:15.766 749-29240/? I/CameraDeviceClient: notifyError(), device error: 0x3
2019-10-07 17:58:15.766 749-29240/? E/Camera3-OutputStream: getBufferLockedCommon: Stream 0: Can't dequeue next output buffer: Broken pipe (-32)
2019-10-07 17:58:15.766 749-29240/? E/Camera3-Device: RequestThread: Can't get output buffer, skipping request: Broken pipe (-32)
2019-10-07 17:58:15.766 749-29240/? I/CameraDeviceClient: notifyError(), device error: 0x3
2019-10-07 17:58:15.766 749-29240/? E/Camera3-OutputStream: getBufferLockedCommon: Stream 0: Can't dequeue next output buffer: Broken pipe (-32)
2019-10-07 17:58:15.766 749-29240/? E/Camera3-Device: RequestThread: Can't get output buffer, skipping request: Broken pipe (-32)
2019-10-07 17:58:15.766 749-29240/? I/CameraDeviceClient: notifyError(), device error: 0x3
2019-10-07 17:58:15.766 749-29240/? E/Camera3-OutputStream: getBufferLockedCommon: Stream 0: Can't dequeue next output buffer: Broken pipe (-32)
2019-10-07 17:58:15.766 749-29240/? E/Camera3-Device: RequestThread: Can't get output buffer, skipping request: Broken pipe (-32)
2019-10-07 17:58:15.766 749-29240/? I/CameraDeviceClient: notifyError(), device error: 0x3
2019-10-07 17:58:15.766 749-29240/? E/Camera3-OutputStream: getBufferLockedCommon: Stream 0: Can't dequeue next output buffer: Broken pipe (-32)
2019-10-07 17:58:15.766 749-29240/? E/Camera3-Device: RequestThread: Can't get output buffer, skipping request: Broken pipe (-32)
2019-10-07 17:58:15.766 749-29240/? I/CameraDeviceClient: notifyError(), device error: 0x3
2019-10-07 17:58:15.766 749-29240/? E/Camera3-OutputStream: getBufferLockedCommon: Stream 0: Can't dequeue next output buffer: Broken pipe (-32)
2019-10-07 17:58:15.766 749-29240/? E/Camera3-Device: RequestThread: Can't get output buffer, skipping request: Broken pipe (-32)
2019-10-07 17:58:15.766 749-29240/? I/CameraDeviceClient: notifyError(), device error: 0x3
2019-10-07 17:58:15.767 749-29240/? E/Camera3-OutputStream: getBufferLockedCommon: Stream 0: Can't dequeue next output buffer: Broken pipe (-32)
2019-10-07 17:58:15.767 749-29240/? E/Camera3-Device: RequestThread: Can't get output buffer, skipping request: Broken pipe (-32)
2019-10-07 17:58:15.767 749-29240/? I/CameraDeviceClient: notifyError(), device error: 0x3
2019-10-07 17:58:15.767 749-29240/? E/Camera3-OutputStream: getBufferLockedCommon: Stream 0: Can't dequeue next output buffer: Broken pipe (-32)
2019-10-07 17:58:15.767 749-29240/? E/Camera3-Device: RequestThread: Can't get output buffer, skipping request: Broken pipe (-32)
2019-10-07 17:58:15.767 749-29240/? I/CameraDeviceClient: notifyError(), device error: 0x3
2019-10-07 17:58:15.767 749-29240/? E/Camera3-OutputStream: getBufferLockedCommon: Stream 0: Can't dequeue next output buffer: Broken pipe (-32)
2019-10-07 17:58:15.767 749-29240/? E/Camera3-Device: RequestThread: Can't get output buffer, skipping request: Broken pipe (-32)
2019-10-07 17:58:15.767 749-29240/? I/CameraDeviceClient: notifyError(), device error: 0x3
2019-10-07 17:58:15.767 749-29240/? E/Camera3-OutputStream: getBufferLockedCommon: Stream 0: Can't dequeue next output buffer: Broken pipe (-32)
2019-10-07 17:58:15.767 749-29240/? E/Camera3-Device: RequestThread: Can't get output buffer, skipping request: Broken pipe (-32)
2019-10-07 17:58:15.767 749-29240/? I/CameraDeviceClient: notifyError(), device error: 0x3
2019-10-07 17:58:15.767 749-29240/? E/Camera3-OutputStream: getBufferLockedCommon: Stream 0: Can't dequeue next output buffer: Broken pipe (-32)
2019-10-07 17:58:15.767 749-29240/? E/Camera3-Device: RequestThread: Can't get output buffer, skipping request: Broken pipe (-32)
2019-10-07 17:58:15.767 749-29240/? I/CameraDeviceClient: notifyError(), device error: 0x3
2019-10-07 17:58:15.767 611-611/? I/mediacomm@2.1-service: getMdcClient:114: get client<Camera, 384, 766>, channel<4, 1>, perfLev=1, powerStatue=0.
2019-10-07 17:58:15.767 749-29240/? E/Camera3-OutputStream: getBufferLockedCommon: Stream 0: Can't dequeue next output buffer: Broken pipe (-32)
2019-10-07 17:58:15.767 611-611/? I/mediacomm@2.1-service: getMdcVotePerfLev:179: Connected Mdc client<Camera, 384, 766> channel<4, 1> perfLev<1>
2019-10-07 17:58:15.767 749-29240/? E/Camera3-Device: RequestThread: Can't get output buffer, skipping request: Broken pipe (-32)
2019-10-07 17:58:15.767 749-29240/? I/CameraDeviceClient: notifyError(), device error: 0x3
2019-10-07 17:58:15.767 749-749/? I/CameraDeviceClient: ~CameraDeviceClient 0: Released!
2019-10-07 17:58:15.767 749-29240/? E/Camera3-OutputStream: getBufferLockedCommon: Stream 0: Can't dequeue next output buffer: Broken pipe (-32)
2019-10-07 17:58:15.767 749-749/? I/HwPerformEx: ~HwPerformEx(0xee585fc0), camera 0.
2019-10-07 17:58:15.767 749-29240/? E/Camera3-Device: RequestThread: Can't get output buffer, skipping request: Broken pipe (-32)
2019-10-07 17:58:15.767 749-29240/? I/CameraDeviceClient: notifyError(), device error: 0x3
2019-10-07 17:58:15.767 749-749/? I/Camera2ClientBase: Closed Camera 0. Client was: com.virobugs (PID 26614, UID 10314)
2019-10-07 17:58:15.767 749-29240/? E/Camera3-OutputStream: getBufferLockedCommon: Stream 0: Can't dequeue next output buffer: Broken pipe (-32)
2019-10-07 17:58:15.767 749-749/? I/CameraDeviceClient: ~CameraDeviceClient 0: Released!
2019-10-07 17:58:15.767 749-29240/? E/Camera3-Device: RequestThread: Can't get output buffer, skipping request: Broken pipe (-32)
2019-10-07 17:58:15.767 749-749/? I/HwPerformEx: ~HwPerformEx(0xee585020), camera 0.
2019-10-07 17:58:15.767 749-29240/? I/CameraDeviceClient: notifyError(), device error: 0x3
2019-10-07 17:58:15.767 749-29240/? E/Camera3-OutputStream: getBufferLockedCommon: Stream 0: Can't dequeue next output buffer: Broken pipe (-32)
2019-10-07 17:58:15.767 749-29240/? E/Camera3-Device: RequestThread: Can't get output buffer, skipping request: Broken pipe (-32)
2019-10-07 17:58:15.767 749-749/? I/Camera2ClientBase: Closed Camera 0. Client was: com.virobugs (PID 26614, UID 10314)
2019-10-07 17:58:15.767 749-29240/? I/CameraDeviceClient: notifyError(), device error: 0x3
2019-10-07 17:58:15.767 749-749/? I/CameraDeviceClient: ~CameraDeviceClient 0: Released!
2019-10-07 17:58:15.767 749-749/? I/HwPerformEx: ~HwPerformEx(0xee585120), camera 0.
2019-10-07 17:58:15.767 749-29240/? E/Camera3-OutputStream: getBufferLockedCommon: Stream 0: Can't dequeue next output buffer: Broken pipe (-32)
2019-10-07 17:58:15.767 749-749/? I/Camera2ClientBase: Closed Camera 0. Client was: com.virobugs (PID 26614, UID 10314)
2019-10-07 17:58:15.767 749-29240/? E/Camera3-Device: RequestThread: Can't get output buffer, skipping request: Broken pipe (-32)
2019-10-07 17:58:15.767 749-29240/? I/CameraDeviceClient: notifyError(), device error: 0x3
2019-10-07 17:58:15.767 749-749/? I/CameraDeviceClient: ~CameraDeviceClient 0: Released!
2019-10-07 17:58:15.767 749-29240/? E/Camera3-OutputStream: getBufferLockedCommon: Stream 0: Can't dequeue next output buffer: Broken pipe (-32)
2019-10-07 17:58:15.767 749-749/? I/HwPerformEx: ~HwPerformEx(0xee585f80), camera 0.
2019-10-07 17:58:15.767 749-29240/? E/Camera3-Device: RequestThread: Can't get output buffer, skipping request: Broken pipe (-32)
2019-10-07 17:58:15.768 749-749/? I/Camera2ClientBase: Closed Camera 0. Client was: com.virobugs (PID 26614, UID 10314)
2019-10-07 17:58:15.768 749-29240/? I/CameraDeviceClient: notifyError(), device error: 0x3
2019-10-07 17:58:15.768 749-29240/? E/Camera3-OutputStream: getBufferLockedCommon: Stream 0: Can't dequeue next output buffer: Broken pipe (-32)
2019-10-07 17:58:15.768 749-29240/? E/Camera3-Device: RequestThread: Can't get output buffer, skipping request: Broken pipe (-32)
2019-10-07 17:58:15.768 749-29240/? I/CameraDeviceClient: notifyError(), device error: 0x3
2019-10-07 17:58:15.768 749-29240/? E/Camera3-OutputStream: getBufferLockedCommon: Stream 0: Can't dequeue next output buffer: Broken pipe (-32)
2019-10-07 17:58:15.768 749-29240/? E/Camera3-Device: RequestThread: Can't get output buffer, skipping request: Broken pipe (-32)
2019-10-07 17:58:15.768 749-29240/? I/CameraDeviceClient: notifyError(), device error: 0x3
