2019-10-07 17:58:12.722 766-1294/? I/ImagingSystem: doAllocate(238, 0x7ec01da480). count[6], w[768], h[576], f[0x327], u[864691129529008131]. moduleMap[0] shareMap(0)
2019-10-07 17:58:12.723 599-1006/? I/GRALLOC: getCallingPid=766, shrFd=32,fmt=0x327,intFmt=0x327,btStrd=768,size=667648,pid=599
    	 yuv=2,w=768,h=576,Stride u=768 v=768,offset u=442368 v=442368
    	 iova_size=667648,conUsg=0xc00000040020006,proUsg=0xc00000040020006,	 strd=768,[afbc]HdrStrd=0 PyldStrd=0 Scrmbl=0,ionhnd = 1
2019-10-07 17:58:12.725 599-1006/? I/chatty: uid=1000(system) HwBinder:599_1 identical 3 lines
2019-10-07 17:58:12.726 599-1006/? I/GRALLOC: getCallingPid=766, shrFd=32,fmt=0x327,intFmt=0x327,btStrd=768,size=667648,pid=599
    	 yuv=2,w=768,h=576,Stride u=768 v=768,offset u=442368 v=442368
    	 iova_size=667648,conUsg=0xc00000040020006,proUsg=0xc00000040020006,	 strd=768,[afbc]HdrStrd=0 PyldStrd=0 Scrmbl=0,ionhnd = 1
2019-10-07 17:58:12.726 599-599/? I/GRALLOC: getCallingPid=766, shrFd=32,fmt=0x327,intFmt=0x327,btStrd=768,size=667648,pid=599
    	 yuv=2,w=768,h=576,Stride u=768 v=768,offset u=442368 v=442368
    	 iova_size=667648,conUsg=0xc00000040020006,proUsg=0xc00000040020006,	 strd=768,[afbc]HdrStrd=0 PyldStrd=0 Scrmbl=0,ionhnd = 1
2019-10-07 17:58:12.726 766-1294/? I/ImagingSystem: #Camera# [5861261864]< doAllocate_alloc_Count(6)_WxH(768x576)
2019-10-07 17:58:12.727 766-1294/? I/ImagingSystem: #Camera# [5861263248]> doAllocate_alloc_Count(16)_WxH(1040048x1)
2019-10-07 17:58:12.727 766-1294/? I/ImagingSystem: doAllocate(238, 0x7ec01da200). count[16], w[1040048], h[1], f[0x30a], u[864691129529008131]. moduleMap[0] shareMap(1)
2019-10-07 17:58:12.728 29270-29270/? D/ActivityThread: Attach thread to application
2019-10-07 17:58:12.729 766-1294/? I/ImagingSystem: #Camera# [5861263248]< doAllocate_alloc_Count(16)_WxH(1040048x1)
2019-10-07 17:58:12.732 766-1294/? I/ImagingSystem: #Camera# [5861256267]< pipeline_start
2019-10-07 17:58:12.732 1956-2395/? I/PGServer: report state:10018 event type:1 pid:0 uid:0 pkg: to pid: 1956
2019-10-07 17:58:12.733 766-1294/? I/SensorManager: startStreaming: enter instance(0x7f4fe7af80)
2019-10-07 17:58:12.733 766-1294/? I/SensorController: doStartStreaming: mask(2) position(0) type(11) mode(0)
2019-10-07 17:58:12.734 766-1294/? I/FLashInfoProcess: getFlashType, dual flash is not support on this product
2019-10-07 17:58:12.748 766-1294/? D/FLashInfoProcess: getCaliDataFromNV,currentIndex(135):r_gain = 2.137787,b_gain=1.872029,
2019-10-07 17:58:12.748 766-1294/? D/FLashInfoProcess: getCaliDataFromNV,currentIndex(159):r_gain = 2.155789,b_gain=1.835125,
2019-10-07 17:58:12.748 766-1294/? D/FLashInfoProcess: getCaliDataFromNV,currentIndex(183):r_gain = 2.137787,b_gain=1.872029,
2019-10-07 17:58:12.748 766-1294/? D/FLashInfoProcess: getCaliDataFromNV,currentIndex(239):r_gain = 2.155789,b_gain=1.835125,
2019-10-07 17:58:12.748 766-1294/? D/FLashInfoProcess: getCaliDataFromNV,currentIndex(271):r_gain = 2.137787,b_gain=1.872029,
2019-10-07 17:58:12.748 766-1294/? D/FLashInfoProcess: getCaliDataFromNV,currentIndex(303):r_gain = 2.155789,b_gain=1.835125,
2019-10-07 17:58:12.748 766-1294/? I/FLashInfoProcess: getFlashAwbData,data for algorithm currenindex[0] = 63,r_gain = 2.137787,b_gain = 1.872029
2019-10-07 17:58:12.748 766-1294/? I/FLashInfoProcess: getFlashAwbData,data for algorithm currenindex[1] = 79,r_gain = 2.155789,b_gain = 1.835125
2019-10-07 17:58:12.748 766-1294/? I/FLashInfoProcess: getFlashAwbData,data for algorithm currenindex[2] = 95,r_gain = 2.137787,b_gain = 1.872029
2019-10-07 17:58:12.748 766-1294/? I/FLashInfoProcess: getFlashAwbData,data for algorithm currenindex[3] = 135,r_gain = 2.137787,b_gain = 1.872029
2019-10-07 17:58:12.748 766-1294/? I/FLashInfoProcess: getFlashAwbData,data for algorithm currenindex[4] = 159,r_gain = 2.155789,b_gain = 1.835125
2019-10-07 17:58:12.748 766-1294/? I/FLashInfoProcess: getFlashAwbData,data for algorithm currenindex[5] = 183,r_gain = 2.137787,b_gain = 1.872029
2019-10-07 17:58:12.748 766-1294/? I/FLashInfoProcess: getFlashAwbData,data for algorithm currenindex[6] = 239,r_gain = 2.155789,b_gain = 1.835125
2019-10-07 17:58:12.748 766-1294/? I/FLashInfoProcess: getFlashAwbData,data for algorithm currenindex[7] = 271,r_gain = 2.137787,b_gain = 1.872029
2019-10-07 17:58:12.748 766-1294/? I/FLashInfoProcess: getFlashAwbData,data for algorithm currenindex[8] = 303,r_gain = 2.155789,b_gain = 1.835125
2019-10-07 17:58:12.750 766-1294/? I/ImagingSystem: getVcmOtpInfo rang[186 ~ 819] org[186 ~ 819]
2019-10-07 17:58:12.751 766-1294/? I/FLashInfoProcess: getVcmOtpInfo(), vcm OTP info  start = 186,end = 819
2019-10-07 17:58:12.751 766-1294/? I/FLashInfoProcess: getVcmOtpInfo(), vcm calibration mode =0, offset = 0,start = 0,end = 0
2019-10-07 17:58:12.753 26614-29282/com.virobugs I/Viro: Downloaded URL [http://localhost:8081/assets/res/clickable.glb?platform=android&hash=85fac45c57b3e5d8471932192786b623] to file [/data/user/0/com.virobugs/cache/Viro6208527919873711109tmp]
2019-10-07 17:58:12.756 766-1294/? I/160DmapM: startStreaming
2019-10-07 17:58:12.756 766-1294/? I/HispManager: startStreaming: enter.
2019-10-07 17:58:12.756 766-1294/? I/160Manager: notifyHispPreviewCamera logic cam: 0,physical cam:2
2019-10-07 17:58:12.757 766-1294/? I/ImagingSystem: #NONE# [5861273305]> startFeatures
2019-10-07 17:58:12.758 766-1294/? I/HISP160Feature: setPDAFResult back PDAF result distance=300 vcmCode=[338 249 471] pdCode=[354 359 330] pd:[-0.437500 -2.937500 3.770833]
2019-10-07 17:58:12.759 766-1294/? I/HISP160Feature: setPDAFResult front PDAF result distance=0 vcmCode=[0 0 0] pdCode=[0 0 0] pd:[0.000000 0.000000 0.000000]
2019-10-07 17:58:12.759 766-1294/? I/HISP160Feature: sendAFOtpStartCmd: set af otp start mode to 1
2019-10-07 17:58:12.759 766-1294/? I/HISP160Feature: sendAFPdOffsetCalibResultCmd, pd offset calib result isSuccess=1 calibNum=9  pd offset[-0.375000 -0.437500 -0.416667 -0.437500 -0.437500 -0.416667 -0.312500 -0.562500 -0.479167]
2019-10-07 17:58:12.759 766-1294/? I/HISP160Feature: sendSecondAFCData, tele is not exist!
2019-10-07 17:58:12.759 766-1294/? I/HISP160Feature: sendSecondSFRTestData, tele is not exist!
2019-10-07 17:58:12.759 766-1294/? I/HISP160Feature: sendExtendCmd: camera id 0, fbcd[1]
2019-10-07 17:58:12.759 766-1294/? I/Feature: start fbcd raw value = 1
2019-10-07 17:58:12.759 766-1294/? I/Feature: setFpsParam set SUBCMD_AE_TARGET_FPS_RANGE![30, 30], intent = 3, fps = 0 Thermal = 0  m_fHwcamera=0, m_IppCtrlFlag=0
2019-10-07 17:58:12.759 766-1294/? I/Feature: setPowerSaveRawRequestStatus: flow:single camera status:no fill raw
2019-10-07 17:58:12.759 766-1294/? I/HISP160Feature: doSetRAWNFDSFillStatus: multiscale set fill rawnfds status(enable)
2019-10-07 17:58:12.760 766-1294/? I/ImagingSystem: #NONE# [5861273305]< startFeatures
2019-10-07 17:58:12.760 766-1294/? I/HispManager: maxSensor(3968, 2976), maxSubSensor(5120, 3840), maxThirdSensor(3968, 2976)
2019-10-07 17:58:12.763 766-29255/? D/ImagingSystem: lazyStart(4139): instance[0x7f4fa24000].
2019-10-07 17:58:12.765 766-1294/? I/HISP160Feature: getExtension : get seamless extension enter flag = 0 seq_num = 0, capturemode=0
2019-10-07 17:58:12.765 766-1294/? I/HISP160Feature: getExtension: failed to open 8, freq_gear=0
2019-10-07 17:58:12.765 766-1294/? I/Processor: usecaseConfig: cam_id = 0, externsion =0, scene =1, [0]config(0, 0, 0, 0, 0, 0)
2019-10-07 17:58:12.765 766-1294/? I/Processor: usecaseConfig: cam_id = 0, externsion =0, scene =1, [1]config(0, 0, 0, 0, 0, 0)
2019-10-07 17:58:12.765 766-1294/? I/Processor: usecaseConfig: cam_id = 0, externsion =0, scene =1, [2]config(1, 1440, 1080, 0, 6, 0)
2019-10-07 17:58:12.765 766-1294/? I/Processor: usecaseConfig: cam_id = 0, externsion =0, scene =1, [3]config(0, 0, 0, 0, 0, 0)
2019-10-07 17:58:12.765 766-1294/? I/Processor: usecaseConfig: cam_id = 0, externsion =0, scene =1, [4]config(0, 0, 0, 0, 0, 0)
2019-10-07 17:58:12.765 766-1294/? I/Processor: usecaseConfig: cam_id = 0, externsion =0, scene =1, [5]config(1, 768, 576, 0, 6, 0)
2019-10-07 17:58:12.765 766-1294/? I/Processor: usecaseConfig: cam_id = 0, externsion =0, scene =1, [6]config(0, 0, 0, 0, 0, 0)
2019-10-07 17:58:12.765 766-1294/? I/Processor: usecaseConfig: cam_id = 0, externsion =0, scene =1, [7]config(0, 0, 0, 0, 0, 0)
2019-10-07 17:58:12.765 766-1294/? I/Processor: usecaseConfig: cam_id = 0, externsion =0, scene =1, [8]config(0, 0, 0, 0, 0, 0)
2019-10-07 17:58:12.765 766-1294/? I/Processor: usecaseConfig: cam_id = 0, externsion =0, scene =1, [9]config(0, 0, 0, 0, 0, 0)
2019-10-07 17:58:12.765 766-1294/? I/Processor: usecaseConfig: cam_id = 0, externsion =0, scene =1, [10]config(0, 0, 0, 0, 0, 0)
2019-10-07 17:58:12.765 766-1294/? I/Processor: usecaseConfig: cam_id = 0, externsion =0, scene =1, [11]config(0, 0, 0, 0, 0, 0)
2019-10-07 17:58:12.765 766-1294/? I/Processor: usecaseConfig: cam_id = 0, externsion =0, scene =1, [12]config(0, 0, 0, 0, 0, 0)
2019-10-07 17:58:12.765 766-1294/? I/Processor: #Camera# [5861277743]> UsecaseConfig_0
2019-10-07 17:58:12.776 599-599/? I/GRALLOC: getCallingPid=650, shrFd=32,fmt=0x1,intFmt=0x200000001,btStrd=4352,size=8278016,pid=599
    	 yuv=2,w=1080,h=1863,Stride u=0 v=0,offset u=0 v=0
    	 iova_size=8278016,conUsg=0xb00,proUsg=0xb00,	 strd=1088,[afbc]HdrStrd=1088 PyldStrd=69632 Scrmbl=2,ionhnd = 1
2019-10-07 17:58:12.784 1110-5348/? W/ActivityManager: Slow operation: 54ms so far, now at attachApplicationLocked: after mServices.attachApplicationLocked
2019-10-07 17:58:12.785 766-949/? I/HispManager: onUsecaseConfigAck: id(0) usecase config ack. w(1984) h(1488)
2019-10-07 17:58:12.786 752-828/? E/dubaid: [CameraHandler.cpp] handleOnDisconnected# Invalid tag: 1
2019-10-07 17:58:12.786 766-949/? I/160Manager: sendCropRegionCmd: camera id 0, crop region[0 0 1984 1488]
2019-10-07 17:58:12.787 766-949/? D/LaserManager: sendLaserInfo2AF(2473): laser L1 version is not supported on boston
2019-10-07 17:58:12.787 766-1294/? I/Processor: #Camera# [5861277743]< UsecaseConfig_0
2019-10-07 17:58:12.788 766-1294/? I/Processor: getStreamOnMsg: camera id:0.
2019-10-07 17:58:12.788 766-1293/? I/IppAlgoFilter: [HWA_CAM3]this=0x7ec0b40800, ipptype=0, enter notifyPreLoadSo()
2019-10-07 17:58:12.788 766-1293/? D/IppAlgo: [HWA_CAM3]ipp=StatIpp KEY_CA_CAM3 PREV enter loadLibrary this=0x7ec0b26fa0
2019-10-07 17:58:12.788 766-1293/? I/MetaFilter: feedback feedback m_activeSensorWidth = 1984 m_activeSensorHeight = 1488)
2019-10-07 17:58:12.788 766-1267/? D/IppAlgo: [HWA_CAM3]ipp=StatIpp KEY_CA_CAM3 PREV enter _loadLibrary this=0x7ec0b26fa0
2019-10-07 17:58:12.788 766-1267/? D/IppAlgo: [HWA_CAM3]ipp=StatIpp KEY_CA_CAM3 PREV exit _loadLibrary this=0x7ec0b26fa0
2019-10-07 17:58:12.789 766-29308/? I/HispManager: reqRequest0(0):pre(0)tiny(0) outmeta(1)
2019-10-07 17:58:12.790 766-29308/? I/HispManager: reqRequest0(1):pre(0)tiny(0) outmeta(1)
2019-10-07 17:58:12.792 766-29308/? I/HispManager: reqRequest0(2):pre(0)tiny(0) outmeta(1)
2019-10-07 17:58:12.793 766-29308/? I/HispManager: reqRequest0(3):pre(0)tiny(0) outmeta(1)
2019-10-07 17:58:12.820 766-1294/? I/AwbSensorImpl: enableSensor: SuperFastShot awb sensor already enabled
2019-10-07 17:58:12.820 766-1294/? I/ReprocessManager: startStreaming: enter.
2019-10-07 17:58:12.820 766-1294/? I/LaserManager: startStreaming: enter.
2019-10-07 17:58:12.821 766-1294/? I/LaserManager: startDevice(2203) startDevice async=0 m_state4StartLaser=start
2019-10-07 17:58:12.821 766-1294/? I/LaserManager: startDevice(2221): laser started
2019-10-07 17:58:12.822 766-1294/? D/CameraDvfs: voteIsp: HISP_CONFIG_ISP_TURBO
2019-10-07 17:58:12.823 766-1294/? D/CameraDvfs: voteR8: HISP_CONFIG_R8_TURBO
2019-10-07 17:58:12.823 766-1294/? I/ImagingSystem: #Camera# [5861242207]< 3_startStreaming
2019-10-07 17:58:12.825 766-1294/? D/EnvImpl: [HWA_CAM3]getPackageName :  com.virobugs
2019-10-07 17:58:12.825 766-1294/? I/HwaUtils: [3c6ca2b_64I] getProductExtendName() path=EMILY
2019-10-07 17:58:12.825 766-1294/? I/HwaUtils: [3c6ca2b_64I] getOneCfgFile() path=NULL
2019-10-07 17:58:12.825 766-1294/? I/HwaDMapIpp: [3c6ca2b_64I] checkNeedSwapCalibrationData() ConfigFile NULL
2019-10-07 17:58:12.825 766-1294/? D/Misc____: [3c6ca2b_64D] enter loadRequest
2019-10-07 17:58:12.825 766-1294/? D/EnvImpl: [HWA_CAM3]getPackageName :  com.virobugs
2019-10-07 17:58:12.825 766-1294/? D/IppAlgoFilter: [HWA_CAM3]loadPreviewRequest() REQUEST_DMAP_SWAP, status:0
2019-10-07 17:58:12.825 766-1294/? D/EnvImpl: [HWA_CAM3]getPackageName :  com.virobugs
2019-10-07 17:58:12.825 766-1294/? I/chatty: uid=1013(media) pl#2 identical 2 lines
2019-10-07 17:58:12.828 766-1294/? D/EnvImpl: [HWA_CAM3]getPackageName :  com.virobugs
2019-10-07 17:58:12.828 766-1294/? I/HwaUtils: [3c6ca2b_64I] getProductExtendName() path=EMILY
2019-10-07 17:58:12.828 766-1294/? I/HwaUtils: [3c6ca2b_64I] getOneCfgFile() path=NULL
2019-10-07 17:58:12.828 766-1294/? I/HwaDMapIpp: [3c6ca2b_64I] checkNeedSwapCalibrationData() ConfigFile NULL
2019-10-07 17:58:12.828 766-1294/? D/Misc____: [3c6ca2b_64D] enter loadRequest
2019-10-07 17:58:12.828 766-1294/? D/EnvImpl: [HWA_CAM3]getPackageName :  com.virobugs
2019-10-07 17:58:12.828 766-1294/? D/IppAlgoFilter: [HWA_CAM3]loadPreviewRequest() REQUEST_DMAP_SWAP, status:0
2019-10-07 17:58:12.828 766-1294/? D/EnvImpl: [HWA_CAM3]getPackageName :  com.virobugs
2019-10-07 17:58:12.828 766-1294/? I/chatty: uid=1013(media) pl#2 identical 2 lines
2019-10-07 17:58:12.829 766-1294/? D/EnvImpl: [HWA_CAM3]getPackageName :  com.virobugs
2019-10-07 17:58:12.829 766-1294/? I/HwaUtils: [3c6ca2b_64I] getProductExtendName() path=EMILY
2019-10-07 17:58:12.829 766-1294/? I/HwaUtils: [3c6ca2b_64I] getOneCfgFile() path=NULL
2019-10-07 17:58:12.829 766-1294/? I/HwaDMapIpp: [3c6ca2b_64I] checkNeedSwapCalibrationData() ConfigFile NULL
2019-10-07 17:58:12.829 766-1294/? D/Misc____: [3c6ca2b_64D] enter loadRequest
2019-10-07 17:58:12.829 766-1294/? D/EnvImpl: [HWA_CAM3]getPackageName :  com.virobugs
2019-10-07 17:58:12.829 766-1294/? D/IppAlgoFilter: [HWA_CAM3]loadPreviewRequest() REQUEST_DMAP_SWAP, status:0
2019-10-07 17:58:12.829 766-1294/? D/EnvImpl: [HWA_CAM3]getPackageName :  com.virobugs
2019-10-07 17:58:12.829 766-1294/? I/chatty: uid=1013(media) pl#2 identical 2 lines
2019-10-07 17:58:12.830 766-1294/? D/EnvImpl: [HWA_CAM3]getPackageName :  com.virobugs
2019-10-07 17:58:12.830 766-1294/? I/HwaUtils: [3c6ca2b_64I] getProductExtendName() path=EMILY
2019-10-07 17:58:12.830 766-1294/? I/HwaUtils: [3c6ca2b_64I] getOneCfgFile() path=NULL
2019-10-07 17:58:12.830 766-1294/? I/HwaDMapIpp: [3c6ca2b_64I] checkNeedSwapCalibrationData() ConfigFile NULL
2019-10-07 17:58:12.830 766-1294/? D/Misc____: [3c6ca2b_64D] enter loadRequest
2019-10-07 17:58:12.830 766-1294/? D/EnvImpl: [HWA_CAM3]getPackageName :  com.virobugs
2019-10-07 17:58:12.830 766-1294/? D/IppAlgoFilter: [HWA_CAM3]loadPreviewRequest() REQUEST_DMAP_SWAP, status:0
2019-10-07 17:58:12.830 766-1294/? D/EnvImpl: [HWA_CAM3]getPackageName :  com.virobugs
2019-10-07 17:58:12.830 766-1294/? I/chatty: uid=1013(media) pl#2 identical 2 lines
2019-10-07 17:58:12.832 766-1294/? D/EnvImpl: [HWA_CAM3]getPackageName :  com.virobugs
2019-10-07 17:58:12.832 766-1294/? I/HwaUtils: [3c6ca2b_64I] getProductExtendName() path=EMILY
2019-10-07 17:58:12.832 766-1294/? I/HwaUtils: [3c6ca2b_64I] getOneCfgFile() path=NULL
2019-10-07 17:58:12.832 766-1294/? I/HwaDMapIpp: [3c6ca2b_64I] checkNeedSwapCalibrationData() ConfigFile NULL
2019-10-07 17:58:12.832 766-1294/? D/Misc____: [3c6ca2b_64D] enter loadRequest
2019-10-07 17:58:12.832 766-1294/? D/EnvImpl: [HWA_CAM3]getPackageName :  com.virobugs
2019-10-07 17:58:12.832 766-1294/? D/IppAlgoFilter: [HWA_CAM3]loadPreviewRequest() REQUEST_DMAP_SWAP, status:0
2019-10-07 17:58:12.832 766-1294/? D/EnvImpl: [HWA_CAM3]getPackageName :  com.virobugs
2019-10-07 17:58:12.832 766-1294/? I/chatty: uid=1013(media) pl#2 identical 2 lines
2019-10-07 17:58:12.833 766-1294/? D/EnvImpl: [HWA_CAM3]getPackageName :  com.virobugs
2019-10-07 17:58:12.833 766-1294/? I/HwaUtils: [3c6ca2b_64I] getProductExtendName() path=EMILY
2019-10-07 17:58:12.833 766-1294/? I/HwaUtils: [3c6ca2b_64I] getOneCfgFile() path=NULL
2019-10-07 17:58:12.833 766-1294/? I/HwaDMapIpp: [3c6ca2b_64I] checkNeedSwapCalibrationData() ConfigFile NULL
2019-10-07 17:58:12.833 766-1294/? D/Misc____: [3c6ca2b_64D] enter loadRequest
2019-10-07 17:58:12.833 766-1294/? D/EnvImpl: [HWA_CAM3]getPackageName :  com.virobugs
2019-10-07 17:58:12.833 766-1294/? D/IppAlgoFilter: [HWA_CAM3]loadPreviewRequest() REQUEST_DMAP_SWAP, status:0
2019-10-07 17:58:12.833 766-1294/? D/EnvImpl: [HWA_CAM3]getPackageName :  com.virobugs
2019-10-07 17:58:12.833 766-1294/? I/chatty: uid=1013(media) pl#2 identical 1 line
2019-10-07 17:58:12.834 766-1294/? D/EnvImpl: [HWA_CAM3]getPackageName :  com.virobugs
2019-10-07 17:58:12.834 766-1267/? I/MRMain: [3c6ca2b_64I] onConfig ret: 0,mLastEnableStatus: 0
2019-10-07 17:58:12.835 766-1294/? D/IppAlgoFilter: [HWA_CAM3]enter onThermalCommand(), this=0x7ec0b46000, strCmd=2
2019-10-07 17:58:12.835 766-1294/? D/IppAlgoFilter: [HWA_CAM3]enter onThermalCommand(), this=0x7ec0b40800, strCmd=2
2019-10-07 17:58:12.843 26614-26675/com.virobugs I/ReactNativeJS: 'arError: ', true
2019-10-07 17:58:12.854 26614-26614/com.virobugs I/ViewRootImpl: jank_removeInvalidNode jank list is null
2019-10-07 17:58:12.862 26614-29026/com.virobugs W/Viro: Unable to generate missing tangents for this model
2019-10-07 17:58:12.871 26614-26626/com.virobugs I/com.virobugs: Background concurrent copying GC freed 175928(5MB) AllocSpace objects, 1(20KB) LOS objects, 49% free, 6MB/13MB, paused 361us total 160.788ms
2019-10-07 17:58:12.882 766-1294/? I/DeviceBaseImpl: [HWA_CAM3]getRemosaicPostProcMode remosaicPostProcMode = 0
2019-10-07 17:58:12.882 766-1294/? D/HwaPPStrategy: [3c6ca2b_64D] KEY_CA_ALGO SNAP indentify fore Ground front: type: 1(normal), mode: 1(single)
2019-10-07 17:58:12.882 766-1294/? I/HwaPPExecuter: [checkPpAlgoMaxMem]type=1,mode=1
2019-10-07 17:58:12.882 766-1294/? I/HwaPPExecuter: [checkPpAlgoMaxMem] PictureSize = 0, IspOutSize=0
    , len = 6
2019-10-07 17:58:12.883 766-1294/? D/HwaPPExecuter: [3c6ca2b_64D] LoadPPAlgoMaxMemConfig(3073) path=/odm/etc/camera/pp_max_mem_config/pp_max_mem_config.xml
2019-10-07 17:58:12.883 766-1294/? E/HwaPPExecuter: [3c6ca2b_64E] enter LoadPPAlgoMaxMemConfig() loadFile /odm/etc/camera/pp_max_mem_config/pp_max_mem_config.xml fail
2019-10-07 17:58:12.883 766-1294/? I/HwaPPExecuter: [checkPpAlgoMaxMem]maxM=8
2019-10-07 17:58:12.886 766-29296/? I/DLibLoader: [3c6ca2b_64I] enter DLibLoader(), soName=libmotiondetect.so
2019-10-07 17:58:12.886 766-29296/? I/DLibLoader: [3c6ca2b_64I] enter loadSo(), soName=NULL, mSoName=libmotiondetect.so
2019-10-07 17:58:12.886 766-29289/? D/FNFaceDetect: [3c6ca2b_64D] enter onCreate()
2019-10-07 17:58:12.887 766-29290/? D/SceneDetection: [3c6ca2b_64D] enter onCreate()
2019-10-07 17:58:12.888 766-29304/? D/OisMgr: [3c6ca2b_64D] enter onCreate()
2019-10-07 17:58:12.889 766-29295/? I/DLibLoader: [3c6ca2b_64I] enter DLibLoader(), soName=libispenhnc.so
2019-10-07 17:58:12.889 766-29295/? I/DLibLoader: [3c6ca2b_64I] enter loadSo(), soName=NULL, mSoName=libispenhnc.so
2019-10-07 17:58:12.889 766-29292/? D/Misc____: [3c6ca2b_64D] enter onCreate()
2019-10-07 17:58:12.889 766-29291/? D/IppAlgoDM: [3c6ca2b_64D] enter onCreate()
2019-10-07 17:58:12.890 766-29294/? D/LaserMgr: [3c6ca2b_64D] enter onCreate()
2019-10-07 17:58:12.889 766-766/? I/CfgServer: nCap=0x640034 nLowCap=52 nHighCap=100 nPss=283832 nFree=1393889 totalFd=365 m_cMeta=52, m_nPPSize=0, m_cFds=20
2019-10-07 17:58:12.890 766-766/? W/ConfigService: onHwPostProcStatus_1_1 binder died, cancel notify!
2019-10-07 17:58:12.890 766-29293/? I/DeviceBaseImpl: [HWA_CAM3]getIsFFCamera, dim:5, pAfModes:0x7f4a91a748, pAfModes[0]:0
2019-10-07 17:58:12.890 766-29293/? D/AssistAF: [3c6ca2b_64D] enter onStart()
2019-10-07 17:58:12.890 766-29294/? D/LaserMgrLibLoader: [3c6ca2b_64D] enter getInstance()
2019-10-07 17:58:12.890 766-29294/? I/DLibLoader: [3c6ca2b_64I] enter DLibLoader(), soName=libLaserSelfCali.so
2019-10-07 17:58:12.890 766-29294/? D/LaserMgrLibLoader: [3c6ca2b_64D] enter LaserMgrLibLoader()
2019-10-07 17:58:12.890 766-29294/? D/LaserMgrLibLoader: [3c6ca2b_64D] enter setFunsToDefault()
2019-10-07 17:58:12.890 766-29294/? I/DLibLoader: [3c6ca2b_64I] enter loadSo(), soName=NULL, mSoName=libLaserSelfCali.so
2019-10-07 17:58:12.890 766-29294/? D/LaserMgrLibLoader: [3c6ca2b_64D] enter setFunsToDefault()
2019-10-07 17:58:12.891 766-29290/? I/DLibLoader: [3c6ca2b_64I] enter DLibLoader(), soName=libscenedetection.so
2019-10-07 17:58:12.892 766-29290/? I/DLibLoader: [3c6ca2b_64I] enter loadSo(), soName=NULL, mSoName=libscenedetection.so
2019-10-07 17:58:12.892 766-29302/? I/ObjectDetectionDraw: [3c6ca2b_64I] enter onStart()
2019-10-07 17:58:12.892 766-29291/? D/IppAlgoDM: [3c6ca2b_64D] enter loadConfig()
2019-10-07 17:58:12.894 766-29304/? I/HwaUtils: [3c6ca2b_64I] getOneCfgFile() path=/vendor/etc/camera/oismgr/oismgr.xml
2019-10-07 17:58:12.896 766-29292/? D/Misc____: [3c6ca2b_64D] loadPowerMonitorConfig(), mPowerMonitorEnable=1
2019-10-07 17:58:12.896 766-29292/? I/Misc____: [3c6ca2b_64I] loadPowerMonitorConfig(), PowerMonitor SKIP_NUM=150 LVL1=[120000,45000,22], LVL2=[240000,47000,20], node=[/sys/class/thermal/thermal_zone8/temp], mPowerMonitorForePortraitFPSLimit=[0], mPowerMonitorForePortraitMaxFps=[30]
2019-10-07 17:58:12.899 766-29289/? I/FNFaceDetect: [3c6ca2b_64I] use ai face:0, mAiFaceVersion:0
2019-10-07 17:58:12.900 766-29304/? E/OisMgr: [3c6ca2b_64E] loadACameraOisMgrConfig(), config file error! value=THRESHOLD
2019-10-07 17:58:12.900 766-29304/? E/OisMgr: [3c6ca2b_64E] loadACameraOisMgrConfig(), config file error! value=OIS_MODE
2019-10-07 17:58:12.900 766-29292/? D/Misc____: [3c6ca2b_64D] loadSuperMacroConfig(), LoadFile /odm/etc/camera/macro/config.xml failed!
2019-10-07 17:58:12.900 766-29292/? D/Misc____: [3c6ca2b_64D] loadIRTempMonitorConfig(), LoadFile /odm/etc/camera/irtempmonitor/config.xml failed!
2019-10-07 17:58:12.900 766-29292/? D/Misc____: [3c6ca2b_64D] loadMoonEnhanceConfig(), LoadFile /odm/etc/camera/moon/config.xml failed!
2019-10-07 17:58:12.901 766-29292/? D/Misc____: [3c6ca2b_64D] loadHistcConfig(), LoadFile /odm/etc/camera/hist/config.xml failed!
2019-10-07 17:58:12.901 766-29292/? I/HwaUtils: [3c6ca2b_64I] getProductExtendName() path=EMILY
2019-10-07 17:58:12.901 766-29289/? D/FNFaceDetectAlgoProxy: [3c6ca2b_64D] enter FNFaceDetectAlgoProxy
2019-10-07 17:58:12.901 766-29292/? I/HwaUtils: [3c6ca2b_64I] getOneCfgFile() path=/odm/etc/camera/dcamera/config.xml
2019-10-07 17:58:12.901 766-29304/? D/OisMgr: [3c6ca2b_64D] loadACameraOisMgrConfig(), threshold[ev1=0, ev2=0, deltaLens=0, waitFrmNum=0, beginningSetOISCount=0 bokehZoomRatio=0.000000],
     oisMode[ usedScene =
2019-10-07 17:58:12.901 766-29304/? E/OisMgr: [3c6ca2b_64E] loadACameraOisMgrConfig(), config file error! value=THRESHOLD
2019-10-07 17:58:12.901 766-29304/? E/OisMgr: [3c6ca2b_64E] loadACameraOisMgrConfig(), config file error! value=OIS_MODE
2019-10-07 17:58:12.901 766-29304/? D/OisMgr: [3c6ca2b_64D] loadACameraOisMgrConfig(), threshold[ev1=0, ev2=0, deltaLens=0, waitFrmNum=0, beginningSetOISCount=0 bokehZoomRatio=0.000000],
     oisMode[ usedScene =
2019-10-07 17:58:12.901 766-29304/? D/OisMgr: [3c6ca2b_64D] enter onStart()
2019-10-07 17:58:12.901 766-29304/? D/OisMgr: [3c6ca2b_64D] onStart, mWidth=768, mHeight=576, mSize=667648
2019-10-07 17:58:12.901 766-29304/? D/OisMgr: [3c6ca2b_64D] onStart(), mHwCam2Flag=0
2019-10-07 17:58:12.901 766-29304/? D/MultiScale: [3c6ca2b_64D] enter onCreate()
2019-10-07 17:58:12.902 766-29304/? D/MultiScale: [3c6ca2b_64D] enter onStart()
2019-10-07 17:58:12.903 766-29292/? I/Misc____: [3c6ca2b_64I] loadApertureSeamlessFpsConfig: mApertureSeamlessEnable = 0, mApertureSeamlessFps = 18
2019-10-07 17:58:12.903 766-29304/? D/SenseMgr: [3c6ca2b_64D] enter onCreate()
2019-10-07 17:58:12.904 766-29293/? D/AssistAF: [3c6ca2b_64D] loadAfOtpCalibData(), infCodeSum=[0 0 0 0 0, 0 0 0 0 0], infCodeCnt=[0 0 0 0 0, 0 0 0 0 0]
2019-10-07 17:58:12.905 766-29292/? I/DeviceHistarImpl: [HWA_CAM3]getLaserVersion() success = 2
2019-10-07 17:58:12.905 766-29292/? E/HwaUtils: [3c6ca2b_64E] FirstLevelXmlParser() LoadFile /odm/etc/camera/rawhdr/config.xml Failed
2019-10-07 17:58:12.905 766-29292/? E/HwaUtils: [3c6ca2b_64E] getAttributeValue() mFirstLevelElement Is NULL
2019-10-07 17:58:12.905 766-29292/? D/Misc____: [3c6ca2b_64D] enter onStart()
2019-10-07 17:58:12.905 766-29292/? I/Misc____: [3c6ca2b_64I] dynamicVideoFpsMode = 0
2019-10-07 17:58:12.906 766-29304/? D/SenseMgr: [3c6ca2b_64D] enter onStart()
2019-10-07 17:58:12.907 766-29304/? D/AfStatCalculateLibLoader: [3c6ca2b_64D] enter getInstance()
2019-10-07 17:58:12.907 766-29304/? I/DLibLoader: [3c6ca2b_64I] enter DLibLoader(), soName=libAfStatCalc.so
2019-10-07 17:58:12.907 766-29304/? D/AfStatCalculateLibLoader: [3c6ca2b_64D] enter AfStatCalculateLibLoader()
2019-10-07 17:58:12.907 766-29304/? D/AfStatCalculateLibLoader: [3c6ca2b_64D] enter setFunsToDefault()
2019-10-07 17:58:12.907 766-29304/? I/DLibLoader: [3c6ca2b_64I] enter loadSo(), soName=NULL, mSoName=libAfStatCalc.so
2019-10-07 17:58:12.907 766-29304/? D/AfStatCalculateLibLoader: [3c6ca2b_64D] enter setFunsToDefault()
2019-10-07 17:58:12.907 766-29292/? D/SensorGatherMisc: [3c6ca2b_64D] enter SensorGatherMisc()
2019-10-07 17:58:12.908 766-29292/? D/SensorGatherMisc: [3c6ca2b_64D] enter config()
2019-10-07 17:58:12.917 766-29289/? D/FNFaceDetectAlgoProxy: [3c6ca2b_64D] enter initFNAlgo
2019-10-07 17:58:12.918 766-29289/? I/DLibLoader: [3c6ca2b_64I] enter DLibLoader(), soName=libFNFD.so
2019-10-07 17:58:12.918 766-29289/? I/DLibLoader: [3c6ca2b_64I] enter loadSo(), soName=NULL, mSoName=libFNFD.so
2019-10-07 17:58:12.922 611-611/? I/mediacomm@2.1-service: getMdcClient:114: get client<Camera, 384, 766>, channel<4, 1>, perfLev=1, powerStatue=0.
2019-10-07 17:58:12.922 611-611/? I/mediacomm@2.1-service: request:417: before client<Camera, 384, 766> request perfLev(0x1).
2019-10-07 17:58:12.922 611-611/? I/mediacomm@2.1-service: getMdcVotePerfLev:179: Connected Mdc client<Camera, 384, 766> channel<4, 1> perfLev<1>
2019-10-07 17:58:12.922 611-611/? I/mediacomm@2.1-service: request:421: after client<Camera, 384, 766> request perfLev(0x1).
2019-10-07 17:58:12.925 611-611/? I/mediacomm@2.1-service: getMdcClient:114: get client<Camera, 384, 766>, channel<4, 1>, perfLev=1, powerStatue=0.
2019-10-07 17:58:12.925 611-611/? I/mediacomm@2.1-service: getMdcVotePerfLev:179: Connected Mdc client<Camera, 384, 766> channel<4, 1> perfLev<1>
2019-10-07 17:58:12.927 611-611/? I/mediacomm@2.1-service: doCopybit:495: client<Camera, 0> ret = 766 finish copybit -.
2019-10-07 17:58:12.929 29270-29270/? I/gle.android.gm: The ClassLoaderContext is a special shared library.
2019-10-07 17:58:12.930 766-29299/? I/GRALLOC: LockFlexLayout: baseFormat: 11, yStride: 640, ySize: 307200, uOffset: 307200,  uStride: 640
2019-10-07 17:58:12.933 766-29299/? I/GRALLOC: LockFlexLayout: baseFormat: 11, yStride: 640, ySize: 307200, uOffset: 307200,  uStride: 640
2019-10-07 17:58:12.934 766-29291/? D/IppAlgoDM: [3c6ca2b_64D] enter onStart()
2019-10-07 17:58:12.939 29270-29270/? I/gle.android.gm: The ClassLoaderContext is a special shared library.
2019-10-07 17:58:12.944 766-29296/? I/DLibLoader: [3c6ca2b_64I] enter loadFun(), funName=createMotionDetect
2019-10-07 17:58:12.944 766-29296/? I/DLibLoader: [3c6ca2b_64I] enter loadFun(), funName=destroyMotionDetect
2019-10-07 17:58:12.944 766-29296/? I/DLibLoader: [3c6ca2b_64I] enter loadFun(), funName=processMotionDetect
2019-10-07 17:58:12.944 766-29296/? I/DLibLoader: [3c6ca2b_64I] enter loadFun(), funName=startMotionDetect
2019-10-07 17:58:12.944 766-29296/? I/DLibLoader: [3c6ca2b_64I] enter loadFun(), funName=stopMotionDetect
2019-10-07 17:58:12.944 766-29296/? I/DLibLoader: [3c6ca2b_64I] CAMERA3_exit loadSo(). successful.
2019-10-07 17:58:12.945 29270-29270/? I/gle.android.gm: The ClassLoaderContext is a special shared library.
2019-10-07 17:58:12.948 749-29240/? I/Camera3-Stream: getBuffer: Stream 0, 0xee5bc180: Already dequeued max output buffers (7), wait for next returned one.
2019-10-07 17:58:12.948 29270-29311/? I/HwLogExceptionInner: Log blacklist
2019-10-07 17:58:12.953 766-29296/? E/MotionDetect: get mfFilterDisable fail!
2019-10-07 17:58:12.962 766-29295/? I/DLibLoader: [3c6ca2b_64I] enter loadFun(), funName=createIspEnhncAlgo
2019-10-07 17:58:12.964 609-10217/? D/DlbDap2Process: process() called [2150500] times
2019-10-07 17:58:12.964 609-10217/? D/DlbDap2Process: process in: cap=256 ch=2 stride=8 samplesize=4
2019-10-07 17:58:12.964 609-10217/? D/DlbDap2Process: process out: cap=256 ch=2 stride=8 samplesize=4
2019-10-07 17:58:12.968 766-29294/? D/LaserMgrLibLoader: [3c6ca2b_64D] enter loadFuns()
2019-10-07 17:58:12.968 766-29294/? I/DLibLoader: [3c6ca2b_64I] enter loadFun(), funName=initLaserSelfCaliAlgo
2019-10-07 17:58:12.969 577-634/? W/SocketListener: sending broadcast to Pid = 1110, Uid = 1000
2019-10-07 17:58:12.973 1110-1597/? D/NetdConnector: RCV <- {601 limit alert globalAlert lo}
2019-10-07 17:58:12.973 766-29292/? D/SensorGatherMisc: [3c6ca2b_64D] enter ConfigSensor(), sensorType is 1
2019-10-07 17:58:12.973 1110-1597/? D/NetdConnector: RCV <- {601 limit alert globalAlert lo}
2019-10-07 17:58:12.974 1110-1365/? D/NetdConnector: RCV unsolicited event from native daemon, event = 601
2019-10-07 17:58:12.975 1110-1365/? I/NetworkStats: limitReached
2019-10-07 17:58:12.977 599-599/? I/GRALLOC: getCallingPid=26614, shrFd=32,fmt=0x11,intFmt=0x11,btStrd=640,size=462848,pid=599
    	 yuv=2,w=640,h=480,Stride u=640 v=640,offset u=307200 v=307200
    	 iova_size=462848,conUsg=0xc00000040020006,proUsg=0xc00000040020006,	 strd=640,[afbc]HdrStrd=0 PyldStrd=0 Scrmbl=0,ionhnd = 1
2019-10-07 17:58:12.979 611-611/? I/mediacomm@2.1-service: getMdcClient:114: get client<Camera, 384, 766>, channel<4, 1>, perfLev=1, powerStatue=0.
2019-10-07 17:58:12.979 611-611/? I/mediacomm@2.1-service: getMdcVotePerfLev:179: Connected Mdc client<Camera, 384, 766> channel<4, 1> perfLev<1>
2019-10-07 17:58:12.979 1110-6091/? D/ConnectivityService: ActiveNetwork is blocked, uid = 10077, ignoreBlocked = false
2019-10-07 17:58:12.981 611-611/? I/mediacomm@2.1-service: doCopybit:495: client<Camera, 0> ret = 766 finish copybit -.
2019-10-07 17:58:12.982 766-29299/? I/GRALLOC: LockFlexLayout: baseFormat: 11, yStride: 640, ySize: 307200, uOffset: 307200,  uStride: 640
2019-10-07 17:58:12.982 1110-1600/? I/NetworkStats: performPollLocked, pid = 1110
2019-10-07 17:58:12.983 1110-5348/? D/ConnectivityService: ActiveNetwork is blocked, uid = 10077, ignoreBlocked = false
2019-10-07 17:58:12.982 766-29299/? I/GRALLOC: LockFlexLayout: baseFormat: 11, yStride: 640, ySize: 307200, uOffset: 307200,  uStride: 640
2019-10-07 17:58:12.984 611-611/? I/mediacomm@2.1-service: getMdcClient:114: get client<Camera, 384, 766>, channel<4, 1>, perfLev=1, powerStatue=0.
2019-10-07 17:58:12.984 611-611/? I/mediacomm@2.1-service: getMdcVotePerfLev:179: Connected Mdc client<Camera, 384, 766> channel<4, 1> perfLev<1>
2019-10-07 17:58:12.986 611-611/? I/mediacomm@2.1-service: doCopybit:495: client<Camera, 0> ret = 766 finish copybit -.
2019-10-07 17:58:12.988 26614-29204/com.virobugs I/GRALLOC: LockFlexLayout: baseFormat: 11, yStride: 640, ySize: 307200, uOffset: 307200,  uStride: 640
2019-10-07 17:58:12.988 766-29299/? I/GRALLOC: LockFlexLayout: baseFormat: 11, yStride: 640, ySize: 307200, uOffset: 307200,  uStride: 640
2019-10-07 17:58:12.989 766-29299/? I/GRALLOC: LockFlexLayout: baseFormat: 11, yStride: 640, ySize: 307200, uOffset: 307200,  uStride: 640
2019-10-07 17:58:12.990 766-29292/? D/SensorGatherMisc: [3c6ca2b_64D] enter ConfigSensor(), sensorType is 10
2019-10-07 17:58:12.992 766-29292/? D/SensorGatherMisc: [3c6ca2b_64D] enter ConfigSensor(), sensorType is 4
2019-10-07 17:58:12.992 766-29292/? D/SensorGatherMisc: [3c6ca2b_64D] enter ConfigSensor(), sensorType is 3
2019-10-07 17:58:12.992 766-29292/? I/SensorGatherMisc: [3c6ca2b_64I] enter config() [0 0 0 0]
2019-10-07 17:58:12.995 611-611/? I/mediacomm@2.1-service: getMdcClient:114: get client<Camera, 384, 766>, channel<4, 1>, perfLev=1, powerStatue=0.
2019-10-07 17:58:12.995 611-611/? I/mediacomm@2.1-service: getMdcVotePerfLev:179: Connected Mdc client<Camera, 384, 766> channel<4, 1> perfLev<1>
2019-10-07 17:58:12.997 611-611/? I/mediacomm@2.1-service: doCopybit:495: client<Camera, 0> ret = 766 finish copybit -.
2019-10-07 17:58:12.997 766-29299/? I/GRALLOC: LockFlexLayout: baseFormat: 11, yStride: 640, ySize: 307200, uOffset: 307200,  uStride: 640
2019-10-07 17:58:12.997 766-29299/? I/GRALLOC: LockFlexLayout: baseFormat: 11, yStride: 640, ySize: 307200, uOffset: 307200,  uStride: 640
2019-10-07 17:58:13.001 766-29292/? D/SensorGatherMisc: [3c6ca2b_64D] enter EnableSensor(), sensorType is 1
2019-10-07 17:58:13.002 609-1214/? D/asd_primary_out: L[0],R[0], continus 20 times!
2019-10-07 17:58:13.005 26614-29204/com.virobugs I/native: timebase_helpers.cc:168 Timebase offset intialized to 0
2019-10-07 17:58:13.006 766-29290/? I/DLibLoader: [3c6ca2b_64I] enter loadFun(), funName=mrc_cv_sceneDetection
2019-10-07 17:58:13.008 599-599/? I/GRALLOC: getCallingPid=26614, shrFd=32,fmt=0x11,intFmt=0x11,btStrd=640,size=462848,pid=599
    	 yuv=2,w=640,h=480,Stride u=640 v=640,offset u=307200 v=307200
    	 iova_size=462848,conUsg=0xc00000040020006,proUsg=0xc00000040020006,	 strd=640,[afbc]HdrStrd=0 PyldStrd=0 Scrmbl=0,ionhnd = 1
2019-10-07 17:58:13.008 766-1294/? D/EnvImpl: [HWA_CAM3]getPackageName :  com.virobugs
2019-10-07 17:58:13.008 766-1294/? I/HwaUtils: [3c6ca2b_64I] getProductExtendName() path=EMILY
2019-10-07 17:58:13.008 766-1294/? I/HwaUtils: [3c6ca2b_64I] getOneCfgFile() path=NULL
2019-10-07 17:58:13.008 766-1294/? I/HwaDMapIpp: [3c6ca2b_64I] checkNeedSwapCalibrationData() ConfigFile NULL
2019-10-07 17:58:13.008 766-1294/? D/Misc____: [3c6ca2b_64D] enter loadRequest
2019-10-07 17:58:13.008 766-1294/? D/EnvImpl: [HWA_CAM3]getPackageName :  com.virobugs
2019-10-07 17:58:13.008 766-1294/? D/IppAlgoFilter: [HWA_CAM3]loadPreviewRequest() REQUEST_DMAP_SWAP, status:0
2019-10-07 17:58:13.008 766-1294/? D/EnvImpl: [HWA_CAM3]getPackageName :  com.virobugs
2019-10-07 17:58:13.008 766-1294/? I/chatty: uid=1013(media) pl#2 identical 1 line
2019-10-07 17:58:13.008 766-1294/? D/EnvImpl: [HWA_CAM3]getPackageName :  com.virobugs
2019-10-07 17:58:13.009 599-599/? I/GRALLOC: getCallingPid=26614, shrFd=32,fmt=0x11,intFmt=0x11,btStrd=1440,size=2334720,pid=599
    	 yuv=2,w=1440,h=1080,Stride u=1440 v=1440,offset u=1555200 v=1555200
    	 iova_size=2334720,conUsg=0xc00000040020106,proUsg=0xc00000040020106,	 strd=1440,[afbc]HdrStrd=0 PyldStrd=0 Scrmbl=0,ionhnd = 1
2019-10-07 17:58:13.010 779-905/? D/SensorHub: in flush, handle = 0
2019-10-07 17:58:13.011 766-29292/? D/SensorGatherMisc: [3c6ca2b_64D] enter EnableSensor(), sensorType is 10
2019-10-07 17:58:13.012 779-779/? D/SensorHub: getSensorType get meta data! handle =0
2019-10-07 17:58:13.013 779-779/? D/SensorHub: in flush, handle = 7
2019-10-07 17:58:13.014 779-779/? D/SensorHub: getSensorType get meta data! handle =7
2019-10-07 17:58:13.015 766-29292/? D/SensorGatherMisc: [3c6ca2b_64D] enter EnableSensor(), sensorType is 4
2019-10-07 17:58:13.015 779-905/? D/SensorHub: in flush, handle = 5
2019-10-07 17:58:13.016 766-29292/? D/SensorGatherMisc: [3c6ca2b_64D] enter EnableSensor(), sensorType is 3
2019-10-07 17:58:13.016 779-779/? D/SensorHub: getSensorType get meta data! handle =5
2019-10-07 17:58:13.017 779-905/? D/SensorHub: in flush, handle = 2
2019-10-07 17:58:13.017 766-29292/? D/SensorGatherMisc: [3c6ca2b_64D] getBootTime(), curTime=1570463893017425000, elapsedTime=29722708170837, bootTime=1570434170309254163
2019-10-07 17:58:13.017 779-905/? D/SensorHub: getSensorType get meta data! handle =2
2019-10-07 17:58:13.021 766-29304/? D/AfStatCalculateLibLoader: [3c6ca2b_64D] enter loadFuns()
2019-10-07 17:58:13.021 766-29304/? I/DLibLoader: [3c6ca2b_64I] enter loadFun(), funName=afstat_calc_init
2019-10-07 17:58:13.021 766-29304/? I/DLibLoader: [3c6ca2b_64I] enter loadFun(), funName=afstat_calc_process
2019-10-07 17:58:13.021 766-29304/? I/DLibLoader: [3c6ca2b_64I] enter loadFun(), funName=afstat_calc_uninit
2019-10-07 17:58:13.021 766-29304/? I/DLibLoader: [3c6ca2b_64I] enter loadFun(), funName=afstat_onstop
2019-10-07 17:58:13.021 766-29304/? D/AfStatCalculateLibLoader: [3c6ca2b_64D] exit loadFuns() successful
2019-10-07 17:58:13.021 766-29304/? I/DLibLoader: [3c6ca2b_64I] CAMERA3_exit loadSo(). successful.
2019-10-07 17:58:13.022 766-29304/? I/afstat_calc: Version 2.0.2, afstat_cal_init
2019-10-07 17:58:13.022 599-599/? I/GRALLOC: getCallingPid=26614, shrFd=32,fmt=0x11,intFmt=0x11,btStrd=640,size=462848,pid=599
    	 yuv=2,w=640,h=480,Stride u=640 v=640,offset u=307200 v=307200
    	 iova_size=462848,conUsg=0xc00000040020006,proUsg=0xc00000040020006,	 strd=640,[afbc]HdrStrd=0 PyldStrd=0 Scrmbl=0,ionhnd = 1
2019-10-07 17:58:13.024 766-29304/? D/AfStatCalculate: [3c6ca2b_64D] enter onStart()
2019-10-07 17:58:13.025 766-29297/? D/CIEProxy: Enter CIEProxy::onCreate
2019-10-07 17:58:13.032 1110-9112/? D/ConnectivityService: ActiveNetwork is blocked, uid = 10077, ignoreBlocked = false
2019-10-07 17:58:13.032 766-1267/? I/MRMain: [3c6ca2b_64I] checkConfig(), enableV1=0, enableV2=0, enableV3=0
2019-10-07 17:58:13.033 766-1294/? D/EnvImpl: [HWA_CAM3]getPackageName :  com.virobugs
2019-10-07 17:58:13.033 599-599/? I/GRALLOC: getCallingPid=26614, shrFd=32,fmt=0x11,intFmt=0x11,btStrd=640,size=462848,pid=599
    	 yuv=2,w=640,h=480,Stride u=640 v=640,offset u=307200 v=307200
    	 iova_size=462848,conUsg=0xc00000040020006,proUsg=0xc00000040020006,	 strd=640,[afbc]HdrStrd=0 PyldStrd=0 Scrmbl=0,ionhnd = 1
2019-10-07 17:58:13.034 766-29292/? D/Misc____: [3c6ca2b_64D] onProcessFrame(666), afDistance(0.000000)
2019-10-07 17:58:13.033 766-1294/? I/HwaUtils: [3c6ca2b_64I] getProductExtendName() path=EMILY
2019-10-07 17:58:13.035 766-1294/? I/HwaUtils: [3c6ca2b_64I] getOneCfgFile() path=NULL
2019-10-07 17:58:13.035 766-1294/? I/HwaDMapIpp: [3c6ca2b_64I] checkNeedSwapCalibrationData() ConfigFile NULL
2019-10-07 17:58:13.035 766-1294/? D/Misc____: [3c6ca2b_64D] enter loadRequest
2019-10-07 17:58:13.035 766-1294/? D/EnvImpl: [HWA_CAM3]getPackageName :  com.virobugs
2019-10-07 17:58:13.035 766-1294/? D/IppAlgoFilter: [HWA_CAM3]loadPreviewRequest() REQUEST_DMAP_SWAP, status:0
2019-10-07 17:58:13.035 766-1294/? D/EnvImpl: [HWA_CAM3]getPackageName :  com.virobugs
2019-10-07 17:58:13.036 766-1294/? I/chatty: uid=1013(media) pl#2 identical 1 line
2019-10-07 17:58:13.036 766-1294/? D/EnvImpl: [HWA_CAM3]getPackageName :  com.virobugs
2019-10-07 17:58:13.036 599-599/? I/GRALLOC: getCallingPid=26614, shrFd=32,fmt=0x11,intFmt=0x11,btStrd=1440,size=2334720,pid=599
    	 yuv=2,w=1440,h=1080,Stride u=1440 v=1440,offset u=1555200 v=1555200
    	 iova_size=2334720,conUsg=0xc00000040020106,proUsg=0xc00000040020106,	 strd=1440,[afbc]HdrStrd=0 PyldStrd=0 Scrmbl=0,ionhnd = 1
2019-10-07 17:58:13.039 766-29292/? I/DeviceBaseImpl: [HWA_CAM3]getBinningMap() binning[0] sizes length=28 size=40
2019-10-07 17:58:13.039 766-29292/? I/Misc____: [3c6ca2b_64I] onProcessFrame BinningMap[3968 2976 1984 1488] flow[0]
2019-10-07 17:58:13.039 766-29292/? I/DeviceBaseImpl: [HWA_CAM3]getBinningMap() binning[1] sizes length=28 size=40
2019-10-07 17:58:13.039 766-29292/? I/Misc____: [3c6ca2b_64I] onProcessFrame BinningMap[3968 2976 2560 1920] flow[1]
2019-10-07 17:58:13.039 766-29292/? I/DeviceBaseImpl: [HWA_CAM3]getSeamlessMap(), seamless Supported status = 0
2019-10-07 17:58:13.042 599-599/? I/GRALLOC: getCallingPid=650, shrFd=32,fmt=0x1,intFmt=0x200000001,btStrd=4352,size=8278016,pid=599
    	 yuv=2,w=1080,h=1863,Stride u=0 v=0,offset u=0 v=0
    	 iova_size=8278016,conUsg=0xb00,proUsg=0xb00,	 strd=1088,[afbc]HdrStrd=1088 PyldStrd=69632 Scrmbl=2,ionhnd = 1
2019-10-07 17:58:13.047 766-29292/? I/ImagingSystem: getVcmOtpInfo rang[186 ~ 819] org[186 ~ 819]
2019-10-07 17:58:13.048 611-611/? I/mediacomm@2.1-service: getMdcClient:114: get client<Camera, 384, 766>, channel<4, 1>, perfLev=1, powerStatue=0.
2019-10-07 17:58:13.058 766-766/? W/Misc: type=1400 audit(0.0:4803): avc: denied { read } for name="u:object_r:default_prop:s0" dev="tmpfs" ino=2407 scontext=u:r:hal_camera_default:s0 tcontext=u:object_r:default_prop:s0 tclass=file permissive=0
2019-10-07 17:58:13.048 611-611/? I/mediacomm@2.1-service: getMdcVotePerfLev:179: Connected Mdc client<Camera, 384, 766> channel<4, 1> perfLev<1>
2019-10-07 17:58:13.050 611-611/? I/mediacomm@2.1-service: doCopybit:495: client<Camera, 0> ret = 766 finish copybit -.
2019-10-07 17:58:13.052 766-29299/? I/GRALLOC: LockFlexLayout: baseFormat: 11, yStride: 640, ySize: 307200, uOffset: 307200,  uStride: 640
2019-10-07 17:58:13.052 766-29299/? I/GRALLOC: LockFlexLayout: baseFormat: 11, yStride: 640, ySize: 307200, uOffset: 307200,  uStride: 640
2019-10-07 17:58:13.052 749-29240/? I/Camera3-Stream: getBuffer: Stream 0, 0xee5bc180: Already dequeued max output buffers (7), wait for next returned one.
2019-10-07 17:58:13.057 599-599/? I/GRALLOC: getCallingPid=26614, shrFd=32,fmt=0x11,intFmt=0x11,btStrd=640,size=462848,pid=599
    	 yuv=2,w=640,h=480,Stride u=640 v=640,offset u=307200 v=307200
    	 iova_size=462848,conUsg=0xc00000040020006,proUsg=0xc00000040020006,	 strd=640,[afbc]HdrStrd=0 PyldStrd=0 Scrmbl=0,ionhnd = 1
2019-10-07 17:58:13.058 766-1294/? D/EnvImpl: [HWA_CAM3]getPackageName :  com.virobugs
2019-10-07 17:58:13.058 766-1294/? I/HwaUtils: [3c6ca2b_64I] getProductExtendName() path=EMILY
2019-10-07 17:58:13.059 766-1294/? I/HwaUtils: [3c6ca2b_64I] getOneCfgFile() path=NULL
2019-10-07 17:58:13.059 766-1294/? I/HwaDMapIpp: [3c6ca2b_64I] checkNeedSwapCalibrationData() ConfigFile NULL
2019-10-07 17:58:13.059 766-1294/? D/Misc____: [3c6ca2b_64D] enter loadRequest
2019-10-07 17:58:13.059 766-1294/? D/EnvImpl: [HWA_CAM3]getPackageName :  com.virobugs
2019-10-07 17:58:13.059 766-1294/? D/IppAlgoFilter: [HWA_CAM3]loadPreviewRequest() REQUEST_DMAP_SWAP, status:0
2019-10-07 17:58:13.059 766-1294/? D/EnvImpl: [HWA_CAM3]getPackageName :  com.virobugs
2019-10-07 17:58:13.059 766-1294/? I/chatty: uid=1013(media) pl#2 identical 1 line
2019-10-07 17:58:13.059 766-1294/? D/EnvImpl: [HWA_CAM3]getPackageName :  com.virobugs
2019-10-07 17:58:13.059 26614-29204/com.virobugs I/GRALLOC: LockFlexLayout: baseFormat: 11, yStride: 640, ySize: 307200, uOffset: 307200,  uStride: 640
2019-10-07 17:58:13.062 766-29292/? E/libc: Access denied finding property "ro.board.boardid"
2019-10-07 17:58:13.063 766-29292/? E/HwaUtils: [3c6ca2b_64E] get_chip_config_value open dts file failed
2019-10-07 17:58:13.063 766-29292/? I/Misc____: [3c6ca2b_64I] judgeGPUBoost not found /proc/device-tree/huawei,imx600imx351hybrid/chip_none_boost
2019-10-07 17:58:13.063 766-29292/? D/Misc____: [3c6ca2b_64D] judgeGPUBoost boardID(0) dtsNoBoost(0) run GPU BOOST
2019-10-07 17:58:13.063 766-29292/? D/Misc____: [3c6ca2b_64D] onProcessFrame save once gpuBoost(1) mIsGpuBoostSaved(1)
2019-10-07 17:58:13.065 766-1294/? D/EnvImpl: [HWA_CAM3]getPackageName :  com.virobugs
2019-10-07 17:58:13.065 766-1294/? I/HwaUtils: [3c6ca2b_64I] getProductExtendName() path=EMILY
2019-10-07 17:58:13.065 766-1294/? I/HwaUtils: [3c6ca2b_64I] getOneCfgFile() path=NULL
2019-10-07 17:58:13.066 766-1294/? I/HwaDMapIpp: [3c6ca2b_64I] checkNeedSwapCalibrationData() ConfigFile NULL
2019-10-07 17:58:13.066 766-1294/? D/Misc____: [3c6ca2b_64D] enter loadRequest
2019-10-07 17:58:13.066 766-1294/? D/EnvImpl: [HWA_CAM3]getPackageName :  com.virobugs
2019-10-07 17:58:13.066 766-1294/? D/IppAlgoFilter: [HWA_CAM3]loadPreviewRequest() REQUEST_DMAP_SWAP, status:0
2019-10-07 17:58:13.066 766-1294/? D/EnvImpl: [HWA_CAM3]getPackageName :  com.virobugs
2019-10-07 17:58:13.066 766-1294/? I/chatty: uid=1013(media) pl#2 identical 1 line
2019-10-07 17:58:13.066 766-1294/? D/EnvImpl: [HWA_CAM3]getPackageName :  com.virobugs
2019-10-07 17:58:13.066 611-611/? I/mediacomm@2.1-service: getMdcClient:114: get client<Camera, 384, 766>, channel<4, 1>, perfLev=1, powerStatue=0.
2019-10-07 17:58:13.066 611-611/? I/mediacomm@2.1-service: getMdcVotePerfLev:179: Connected Mdc client<Camera, 384, 766> channel<4, 1> perfLev<1>
2019-10-07 17:58:13.068 1110-1600/? W/NetworkStatsFactory: mStatsXtProcUid: /proc/net/comm/stats does not exist!
2019-10-07 17:58:13.068 1110-1600/? D/HwNetworkStatsService: hwRecordUidAndProcSnapshotLocked currentTime = 1570463894348
2019-10-07 17:58:13.068 611-611/? I/mediacomm@2.1-service: doCopybit:495: client<Camera, 0> ret = 766 finish copybit -.
2019-10-07 17:58:13.068 766-29299/? I/GRALLOC: LockFlexLayout: baseFormat: 11, yStride: 640, ySize: 307200, uOffset: 307200,  uStride: 640
2019-10-07 17:58:13.069 766-29299/? I/GRALLOC: LockFlexLayout: baseFormat: 11, yStride: 640, ySize: 307200, uOffset: 307200,  uStride: 640
2019-10-07 17:58:13.070 766-29289/? I/DLibLoader: [3c6ca2b_64I] enter loadFun(), funName=FnfdLibGet
2019-10-07 17:58:13.070 766-29295/? I/DLibLoader: [3c6ca2b_64I] enter loadFun(), funName=destroyIspEnhncAlgo
2019-10-07 17:58:13.071 766-29294/? I/DLibLoader: [3c6ca2b_64I] enter loadFun(), funName=doSelfCaliProcess
2019-10-07 17:58:13.071 766-29294/? I/DLibLoader: [3c6ca2b_64I] enter loadFun(), funName=deinitLaserSelfCaliAlgo
2019-10-07 17:58:13.071 766-29294/? D/LaserMgrLibLoader: [3c6ca2b_64D] exit loadFuns() successful
2019-10-07 17:58:13.071 766-29294/? I/DLibLoader: [3c6ca2b_64I] CAMERA3_exit loadSo(). successful.
2019-10-07 17:58:13.071 766-29294/? I/DeviceHistarImpl: [HWA_CAM3]getLaserVersion() success = 2
2019-10-07 17:58:13.071 766-29294/? I/LaserSelfCali: [LaserSelfCaliVersion:V1.6]  [compile time:Jan 26 2018,10:37:50]
2019-10-07 17:58:13.071 766-29290/? I/DLibLoader: [3c6ca2b_64I] enter loadFun(), funName=mrc_cv_sceneDetectionFrontCamera
2019-10-07 17:58:13.071 766-29290/? I/DLibLoader: [3c6ca2b_64I] enter loadFun(), funName=mrc_cv_SDInit
2019-10-07 17:58:13.070 766-29295/? I/DLibLoader: [3c6ca2b_64I] enter loadFun(), funName=onIspEnhncProcess
2019-10-07 17:58:13.071 766-29295/? I/DLibLoader: [3c6ca2b_64I] CAMERA3_exit loadSo(). successful.
2019-10-07 17:58:13.071 766-29290/? I/DLibLoader: [3c6ca2b_64I] enter loadFun(), funName=mrc_cv_SDUnInit
2019-10-07 17:58:13.076 26614-29204/com.virobugs E/native: camera_image_stream.cc:230 Camera Image Stream failed to dequeue Image from ImageReader. status=ImageReaderStatusErrorSpaceClass::AMEDIA_IMGREADER_NO_BUFFER_AVAILABLE: AImageReader_acquireLatestImage acquired_image_count=2
2019-10-07 17:58:13.076 26614-29204/com.virobugs I/GRALLOC: LockFlexLayout: baseFormat: 11, yStride: 640, ySize: 307200, uOffset: 307200,  uStride: 640
2019-10-07 17:58:13.076 1110-1600/? I/NetworkStatsFactory: javaReadNetworkStatsUidAndProcDetail. cost time = 8
2019-10-07 17:58:13.076 766-29294/? I/LaserSelfCali: laserSelfCali,Filepath:/odm/etc/camera/LaserCali/LaserSelfCali.xml
2019-10-07 17:58:13.076 766-29295/? I/IspEnhncAlgosMgr: g_ispenhance_algos name=YuvCalculate is not loaded.
2019-10-07 17:58:13.077 766-29295/? W/AntiBanding: get flkSensorSupport fail!
2019-10-07 17:58:13.077 766-29295/? W/AntiBanding: get flkSensorSampling fail!
2019-10-07 17:58:13.077 766-29295/? W/AntiBanding: get flkSensorDateSize fail!
2019-10-07 17:58:13.077 766-29295/? W/AntiBanding: get flkRowDepthTh fail!
2019-10-07 17:58:13.077 766-29295/? W/AntiBanding: get flkRowAverageTh fail!
2019-10-07 17:58:13.077 766-29295/? W/AntiBanding: get mocaDepthTh fail!
2019-10-07 17:58:13.077 766-29295/? I/AntiBanding: antiBandingLoadConfig(), spt: 0, fs: 1000, size: 256, [agv, depth, moca] = [5, 5, 0]
2019-10-07 17:58:13.077 766-29295/? I/IspEnhncAlgosMgr: g_ispenhance_algos name=AntiBanding is loaded.
2019-10-07 17:58:13.077 766-29295/? I/AntiBanding: antiBandingIamgeProcess(): ByPassCheck is True, algorithm returned !
2019-10-07 17:58:13.077 766-29297/? I/CIEProxy: CIEProxyLibLoaderMgr::getFunction::find CIECreate in lib /vendor/lib64/libcie.so successfully.
2019-10-07 17:58:13.077 766-29290/? I/DLibLoader: [3c6ca2b_64I] enter loadFun(), funName=mrc_cv_SDStart
2019-10-07 17:58:13.077 766-29290/? I/DLibLoader: [3c6ca2b_64I] enter loadFun(), funName=mrc_cv_SDStop
2019-10-07 17:58:13.077 766-29290/? I/DLibLoader: [3c6ca2b_64I] enter loadFun(), funName=mrc_cv_SDProcess
2019-10-07 17:58:13.077 766-29290/? I/DLibLoader: [3c6ca2b_64I] enter loadFun(), funName=mrc_cv_MotionDetection
2019-10-07 17:58:13.077 766-29290/? I/DLibLoader: [3c6ca2b_64I] enter loadFun(), funName=mrc_cv_IndoorDetection
2019-10-07 17:58:13.077 766-29290/? I/DLibLoader: [3c6ca2b_64I] enter loadFun(), funName=mrc_cv_NightDetection
2019-10-07 17:58:13.077 766-29290/? I/DLibLoader: [3c6ca2b_64I] enter loadFun(), funName=mrc_cv_DepthDetection
2019-10-07 17:58:13.077 766-29290/? I/DLibLoader: [3c6ca2b_64I] enter loadFun(), funName=mrc_cv_AbnormalDetection
2019-10-07 17:58:13.077 766-29290/? I/DLibLoader: [3c6ca2b_64I] enter loadFun(), funName=mrc_cv_BacklightDetection
2019-10-07 17:58:13.077 766-29290/? I/DLibLoader: [3c6ca2b_64I] enter loadFun(), funName=mrc_cv_HDRDetection
2019-10-07 17:58:13.077 766-29290/? I/DLibLoader: [3c6ca2b_64I] enter loadFun(), funName=mrc_cv_MultiDenoiseDetection
2019-10-07 17:58:13.077 766-29290/? I/DLibLoader: [3c6ca2b_64I] enter loadFun(), funName=mrc_cv_DownsampleImage
2019-10-07 17:58:13.077 766-29290/? I/DLibLoader: [3c6ca2b_64I] enter loadFun(), funName=mrc_cv_DownsampleImageOnlyY
2019-10-07 17:58:13.077 766-29290/? I/DLibLoader: [3c6ca2b_64I] enter loadFun(), funName=mrc_cv_FlashHDRDetection
2019-10-07 17:58:13.077 766-29290/? I/DLibLoader: [3c6ca2b_64I] enter loadFun(), funName=mrc_cv_SaliencyDetection
2019-10-07 17:58:13.077 766-29290/? I/DLibLoader: [3c6ca2b_64I] enter loadFun(), funName=mrc_cv_CameraStatusDetection
