2019-10-07 11:28:44.260 749-1317/? E/Surface: queueBuffer: error queuing buffer to SurfaceTexture, -32
2019-10-07 11:28:44.260 749-1317/? E/Camera3-OutputStream: returnBufferCheckedLocked: Stream 1: Error queueing buffer to native window: Broken pipe (-32)
2019-10-07 11:28:44.260 749-1317/? E/Camera3-Device: Can't return buffer to its stream: (0xee5bc600), error: Broken pipe (-32)
2019-10-07 11:28:44.262 749-916/? E/Surface: queueBuffer: error queuing buffer to SurfaceTexture, -32
2019-10-07 11:28:44.262 749-916/? E/Camera3-OutputStream: returnBufferCheckedLocked: Stream 1: Error queueing buffer to native window: Broken pipe (-32)
2019-10-07 11:28:44.262 749-916/? E/Camera3-Device: Can't return buffer to its stream: (0xee5bc600), error: Broken pipe (-32)
2019-10-07 11:28:44.263 749-1317/? E/Surface: queueBuffer: error queuing buffer to SurfaceTexture, -32
2019-10-07 11:28:44.263 749-1317/? E/Camera3-OutputStream: returnBufferCheckedLocked: Stream 1: Error queueing buffer to native window: Broken pipe (-32)
2019-10-07 11:28:44.263 749-1317/? E/Camera3-Device: Can't return buffer to its stream: (0xee5bc600), error: Broken pipe (-32)
2019-10-07 11:28:44.263 1956-2757/? E/AwareLog: GameSdkConfigReader: GameSdkLog: idNameMap: null
2019-10-07 11:28:44.266 1846-2274/? E/Hicom_PolicyCenterService: handleAppDied. null == mMultipathAppsMap
2019-10-07 11:28:44.269 749-1317/? E/Surface: queueBuffer: error queuing buffer to SurfaceTexture, -32
2019-10-07 11:28:44.269 749-1317/? E/Camera3-OutputStream: returnBufferCheckedLocked: Stream 0: Error queueing buffer to native window: Broken pipe (-32)
2019-10-07 11:28:44.269 749-1317/? E/Camera3-Device: Can't return buffer to its stream: (0xee35d280), error: Broken pipe (-32)
2019-10-07 11:28:44.270 1110-9115/? E/WindowManager: win=Window{4c8636c u0 com.virobugs/com.virobugs.MainActivity EXITING} destroySurfaces: appStopped=false win.mWindowRemovalAllowed=true win.mRemoveOnExit=true
2019-10-07 11:28:44.283 1110-1152/? E/AwareLog: CPUKeyBackground: checkIsTargetGroup read catch IOException msg = /proc/17184/cpuset (No such file or directory)
2019-10-07 11:28:44.293 749-916/? E/Surface: queueBuffer: error queuing buffer to SurfaceTexture, -32
2019-10-07 11:28:44.293 749-916/? E/Camera3-OutputStream: returnBufferCheckedLocked: Stream 0: Error queueing buffer to native window: Broken pipe (-32)
2019-10-07 11:28:44.293 749-916/? E/Camera3-Device: Can't return buffer to its stream: (0xee35d280), error: Broken pipe (-32)
2019-10-07 11:28:44.293 749-916/? E/Surface: queueBuffer: error queuing buffer to SurfaceTexture, -32
2019-10-07 11:28:44.293 749-916/? E/Camera3-OutputStream: returnBufferCheckedLocked: Stream 1: Error queueing buffer to native window: Broken pipe (-32)
2019-10-07 11:28:44.293 749-916/? E/Camera3-Device: Can't return buffer to its stream: (0xee5bc600), error: Broken pipe (-32)
2019-10-07 11:28:44.300 749-916/? E/Surface: queueBuffer: error queuing buffer to SurfaceTexture, -32
2019-10-07 11:28:44.300 749-916/? E/Camera3-OutputStream: returnBufferCheckedLocked: Stream 0: Error queueing buffer to native window: Broken pipe (-32)
2019-10-07 11:28:44.300 749-916/? E/Camera3-Device: Can't return buffer to its stream: (0xee35d280), error: Broken pipe (-32)
2019-10-07 11:28:44.305 749-916/? E/Surface: queueBuffer: error queuing buffer to SurfaceTexture, -32
2019-10-07 11:28:44.305 749-916/? E/Camera3-OutputStream: returnBufferCheckedLocked: Stream 0: Error queueing buffer to native window: Broken pipe (-32)
2019-10-07 11:28:44.305 749-916/? E/Camera3-Device: Can't return buffer to its stream: (0xee35d280), error: Broken pipe (-32)
2019-10-07 11:28:44.312 749-916/? E/Surface: queueBuffer: error queuing buffer to SurfaceTexture, -32
2019-10-07 11:28:44.312 749-916/? E/Camera3-OutputStream: returnBufferCheckedLocked: Stream 0: Error queueing buffer to native window: Broken pipe (-32)
2019-10-07 11:28:44.312 749-916/? E/Camera3-Device: Can't return buffer to its stream: (0xee35d280), error: Broken pipe (-32)
2019-10-07 11:28:44.319 752-828/? E/dubaid: [CameraHandler.cpp] handleOnDisconnected# Invalid tag: 2
2019-10-07 11:28:44.320 1846-2274/? E/XEngineMpipControl: Invalid SubId
2019-10-07 11:28:44.331 766-949/? E/HISPMsgController: procMsgAck: can't match api:0x201c
2019-10-07 11:28:44.347 1995-2068/? E/HwLauncher: SettingsEx , no such field.
2019-10-07 11:28:44.360 1846-3191/? E/DollieAdapterService: notifyActivityState pkg:com.virobugs/com.virobugs.MainActivity state:18 fg:false mUid:10306
2019-10-07 11:28:44.371 3559-3581/? E/AppLifeChangeSensor:  CAWARENESS: activityResumed mAppLifeChangeCallback is null
2019-10-07 11:28:44.371 1846-3191/? E/DollieAdapterService: notifyActivityState pkg:com.huawei.android.launcher/com.huawei.android.launcher.unihome.UniHomeLauncher state:2 fg:true mUid:10104
2019-10-07 11:28:44.397 752-828/? E/dubaid: [CameraHandler.cpp] handleOnDisconnected# Invalid tag: 4
2019-10-07 11:28:44.400 749-10654/? E/HwCameraServiceEx: binderDied: Java client's binder died, removing it from the list of active clients
2019-10-07 11:28:44.403 3407-17438/? E/NfcNci:HwCustNfcService: applyRouting -1.1
2019-10-07 11:28:44.434 779-905/? E/SensorHub: get_acc_convert_coff = 1000.000000
2019-10-07 11:28:44.475 766-1294/? E/FNFaceDetect: [3c6ca2b_64E] onDestroy fail. ai facedetection proxy!
2019-10-07 11:28:44.476 766-1294/? E/IppAlgoSmartAE: [3c6ca2b_64E] onUnloadLibrary() mSmartAESoState is unloaded ,so we not Uninit it!
2019-10-07 11:28:44.943 17439-17439/? E/JankService: child Thread receive to stop
2019-10-07 11:28:45.082 784-901/? E/JankService: all data read ok
2019-10-07 11:28:46.061 784-2925/? E/iMonitor: FaultDetect: DUMPTOOL_PRINTF return.
2019-10-07 11:28:46.069 784-2925/? E/iMonitor: FaultDetect: DUMPTOOL_PRINTF return.
2019-10-07 11:28:47.202 609-1250/? E/smartpakit: unsurpport cmd = 27
2019-10-07 11:28:47.202 609-1250/? E/smartpakit: smartpa_algo_control: cmd = 27 execute failed!
2019-10-07 11:28:47.202 609-1250/? E/smartpakit: set_contain_sco_and_speaker_to_dsp: set BT-SCO and speaker to dsp, failed!
2019-10-07 11:28:48.070 784-2925/? E/iMonitor: FaultDetect: DUMPTOOL_PRINTF return.
2019-10-07 11:28:48.074 784-2925/? E/iMonitor: FaultDetect: DUMPTOOL_PRINTF return.
2019-10-07 11:28:48.127 784-2925/? E/iMonitor: FaultDetect: DUMPTOOL_PRINTF return.
2019-10-07 11:28:48.128 784-3166/? E/iMonitor: FaultDetect: DUMPTOOL_PRINTF return.
2019-10-07 11:28:48.130 784-3166/? E/iMonitor: FaultDetect: DUMPTOOL_PRINTF return.
2019-10-07 11:28:48.180 784-3166/? E/iMonitor: FaultDetect: DUMPTOOL_PRINTF return.
2019-10-07 11:28:48.207 784-3166/? E/iMonitor: FaultDetect: DUMPTOOL_PRINTF return.
2019-10-07 11:28:48.607 1846-2270/? E/HwModemCapability: isCapabilitySupport java.lang.StringIndexOutOfBoundsException: length=7; index=7
2019-10-07 11:28:48.806 784-3166/? E/iMonitor: FaultDetect: DUMPTOOL_PRINTF return.
2019-10-07 11:28:48.808 784-3166/? E/iMonitor: FaultDetect: DUMPTOOL_PRINTF return.
2019-10-07 11:28:48.808 784-3167/? E/iMonitor: FaultDetect: DUMPTOOL_PRINTF return.
2019-10-07 11:28:48.812 784-3167/? E/iMonitor: FaultDetect: DUMPTOOL_PRINTF return.
2019-10-07 11:28:48.816 784-3167/? E/iMonitor: FaultDetect: DUMPTOOL_PRINTF return.
2019-10-07 11:28:48.832 784-3167/? E/iMonitor: FaultDetect: DUMPTOOL_PRINTF return.
2019-10-07 11:28:48.849 784-3167/? E/iMonitor: FaultDetect: DUMPTOOL_PRINTF return.
2019-10-07 11:28:48.920 784-3167/? E/iMonitor: FaultDetect: DUMPTOOL_PRINTF return.
2019-10-07 11:28:48.920 784-3168/? E/iMonitor: FaultDetect: DUMPTOOL_PRINTF return.
2019-10-07 11:28:48.920 784-3168/? E/iMonitor: FaultDetect: DUMPTOOL_PRINTF return.
2019-10-07 11:28:48.920 784-3168/? E/iMonitor: FaultDetect: DUMPTOOL_PRINTF return.
2019-10-07 11:28:48.921 784-3168/? E/iMonitor: FaultDetect: DUMPTOOL_PRINTF return.
2019-10-07 11:28:48.921 784-3168/? E/iMonitor: FaultDetect: DUMPTOOL_PRINTF return.
2019-10-07 11:28:49.345 10199-10207/? E/DataBuffer: Internal data leak within a DataBuffer object detected!  Be sure to explicitly call release() on all DataBuffer extending objects when you are done with them. (internal object: com.google.android.gms.common.data.DataHolder@a97ce13)
2019-10-07 11:28:51.388 763-763/? E/Thermal-daemon: [charger_ic] temp_new :40  temp_old :41
2019-10-07 11:28:51.391 763-763/? E/Thermal-daemon: Report temperature: [charger_ic] temp :40  report_threshold:1
2019-10-07 11:28:51.394 763-763/? E/Thermal-daemon: [ap] temp_new :42  temp_old :43
2019-10-07 11:28:51.395 763-763/? E/Thermal-daemon: Report temperature: [ap] temp :42  report_threshold:1
2019-10-07 11:28:52.145 763-2840/? E/Thermal-daemon: current_STD > IT_STD, result invalid.
2019-10-07 11:28:52.146 763-2840/? E/Thermal-daemon: device current too high (-168), during charging or current std is invalid.
2019-10-07 11:28:52.146 763-2840/? E/Thermal-daemon: latest temp -40000 at 2019/10/7, 9h:28m:52s.
2019-10-07 11:28:52.146 763-2840/? E/Thermal-daemon: write_fd_value: /sys/class/hw_thermal/temp/ambient failed. count = -1, sizeof(data) = 4096
2019-10-07 11:28:52.146 763-2840/? E/Thermal-daemon: write amebient temp to node failed.
2019-10-07 11:29:00.028 1709-1709/? E/DateView: DateView,mCurrentTime: 1570440540028
2019-10-07 11:29:00.057 1995-2068/? E/HwLauncher: SettingsEx , no such field.
2019-10-07 11:29:01.399 763-763/? E/Thermal-daemon: [charger_ic] temp_new :39  temp_old :40
2019-10-07 11:29:01.401 763-763/? E/Thermal-daemon: Report temperature: [charger_ic] temp :39  report_threshold:1
2019-10-07 11:29:01.402 763-763/? E/Thermal-daemon: [ap] temp_new :41  temp_old :42
2019-10-07 11:29:01.403 763-763/? E/Thermal-daemon: Report temperature: [ap] temp :41  report_threshold:1
2019-10-07 11:29:05.181 1846-2248/? E/HsmCoreServiceImpl: onTransact in code is: 102
2019-10-07 11:29:10.175 1956-2062/? E/SQLiteDatabase: Error inserting UNIQUE constraint failed: appusage.appname (Sqlite code 1555 SQLITE_CONSTRAINT_PRIMARYKEY), (OS error - 0:Success)
2019-10-07 11:29:10.175 1956-2062/? E/IntelligentProvider: insert failed! uri=content://com.huawei.powergenie.stats/appusage
2019-10-07 11:29:10.208 17444-17444/? E/JankService: child Thread receive to stop
2019-10-07 11:29:10.336 784-901/? E/JankService: all data read ok
2019-10-07 11:29:21.416 763-763/? E/Thermal-daemon: [pa_0] temp_new :37  temp_old :38
2019-10-07 11:29:21.418 763-763/? E/Thermal-daemon: Report temperature: [pa_0] temp :37  report_threshold:1
2019-10-07 11:29:21.418 763-763/? E/Thermal-daemon: [ap] temp_new :40  temp_old :41
2019-10-07 11:29:21.419 763-763/? E/Thermal-daemon: Report temperature: [ap] temp :40  report_threshold:1
