2019-10-07 11:28:43.374 766-17390/? V/FNFaceDetectLibLoader: [3c6ca2b_64V] enter setFunsToDefault()
2019-10-07 11:28:43.374 766-17390/? I/DLibLoader: [3c6ca2b_64I] enter loadSo(), soName=NULL, mSoName=libFNFD.so
2019-10-07 11:28:43.374 766-17390/? V/FNFaceDetectLibLoader: [3c6ca2b_64V] enter setFunsToDefault()
2019-10-07 11:28:43.374 766-17405/? D/SenseMgr: [3c6ca2b_64D] enter onStart()
2019-10-07 11:28:43.374 766-17405/? D/AfStatCalculateLibLoader: [3c6ca2b_64D] enter getInstance()
2019-10-07 11:28:43.374 766-17405/? I/DLibLoader: [3c6ca2b_64I] enter DLibLoader(), soName=libAfStatCalc.so
2019-10-07 11:28:43.374 766-17405/? D/AfStatCalculateLibLoader: [3c6ca2b_64D] enter AfStatCalculateLibLoader()
2019-10-07 11:28:43.374 766-17405/? D/AfStatCalculateLibLoader: [3c6ca2b_64D] enter setFunsToDefault()
2019-10-07 11:28:43.374 766-17405/? I/DLibLoader: [3c6ca2b_64I] enter loadSo(), soName=NULL, mSoName=libAfStatCalc.so
2019-10-07 11:28:43.374 766-17405/? D/AfStatCalculateLibLoader: [3c6ca2b_64D] enter setFunsToDefault()
2019-10-07 11:28:43.375 611-611/? I/mediacomm@2.1-service: doCopybit:495: client<Camera, 0> ret = 766 finish copybit -.
2019-10-07 11:28:43.376 766-17390/? V/FNFaceDetectLibLoader: [3c6ca2b_64V] enter loadFuns()
2019-10-07 11:28:43.376 766-17390/? I/DLibLoader: [3c6ca2b_64I] enter loadFun(), funName=FnfdLibGet
2019-10-07 11:28:43.376 766-17391/? D/SceneDetection: [3c6ca2b_64D] enter onCreate()
2019-10-07 11:28:43.376 599-2170/? I/GRALLOC: getCallingPid=650, shrFd=32,fmt=0x1,intFmt=0x200000001,btStrd=4352,size=8982528,pid=599
    	 yuv=2,w=1080,h=2031,Stride u=0 v=0,offset u=0 v=0
    	 iova_size=8982528,conUsg=0xb00,proUsg=0xb00,	 strd=1088,[afbc]HdrStrd=1088 PyldStrd=69632 Scrmbl=2,ionhnd = 1
2019-10-07 11:28:43.376 766-17391/? I/DLibLoader: [3c6ca2b_64I] enter DLibLoader(), soName=libscenedetection.so
2019-10-07 11:28:43.376 766-17391/? V/SceneDetectionLibLoader: [3c6ca2b_64V] enter SDLibLoader()
2019-10-07 11:28:43.376 766-17391/? V/SceneDetectionLibLoader: [3c6ca2b_64V] enter setFunsToDefault()
2019-10-07 11:28:43.376 766-17391/? I/DLibLoader: [3c6ca2b_64I] enter loadSo(), soName=NULL, mSoName=libscenedetection.so
2019-10-07 11:28:43.376 766-17391/? V/SceneDetectionLibLoader: [3c6ca2b_64V] enter setFunsToDefault()
2019-10-07 11:28:43.376 766-17392/? D/IppAlgoDM: [3c6ca2b_64D] enter onCreate()
2019-10-07 11:28:43.376 766-17392/? D/IppAlgoDM: [3c6ca2b_64D] enter loadConfig()
2019-10-07 11:28:43.376 766-17405/? D/AfStatCalculateLibLoader: [3c6ca2b_64D] enter loadFuns()
2019-10-07 11:28:43.376 766-17405/? I/DLibLoader: [3c6ca2b_64I] enter loadFun(), funName=afstat_calc_init
2019-10-07 11:28:43.376 766-17405/? I/DLibLoader: [3c6ca2b_64I] enter loadFun(), funName=afstat_calc_process
2019-10-07 11:28:43.376 766-17405/? I/DLibLoader: [3c6ca2b_64I] enter loadFun(), funName=afstat_calc_uninit
2019-10-07 11:28:43.376 766-17405/? I/DLibLoader: [3c6ca2b_64I] enter loadFun(), funName=afstat_onstop
2019-10-07 11:28:43.376 766-17405/? D/AfStatCalculateLibLoader: [3c6ca2b_64D] exit loadFuns() successful
2019-10-07 11:28:43.376 766-17405/? I/DLibLoader: [3c6ca2b_64I] CAMERA3_exit loadSo(). successful.
2019-10-07 11:28:43.377 766-17393/? D/Misc____: [3c6ca2b_64D] enter onCreate()
2019-10-07 11:28:43.377 766-17405/? I/afstat_calc: Version 2.0.2, afstat_cal_init
2019-10-07 11:28:43.377 766-17405/? D/AfStatCalculate: [3c6ca2b_64D] enter onStart()
2019-10-07 11:28:43.377 766-17393/? D/Misc____: [3c6ca2b_64D] loadPowerMonitorConfig(), mPowerMonitorEnable=1
2019-10-07 11:28:43.377 766-17393/? I/Misc____: [3c6ca2b_64I] loadPowerMonitorConfig(), PowerMonitor SKIP_NUM=150 LVL1=[120000,45000,22], LVL2=[240000,47000,20], node=[/sys/class/thermal/thermal_zone8/temp], mPowerMonitorForePortraitFPSLimit=[0], mPowerMonitorForePortraitMaxFps=[30]
2019-10-07 11:28:43.377 766-17393/? D/Misc____: [3c6ca2b_64D] loadSuperMacroConfig(), LoadFile /odm/etc/camera/macro/config.xml failed!
2019-10-07 11:28:43.377 766-17393/? D/Misc____: [3c6ca2b_64D] loadIRTempMonitorConfig(), LoadFile /odm/etc/camera/irtempmonitor/config.xml failed!
2019-10-07 11:28:43.377 766-17393/? D/Misc____: [3c6ca2b_64D] loadMoonEnhanceConfig(), LoadFile /odm/etc/camera/moon/config.xml failed!
2019-10-07 11:28:43.377 766-17393/? D/Misc____: [3c6ca2b_64D] loadHistcConfig(), LoadFile /odm/etc/camera/hist/config.xml failed!
2019-10-07 11:28:43.377 766-17393/? I/HwaUtils: [3c6ca2b_64I] getProductExtendName() path=EMILY
2019-10-07 11:28:43.377 766-17393/? I/HwaUtils: [3c6ca2b_64I] getOneCfgFile() path=/odm/etc/camera/dcamera/config.xml
2019-10-07 11:28:43.377 766-17393/? I/Misc____: [3c6ca2b_64I] loadApertureSeamlessFpsConfig: mApertureSeamlessEnable = 0, mApertureSeamlessFps = 18
2019-10-07 11:28:43.377 766-17393/? I/DeviceHistarImpl: [HWA_CAM3]getLaserVersion() success = 2
2019-10-07 11:28:43.377 766-17393/? E/HwaUtils: [3c6ca2b_64E] FirstLevelXmlParser() LoadFile /odm/etc/camera/rawhdr/config.xml Failed
2019-10-07 11:28:43.377 766-17393/? E/HwaUtils: [3c6ca2b_64E] getAttributeValue() mFirstLevelElement Is NULL
2019-10-07 11:28:43.377 766-17398/? D/CIEProxy: Enter CIEProxy::onCreate
2019-10-07 11:28:43.377 766-17393/? D/Misc____: [3c6ca2b_64D] enter onStart()
2019-10-07 11:28:43.377 766-17393/? I/Misc____: [3c6ca2b_64I] dynamicVideoFpsMode = 0
2019-10-07 11:28:43.377 766-17393/? D/SensorGatherMisc: [3c6ca2b_64D] enter SensorGatherMisc()
2019-10-07 11:28:43.377 766-17398/? I/CIEProxy: CIEProxyLibLoaderMgr::getFunction::find CIECreate in lib /vendor/lib64/libcie.so successfully.
2019-10-07 11:28:43.377 766-17393/? D/SensorGatherMisc: [3c6ca2b_64D] enter config()
2019-10-07 11:28:43.377 766-17398/? I/cie: Enter CIE::CIE
2019-10-07 11:28:43.377 766-17398/? W/cie: CIE::loadXmlConfig::load config file error.
2019-10-07 11:28:43.377 766-17398/? I/cie: PublicBufMgr::PublicBufMgr
2019-10-07 11:28:43.377 766-17398/? I/cie: Enter AiEngineObjectDetection::ObjectDetectionAlgo
2019-10-07 11:28:43.377 766-17398/? E/cie: AiEngineObjectDetection::loadXmlConfig::load config file err
2019-10-07 11:28:43.377 766-17398/? E/cie: AiEngineObjectDetection::ObjectDetectionAlgo::ALGO DISABLED!
2019-10-07 11:28:43.377 766-17398/? I/cie: SceneStabilization::SceneStabilization:: Enter!
2019-10-07 11:28:43.377 766-17398/? E/cie: SceneStabilization::LoadStabilizationConfigXml::load config file error
2019-10-07 11:28:43.377 766-17398/? E/cie: SceneStabilization::SceneStabilization::load stabilization config fail! disable stabilization process!
2019-10-07 11:28:43.377 766-17398/? I/cie: Enter SceneRecognition::SceneRecognition
2019-10-07 11:28:43.377 766-17394/? I/DeviceBaseImpl: [HWA_CAM3]getIsFFCamera, dim:5, pAfModes:0x7f4a91a748, pAfModes[0]:0
2019-10-07 11:28:43.377 766-17394/? D/AssistAF: [3c6ca2b_64D] enter onStart()
2019-10-07 11:28:43.377 766-17394/? D/AssistAF: [3c6ca2b_64D] loadAfOtpCalibData(), infCodeSum=[0 0 0 0 0, 0 0 0 0 0], infCodeCnt=[0 0 0 0 0, 0 0 0 0 0]
2019-10-07 11:28:43.377 766-17395/? D/LaserMgr: [3c6ca2b_64D] enter onCreate()
2019-10-07 11:28:43.377 766-17395/? D/LaserMgrLibLoader: [3c6ca2b_64D] enter getInstance()
2019-10-07 11:28:43.377 766-17395/? I/DLibLoader: [3c6ca2b_64I] enter DLibLoader(), soName=libLaserSelfCali.so
2019-10-07 11:28:43.377 766-17395/? D/LaserMgrLibLoader: [3c6ca2b_64D] enter LaserMgrLibLoader()
2019-10-07 11:28:43.377 766-17395/? D/LaserMgrLibLoader: [3c6ca2b_64D] enter setFunsToDefault()
2019-10-07 11:28:43.377 766-17395/? I/DLibLoader: [3c6ca2b_64I] enter loadSo(), soName=NULL, mSoName=libLaserSelfCali.so
2019-10-07 11:28:43.377 766-17395/? D/LaserMgrLibLoader: [3c6ca2b_64D] enter setFunsToDefault()
2019-10-07 11:28:43.377 766-17398/? I/cie: algoEnable: 1, videoEnable: 1,frontEnable: 0, version: 1, stableFrame: 15, unstableFrame: 15
2019-10-07 11:28:43.378 766-17398/? I/cie: Enter FoodRecognition::FoodRecognition
2019-10-07 11:28:43.378 766-17398/? W/cie: FoodRecognition::loadXmlConfig::load config file err
2019-10-07 11:28:43.378 766-17398/? E/cie: FoodRecognition::FoodRecognition::ALGO DISABLED!
2019-10-07 11:28:43.378 766-17398/? I/cie: 1Enter HiTracking::newCIEAlgo
2019-10-07 11:28:43.378 766-17398/? I/cie: Enter HiTracking::HiTracking
2019-10-07 11:28:43.378 766-17398/? E/cie: HiTracking::loadXmlConfig::load config file err
2019-10-07 11:28:43.378 766-17398/? E/cie: HiTracking::HiTracking::ALGO DISABLED!
2019-10-07 11:28:43.378 766-17398/? I/cie: Enter FaceStoryAlgo::FaceStoryAlgo
2019-10-07 11:28:43.378 766-17398/? I/cie: FACE_EXIST_FRAME_TH IS 3, mConfig.faceDetectFreq is 0
2019-10-07 11:28:43.378 766-17398/? E/cie: FaceStoryAlgo::LoadXmlConfig::load config file err
2019-10-07 11:28:43.378 766-17398/? E/cie: FaceStoryAlgo::FaceStoryAlgo::ALGO DISABLED!
2019-10-07 11:28:43.378 766-17398/? D/CIEProxy: Leave CIEProxy::onCreate
2019-10-07 11:28:43.378 766-17398/? D/CIEProxy: Enter CIEProxy::onStart
2019-10-07 11:28:43.378 766-17398/? I/EnvImpl: [HWA_CAM3]getArCalorieMode mArCalorieMode 0
2019-10-07 11:28:43.378 766-17400/? I/GRALLOC: LockFlexLayout: baseFormat: 11, yStride: 640, ySize: 307200, uOffset: 307200,  uStride: 640
2019-10-07 11:28:43.378 766-17396/? I/DLibLoader: [3c6ca2b_64I] enter DLibLoader(), soName=libispenhnc.so
2019-10-07 11:28:43.378 766-17396/? I/DLibLoader: [3c6ca2b_64I] enter loadSo(), soName=NULL, mSoName=libispenhnc.so
2019-10-07 11:28:43.378 766-17397/? I/DLibLoader: [3c6ca2b_64I] enter DLibLoader(), soName=libmotiondetect.so
2019-10-07 11:28:43.378 766-17397/? I/DLibLoader: [3c6ca2b_64I] enter loadSo(), soName=NULL, mSoName=libmotiondetect.so
2019-10-07 11:28:43.378 766-17400/? I/GRALLOC: LockFlexLayout: baseFormat: 11, yStride: 640, ySize: 307200, uOffset: 307200,  uStride: 640
2019-10-07 11:28:43.379 766-17393/? D/SensorGatherMisc: [3c6ca2b_64D] enter ConfigSensor(), sensorType is 1
2019-10-07 11:28:43.379 766-17393/? D/SensorGatherMisc: [3c6ca2b_64D] enter ConfigSensor(), sensorType is 10
2019-10-07 11:28:43.379 766-17393/? D/SensorGatherMisc: [3c6ca2b_64D] enter ConfigSensor(), sensorType is 4
2019-10-07 11:28:43.379 766-17393/? D/SensorGatherMisc: [3c6ca2b_64D] enter ConfigSensor(), sensorType is 3
2019-10-07 11:28:43.380 17184-17366/? E/ion: ioctl c0044901 failed with code -1: Invalid argument
2019-10-07 11:28:43.380 17184-17366/? I/GRALLOC: LockFlexLayout: baseFormat: 11, yStride: 640, ySize: 307200, uOffset: 307200,  uStride: 640
2019-10-07 11:28:43.380 766-17393/? I/SensorGatherMisc: [3c6ca2b_64I] enter config() [0 0 0 0]
2019-10-07 11:28:43.381 599-2170/? I/GRALLOC: getCallingPid=17184, shrFd=32,fmt=0x11,intFmt=0x11,btStrd=640,size=462848,pid=599
    	 yuv=2,w=640,h=480,Stride u=640 v=640,offset u=307200 v=307200
    	 iova_size=462848,conUsg=0xc00000040020006,proUsg=0xc00000040020006,	 strd=640,[afbc]HdrStrd=0 PyldStrd=0 Scrmbl=0,ionhnd = 1
2019-10-07 11:28:43.381 749-17375/? I/Camera3-Stream: getBuffer: Stream 1, 0xee5bc600: Already dequeued max output buffers (7), wait for next returned one.
2019-10-07 11:28:43.382 779-779/? D/SensorHub: in flush, handle = 0
2019-10-07 11:28:43.383 599-2170/? I/GRALLOC: getCallingPid=17184, shrFd=32,fmt=0x11,intFmt=0x11,btStrd=1440,size=2334720,pid=599
    	 yuv=2,w=1440,h=1080,Stride u=1440 v=1440,offset u=1555200 v=1555200
    	 iova_size=2334720,conUsg=0xc00000040020106,proUsg=0xc00000040020106,	 strd=1440,[afbc]HdrStrd=0 PyldStrd=0 Scrmbl=0,ionhnd = 1
2019-10-07 11:28:43.383 779-905/? D/SensorHub: getSensorType get meta data! handle =0
2019-10-07 11:28:43.383 766-17393/? D/SensorGatherMisc: [3c6ca2b_64D] enter EnableSensor(), sensorType is 10
2019-10-07 11:28:43.383 779-779/? D/SensorHub: in flush, handle = 7
2019-10-07 11:28:43.384 779-905/? D/SensorHub: getSensorType get meta data! handle =7
2019-10-07 11:28:43.387 766-17393/? D/SensorGatherMisc: [3c6ca2b_64D] enter EnableSensor(), sensorType is 4
2019-10-07 11:28:43.387 599-2170/? I/GRALLOC: getCallingPid=650, shrFd=32,fmt=0x1,intFmt=0x200000001,btStrd=4352,size=8982528,pid=599
    	 yuv=2,w=1080,h=2031,Stride u=0 v=0,offset u=0 v=0
    	 iova_size=8982528,conUsg=0xb00,proUsg=0xb00,	 strd=1088,[afbc]HdrStrd=1088 PyldStrd=69632 Scrmbl=2,ionhnd = 1
2019-10-07 11:28:43.388 779-779/? D/SensorHub: in flush, handle = 5
2019-10-07 11:28:43.388 766-1294/? D/EnvImpl: [HWA_CAM3]getPackageName :  com.virobugs
2019-10-07 11:28:43.388 766-1294/? I/HwaUtils: [3c6ca2b_64I] getProductExtendName() path=EMILY
2019-10-07 11:28:43.388 766-1294/? I/HwaUtils: [3c6ca2b_64I] getOneCfgFile() path=NULL
2019-10-07 11:28:43.388 766-1294/? I/HwaDMapIpp: [3c6ca2b_64I] checkNeedSwapCalibrationData() ConfigFile NULL
2019-10-07 11:28:43.388 766-1294/? D/Misc____: [3c6ca2b_64D] enter loadRequest
2019-10-07 11:28:43.388 766-1294/? D/EnvImpl: [HWA_CAM3]getPackageName :  com.virobugs
2019-10-07 11:28:43.388 766-1294/? D/IppAlgoFilter: [HWA_CAM3]loadPreviewRequest() REQUEST_DMAP_SWAP, status:0
2019-10-07 11:28:43.388 766-1294/? D/EnvImpl: [HWA_CAM3]getPackageName :  com.virobugs
2019-10-07 11:28:43.388 766-1294/? I/chatty: uid=1013(media) pl#2 identical 1 line
2019-10-07 11:28:43.388 766-1294/? D/EnvImpl: [HWA_CAM3]getPackageName :  com.virobugs
2019-10-07 11:28:43.389 766-17395/? D/LaserMgrLibLoader: [3c6ca2b_64D] enter loadFuns()
2019-10-07 11:28:43.389 766-17395/? I/DLibLoader: [3c6ca2b_64I] enter loadFun(), funName=initLaserSelfCaliAlgo
2019-10-07 11:28:43.389 766-17395/? I/DLibLoader: [3c6ca2b_64I] enter loadFun(), funName=doSelfCaliProcess
2019-10-07 11:28:43.389 766-17395/? I/DLibLoader: [3c6ca2b_64I] enter loadFun(), funName=deinitLaserSelfCaliAlgo
2019-10-07 11:28:43.389 766-17395/? D/LaserMgrLibLoader: [3c6ca2b_64D] exit loadFuns() successful
2019-10-07 11:28:43.389 766-17395/? I/DLibLoader: [3c6ca2b_64I] CAMERA3_exit loadSo(). successful.
2019-10-07 11:28:43.389 766-17395/? I/DeviceHistarImpl: [HWA_CAM3]getLaserVersion() success = 2
2019-10-07 11:28:43.389 766-17395/? I/LaserSelfCali: [LaserSelfCaliVersion:V1.6]  [compile time:Jan 26 2018,10:37:50]
2019-10-07 11:28:43.389 766-17393/? D/SensorGatherMisc: [3c6ca2b_64D] enter EnableSensor(), sensorType is 3
2019-10-07 11:28:43.389 766-17395/? I/LaserSelfCali: laserSelfCali,Filepath:/odm/etc/camera/LaserCali/LaserSelfCali.xml
2019-10-07 11:28:43.390 779-905/? D/SensorHub: in flush, handle = 2
2019-10-07 11:28:43.390 766-17393/? D/SensorGatherMisc: [3c6ca2b_64D] getBootTime(), curTime=1570440523390644000, elapsedTime=6352334184446, bootTime=1570434171056459554
2019-10-07 11:28:43.390 766-17393/? D/Misc____: [3c6ca2b_64D] onProcessFrame(666), afDistance(0.000000)
2019-10-07 11:28:43.390 779-905/? D/SensorHub: getSensorType get meta data! handle =5
2019-10-07 11:28:43.390 766-17393/? I/DeviceBaseImpl: [HWA_CAM3]getBinningMap() binning[0] sizes length=28 size=40
2019-10-07 11:28:43.390 766-17393/? I/Misc____: [3c6ca2b_64I] onProcessFrame BinningMap[3968 2976 1984 1488] flow[0]
2019-10-07 11:28:43.390 766-17393/? I/DeviceBaseImpl: [HWA_CAM3]getBinningMap() binning[1] sizes length=28 size=40
2019-10-07 11:28:43.390 766-17393/? I/Misc____: [3c6ca2b_64I] onProcessFrame BinningMap[3968 2976 2560 1920] flow[1]
2019-10-07 11:28:43.390 766-17393/? I/DeviceBaseImpl: [HWA_CAM3]getSeamlessMap(), seamless Supported status = 0
2019-10-07 11:28:43.390 766-17393/? I/ImagingSystem: getVcmOtpInfo rang[186 ~ 819] org[186 ~ 819]
2019-10-07 11:28:43.391 779-905/? D/SensorHub: getSensorType get meta data! handle =2
2019-10-07 11:28:43.391 766-17393/? E/libc: Access denied finding property "ro.board.boardid"
2019-10-07 11:28:43.391 766-17393/? E/HwaUtils: [3c6ca2b_64E] get_chip_config_value open dts file failed
2019-10-07 11:28:43.391 766-17393/? I/Misc____: [3c6ca2b_64I] judgeGPUBoost not found /proc/device-tree/huawei,imx600imx351hybrid/chip_none_boost
2019-10-07 11:28:43.391 766-17393/? D/Misc____: [3c6ca2b_64D] judgeGPUBoost boardID(0) dtsNoBoost(0) run GPU BOOST
2019-10-07 11:28:43.391 766-17393/? D/Misc____: [3c6ca2b_64D] onProcessFrame save once gpuBoost(1) mIsGpuBoostSaved(1)
2019-10-07 11:28:43.391 766-17395/? I/LaserSelfCali: laser,XMLonoff:200,OnOffThreYmean:30
2019-10-07 11:28:43.391 766-17395/? I/LaserSelfCali: laserSelfCali,resultPath:/data/camera/LaserSelfCaliResult.dat,init
2019-10-07 11:28:43.391 766-17395/? I/LaserSelfCali: laser,file,initAlgo,0 0 0 0 0 0
2019-10-07 11:28:43.391 766-17395/? I/LaserSelfCali: laser,file,sizePath:36,reScan:6
2019-10-07 11:28:43.391 766-17395/? I/LaserSelfCali: boston,laserSelfCali,azrael,initAlgo,dirtyFalg:0,mIsDirty:0,mDirtyXtalk:0
2019-10-07 11:28:43.392 766-17395/? I/LaserMgr: [3c6ca2b_64I] getlaser width:3968 height:2976 selfCaliConfigFile:/odm/etc/camera/LaserCali/LaserSelfCali.xml
2019-10-07 11:28:43.392 766-17395/? V/AFDepthTrans: [3c6ca2b_64V] enter getInstance()
2019-10-07 11:28:43.392 766-17395/? V/AFDepthTrans: [3c6ca2b_64V] enter getInstance()
2019-10-07 11:28:43.392 766-17395/? I/DLibLoader: [3c6ca2b_64I] enter DLibLoader(), soName=libtrans_depth_code.so
2019-10-07 11:28:43.392 766-17395/? D/AFDepthTrans: [3c6ca2b_64D] enter AFDepthTransLibLoader()
2019-10-07 11:28:43.392 766-17395/? I/DLibLoader: [3c6ca2b_64I] enter loadSo(), soName=NULL, mSoName=libtrans_depth_code.so
2019-10-07 11:28:43.392 766-17395/? D/AFDepthTrans: [3c6ca2b_64D] enter setFunsToDefault()
2019-10-07 11:28:43.393 766-17391/? V/SceneDetectionLibLoader: [3c6ca2b_64V] enter loadFuns()
2019-10-07 11:28:43.393 766-17391/? I/DLibLoader: [3c6ca2b_64I] enter loadFun(), funName=mrc_cv_sceneDetection
2019-10-07 11:28:43.393 766-17398/? I/CIEProxy: CIEProxyLibLoaderMgr::getFunction::find CIEInit in lib /vendor/lib64/libcie.so successfully.
2019-10-07 11:28:43.393 766-17398/? I/cie: Enter CIE::onInit
2019-10-07 11:28:43.393 766-17398/? I/cie: CIE::onInit::ObjectDetectionAlgo algo is disabled, init bypass
2019-10-07 11:28:43.393 766-17398/? I/cie: Enter SceneRecognition::init
2019-10-07 11:28:43.393 766-17398/? D/cie: SceneRecognition::init CIEMetadata.SensorPosition [0]
2019-10-07 11:28:43.393 766-17390/? I/FNFaceDetectLibLoader: [3c6ca2b_64I] exit loadFuns(). successful
2019-10-07 11:28:43.393 766-17390/? I/DLibLoader: [3c6ca2b_64I] CAMERA3_exit loadSo(). successful.
2019-10-07 11:28:43.393 766-17390/? I/DLibLoader: [3c6ca2b_64I] enter DLibLoader(), soName=libFNFFD.so
2019-10-07 11:28:43.393 766-17390/? V/FNFaceDetectLibLoader: [3c6ca2b_64V] enter FNFFDLibLoader()
2019-10-07 11:28:43.393 766-17390/? V/FNFaceDetectLibLoader: [3c6ca2b_64V] enter setFunsToDefault()
2019-10-07 11:28:43.393 766-17390/? I/DLibLoader: [3c6ca2b_64I] enter loadSo(), soName=NULL, mSoName=libFNFFD.so
2019-10-07 11:28:43.393 766-17390/? V/FNFaceDetectLibLoader: [3c6ca2b_64V] enter setFunsToDefault()
2019-10-07 11:28:43.394 766-17390/? V/FNFaceDetectLibLoader: [3c6ca2b_64V] enter loadFuns()
2019-10-07 11:28:43.394 766-17390/? I/DLibLoader: [3c6ca2b_64I] enter loadFun(), funName=FnFfdLibGet
2019-10-07 11:28:43.394 766-17390/? I/FNFaceDetectLibLoader: [3c6ca2b_64I] exit loadFuns(). successful
2019-10-07 11:28:43.394 766-17390/? I/DLibLoader: [3c6ca2b_64I] CAMERA3_exit loadSo(). successful.
2019-10-07 11:28:43.394 766-17390/? V/FNFaceDetectLibLoader: [3c6ca2b_64V] enter getInstance()
2019-10-07 11:28:43.394 766-17390/? I/DLibLoader: [3c6ca2b_64I] enter DLibLoader(), soName=libIPU12DriverUser.so
2019-10-07 11:28:43.394 766-17390/? I/FNFaceDetectLibLoader: [3c6ca2b_64I] enter FNIPU12LibLoader()
2019-10-07 11:28:43.394 766-17390/? I/FNFaceDetectLibLoader: [3c6ca2b_64I] enter setFunsToDefault()
2019-10-07 11:28:43.394 766-17390/? I/DLibLoader: [3c6ca2b_64I] enter loadSo(), soName=NULL, mSoName=libIPU12DriverUser.so
2019-10-07 11:28:43.394 766-17390/? I/FNFaceDetectLibLoader: [3c6ca2b_64I] enter setFunsToDefault()
2019-10-07 11:28:43.394 766-17390/? I/FNFaceDetectLibLoader: [3c6ca2b_64I] enter loadFuns()
2019-10-07 11:28:43.394 766-17390/? I/DLibLoader: [3c6ca2b_64I] enter loadFun(), funName=Ipu12DrvGet
2019-10-07 11:28:43.394 766-17390/? I/DLibLoader: [3c6ca2b_64I] enter loadFun(), funName=Ipu12DrvGetPriv
2019-10-07 11:28:43.394 766-17390/? I/FNFaceDetectLibLoader: [3c6ca2b_64I] exit loadFuns(). successful
2019-10-07 11:28:43.394 766-17390/? I/DLibLoader: [3c6ca2b_64I] CAMERA3_exit loadSo(). successful.
2019-10-07 11:28:43.394 766-17390/? I/FNFaceDetectAlgoProxy: [3c6ca2b_64I] createLibLoader: fdLibInfo.libVer=1.13.0.1.0, apiVer=0x20002, buildDate=Feb 13 2019 14:04:37, label=Android
2019-10-07 11:28:43.394 766-17390/? I/FNFaceDetectAlgoProxy: [3c6ca2b_64I] createLibLoader: ffdLibInfo.libVer=2.9.9.1.0, apiVer=0x20001, buildDate=Sep 10 2018 21:05:49, label=Face Feature Detection D Library Android for Huawei v.2-9-9-1 -- CONFIDENTIAL
2019-10-07 11:28:43.395 782-782/? I/hiai_hcs: HCSService::HCSService Create HCSService instance.
2019-10-07 11:28:43.396 782-782/? I/hcs: HIAI IPU manager acquire wake lock
2019-10-07 11:28:43.396 782-782/? I/hcs: IPUMngr_Open Open IPU success.
2019-10-07 11:28:43.396 782-782/? I/hcs: IPUTaskScheduler::AddTask Add task to task queue successs.
2019-10-07 11:28:43.396 782-10325/? I/hcs: IPUTaskScheduler::CPUTaskHandler CPU task queue has task now, we will back to work.
2019-10-07 11:28:43.397 766-17396/? I/DLibLoader: [3c6ca2b_64I] enter loadFun(), funName=createIspEnhncAlgo
2019-10-07 11:28:43.397 766-17396/? I/DLibLoader: [3c6ca2b_64I] enter loadFun(), funName=destroyIspEnhncAlgo
2019-10-07 11:28:43.397 766-17396/? I/DLibLoader: [3c6ca2b_64I] enter loadFun(), funName=onIspEnhncProcess
2019-10-07 11:28:43.397 766-17396/? I/DLibLoader: [3c6ca2b_64I] CAMERA3_exit loadSo(). successful.
2019-10-07 11:28:43.397 766-17396/? I/IspEnhncAlgosMgr: g_ispenhance_algos name=YuvCalculate is not loaded.
2019-10-07 11:28:43.397 766-17396/? W/AntiBanding: get flkSensorSupport fail!
2019-10-07 11:28:43.397 766-17396/? W/AntiBanding: get flkSensorSampling fail!
2019-10-07 11:28:43.397 766-17396/? W/AntiBanding: get flkSensorDateSize fail!
2019-10-07 11:28:43.397 766-17396/? W/AntiBanding: get flkRowDepthTh fail!
2019-10-07 11:28:43.397 766-17396/? W/AntiBanding: get flkRowAverageTh fail!
2019-10-07 11:28:43.397 766-17396/? W/AntiBanding: get mocaDepthTh fail!
2019-10-07 11:28:43.398 766-17396/? I/AntiBanding: antiBandingLoadConfig(), spt: 0, fs: 1000, size: 256, [agv, depth, moca] = [5, 5, 0]
2019-10-07 11:28:43.398 766-17396/? I/IspEnhncAlgosMgr: g_ispenhance_algos name=AntiBanding is loaded.
2019-10-07 11:28:43.398 766-17396/? I/AntiBanding: antiBandingIamgeProcess(): ByPassCheck is True, algorithm returned !
2019-10-07 11:28:43.399 766-17397/? I/DLibLoader: [3c6ca2b_64I] enter loadFun(), funName=createMotionDetect
2019-10-07 11:28:43.399 766-17397/? I/DLibLoader: [3c6ca2b_64I] enter loadFun(), funName=destroyMotionDetect
2019-10-07 11:28:43.399 766-17397/? I/DLibLoader: [3c6ca2b_64I] enter loadFun(), funName=processMotionDetect
2019-10-07 11:28:43.399 766-17397/? I/DLibLoader: [3c6ca2b_64I] enter loadFun(), funName=startMotionDetect
2019-10-07 11:28:43.399 766-17397/? I/DLibLoader: [3c6ca2b_64I] enter loadFun(), funName=stopMotionDetect
2019-10-07 11:28:43.399 766-17397/? I/DLibLoader: [3c6ca2b_64I] CAMERA3_exit loadSo(). successful.
2019-10-07 11:28:43.400 766-17397/? E/MotionDetect: get mfFilterDisable fail!
2019-10-07 11:28:43.401 766-17390/? D/FNFaceDetect: [3c6ca2b_64D] enter onStart()
2019-10-07 11:28:43.402 766-17395/? D/AFDepthTrans: [3c6ca2b_64D] enter loadFuns()
2019-10-07 11:28:43.402 766-17395/? I/DLibLoader: [3c6ca2b_64I] enter loadFun(), funName=AFConvertDepthToCode
2019-10-07 11:28:43.402 766-17395/? I/DLibLoader: [3c6ca2b_64I] enter loadFun(), funName=AFConvertCodeToDepth
2019-10-07 11:28:43.402 766-17391/? I/DLibLoader: [3c6ca2b_64I] enter loadFun(), funName=mrc_cv_sceneDetectionFrontCamera
2019-10-07 11:28:43.402 766-17391/? I/DLibLoader: [3c6ca2b_64I] enter loadFun(), funName=mrc_cv_SDInit
2019-10-07 11:28:43.402 766-17391/? I/DLibLoader: [3c6ca2b_64I] enter loadFun(), funName=mrc_cv_SDUnInit
2019-10-07 11:28:43.402 766-17395/? D/AFDepthTrans: [3c6ca2b_64D] exit loadFuns() successful
2019-10-07 11:28:43.402 766-17395/? I/DLibLoader: [3c6ca2b_64I] CAMERA3_exit loadSo(). successful.
2019-10-07 11:28:43.403 766-17391/? I/DLibLoader: [3c6ca2b_64I] enter loadFun(), funName=mrc_cv_SDStart
2019-10-07 11:28:43.403 766-17391/? I/DLibLoader: [3c6ca2b_64I] enter loadFun(), funName=mrc_cv_SDStop
2019-10-07 11:28:43.403 766-17391/? I/DLibLoader: [3c6ca2b_64I] enter loadFun(), funName=mrc_cv_SDProcess
2019-10-07 11:28:43.403 766-17391/? I/DLibLoader: [3c6ca2b_64I] enter loadFun(), funName=mrc_cv_MotionDetection
2019-10-07 11:28:43.403 766-17391/? I/DLibLoader: [3c6ca2b_64I] enter loadFun(), funName=mrc_cv_IndoorDetection
2019-10-07 11:28:43.403 766-17391/? I/DLibLoader: [3c6ca2b_64I] enter loadFun(), funName=mrc_cv_NightDetection
2019-10-07 11:28:43.403 766-17391/? I/DLibLoader: [3c6ca2b_64I] enter loadFun(), funName=mrc_cv_DepthDetection
2019-10-07 11:28:43.403 766-17391/? I/DLibLoader: [3c6ca2b_64I] enter loadFun(), funName=mrc_cv_AbnormalDetection
2019-10-07 11:28:43.403 766-17391/? I/DLibLoader: [3c6ca2b_64I] enter loadFun(), funName=mrc_cv_BacklightDetection
2019-10-07 11:28:43.403 766-17391/? I/DLibLoader: [3c6ca2b_64I] enter loadFun(), funName=mrc_cv_HDRDetection
2019-10-07 11:28:43.404 766-17391/? I/DLibLoader: [3c6ca2b_64I] enter loadFun(), funName=mrc_cv_MultiDenoiseDetection
2019-10-07 11:28:43.404 766-17391/? I/DLibLoader: [3c6ca2b_64I] enter loadFun(), funName=mrc_cv_DownsampleImage
2019-10-07 11:28:43.404 766-17391/? I/DLibLoader: [3c6ca2b_64I] enter loadFun(), funName=mrc_cv_DownsampleImageOnlyY
2019-10-07 11:28:43.404 766-17391/? I/DLibLoader: [3c6ca2b_64I] enter loadFun(), funName=mrc_cv_FlashHDRDetection
2019-10-07 11:28:43.404 766-17391/? I/DLibLoader: [3c6ca2b_64I] enter loadFun(), funName=mrc_cv_SaliencyDetection
2019-10-07 11:28:43.404 766-17391/? I/DLibLoader: [3c6ca2b_64I] enter loadFun(), funName=mrc_cv_CameraStatusDetection
2019-10-07 11:28:43.404 766-17391/? I/DLibLoader: [3c6ca2b_64I] enter loadFun(), funName=mrc_cv_SceneStatusDetection
2019-10-07 11:28:43.404 766-17391/? I/DLibLoader: [3c6ca2b_64I] enter loadFun(), funName=mrc_cv_ColorSaturationDetectionTOA
2019-10-07 11:28:43.404 766-17391/? I/DLibLoader: [3c6ca2b_64I] enter loadFun(), funName=mrc_cv_FOVCalculation
2019-10-07 11:28:43.404 766-17391/? I/DLibLoader: [3c6ca2b_64I] enter loadFun(), funName=mrc_cv_ZoomSceneDetection
2019-10-07 11:28:43.404 766-17391/? I/SceneDetectionLibLoader: [3c6ca2b_64I] exit loadFuns(). successful
2019-10-07 11:28:43.404 766-17391/? I/DLibLoader: [3c6ca2b_64I] CAMERA3_exit loadSo(). successful.
2019-10-07 11:28:43.405 766-17396/? I/AntiBanding: antiBandingIamgeProcess(): ByPassCheck is True, algorithm returned !
2019-10-07 11:28:43.405 766-17393/? D/Misc____: [3c6ca2b_64D] onProcessFrame(666), afDistance(0.000000)
2019-10-07 11:28:43.405 611-611/? I/mediacomm@2.1-service: getMdcClient:114: get client<Camera, 15, 766>, channel<4, 1>, perfLev=1, powerStatue=0.
2019-10-07 11:28:43.405 611-611/? I/mediacomm@2.1-service: request:417: before client<Camera, 15, 766> request perfLev(0x1).
2019-10-07 11:28:43.405 611-611/? I/mediacomm@2.1-service: getMdcVotePerfLev:179: Connected Mdc client<Camera, 15, 766> channel<4, 1> perfLev<1>
2019-10-07 11:28:43.405 611-611/? I/mediacomm@2.1-service: request:421: after client<Camera, 15, 766> request perfLev(0x1).
2019-10-07 11:28:43.405 766-17393/? I/Misc____: [3c6ca2b_64I] disableLaserInCapture = 0, Status = 0, RangeStatus = 1, Result = 547
2019-10-07 11:28:43.406 782-10325/? I/hcs: IPUMngr_GetInputOutputTensorDimension Get model's input/output tensor dimension success.
2019-10-07 11:28:43.406 782-10325/? I/hcs: IPUMngr_CreateTensor Creat tensor success.
2019-10-07 11:28:43.406 782-10325/? I/hcs: IPUMngr_SetDoubleAddr Set double addr success.
2019-10-07 11:28:43.406 782-10325/? I/hcs: IPUMngr_LoadModel Load model success.
2019-10-07 11:28:43.406 782-10325/? W/hcs: IPUTaskScheduler::GetCPUTask CPU task queue is empty!
2019-10-07 11:28:43.406 782-10325/? I/hcs: IPUTaskScheduler::CPUTaskHandler CPU task queue is empty, so we wait here for task.
2019-10-07 11:28:43.406 782-782/? I/hcs: IPUExecutor::LoadmodelFromFile Load model from file success.
2019-10-07 11:28:43.406 766-17391/? I/Tornado: scene detection algorithm Initialization. Version 4.30.
2019-10-07 11:28:43.406 782-782/? I/hcs: IPUExecutor::GetInputOutputDimSize Get model input/output shape success!
2019-10-07 11:28:43.406 766-17391/? I/Tornado: iniFilePath from sensor:/odm/etc/camera/tornado/imx380/TornadoI.ini
2019-10-07 11:28:43.406 782-782/? I/hcs: IPUExecutor::GetInputOutputDimSize Get model input/output shape success!
2019-10-07 11:28:43.406 766-17398/? I/cie: CIE::onInit::SceneRecognition onInit success,TimeCost: 13(ms)
2019-10-07 11:28:43.406 766-17398/? I/cie: CIE::onInit::FoodRecognition algo is disabled, init bypass
2019-10-07 11:28:43.406 766-17398/? I/cie: CIE::onInit::HiTracking algo is disabled, init bypass
2019-10-07 11:28:43.406 766-17398/? I/cie: CIE::onInit::FaceStoryAlgo algo is disabled, init bypass
2019-10-07 11:28:43.406 766-17398/? I/CIEProxy: CIEProxy::doStart TimeCost: 28(ms)
2019-10-07 11:28:43.406 766-17398/? D/CIEProxy: Leave CIEProxy::onStart
2019-10-07 11:28:43.406 766-17398/? I/EnvImpl: [HWA_CAM3]getArCalorieMode mArCalorieMode 0
2019-10-07 11:28:43.406 766-17398/? I/CIEProxy: CIEProxyLibLoaderMgr::getFunction::find CIEProcess in lib /vendor/lib64/libcie.so successfully.
2019-10-07 11:28:43.406 766-17398/? I/cie: FaceStoryAlgo::isCurFrameRun isCurFrameRun. Process mode 0.
2019-10-07 11:28:43.409 17184-17337/? W/native: freak_compact_dataset_recorder.cc:96 Failed to create pose node: generic::failed_precondition: VIO is not tracking.
2019-10-07 11:28:43.409 17184-17353/? W/native: gyro_helper.cc:44 Gyro samples do not cover << [ 0 ; 6352.28701100000035 ] sec. Use identity R. Gyro samples cover [ 6352.27082135199998 ; 6352.33306744600031 ] sec.
2019-10-07 11:28:43.410 17184-17354/? I/native: vio_initializer.cc:693 Not accepting frame as first BA keyframe.
2019-10-07 11:28:43.411 611-611/? I/mediacomm@2.1-service: getMdcClient:114: get client<Camera, 15, 766>, channel<4, 1>, perfLev=1, powerStatue=0.
2019-10-07 11:28:43.411 611-611/? I/mediacomm@2.1-service: getMdcVotePerfLev:179: Connected Mdc client<Camera, 15, 766> channel<4, 1> perfLev<1>
2019-10-07 11:28:43.413 611-611/? I/mediacomm@2.1-service: doCopybit:495: client<Camera, 0> ret = 766 finish copybit -.
2019-10-07 11:28:43.414 766-17400/? I/GRALLOC: LockFlexLayout: baseFormat: 11, yStride: 640, ySize: 307200, uOffset: 307200,  uStride: 640
2019-10-07 11:28:43.414 766-17400/? I/GRALLOC: LockFlexLayout: baseFormat: 11, yStride: 640, ySize: 307200, uOffset: 307200,  uStride: 640
2019-10-07 11:28:43.414 766-17392/? D/IppAlgoDM: [3c6ca2b_64D] enter onStart()
2019-10-07 11:28:43.414 749-17375/? I/Camera3-Stream: getBuffer: Stream 0, 0xee35d280: Already dequeued max output buffers (7), wait for next returned one.
2019-10-07 11:28:43.415 17184-17366/? I/GRALLOC: LockFlexLayout: baseFormat: 11, yStride: 640, ySize: 307200, uOffset: 307200,  uStride: 640
2019-10-07 11:28:43.416 599-2170/? I/GRALLOC: getCallingPid=17184, shrFd=32,fmt=0x11,intFmt=0x11,btStrd=640,size=462848,pid=599
    	 yuv=2,w=640,h=480,Stride u=640 v=640,offset u=307200 v=307200
    	 iova_size=462848,conUsg=0xc00000040020006,proUsg=0xc00000040020006,	 strd=640,[afbc]HdrStrd=0 PyldStrd=0 Scrmbl=0,ionhnd = 1
2019-10-07 11:28:43.417 766-17391/? I/Tornado: sdinit success.
2019-10-07 11:28:43.417 766-17391/? I/SceneDetectionAlgo: enableAISD: 0
2019-10-07 11:28:43.417 766-17391/? I/SceneDetectionAlgoProxy: [3c6ca2b_64I] SceneDetectionAlgoProxy [SceneDetectionAlgoProxy] construction defaultPath=/vendor/etc/camera/tornado/default/TornadoI.ini
2019-10-07 11:28:43.417 766-17391/? D/SceneDetection: [3c6ca2b_64D] enter onStart(), mSensorPosition=0
2019-10-07 11:28:43.417 766-17391/? I/DeviceBaseImpl: [HWA_CAM3] getSensorModuleSpec() getSensorModuleSpec cameraID: 2
2019-10-07 11:28:43.419 766-1294/? D/EnvImpl: [HWA_CAM3]getPackageName :  com.virobugs
2019-10-07 11:28:43.419 766-1294/? I/HwaUtils: [3c6ca2b_64I] getProductExtendName() path=EMILY
2019-10-07 11:28:43.419 766-17391/? I/Tornado: mrc_cv_HDRDetection:enter tornado HDRDetection.
2019-10-07 11:28:43.419 766-1294/? I/HwaUtils: [3c6ca2b_64I] getOneCfgFile() path=NULL
2019-10-07 11:28:43.419 766-1294/? I/HwaDMapIpp: [3c6ca2b_64I] checkNeedSwapCalibrationData() ConfigFile NULL
2019-10-07 11:28:43.419 766-1294/? D/Misc____: [3c6ca2b_64D] enter loadRequest
2019-10-07 11:28:43.419 766-1294/? D/EnvImpl: [HWA_CAM3]getPackageName :  com.virobugs
2019-10-07 11:28:43.419 766-17391/? I/Tornado: mrc_cv_HDRDetection: updating every frame histogram, isHDR=0, conf=100
2019-10-07 11:28:43.419 766-1294/? D/IppAlgoFilter: [HWA_CAM3]loadPreviewRequest() REQUEST_DMAP_SWAP, status:0
2019-10-07 11:28:43.419 766-17391/? I/Tornado: quit mrc_cv_HDRDetection: res,conf,low,low_ex,high,high_ex,back_low,back_high,sim[0,100,0.0352,0.0512,0.0119,0.0010,0.4310,0.0158,0.6206].
2019-10-07 11:28:43.419 766-1294/? D/EnvImpl: [HWA_CAM3]getPackageName :  com.virobugs
2019-10-07 11:28:43.419 766-1294/? I/chatty: uid=1013(media) pl#2 identical 1 line
2019-10-07 11:28:43.419 766-1294/? D/EnvImpl: [HWA_CAM3]getPackageName :  com.virobugs
2019-10-07 11:28:43.419 766-17391/? I/DeviceBaseImpl: [HWA_CAM3]getRemosaicPostProcMode remosaicPostProcMode = 0
2019-10-07 11:28:43.419 766-17391/? D/HwaPPStrategy: [3c6ca2b_64D] KEY_CA_ALGO SNAP indentify fore Ground front: type: 1(normal), mode: 1(single)
2019-10-07 11:28:43.419 766-17391/? E/HwaUtils: [3c6ca2b_64E] getConfigPath Can't Open config pathResult file!use default pathResult: /odm/etc/camera/fullsize_binning_config/device.config
2019-10-07 11:28:43.419 766-17391/? E/HwaUtils: [3c6ca2b_64E] FirstLevelXmlParser() LoadFile /odm/etc/camera/fullsize_binning_change.xml Failed
2019-10-07 11:28:43.419 766-17391/? E/HwaUtils: [3c6ca2b_64E] getAttributeValue() mFirstLevelElement Is NULL
2019-10-07 11:28:43.419 766-17391/? I/chatty: uid=1013(media) SceneDetection identical 4 lines
2019-10-07 11:28:43.419 766-17391/? E/HwaUtils: [3c6ca2b_64E] getAttributeValue() mFirstLevelElement Is NULL
2019-10-07 11:28:43.419 766-17391/? I/DeviceBaseImpl: [HWA_CAM3]getRemosaicPostProcMode remosaicPostProcMode = 0
2019-10-07 11:28:43.420 766-17391/? D/HwaPPStrategy: [3c6ca2b_64D] KEY_CA_ALGO SNAP indentify fore Ground front: type: 1(normal), mode: 1(single)
2019-10-07 11:28:43.426 766-17390/? I/HwaStatInfo: [3c6ca2b_64I] algotype is 0, videoRatio is 1.000000, ratio is 1.875000, faceNum is 0
2019-10-07 11:28:43.436 609-1214/? D/asd_primary_out: L[0],R[0], continus 20 times!
2019-10-07 11:28:43.445 766-17398/? I/EnvImpl: [HWA_CAM3]getArCalorieMode mArCalorieMode 0
2019-10-07 11:28:43.445 766-17393/? D/Misc____: [3c6ca2b_64D] onProcessFrame(666), afDistance(0.000000)
2019-10-07 11:28:43.445 766-17396/? I/AntiBanding: antiBandingIamgeProcess(): ByPassCheck is True, algorithm returned !
2019-10-07 11:28:43.445 766-17398/? I/cie: FaceStoryAlgo::isCurFrameRun isCurFrameRun. Process mode 0.
2019-10-07 11:28:43.448 611-611/? I/mediacomm@2.1-service: getMdcClient:114: get client<Camera, 15, 766>, channel<4, 1>, perfLev=1, powerStatue=0.
2019-10-07 11:28:43.448 611-611/? I/mediacomm@2.1-service: getMdcVotePerfLev:179: Connected Mdc client<Camera, 15, 766> channel<4, 1> perfLev<1>
2019-10-07 11:28:43.451 611-611/? I/mediacomm@2.1-service: doCopybit:495: client<Camera, 0> ret = 766 finish copybit -.
2019-10-07 11:28:43.451 766-17400/? I/GRALLOC: LockFlexLayout: baseFormat: 11, yStride: 640, ySize: 307200, uOffset: 307200,  uStride: 640
2019-10-07 11:28:43.451 766-17400/? I/GRALLOC: LockFlexLayout: baseFormat: 11, yStride: 640, ySize: 307200, uOffset: 307200,  uStride: 640
2019-10-07 11:28:43.452 17184-17366/? I/GRALLOC: LockFlexLayout: baseFormat: 11, yStride: 640, ySize: 307200, uOffset: 307200,  uStride: 640
2019-10-07 11:28:43.452 599-2170/? I/GRALLOC: getCallingPid=17184, shrFd=32,fmt=0x11,intFmt=0x11,btStrd=640,size=462848,pid=599
    	 yuv=2,w=640,h=480,Stride u=640 v=640,offset u=307200 v=307200
    	 iova_size=462848,conUsg=0xc00000040020006,proUsg=0xc00000040020006,	 strd=640,[afbc]HdrStrd=0 PyldStrd=0 Scrmbl=0,ionhnd = 1
2019-10-07 11:28:43.455 766-1294/? D/EnvImpl: [HWA_CAM3]getPackageName :  com.virobugs
2019-10-07 11:28:43.455 766-1294/? I/HwaUtils: [3c6ca2b_64I] getProductExtendName() path=EMILY
2019-10-07 11:28:43.455 766-1294/? I/HwaUtils: [3c6ca2b_64I] getOneCfgFile() path=NULL
2019-10-07 11:28:43.455 766-1294/? I/HwaDMapIpp: [3c6ca2b_64I] checkNeedSwapCalibrationData() ConfigFile NULL
2019-10-07 11:28:43.455 766-1294/? D/Misc____: [3c6ca2b_64D] enter loadRequest
2019-10-07 11:28:43.455 766-1294/? D/EnvImpl: [HWA_CAM3]getPackageName :  com.virobugs
2019-10-07 11:28:43.455 766-1294/? D/IppAlgoFilter: [HWA_CAM3]loadPreviewRequest() REQUEST_DMAP_SWAP, status:0
2019-10-07 11:28:43.455 766-1294/? D/EnvImpl: [HWA_CAM3]getPackageName :  com.virobugs
2019-10-07 11:28:43.455 766-1294/? I/chatty: uid=1013(media) pl#2 identical 1 line
2019-10-07 11:28:43.455 766-1294/? D/EnvImpl: [HWA_CAM3]getPackageName :  com.virobugs
2019-10-07 11:28:43.459 766-17390/? I/HwaStatInfo: [3c6ca2b_64I] algotype is 0, videoRatio is 1.000000, ratio is 1.875000, faceNum is 0
2019-10-07 11:28:43.479 766-17396/? I/AntiBanding: antiBandingIamgeProcess(): ByPassCheck is True, algorithm returned !
2019-10-07 11:28:43.480 766-17398/? I/EnvImpl: [HWA_CAM3]getArCalorieMode mArCalorieMode 0
2019-10-07 11:28:43.480 766-17398/? I/cie: FaceStoryAlgo::isCurFrameRun isCurFrameRun. Process mode 0.
2019-10-07 11:28:43.480 766-17393/? D/Misc____: [3c6ca2b_64D] onProcessFrame(666), afDistance(0.000000)
2019-10-07 11:28:43.481 611-611/? I/mediacomm@2.1-service: getMdcClient:114: get client<Camera, 15, 766>, channel<4, 1>, perfLev=1, powerStatue=0.
2019-10-07 11:28:43.482 611-611/? I/mediacomm@2.1-service: getMdcVotePerfLev:179: Connected Mdc client<Camera, 15, 766> channel<4, 1> perfLev<1>
2019-10-07 11:28:43.483 611-611/? I/mediacomm@2.1-service: doCopybit:495: client<Camera, 0> ret = 766 finish copybit -.
2019-10-07 11:28:43.484 766-17400/? I/GRALLOC: LockFlexLayout: baseFormat: 11, yStride: 640, ySize: 307200, uOffset: 307200,  uStride: 640
2019-10-07 11:28:43.484 766-17400/? I/GRALLOC: LockFlexLayout: baseFormat: 11, yStride: 640, ySize: 307200, uOffset: 307200,  uStride: 640
2019-10-07 11:28:43.484 749-17375/? I/Camera3-Stream: getBuffer: Stream 0, 0xee35d280: Already dequeued max output buffers (7), wait for next returned one.
2019-10-07 11:28:43.484 17184-17366/? I/GRALLOC: LockFlexLayout: baseFormat: 11, yStride: 640, ySize: 307200, uOffset: 307200,  uStride: 640
2019-10-07 11:28:43.485 599-2170/? I/GRALLOC: getCallingPid=17184, shrFd=32,fmt=0x11,intFmt=0x11,btStrd=640,size=462848,pid=599
    	 yuv=2,w=640,h=480,Stride u=640 v=640,offset u=307200 v=307200
    	 iova_size=462848,conUsg=0xc00000040020006,proUsg=0xc00000040020006,	 strd=640,[afbc]HdrStrd=0 PyldStrd=0 Scrmbl=0,ionhnd = 1
2019-10-07 11:28:43.488 766-1294/? D/EnvImpl: [HWA_CAM3]getPackageName :  com.virobugs
2019-10-07 11:28:43.488 766-1294/? I/HwaUtils: [3c6ca2b_64I] getProductExtendName() path=EMILY
2019-10-07 11:28:43.488 766-1294/? I/HwaUtils: [3c6ca2b_64I] getOneCfgFile() path=NULL
2019-10-07 11:28:43.488 766-1294/? I/HwaDMapIpp: [3c6ca2b_64I] checkNeedSwapCalibrationData() ConfigFile NULL
2019-10-07 11:28:43.488 766-1294/? D/Misc____: [3c6ca2b_64D] enter loadRequest
2019-10-07 11:28:43.488 766-1294/? D/EnvImpl: [HWA_CAM3]getPackageName :  com.virobugs
2019-10-07 11:28:43.488 766-1294/? D/IppAlgoFilter: [HWA_CAM3]loadPreviewRequest() REQUEST_DMAP_SWAP, status:0
2019-10-07 11:28:43.488 766-1294/? D/EnvImpl: [HWA_CAM3]getPackageName :  com.virobugs
2019-10-07 11:28:43.488 766-1294/? I/chatty: uid=1013(media) pl#2 identical 1 line
2019-10-07 11:28:43.488 766-1294/? D/EnvImpl: [HWA_CAM3]getPackageName :  com.virobugs
2019-10-07 11:28:43.493 766-17390/? I/HwaStatInfo: [3c6ca2b_64I] algotype is 0, videoRatio is 1.000000, ratio is 1.875000, faceNum is 0
2019-10-07 11:28:43.500 17184-17337/? W/native: freak_compact_dataset_recorder.cc:96 Failed to create pose node: generic::failed_precondition: VIO is not tracking.
2019-10-07 11:28:43.506 17184-17354/? I/native: vio_initializer.cc:693 Not accepting frame as first BA keyframe.
2019-10-07 11:28:43.512 766-17396/? I/AntiBanding: antiBandingIamgeProcess(): ByPassCheck is True, algorithm returned !
2019-10-07 11:28:43.512 766-17398/? I/EnvImpl: [HWA_CAM3]getArCalorieMode mArCalorieMode 0
2019-10-07 11:28:43.512 766-17398/? I/cie: FaceStoryAlgo::isCurFrameRun isCurFrameRun. Process mode 0.
2019-10-07 11:28:43.512 766-17393/? D/Misc____: [3c6ca2b_64D] onProcessFrame(666), afDistance(0.000000)
2019-10-07 11:28:43.515 611-611/? I/mediacomm@2.1-service: getMdcClient:114: get client<Camera, 15, 766>, channel<4, 1>, perfLev=1, powerStatue=0.
2019-10-07 11:28:43.515 611-611/? I/mediacomm@2.1-service: getMdcVotePerfLev:179: Connected Mdc client<Camera, 15, 766> channel<4, 1> perfLev<1>
2019-10-07 11:28:43.517 611-611/? I/mediacomm@2.1-service: doCopybit:495: client<Camera, 0> ret = 766 finish copybit -.
2019-10-07 11:28:43.517 766-17400/? I/GRALLOC: LockFlexLayout: baseFormat: 11, yStride: 640, ySize: 307200, uOffset: 307200,  uStride: 640
2019-10-07 11:28:43.518 766-17400/? I/GRALLOC: LockFlexLayout: baseFormat: 11, yStride: 640, ySize: 307200, uOffset: 307200,  uStride: 640
2019-10-07 11:28:43.518 749-17375/? I/Camera3-Stream: getBuffer: Stream 0, 0xee35d280: Already dequeued max output buffers (7), wait for next returned one.
2019-10-07 11:28:43.518 17184-17366/? I/GRALLOC: LockFlexLayout: baseFormat: 11, yStride: 640, ySize: 307200, uOffset: 307200,  uStride: 640
2019-10-07 11:28:43.518 599-2170/? I/GRALLOC: getCallingPid=17184, shrFd=32,fmt=0x11,intFmt=0x11,btStrd=640,size=462848,pid=599
    	 yuv=2,w=640,h=480,Stride u=640 v=640,offset u=307200 v=307200
    	 iova_size=462848,conUsg=0xc00000040020006,proUsg=0xc00000040020006,	 strd=640,[afbc]HdrStrd=0 PyldStrd=0 Scrmbl=0,ionhnd = 1
2019-10-07 11:28:43.520 766-1294/? D/EnvImpl: [HWA_CAM3]getPackageName :  com.virobugs
2019-10-07 11:28:43.520 766-1294/? I/HwaUtils: [3c6ca2b_64I] getProductExtendName() path=EMILY
2019-10-07 11:28:43.520 766-1294/? I/HwaUtils: [3c6ca2b_64I] getOneCfgFile() path=NULL
2019-10-07 11:28:43.520 766-1294/? I/HwaDMapIpp: [3c6ca2b_64I] checkNeedSwapCalibrationData() ConfigFile NULL
2019-10-07 11:28:43.520 766-1294/? D/Misc____: [3c6ca2b_64D] enter loadRequest
2019-10-07 11:28:43.520 766-1294/? D/EnvImpl: [HWA_CAM3]getPackageName :  com.virobugs
2019-10-07 11:28:43.520 766-1294/? D/IppAlgoFilter: [HWA_CAM3]loadPreviewRequest() REQUEST_DMAP_SWAP, status:0
2019-10-07 11:28:43.520 766-1294/? D/EnvImpl: [HWA_CAM3]getPackageName :  com.virobugs
2019-10-07 11:28:43.520 766-1294/? I/chatty: uid=1013(media) pl#2 identical 1 line
2019-10-07 11:28:43.520 766-1294/? D/EnvImpl: [HWA_CAM3]getPackageName :  com.virobugs
2019-10-07 11:28:43.527 766-17390/? I/HwaStatInfo: [3c6ca2b_64I] algotype is 0, videoRatio is 1.000000, ratio is 1.875000, faceNum is 0
2019-10-07 11:28:43.546 766-17396/? I/AntiBanding: antiBandingIamgeProcess(): ByPassCheck is True, algorithm returned !
2019-10-07 11:28:43.546 766-17398/? I/EnvImpl: [HWA_CAM3]getArCalorieMode mArCalorieMode 0
2019-10-07 11:28:43.546 766-17393/? D/Misc____: [3c6ca2b_64D] onProcessFrame(666), afDistance(0.000000)
2019-10-07 11:28:43.546 766-17398/? I/cie: FaceStoryAlgo::isCurFrameRun isCurFrameRun. Process mode 0.
2019-10-07 11:28:43.549 611-611/? I/mediacomm@2.1-service: getMdcClient:114: get client<Camera, 15, 766>, channel<4, 1>, perfLev=1, powerStatue=0.
2019-10-07 11:28:43.549 611-611/? I/mediacomm@2.1-service: getMdcVotePerfLev:179: Connected Mdc client<Camera, 15, 766> channel<4, 1> perfLev<1>
2019-10-07 11:28:43.551 611-611/? I/mediacomm@2.1-service: doCopybit:495: client<Camera, 0> ret = 766 finish copybit -.
2019-10-07 11:28:43.551 766-17400/? I/GRALLOC: LockFlexLayout: baseFormat: 11, yStride: 640, ySize: 307200, uOffset: 307200,  uStride: 640
2019-10-07 11:28:43.551 766-17400/? I/GRALLOC: LockFlexLayout: baseFormat: 11, yStride: 640, ySize: 307200, uOffset: 307200,  uStride: 640
2019-10-07 11:28:43.552 749-17375/? I/Camera3-Stream: getBuffer: Stream 0, 0xee35d280: Already dequeued max output buffers (7), wait for next returned one.
2019-10-07 11:28:43.552 17184-17366/? I/GRALLOC: LockFlexLayout: baseFormat: 11, yStride: 640, ySize: 307200, uOffset: 307200,  uStride: 640
2019-10-07 11:28:43.552 599-2170/? I/GRALLOC: getCallingPid=17184, shrFd=32,fmt=0x11,intFmt=0x11,btStrd=640,size=462848,pid=599
    	 yuv=2,w=640,h=480,Stride u=640 v=640,offset u=307200 v=307200
    	 iova_size=462848,conUsg=0xc00000040020006,proUsg=0xc00000040020006,	 strd=640,[afbc]HdrStrd=0 PyldStrd=0 Scrmbl=0,ionhnd = 1
2019-10-07 11:28:43.554 766-1294/? D/EnvImpl: [HWA_CAM3]getPackageName :  com.virobugs
2019-10-07 11:28:43.554 766-1294/? I/HwaUtils: [3c6ca2b_64I] getProductExtendName() path=EMILY
2019-10-07 11:28:43.555 766-1294/? I/HwaUtils: [3c6ca2b_64I] getOneCfgFile() path=NULL
2019-10-07 11:28:43.555 766-1294/? I/HwaDMapIpp: [3c6ca2b_64I] checkNeedSwapCalibrationData() ConfigFile NULL
2019-10-07 11:28:43.555 766-1294/? D/Misc____: [3c6ca2b_64D] enter loadRequest
2019-10-07 11:28:43.555 766-1294/? D/EnvImpl: [HWA_CAM3]getPackageName :  com.virobugs
2019-10-07 11:28:43.555 766-1294/? D/IppAlgoFilter: [HWA_CAM3]loadPreviewRequest() REQUEST_DMAP_SWAP, status:0
2019-10-07 11:28:43.555 766-1294/? D/EnvImpl: [HWA_CAM3]getPackageName :  com.virobugs
2019-10-07 11:28:43.555 766-1294/? I/chatty: uid=1013(media) pl#2 identical 1 line
2019-10-07 11:28:43.555 766-1294/? D/EnvImpl: [HWA_CAM3]getPackageName :  com.virobugs
2019-10-07 11:28:43.558 766-17390/? I/HwaStatInfo: [3c6ca2b_64I] algotype is 0, videoRatio is 1.000000, ratio is 1.875000, faceNum is 0
2019-10-07 11:28:43.579 766-17393/? D/Misc____: [3c6ca2b_64D] onProcessFrame(666), afDistance(0.000000)
2019-10-07 11:28:43.579 766-17396/? I/AntiBanding: antiBandingIamgeProcess(): ByPassCheck is True, algorithm returned !
2019-10-07 11:28:43.579 766-17398/? I/EnvImpl: [HWA_CAM3]getArCalorieMode mArCalorieMode 0
2019-10-07 11:28:43.579 766-17398/? I/cie: FaceStoryAlgo::isCurFrameRun isCurFrameRun. Process mode 0.
2019-10-07 11:28:43.582 611-611/? I/mediacomm@2.1-service: getMdcClient:114: get client<Camera, 15, 766>, channel<4, 1>, perfLev=1, powerStatue=0.
2019-10-07 11:28:43.582 611-611/? I/mediacomm@2.1-service: getMdcVotePerfLev:179: Connected Mdc client<Camera, 15, 766> channel<4, 1> perfLev<1>
2019-10-07 11:28:43.584 611-611/? I/mediacomm@2.1-service: doCopybit:495: client<Camera, 0> ret = 766 finish copybit -.
2019-10-07 11:28:43.584 766-17400/? I/GRALLOC: LockFlexLayout: baseFormat: 11, yStride: 640, ySize: 307200, uOffset: 307200,  uStride: 640
2019-10-07 11:28:43.584 766-17400/? I/GRALLOC: LockFlexLayout: baseFormat: 11, yStride: 640, ySize: 307200, uOffset: 307200,  uStride: 640
2019-10-07 11:28:43.585 749-17375/? I/Camera3-Stream: getBuffer: Stream 0, 0xee35d280: Already dequeued max output buffers (7), wait for next returned one.
2019-10-07 11:28:43.585 17184-17366/? I/GRALLOC: LockFlexLayout: baseFormat: 11, yStride: 640, ySize: 307200, uOffset: 307200,  uStride: 640
2019-10-07 11:28:43.586 599-2170/? I/GRALLOC: getCallingPid=17184, shrFd=32,fmt=0x11,intFmt=0x11,btStrd=640,size=462848,pid=599
    	 yuv=2,w=640,h=480,Stride u=640 v=640,offset u=307200 v=307200
    	 iova_size=462848,conUsg=0xc00000040020006,proUsg=0xc00000040020006,	 strd=640,[afbc]HdrStrd=0 PyldStrd=0 Scrmbl=0,ionhnd = 1
2019-10-07 11:28:43.589 766-1294/? D/EnvImpl: [HWA_CAM3]getPackageName :  com.virobugs
2019-10-07 11:28:43.589 766-1294/? I/HwaUtils: [3c6ca2b_64I] getProductExtendName() path=EMILY
2019-10-07 11:28:43.589 766-1294/? I/HwaUtils: [3c6ca2b_64I] getOneCfgFile() path=NULL
2019-10-07 11:28:43.589 766-1294/? I/HwaDMapIpp: [3c6ca2b_64I] checkNeedSwapCalibrationData() ConfigFile NULL
2019-10-07 11:28:43.589 766-1294/? D/Misc____: [3c6ca2b_64D] enter loadRequest
2019-10-07 11:28:43.589 766-1294/? D/EnvImpl: [HWA_CAM3]getPackageName :  com.virobugs
2019-10-07 11:28:43.589 766-1294/? D/IppAlgoFilter: [HWA_CAM3]loadPreviewRequest() REQUEST_DMAP_SWAP, status:0
2019-10-07 11:28:43.589 766-1294/? D/EnvImpl: [HWA_CAM3]getPackageName :  com.virobugs
2019-10-07 11:28:43.589 766-1294/? I/chatty: uid=1013(media) pl#2 identical 1 line
2019-10-07 11:28:43.589 766-1294/? D/EnvImpl: [HWA_CAM3]getPackageName :  com.virobugs
2019-10-07 11:28:43.593 766-17390/? I/HwaStatInfo: [3c6ca2b_64I] algotype is 0, videoRatio is 1.000000, ratio is 1.875000, faceNum is 0
2019-10-07 11:28:43.599 17184-17337/? W/native: freak_compact_dataset_recorder.cc:96 Failed to create pose node: generic::failed_precondition: VIO is not tracking.
2019-10-07 11:28:43.603 17184-17354/? I/native: vio_initializer.cc:693 Not accepting frame as first BA keyframe.
2019-10-07 11:28:43.613 766-17393/? D/Misc____: [3c6ca2b_64D] onProcessFrame(666), afDistance(0.000000)
2019-10-07 11:28:43.613 766-17398/? I/EnvImpl: [HWA_CAM3]getArCalorieMode mArCalorieMode 0
2019-10-07 11:28:43.613 766-17393/? D/Misc____: [3c6ca2b_64D] onProcessFrame(666), afDistance(0.000000)
2019-10-07 11:28:43.613 766-17398/? I/cie: FaceStoryAlgo::isCurFrameRun isCurFrameRun. Process mode 0.
2019-10-07 11:28:43.613 766-17396/? I/AntiBanding: antiBandingIamgeProcess(): ByPassCheck is True, algorithm returned !
2019-10-07 11:28:43.615 611-611/? I/mediacomm@2.1-service: getMdcClient:114: get client<Camera, 15, 766>, channel<4, 1>, perfLev=1, powerStatue=0.
2019-10-07 11:28:43.615 611-611/? I/mediacomm@2.1-service: getMdcVotePerfLev:179: Connected Mdc client<Camera, 15, 766> channel<4, 1> perfLev<1>
2019-10-07 11:28:43.617 611-611/? I/mediacomm@2.1-service: doCopybit:495: client<Camera, 0> ret = 766 finish copybit -.
2019-10-07 11:28:43.617 766-17400/? I/GRALLOC: LockFlexLayout: baseFormat: 11, yStride: 640, ySize: 307200, uOffset: 307200,  uStride: 640
