2019-10-07 17:58:14.083 26614-29188/com.virobugs W/native: rolling_shutter_pose_integrator.cc:249 query after the last image line time
2019-10-07 17:58:14.084 26614-29188/com.virobugs I/chatty: uid=10314(com.virobugs) trck02 identical 45 lines
2019-10-07 17:58:14.084 26614-29188/com.virobugs W/native: rolling_shutter_pose_integrator.cc:249 query after the last image line time
2019-10-07 17:58:14.086 766-1294/? D/EnvImpl: [HWA_CAM3]getPackageName :  com.virobugs
2019-10-07 17:58:14.086 766-1294/? I/HwaUtils: [3c6ca2b_64I] getProductExtendName() path=EMILY
2019-10-07 17:58:14.086 766-1294/? I/HwaUtils: [3c6ca2b_64I] getOneCfgFile() path=NULL
2019-10-07 17:58:14.086 766-1294/? I/HwaDMapIpp: [3c6ca2b_64I] checkNeedSwapCalibrationData() ConfigFile NULL
2019-10-07 17:58:14.086 766-1294/? D/Misc____: [3c6ca2b_64D] enter loadRequest
2019-10-07 17:58:14.086 766-1294/? D/EnvImpl: [HWA_CAM3]getPackageName :  com.virobugs
2019-10-07 17:58:14.086 766-1294/? D/IppAlgoFilter: [HWA_CAM3]loadPreviewRequest() REQUEST_DMAP_SWAP, status:0
2019-10-07 17:58:14.086 766-1294/? D/EnvImpl: [HWA_CAM3]getPackageName :  com.virobugs
2019-10-07 17:58:14.087 766-1294/? I/chatty: uid=1013(media) pl#2 identical 1 line
2019-10-07 17:58:14.087 766-1294/? D/EnvImpl: [HWA_CAM3]getPackageName :  com.virobugs
2019-10-07 17:58:14.090 766-29297/? I/EnvImpl: [HWA_CAM3]getArCalorieMode mArCalorieMode 0
2019-10-07 17:58:14.092 766-29294/? I/LaserSelfCali: laserSelfCali, ambient light: 24576 ,mFrameNum:30,exp:20000,iso:354,RangeMilliMeter:424,RangeStatus:0,SignalRate:98304,onoff:1
2019-10-07 17:58:14.092 766-29292/? D/Misc____: [3c6ca2b_64D] onProcessFrame(666), afDistance(0.000000)
2019-10-07 17:58:14.090 766-29289/? I/HwaStatInfo: [3c6ca2b_64I] algotype is 0, videoRatio is 1.000000, ratio is 1.875000, faceNum is 0
2019-10-07 17:58:14.092 766-29297/? I/cie: FaceStoryAlgo::isCurFrameRun isCurFrameRun. Process mode 0.
2019-10-07 17:58:14.093 766-1294/? D/EnvImpl: [HWA_CAM3]getPackageName :  com.virobugs
2019-10-07 17:58:14.094 766-1294/? I/HwaUtils: [3c6ca2b_64I] getProductExtendName() path=EMILY
2019-10-07 17:58:14.094 766-1294/? I/HwaUtils: [3c6ca2b_64I] getOneCfgFile() path=NULL
2019-10-07 17:58:14.094 766-1294/? I/HwaDMapIpp: [3c6ca2b_64I] checkNeedSwapCalibrationData() ConfigFile NULL
2019-10-07 17:58:14.094 766-1294/? D/Misc____: [3c6ca2b_64D] enter loadRequest
2019-10-07 17:58:14.094 766-1294/? D/EnvImpl: [HWA_CAM3]getPackageName :  com.virobugs
2019-10-07 17:58:14.094 766-1294/? D/IppAlgoFilter: [HWA_CAM3]loadPreviewRequest() REQUEST_DMAP_SWAP, status:0
2019-10-07 17:58:14.094 766-1294/? D/EnvImpl: [HWA_CAM3]getPackageName :  com.virobugs
2019-10-07 17:58:14.094 766-1294/? I/chatty: uid=1013(media) pl#2 identical 1 line
2019-10-07 17:58:14.094 766-1294/? D/EnvImpl: [HWA_CAM3]getPackageName :  com.virobugs
2019-10-07 17:58:14.100 611-611/? I/mediacomm@2.1-service: getMdcClient:114: get client<Camera, 384, 766>, channel<4, 1>, perfLev=1, powerStatue=0.
2019-10-07 17:58:14.100 611-611/? I/mediacomm@2.1-service: getMdcVotePerfLev:179: Connected Mdc client<Camera, 384, 766> channel<4, 1> perfLev<1>
2019-10-07 17:58:14.103 611-611/? I/mediacomm@2.1-service: doCopybit:495: client<Camera, 0> ret = 766 finish copybit -.
2019-10-07 17:58:14.103 766-29299/? I/GRALLOC: LockFlexLayout: baseFormat: 11, yStride: 640, ySize: 307200, uOffset: 307200,  uStride: 640
2019-10-07 17:58:14.104 766-29299/? I/GRALLOC: LockFlexLayout: baseFormat: 11, yStride: 640, ySize: 307200, uOffset: 307200,  uStride: 640
2019-10-07 17:58:14.104 749-29240/? I/Camera3-Stream: getBuffer: Stream 0, 0xee5bc180: Already dequeued max output buffers (7), wait for next returned one.
2019-10-07 17:58:14.105 26614-29204/com.virobugs I/GRALLOC: LockFlexLayout: baseFormat: 11, yStride: 640, ySize: 307200, uOffset: 307200,  uStride: 640
2019-10-07 17:58:14.128 766-29292/? D/Misc____: [3c6ca2b_64D] onProcessFrame(666), afDistance(0.000000)
2019-10-07 17:58:14.129 766-29295/? I/AntiBanding: onSubAlgoProcess() mAlgoCtx.continue_detect_cnt :0, mAlgoCtx.succ_detect_cnt : 0, mAlgoCtx.motion_flag = 0, detect_result:0, frequency_detected = 0,cur_expo = 20000
2019-10-07 17:58:14.129 766-29297/? I/EnvImpl: [HWA_CAM3]getArCalorieMode mArCalorieMode 0
2019-10-07 17:58:14.129 766-29297/? I/cie: FaceStoryAlgo::isCurFrameRun isCurFrameRun. Process mode 0.
2019-10-07 17:58:14.130 611-611/? I/mediacomm@2.1-service: getMdcClient:114: get client<Camera, 384, 766>, channel<4, 1>, perfLev=1, powerStatue=0.
2019-10-07 17:58:14.130 611-611/? I/mediacomm@2.1-service: getMdcVotePerfLev:179: Connected Mdc client<Camera, 384, 766> channel<4, 1> perfLev<1>
2019-10-07 17:58:14.132 611-611/? I/mediacomm@2.1-service: doCopybit:495: client<Camera, 0> ret = 766 finish copybit -.
2019-10-07 17:58:14.133 766-29299/? I/GRALLOC: LockFlexLayout: baseFormat: 11, yStride: 640, ySize: 307200, uOffset: 307200,  uStride: 640
2019-10-07 17:58:14.133 766-29299/? I/GRALLOC: LockFlexLayout: baseFormat: 11, yStride: 640, ySize: 307200, uOffset: 307200,  uStride: 640
2019-10-07 17:58:14.134 26614-29204/com.virobugs I/GRALLOC: LockFlexLayout: baseFormat: 11, yStride: 640, ySize: 307200, uOffset: 307200,  uStride: 640
2019-10-07 17:58:14.143 766-29289/? I/HwaStatInfo: [3c6ca2b_64I] algotype is 0, videoRatio is 1.000000, ratio is 1.875000, faceNum is 0
2019-10-07 17:58:14.160 766-29297/? I/EnvImpl: [HWA_CAM3]getArCalorieMode mArCalorieMode 0
2019-10-07 17:58:14.160 766-29297/? I/cie: FaceStoryAlgo::isCurFrameRun isCurFrameRun. Process mode 0.
2019-10-07 17:58:14.162 766-29292/? D/Misc____: [3c6ca2b_64D] onProcessFrame(666), afDistance(0.000000)
2019-10-07 17:58:14.165 611-611/? I/mediacomm@2.1-service: getMdcClient:114: get client<Camera, 384, 766>, channel<4, 1>, perfLev=1, powerStatue=0.
2019-10-07 17:58:14.165 611-611/? I/mediacomm@2.1-service: getMdcVotePerfLev:179: Connected Mdc client<Camera, 384, 766> channel<4, 1> perfLev<1>
2019-10-07 17:58:14.166 1110-1110/? I/LocationProviderProxy-fused: ComponentInfo{com.google.android.gms/com.google.android.location.fused.FusedLocationService} connected
2019-10-07 17:58:14.166 766-29289/? I/HwaStatInfo: [3c6ca2b_64I] algotype is 0, videoRatio is 1.000000, ratio is 1.875000, faceNum is 0
2019-10-07 17:58:14.166 1110-1110/? I/LocationProviderProxy-fused: ComponentInfo{com.google.android.gms/com.google.android.location.fused.FusedLocationService} connected
2019-10-07 17:58:14.167 611-611/? I/mediacomm@2.1-service: doCopybit:495: client<Camera, 0> ret = 766 finish copybit -.
2019-10-07 17:58:14.168 766-29299/? I/GRALLOC: LockFlexLayout: baseFormat: 11, yStride: 640, ySize: 307200, uOffset: 307200,  uStride: 640
2019-10-07 17:58:14.168 766-29299/? I/GRALLOC: LockFlexLayout: baseFormat: 11, yStride: 640, ySize: 307200, uOffset: 307200,  uStride: 640
2019-10-07 17:58:14.172 766-1294/? D/EnvImpl: [HWA_CAM3]getPackageName :  com.virobugs
2019-10-07 17:58:14.172 766-1294/? I/HwaUtils: [3c6ca2b_64I] getProductExtendName() path=EMILY
2019-10-07 17:58:14.173 766-1294/? I/HwaUtils: [3c6ca2b_64I] getOneCfgFile() path=NULL
2019-10-07 17:58:14.173 766-1294/? I/HwaDMapIpp: [3c6ca2b_64I] checkNeedSwapCalibrationData() ConfigFile NULL
2019-10-07 17:58:14.173 766-1294/? D/Misc____: [3c6ca2b_64D] enter loadRequest
2019-10-07 17:58:14.173 766-1294/? D/EnvImpl: [HWA_CAM3]getPackageName :  com.virobugs
2019-10-07 17:58:14.173 766-1294/? D/IppAlgoFilter: [HWA_CAM3]loadPreviewRequest() REQUEST_DMAP_SWAP, status:0
2019-10-07 17:58:14.173 766-1294/? D/EnvImpl: [HWA_CAM3]getPackageName :  com.virobugs
2019-10-07 17:58:14.173 766-1294/? I/chatty: uid=1013(media) pl#2 identical 2 lines
2019-10-07 17:58:14.175 766-1294/? D/EnvImpl: [HWA_CAM3]getPackageName :  com.virobugs
2019-10-07 17:58:14.175 766-1294/? I/HwaUtils: [3c6ca2b_64I] getProductExtendName() path=EMILY
2019-10-07 17:58:14.175 766-1294/? I/HwaUtils: [3c6ca2b_64I] getOneCfgFile() path=NULL
2019-10-07 17:58:14.175 766-1294/? I/HwaDMapIpp: [3c6ca2b_64I] checkNeedSwapCalibrationData() ConfigFile NULL
2019-10-07 17:58:14.175 766-1294/? D/Misc____: [3c6ca2b_64D] enter loadRequest
2019-10-07 17:58:14.175 766-1294/? D/EnvImpl: [HWA_CAM3]getPackageName :  com.virobugs
2019-10-07 17:58:14.175 766-1294/? D/IppAlgoFilter: [HWA_CAM3]loadPreviewRequest() REQUEST_DMAP_SWAP, status:0
2019-10-07 17:58:14.175 766-1294/? D/EnvImpl: [HWA_CAM3]getPackageName :  com.virobugs
2019-10-07 17:58:14.175 766-1294/? I/chatty: uid=1013(media) pl#2 identical 1 line
2019-10-07 17:58:14.175 766-1294/? D/EnvImpl: [HWA_CAM3]getPackageName :  com.virobugs
2019-10-07 17:58:14.177 749-29240/? I/Camera3-Stream: getBuffer: Stream 0, 0xee5bc180: Already dequeued max output buffers (7), wait for next returned one.
2019-10-07 17:58:14.177 26614-29204/com.virobugs I/GRALLOC: LockFlexLayout: baseFormat: 11, yStride: 640, ySize: 307200, uOffset: 307200,  uStride: 640
2019-10-07 17:58:14.179 29270-29270/? W/DynamiteModule: Local module descriptor class for providerinstaller not found.
2019-10-07 17:58:14.186 1110-1819/? W/Binder: Outgoing transactions from this process must be FLAG_ONEWAY
    java.lang.Throwable
        at android.os.BinderProxy.transact(Binder.java:1132)
        at com.android.internal.location.ILocationProvider$Stub$Proxy.getProperties(ILocationProvider.java:236)
        at com.android.server.location.LocationProviderProxy$1$1.run(LocationProviderProxy.java:125)
        at com.android.server.ServiceWatcher.runOnBinder(ServiceWatcher.java:509)
        at com.android.server.location.LocationProviderProxy$1.run(LocationProviderProxy.java:119)
        at android.os.Handler.handleCallback(Handler.java:907)
        at android.os.Handler.dispatchMessage(Handler.java:105)
        at android.os.Looper.loop(Looper.java:216)
        at android.os.HandlerThread.run(HandlerThread.java:65)
2019-10-07 17:58:14.187 29122-29122/? D/WorkSource: Insert in WorkSource{} @ 0 uid 10024 name com.google.android.gms
2019-10-07 17:58:14.194 766-29297/? I/EnvImpl: [HWA_CAM3]getArCalorieMode mArCalorieMode 0
2019-10-07 17:58:14.195 766-29292/? D/Misc____: [3c6ca2b_64D] onProcessFrame(666), afDistance(0.000000)
2019-10-07 17:58:14.195 766-29297/? I/cie: FaceStoryAlgo::isCurFrameRun isCurFrameRun. Process mode 0.
2019-10-07 17:58:14.195 766-29295/? I/AntiBanding: onSubAlgoProcess() mAlgoCtx.continue_detect_cnt :0, mAlgoCtx.succ_detect_cnt : 0, mAlgoCtx.motion_flag = 0, detect_result:0, frequency_detected = 0,cur_expo = 20000
2019-10-07 17:58:14.195 26614-29188/com.virobugs W/native: rolling_shutter_pose_integrator.cc:249 query after the last image line time
2019-10-07 17:58:14.198 26614-29188/com.virobugs I/chatty: uid=10314(com.virobugs) trck02 identical 68 lines
2019-10-07 17:58:14.198 26614-29188/com.virobugs W/native: rolling_shutter_pose_integrator.cc:249 query after the last image line time
2019-10-07 17:58:14.198 611-611/? I/mediacomm@2.1-service: getMdcClient:114: get client<Camera, 384, 766>, channel<4, 1>, perfLev=1, powerStatue=0.
2019-10-07 17:58:14.198 611-611/? I/mediacomm@2.1-service: getMdcVotePerfLev:179: Connected Mdc client<Camera, 384, 766> channel<4, 1> perfLev<1>
2019-10-07 17:58:14.200 611-611/? I/mediacomm@2.1-service: doCopybit:495: client<Camera, 0> ret = 766 finish copybit -.
2019-10-07 17:58:14.200 609-1214/? D/asd_primary_out: L[0],R[0], continus 20 times!
2019-10-07 17:58:14.200 766-1294/? D/EnvImpl: [HWA_CAM3]getPackageName :  com.virobugs
2019-10-07 17:58:14.201 766-1294/? I/HwaUtils: [3c6ca2b_64I] getProductExtendName() path=EMILY
2019-10-07 17:58:14.201 766-1294/? I/HwaUtils: [3c6ca2b_64I] getOneCfgFile() path=NULL
2019-10-07 17:58:14.201 766-1294/? I/HwaDMapIpp: [3c6ca2b_64I] checkNeedSwapCalibrationData() ConfigFile NULL
2019-10-07 17:58:14.201 766-1294/? D/Misc____: [3c6ca2b_64D] enter loadRequest
2019-10-07 17:58:14.201 766-1294/? D/EnvImpl: [HWA_CAM3]getPackageName :  com.virobugs
2019-10-07 17:58:14.201 766-1294/? D/IppAlgoFilter: [HWA_CAM3]loadPreviewRequest() REQUEST_DMAP_SWAP, status:0
2019-10-07 17:58:14.201 766-1294/? D/EnvImpl: [HWA_CAM3]getPackageName :  com.virobugs
2019-10-07 17:58:14.201 766-1294/? I/chatty: uid=1013(media) pl#2 identical 1 line
2019-10-07 17:58:14.201 766-1294/? D/EnvImpl: [HWA_CAM3]getPackageName :  com.virobugs
2019-10-07 17:58:14.201 766-29299/? I/GRALLOC: LockFlexLayout: baseFormat: 11, yStride: 640, ySize: 307200, uOffset: 307200,  uStride: 640
2019-10-07 17:58:14.201 766-29299/? I/GRALLOC: LockFlexLayout: baseFormat: 11, yStride: 640, ySize: 307200, uOffset: 307200,  uStride: 640
2019-10-07 17:58:14.205 26614-29204/com.virobugs I/GRALLOC: LockFlexLayout: baseFormat: 11, yStride: 640, ySize: 307200, uOffset: 307200,  uStride: 640
2019-10-07 17:58:14.206 26614-29188/com.virobugs W/native: rolling_shutter_pose_integrator.cc:249 query after the last image line time
2019-10-07 17:58:14.206 26614-29188/com.virobugs I/chatty: uid=10314(com.virobugs) trck02 identical 29 lines
2019-10-07 17:58:14.206 26614-29188/com.virobugs W/native: rolling_shutter_pose_integrator.cc:249 query after the last image line time
2019-10-07 17:58:14.212 766-29289/? I/HwaStatInfo: [3c6ca2b_64I] algotype is 0, videoRatio is 1.000000, ratio is 1.875000, faceNum is 0
2019-10-07 17:58:14.225 766-29289/? I/HwaStatInfo: [3c6ca2b_64I] algotype is 0, videoRatio is 1.000000, ratio is 1.875000, faceNum is 0
2019-10-07 17:58:14.226 766-29292/? D/Misc____: [3c6ca2b_64D] onProcessFrame(666), afDistance(0.000000)
2019-10-07 17:58:14.227 766-29297/? I/EnvImpl: [HWA_CAM3]getArCalorieMode mArCalorieMode 0
2019-10-07 17:58:14.227 766-29297/? I/cie: FaceStoryAlgo::isCurFrameRun isCurFrameRun. Process mode 0.
2019-10-07 17:58:14.228 1110-8820/? W/HwAlarmManagerService: isContainsAppUidInWorksource-->happend NameNotFoundException
2019-10-07 17:58:14.232 611-611/? I/mediacomm@2.1-service: getMdcClient:114: get client<Camera, 384, 766>, channel<4, 1>, perfLev=1, powerStatue=0.
2019-10-07 17:58:14.232 611-611/? I/mediacomm@2.1-service: getMdcVotePerfLev:179: Connected Mdc client<Camera, 384, 766> channel<4, 1> perfLev<1>
2019-10-07 17:58:14.233 29270-29270/? W/ProviderHelper: Unknown dynamite feature providerinstaller
2019-10-07 17:58:14.235 611-611/? I/mediacomm@2.1-service: doCopybit:495: client<Camera, 0> ret = 766 finish copybit -.
2019-10-07 17:58:14.235 766-29299/? I/GRALLOC: LockFlexLayout: baseFormat: 11, yStride: 640, ySize: 307200, uOffset: 307200,  uStride: 640
2019-10-07 17:58:14.235 766-29299/? I/GRALLOC: LockFlexLayout: baseFormat: 11, yStride: 640, ySize: 307200, uOffset: 307200,  uStride: 640
2019-10-07 17:58:14.237 26614-29204/com.virobugs I/GRALLOC: LockFlexLayout: baseFormat: 11, yStride: 640, ySize: 307200, uOffset: 307200,  uStride: 640
2019-10-07 17:58:14.239 1110-8820/? I/AlarmManager: adjustDeliveryTimeBasedOnStandbyBucketLocked alarm:Alarm{7165542 type 2 when 29716737 PendingIntent{13cdf8d: PendingIntentRecord{f525791 com.whatsapp broadcastIntent}}com.whatsapp}, standbyBucket:20, minElapsed:29862110
2019-10-07 17:58:14.242 29270-29270/? I/DynamiteModule: Considering local module providerinstaller:0 and remote module providerinstaller:0
2019-10-07 17:58:14.248 1110-8820/? I/AlarmManager: adjustDeliveryTimeBasedOnStandbyBucketLocked alarm:Alarm{1268a71 type 0 when 1570466752450 PendingIntent{f8f974b: PendingIntentRecord{f3e7528 com.huawei.hiai broadcastIntent}}com.huawei.hiai}, standbyBucket:40, minElapsed:33942003
2019-10-07 17:58:14.249 29270-29270/? W/ProviderInstaller: Failed to load providerinstaller module: No acceptable module found. Local version is 0 and remote version is 0.
2019-10-07 17:58:14.258 766-29297/? I/EnvImpl: [HWA_CAM3]getArCalorieMode mArCalorieMode 0
2019-10-07 17:58:14.259 766-29297/? I/cie: FaceStoryAlgo::isCurFrameRun isCurFrameRun. Process mode 0.
2019-10-07 17:58:14.262 766-29292/? D/Misc____: [3c6ca2b_64D] onProcessFrame(666), afDistance(0.000000)
2019-10-07 17:58:14.264 26614-29188/com.virobugs W/native: rolling_shutter_pose_integrator.cc:249 query after the last image line time
2019-10-07 17:58:14.265 26614-29188/com.virobugs I/chatty: uid=10314(com.virobugs) trck02 identical 35 lines
2019-10-07 17:58:14.266 26614-29188/com.virobugs W/native: rolling_shutter_pose_integrator.cc:249 query after the last image line time
2019-10-07 17:58:14.266 766-29295/? I/AntiBanding: onSubAlgoProcess() mAlgoCtx.continue_detect_cnt :0, mAlgoCtx.succ_detect_cnt : 0, mAlgoCtx.motion_flag = 0, detect_result:0, frequency_detected = 0,cur_expo = 20000
2019-10-07 17:58:14.267 29122-29122/? D/WorkSource: Insert in WorkSource{} @ 0 uid 10024 name com.google.android.gms
2019-10-07 17:58:14.268 1110-8820/? W/HwAlarmManagerService: isContainsAppUidInWorksource-->happend NameNotFoundException
2019-10-07 17:58:14.268 611-611/? I/mediacomm@2.1-service: getMdcClient:114: get client<Camera, 384, 766>, channel<4, 1>, perfLev=1, powerStatue=0.
2019-10-07 17:58:14.268 611-611/? I/mediacomm@2.1-service: getMdcVotePerfLev:179: Connected Mdc client<Camera, 384, 766> channel<4, 1> perfLev<1>
2019-10-07 17:58:14.270 1110-8820/? I/AlarmManager: adjustDeliveryTimeBasedOnStandbyBucketLocked alarm:Alarm{7165542 type 2 when 29716737 PendingIntent{13cdf8d: PendingIntentRecord{f525791 com.whatsapp broadcastIntent}}com.whatsapp}, standbyBucket:20, minElapsed:29862110
2019-10-07 17:58:14.271 611-611/? I/mediacomm@2.1-service: doCopybit:495: client<Camera, 0> ret = 766 finish copybit -.
2019-10-07 17:58:14.272 766-29299/? I/GRALLOC: LockFlexLayout: baseFormat: 11, yStride: 640, ySize: 307200, uOffset: 307200,  uStride: 640
2019-10-07 17:58:14.272 1110-8820/? I/AlarmManager: adjustDeliveryTimeBasedOnStandbyBucketLocked alarm:Alarm{1268a71 type 0 when 1570466752450 PendingIntent{f8f974b: PendingIntentRecord{f3e7528 com.huawei.hiai broadcastIntent}}com.huawei.hiai}, standbyBucket:40, minElapsed:33942003
2019-10-07 17:58:14.273 26614-29204/com.virobugs I/GRALLOC: LockFlexLayout: baseFormat: 11, yStride: 640, ySize: 307200, uOffset: 307200,  uStride: 640
2019-10-07 17:58:14.276 766-1294/? D/EnvImpl: [HWA_CAM3]getPackageName :  com.virobugs
2019-10-07 17:58:14.276 766-1294/? I/HwaUtils: [3c6ca2b_64I] getProductExtendName() path=EMILY
2019-10-07 17:58:14.276 766-1294/? I/HwaUtils: [3c6ca2b_64I] getOneCfgFile() path=NULL
2019-10-07 17:58:14.276 766-1294/? I/HwaDMapIpp: [3c6ca2b_64I] checkNeedSwapCalibrationData() ConfigFile NULL
2019-10-07 17:58:14.276 766-1294/? D/Misc____: [3c6ca2b_64D] enter loadRequest
2019-10-07 17:58:14.276 766-1294/? D/EnvImpl: [HWA_CAM3]getPackageName :  com.virobugs
2019-10-07 17:58:14.276 766-1294/? D/IppAlgoFilter: [HWA_CAM3]loadPreviewRequest() REQUEST_DMAP_SWAP, status:0
2019-10-07 17:58:14.276 766-1294/? D/EnvImpl: [HWA_CAM3]getPackageName :  com.virobugs
2019-10-07 17:58:14.276 766-1294/? I/chatty: uid=1013(media) pl#2 identical 1 line
2019-10-07 17:58:14.276 766-1294/? D/EnvImpl: [HWA_CAM3]getPackageName :  com.virobugs
2019-10-07 17:58:14.281 26614-29188/com.virobugs W/native: rolling_shutter_pose_integrator.cc:249 query after the last image line time
2019-10-07 17:58:14.281 26614-29188/com.virobugs I/chatty: uid=10314(com.virobugs) trck02 identical 2 lines
2019-10-07 17:58:14.281 26614-29188/com.virobugs W/native: rolling_shutter_pose_integrator.cc:249 query after the last image line time
2019-10-07 17:58:14.286 29122-29122/? D/WorkSource: Insert in WorkSource{} @ 0 uid 10024 name com.google.android.gms
2019-10-07 17:58:14.286 766-1294/? D/EnvImpl: [HWA_CAM3]getPackageName :  com.virobugs
2019-10-07 17:58:14.286 766-1294/? I/HwaUtils: [3c6ca2b_64I] getProductExtendName() path=EMILY
2019-10-07 17:58:14.286 766-1294/? I/HwaUtils: [3c6ca2b_64I] getOneCfgFile() path=NULL
2019-10-07 17:58:14.286 766-1294/? I/HwaDMapIpp: [3c6ca2b_64I] checkNeedSwapCalibrationData() ConfigFile NULL
2019-10-07 17:58:14.287 766-29289/? I/HwaStatInfo: [3c6ca2b_64I] algotype is 0, videoRatio is 1.000000, ratio is 1.875000, faceNum is 0
2019-10-07 17:58:14.288 766-1294/? D/Misc____: [3c6ca2b_64D] enter loadRequest
2019-10-07 17:58:14.288 766-1294/? D/EnvImpl: [HWA_CAM3]getPackageName :  com.virobugs
2019-10-07 17:58:14.288 766-1294/? D/IppAlgoFilter: [HWA_CAM3]loadPreviewRequest() REQUEST_DMAP_SWAP, status:0
2019-10-07 17:58:14.288 766-1294/? D/EnvImpl: [HWA_CAM3]getPackageName :  com.virobugs
2019-10-07 17:58:14.289 1110-8820/? W/HwAlarmManagerService: isContainsAppUidInWorksource-->happend NameNotFoundException
2019-10-07 17:58:14.288 766-1294/? I/chatty: uid=1013(media) pl#2 identical 1 line
2019-10-07 17:58:14.288 766-1294/? D/EnvImpl: [HWA_CAM3]getPackageName :  com.virobugs
2019-10-07 17:58:14.291 766-29292/? D/Misc____: [3c6ca2b_64D] onProcessFrame(666), afDistance(0.000000)
2019-10-07 17:58:14.291 1110-8820/? I/AlarmManager: adjustDeliveryTimeBasedOnStandbyBucketLocked alarm:Alarm{7165542 type 2 when 29716737 PendingIntent{13cdf8d: PendingIntentRecord{f525791 com.whatsapp broadcastIntent}}com.whatsapp}, standbyBucket:20, minElapsed:29862110
2019-10-07 17:58:14.291 766-29289/? I/HwaStatInfo: [3c6ca2b_64I] algotype is 0, videoRatio is 1.000000, ratio is 1.875000, faceNum is 0
2019-10-07 17:58:14.292 766-29297/? I/EnvImpl: [HWA_CAM3]getArCalorieMode mArCalorieMode 0
2019-10-07 17:58:14.292 766-29297/? I/cie: FaceStoryAlgo::isCurFrameRun isCurFrameRun. Process mode 0.
2019-10-07 17:58:14.292 1110-8820/? I/AlarmManager: adjustDeliveryTimeBasedOnStandbyBucketLocked alarm:Alarm{1268a71 type 0 when 1570466752450 PendingIntent{f8f974b: PendingIntentRecord{f3e7528 com.huawei.hiai broadcastIntent}}com.huawei.hiai}, standbyBucket:40, minElapsed:33942003
2019-10-07 17:58:14.295 766-1294/? D/EnvImpl: [HWA_CAM3]getPackageName :  com.virobugs
2019-10-07 17:58:14.295 766-1294/? I/HwaUtils: [3c6ca2b_64I] getProductExtendName() path=EMILY
2019-10-07 17:58:14.295 766-1294/? I/HwaUtils: [3c6ca2b_64I] getOneCfgFile() path=NULL
2019-10-07 17:58:14.295 766-1294/? I/HwaDMapIpp: [3c6ca2b_64I] checkNeedSwapCalibrationData() ConfigFile NULL
2019-10-07 17:58:14.295 611-611/? I/mediacomm@2.1-service: getMdcClient:114: get client<Camera, 384, 766>, channel<4, 1>, perfLev=1, powerStatue=0.
2019-10-07 17:58:14.295 611-611/? I/mediacomm@2.1-service: getMdcVotePerfLev:179: Connected Mdc client<Camera, 384, 766> channel<4, 1> perfLev<1>
2019-10-07 17:58:14.295 766-1294/? D/Misc____: [3c6ca2b_64D] enter loadRequest
2019-10-07 17:58:14.295 766-1294/? D/EnvImpl: [HWA_CAM3]getPackageName :  com.virobugs
2019-10-07 17:58:14.295 766-1294/? D/IppAlgoFilter: [HWA_CAM3]loadPreviewRequest() REQUEST_DMAP_SWAP, status:0
2019-10-07 17:58:14.296 766-1294/? D/EnvImpl: [HWA_CAM3]getPackageName :  com.virobugs
2019-10-07 17:58:14.296 766-1294/? I/chatty: uid=1013(media) pl#2 identical 1 line
2019-10-07 17:58:14.296 766-1294/? D/EnvImpl: [HWA_CAM3]getPackageName :  com.virobugs
2019-10-07 17:58:14.299 611-611/? I/mediacomm@2.1-service: doCopybit:495: client<Camera, 0> ret = 766 finish copybit -.
2019-10-07 17:58:14.300 609-1219/? I/smartpakit: smartpa_algo_control: enter smartpa_algo_control, cmd = 26
2019-10-07 17:58:14.300 766-29299/? I/GRALLOC: LockFlexLayout: baseFormat: 11, yStride: 640, ySize: 307200, uOffset: 307200,  uStride: 640
2019-10-07 17:58:14.300 766-29299/? I/GRALLOC: LockFlexLayout: baseFormat: 11, yStride: 640, ySize: 307200, uOffset: 307200,  uStride: 640
2019-10-07 17:58:14.301 749-29240/? I/Camera3-Stream: getBuffer: Stream 0, 0xee5bc180: Already dequeued max output buffers (7), wait for next returned one.
2019-10-07 17:58:14.303 29122-29122/? D/WorkSource: Insert in WorkSource{} @ 0 uid 10024 name com.google.android.gms
2019-10-07 17:58:14.304 1110-8820/? W/HwAlarmManagerService: isContainsAppUidInWorksource-->happend NameNotFoundException
2019-10-07 17:58:14.305 26614-29204/com.virobugs I/GRALLOC: LockFlexLayout: baseFormat: 11, yStride: 640, ySize: 307200, uOffset: 307200,  uStride: 640
2019-10-07 17:58:14.306 1110-8820/? I/AlarmManager: adjustDeliveryTimeBasedOnStandbyBucketLocked alarm:Alarm{7165542 type 2 when 29716737 PendingIntent{13cdf8d: PendingIntentRecord{f525791 com.whatsapp broadcastIntent}}com.whatsapp}, standbyBucket:20, minElapsed:29862110
2019-10-07 17:58:14.307 1110-8820/? I/AlarmManager: adjustDeliveryTimeBasedOnStandbyBucketLocked alarm:Alarm{1268a71 type 0 when 1570466752450 PendingIntent{f8f974b: PendingIntentRecord{f3e7528 com.huawei.hiai broadcastIntent}}com.huawei.hiai}, standbyBucket:40, minElapsed:33942003
2019-10-07 17:58:14.310 609-1219/? I/dsp_codec_ctl: codec_adsp_send_sync_cmd:ioctl ret=0
2019-10-07 17:58:14.316 29122-29122/? D/WorkSource: Insert in WorkSource{} @ 0 uid 10024 name com.google.android.gms
2019-10-07 17:58:14.317 1110-6136/? W/HwAlarmManagerService: isContainsAppUidInWorksource-->happend NameNotFoundException
2019-10-07 17:58:14.318 1110-6136/? I/AlarmManager: adjustDeliveryTimeBasedOnStandbyBucketLocked alarm:Alarm{7165542 type 2 when 29716737 PendingIntent{13cdf8d: PendingIntentRecord{f525791 com.whatsapp broadcastIntent}}com.whatsapp}, standbyBucket:20, minElapsed:29862110
2019-10-07 17:58:14.320 1110-6136/? I/AlarmManager: adjustDeliveryTimeBasedOnStandbyBucketLocked alarm:Alarm{1268a71 type 0 when 1570466752450 PendingIntent{f8f974b: PendingIntentRecord{f3e7528 com.huawei.hiai broadcastIntent}}com.huawei.hiai}, standbyBucket:40, minElapsed:33942003
2019-10-07 17:58:14.324 766-1294/? D/EnvImpl: [HWA_CAM3]getPackageName :  com.virobugs
2019-10-07 17:58:14.324 766-1294/? I/HwaUtils: [3c6ca2b_64I] getProductExtendName() path=EMILY
2019-10-07 17:58:14.325 766-1294/? I/HwaUtils: [3c6ca2b_64I] getOneCfgFile() path=NULL
2019-10-07 17:58:14.325 766-1294/? I/HwaDMapIpp: [3c6ca2b_64I] checkNeedSwapCalibrationData() ConfigFile NULL
2019-10-07 17:58:14.325 766-1294/? D/Misc____: [3c6ca2b_64D] enter loadRequest
2019-10-07 17:58:14.325 766-1294/? D/EnvImpl: [HWA_CAM3]getPackageName :  com.virobugs
2019-10-07 17:58:14.325 766-1294/? D/IppAlgoFilter: [HWA_CAM3]loadPreviewRequest() REQUEST_DMAP_SWAP, status:0
2019-10-07 17:58:14.325 766-1294/? D/EnvImpl: [HWA_CAM3]getPackageName :  com.virobugs
2019-10-07 17:58:14.325 766-1294/? I/chatty: uid=1013(media) pl#2 identical 1 line
2019-10-07 17:58:14.325 766-1294/? D/EnvImpl: [HWA_CAM3]getPackageName :  com.virobugs
2019-10-07 17:58:14.328 766-29292/? D/Misc____: [3c6ca2b_64D] onProcessFrame(666), afDistance(0.000000)
2019-10-07 17:58:14.330 766-29295/? I/AntiBanding: onSubAlgoProcess() mAlgoCtx.continue_detect_cnt :0, mAlgoCtx.succ_detect_cnt : 0, mAlgoCtx.motion_flag = 0, detect_result:0, frequency_detected = 0,cur_expo = 20000
2019-10-07 17:58:14.330 766-29297/? I/EnvImpl: [HWA_CAM3]getArCalorieMode mArCalorieMode 0
2019-10-07 17:58:14.330 766-29297/? I/cie: FaceStoryAlgo::isCurFrameRun isCurFrameRun. Process mode 0.
2019-10-07 17:58:14.334 611-611/? I/mediacomm@2.1-service: getMdcClient:114: get client<Camera, 384, 766>, channel<4, 1>, perfLev=1, powerStatue=0.
2019-10-07 17:58:14.334 611-611/? I/mediacomm@2.1-service: getMdcVotePerfLev:179: Connected Mdc client<Camera, 384, 766> channel<4, 1> perfLev<1>
2019-10-07 17:58:14.337 611-611/? I/mediacomm@2.1-service: doCopybit:495: client<Camera, 0> ret = 766 finish copybit -.
2019-10-07 17:58:14.337 766-29299/? I/GRALLOC: LockFlexLayout: baseFormat: 11, yStride: 640, ySize: 307200, uOffset: 307200,  uStride: 640
2019-10-07 17:58:14.337 766-29299/? I/GRALLOC: LockFlexLayout: baseFormat: 11, yStride: 640, ySize: 307200, uOffset: 307200,  uStride: 640
2019-10-07 17:58:14.338 749-29240/? I/Camera3-Stream: getBuffer: Stream 0, 0xee5bc180: Already dequeued max output buffers (7), wait for next returned one.
2019-10-07 17:58:14.339 26614-29204/com.virobugs I/GRALLOC: LockFlexLayout: baseFormat: 11, yStride: 640, ySize: 307200, uOffset: 307200,  uStride: 640
2019-10-07 17:58:14.344 766-29289/? I/HwaStatInfo: [3c6ca2b_64I] algotype is 0, videoRatio is 1.000000, ratio is 1.875000, faceNum is 0
2019-10-07 17:58:14.358 766-29289/? I/HwaStatInfo: [3c6ca2b_64I] algotype is 0, videoRatio is 1.000000, ratio is 1.875000, faceNum is 0
2019-10-07 17:58:14.358 766-29292/? D/Misc____: [3c6ca2b_64D] onProcessFrame(666), afDistance(0.000000)
2019-10-07 17:58:14.358 766-29297/? I/EnvImpl: [HWA_CAM3]getArCalorieMode mArCalorieMode 0
2019-10-07 17:58:14.358 766-29297/? I/cie: FaceStoryAlgo::isCurFrameRun isCurFrameRun. Process mode 0.
2019-10-07 17:58:14.365 611-611/? I/mediacomm@2.1-service: getMdcClient:114: get client<Camera, 384, 766>, channel<4, 1>, perfLev=1, powerStatue=0.
2019-10-07 17:58:14.365 611-611/? I/mediacomm@2.1-service: getMdcVotePerfLev:179: Connected Mdc client<Camera, 384, 766> channel<4, 1> perfLev<1>
2019-10-07 17:58:14.368 611-611/? I/mediacomm@2.1-service: doCopybit:495: client<Camera, 0> ret = 766 finish copybit -.
2019-10-07 17:58:14.369 766-29299/? I/GRALLOC: LockFlexLayout: baseFormat: 11, yStride: 640, ySize: 307200, uOffset: 307200,  uStride: 640
2019-10-07 17:58:14.369 766-29299/? I/GRALLOC: LockFlexLayout: baseFormat: 11, yStride: 640, ySize: 307200, uOffset: 307200,  uStride: 640
2019-10-07 17:58:14.370 26614-29204/com.virobugs I/GRALLOC: LockFlexLayout: baseFormat: 11, yStride: 640, ySize: 307200, uOffset: 307200,  uStride: 640
2019-10-07 17:58:14.381 766-1294/? D/EnvImpl: [HWA_CAM3]getPackageName :  com.virobugs
2019-10-07 17:58:14.381 766-1294/? I/HwaUtils: [3c6ca2b_64I] getProductExtendName() path=EMILY
2019-10-07 17:58:14.381 766-1294/? I/HwaUtils: [3c6ca2b_64I] getOneCfgFile() path=NULL
2019-10-07 17:58:14.381 766-1294/? I/HwaDMapIpp: [3c6ca2b_64I] checkNeedSwapCalibrationData() ConfigFile NULL
2019-10-07 17:58:14.381 766-1294/? D/Misc____: [3c6ca2b_64D] enter loadRequest
2019-10-07 17:58:14.381 766-1294/? D/EnvImpl: [HWA_CAM3]getPackageName :  com.virobugs
2019-10-07 17:58:14.381 766-1294/? D/IppAlgoFilter: [HWA_CAM3]loadPreviewRequest() REQUEST_DMAP_SWAP, status:0
2019-10-07 17:58:14.381 766-1294/? D/EnvImpl: [HWA_CAM3]getPackageName :  com.virobugs
2019-10-07 17:58:14.381 766-1294/? I/chatty: uid=1013(media) pl#2 identical 2 lines
2019-10-07 17:58:14.383 766-1294/? D/EnvImpl: [HWA_CAM3]getPackageName :  com.virobugs
2019-10-07 17:58:14.383 766-1294/? I/HwaUtils: [3c6ca2b_64I] getProductExtendName() path=EMILY
2019-10-07 17:58:14.383 766-1294/? I/HwaUtils: [3c6ca2b_64I] getOneCfgFile() path=NULL
2019-10-07 17:58:14.383 766-1294/? I/HwaDMapIpp: [3c6ca2b_64I] checkNeedSwapCalibrationData() ConfigFile NULL
2019-10-07 17:58:14.383 766-1294/? D/Misc____: [3c6ca2b_64D] enter loadRequest
2019-10-07 17:58:14.383 766-1294/? D/EnvImpl: [HWA_CAM3]getPackageName :  com.virobugs
2019-10-07 17:58:14.383 766-1294/? D/IppAlgoFilter: [HWA_CAM3]loadPreviewRequest() REQUEST_DMAP_SWAP, status:0
2019-10-07 17:58:14.384 766-1294/? D/EnvImpl: [HWA_CAM3]getPackageName :  com.virobugs
2019-10-07 17:58:14.384 766-1294/? I/chatty: uid=1013(media) pl#2 identical 1 line
2019-10-07 17:58:14.384 766-1294/? D/EnvImpl: [HWA_CAM3]getPackageName :  com.virobugs
2019-10-07 17:58:14.385 766-1267/? I/MRMain: [3c6ca2b_64I] onConfig ret: 0,mLastEnableStatus: 0
2019-10-07 17:58:14.391 766-29292/? D/Misc____: [3c6ca2b_64D] onProcessFrame(666), afDistance(0.000000)
2019-10-07 17:58:14.392 766-29297/? I/EnvImpl: [HWA_CAM3]getArCalorieMode mArCalorieMode 0
2019-10-07 17:58:14.392 766-29297/? I/cie: SceneRecognition::isCurFrameRun needTrigger = 1
2019-10-07 17:58:14.392 766-29297/? I/cie: SceneRecognition::isCurFrameRun monoMode=0, mStatus=1, isCurFrameStable=1, lastStableState=1, mStableCnt=30, mUnStableCnt=0
2019-10-07 17:58:14.392 766-29297/? I/cie: FaceStoryAlgo::isCurFrameRun isCurFrameRun. Process mode 0.
2019-10-07 17:58:14.392 766-29297/? I/cie: CIE::onProcess::SceneRecognition share buffer[112*112][0x7ec004fbd8][1] public preProcess running
2019-10-07 17:58:14.393 766-29297/? I/cie: Enter SceneRecognition::process
2019-10-07 17:58:14.395 766-29295/? I/AntiBanding: onSubAlgoProcess() mAlgoCtx.continue_detect_cnt :0, mAlgoCtx.succ_detect_cnt : 0, mAlgoCtx.motion_flag = 0, detect_result:0, frequency_detected = 0,cur_expo = 20000
2019-10-07 17:58:14.395 611-611/? I/mediacomm@2.1-service: getMdcClient:114: get client<Camera, 384, 766>, channel<4, 1>, perfLev=1, powerStatue=0.
2019-10-07 17:58:14.395 611-611/? I/mediacomm@2.1-service: getMdcVotePerfLev:179: Connected Mdc client<Camera, 384, 766> channel<4, 1> perfLev<1>
2019-10-07 17:58:14.398 782-29327/? I/hcs: IPUTaskScheduler::AddTask Add task to task queue successs.
2019-10-07 17:58:14.398 782-29327/? I/hcs: IPUExecutor::ForwardCompute Insert Forward_compute task[model id: 0, task id: 1] to task queue success.
2019-10-07 17:58:14.398 782-10326/? I/hcs: IPUTaskScheduler::IPUTaskHandler IPU task queue has task now, we will back to work.
2019-10-07 17:58:14.398 782-10326/? I/hcs: IPUTaskScheduler::IPUTaskHandler Not pipeline running.
2019-10-07 17:58:14.401 611-611/? I/mediacomm@2.1-service: doCopybit:495: client<Camera, 0> ret = 766 finish copybit -.
2019-10-07 17:58:14.402 766-29299/? I/GRALLOC: LockFlexLayout: baseFormat: 11, yStride: 640, ySize: 307200, uOffset: 307200,  uStride: 640
2019-10-07 17:58:14.402 766-29299/? I/GRALLOC: LockFlexLayout: baseFormat: 11, yStride: 640, ySize: 307200, uOffset: 307200,  uStride: 640
2019-10-07 17:58:14.403 749-29240/? I/Camera3-Stream: getBuffer: Stream 0, 0xee5bc180: Already dequeued max output buffers (7), wait for next returned one.
2019-10-07 17:58:14.405 26614-29204/com.virobugs I/GRALLOC: LockFlexLayout: baseFormat: 11, yStride: 640, ySize: 307200, uOffset: 307200,  uStride: 640
2019-10-07 17:58:14.407 766-29289/? I/HwaStatInfo: [3c6ca2b_64I] algotype is 0, videoRatio is 1.000000, ratio is 1.875000, faceNum is 0
2019-10-07 17:58:14.412 782-10326/? I/hcs: IPUMngr_ForwardCompute Forward computing success.
2019-10-07 17:58:14.412 782-10326/? W/hcs: IPUTaskScheduler::GetIPUTask IPU task queue is empty!
2019-10-07 17:58:14.412 782-10326/? I/hcs: IPUTaskScheduler::IPUTaskHandler IPU task queue is empty, so we wait here for task.
2019-10-07 17:58:14.413 766-19887/? I/cie: Enter SceneRecognitionListener::OnProcessDone
2019-10-07 17:58:14.413 766-19887/? I/cie: SceneRecognitionListener::convertResultToVec Result1:NIGHT Conf:33.273933.
2019-10-07 17:58:14.413 766-19887/? I/cie: SceneRecognitionListener::convertResultToVec Result1:SUNSET Conf:3.004342.
2019-10-07 17:58:14.413 766-19887/? I/cie: SceneRecognitionListener::convertResultToVec Result1:TEXT Conf:1.466453.
2019-10-07 17:58:14.413 766-19887/? I/cie: SceneRecognitionListener::convertResultToVec Result1:FOOD Conf:0.200272.
2019-10-07 17:58:14.413 766-19887/? I/cie: SceneRecognitionListener::convertResultToVec Result1:FIREWORKS Conf:0.025064.
2019-10-07 17:58:14.413 766-19887/? I/cie: SceneRecognitionListener::convertResultToVec Result2:NIGHTWITHSKY Conf:235.635651.
2019-10-07 17:58:14.413 766-19887/? I/cie: SceneRecognitionListener::convertResultToVec Result2:NIGHTNOSKY Conf:764.364319.
2019-10-07 17:58:14.413 766-19887/? I/cie: SceneRecognition::filterSceneThd::i 950 80 0 53 1
2019-10-07 17:58:14.413 766-19887/? I/cie: SceneRecognition::filterSceneThd::i 950 0 0 53 1
2019-10-07 17:58:14.413 766-19887/? I/chatty: uid=1013(media) HwBinder:766_10 identical 1 line
2019-10-07 17:58:14.413 766-19887/? I/cie: SceneRecognition::filterSceneThd::i 950 0 0 53 1
2019-10-07 17:58:14.413 766-19887/? I/cie: SceneRecognition::filterSceneThd::i 950 80 0 53 1
2019-10-07 17:58:14.413 766-19887/? I/CIEProxy: CIECallBackMgr::onSceneRecognitionProcessDone rsltsOrig:NIGHT 8 33
2019-10-07 17:58:14.413 766-19887/? I/CIEProxy: CIECallBackMgr::onSceneRecognitionProcessDone rsltsOrig:SUNSET 3 3
2019-10-07 17:58:14.413 766-19887/? I/CIEProxy: CIECallBackMgr::onSceneRecognitionProcessDone rsltsOrig:TEXT 9 1
2019-10-07 17:58:14.413 766-19887/? I/CIEProxy: CIECallBackMgr::onSceneRecognitionProcessDone rsltsOrig:FOOD 4 0
2019-10-07 17:58:14.413 766-19887/? I/CIEProxy: CIECallBackMgr::onSceneRecognitionProcessDone rsltsOrig:FIREWORKS 13 0
2019-10-07 17:58:14.413 766-19887/? D/EventCallbackImpl: [HWA_CAM3]enter notifySDResult()
2019-10-07 17:58:14.413 766-19887/? D/EventCallbackImpl: [HWA_CAM3]enter notifyICSDResult()
2019-10-07 17:58:14.424 766-29289/? I/HwaStatInfo: [3c6ca2b_64I] algotype is 0, videoRatio is 1.000000, ratio is 1.875000, faceNum is 0
2019-10-07 17:58:14.425 766-29292/? D/Misc____: [3c6ca2b_64D] onProcessFrame(666), afDistance(0.000000)
2019-10-07 17:58:14.426 766-29297/? I/EnvImpl: [HWA_CAM3]getArCalorieMode mArCalorieMode 0
2019-10-07 17:58:14.426 766-29297/? I/cie: FaceStoryAlgo::isCurFrameRun isCurFrameRun. Process mode 0.
2019-10-07 17:58:14.426 611-611/? I/mediacomm@2.1-service: getMdcClient:114: get client<Camera, 384, 766>, channel<4, 1>, perfLev=1, powerStatue=0.
2019-10-07 17:58:14.427 611-611/? I/mediacomm@2.1-service: getMdcVotePerfLev:179: Connected Mdc client<Camera, 384, 766> channel<4, 1> perfLev<1>
2019-10-07 17:58:14.429 611-611/? I/mediacomm@2.1-service: doCopybit:495: client<Camera, 0> ret = 766 finish copybit -.
2019-10-07 17:58:14.429 766-29299/? I/GRALLOC: LockFlexLayout: baseFormat: 11, yStride: 640, ySize: 307200, uOffset: 307200,  uStride: 640
2019-10-07 17:58:14.429 766-29299/? I/GRALLOC: LockFlexLayout: baseFormat: 11, yStride: 640, ySize: 307200, uOffset: 307200,  uStride: 640
2019-10-07 17:58:14.431 26614-29204/com.virobugs I/GRALLOC: LockFlexLayout: baseFormat: 11, yStride: 640, ySize: 307200, uOffset: 307200,  uStride: 640
2019-10-07 17:58:14.436 766-1294/? D/EnvImpl: [HWA_CAM3]getPackageName :  com.virobugs
2019-10-07 17:58:14.436 766-1294/? I/HwaUtils: [3c6ca2b_64I] getProductExtendName() path=EMILY
2019-10-07 17:58:14.437 766-1294/? I/HwaUtils: [3c6ca2b_64I] getOneCfgFile() path=NULL
2019-10-07 17:58:14.437 766-1294/? I/HwaDMapIpp: [3c6ca2b_64I] checkNeedSwapCalibrationData() ConfigFile NULL
2019-10-07 17:58:14.437 766-1294/? D/Misc____: [3c6ca2b_64D] enter loadRequest
2019-10-07 17:58:14.437 766-1294/? D/EnvImpl: [HWA_CAM3]getPackageName :  com.virobugs
2019-10-07 17:58:14.437 766-1294/? D/IppAlgoFilter: [HWA_CAM3]loadPreviewRequest() REQUEST_DMAP_SWAP, status:0
2019-10-07 17:58:14.437 766-1294/? D/EnvImpl: [HWA_CAM3]getPackageName :  com.virobugs
2019-10-07 17:58:14.437 766-1294/? I/chatty: uid=1013(media) pl#2 identical 1 line
2019-10-07 17:58:14.437 766-1294/? D/EnvImpl: [HWA_CAM3]getPackageName :  com.virobugs
2019-10-07 17:58:14.439 766-1267/? I/MRMain: [3c6ca2b_64I] checkConfig(), enableV1=0, enableV2=0, enableV3=0
2019-10-07 17:58:14.440 766-1294/? D/EnvImpl: [HWA_CAM3]getPackageName :  com.virobugs
2019-10-07 17:58:14.440 766-1294/? I/HwaUtils: [3c6ca2b_64I] getProductExtendName() path=EMILY
2019-10-07 17:58:14.440 766-1294/? I/HwaUtils: [3c6ca2b_64I] getOneCfgFile() path=NULL
2019-10-07 17:58:14.440 766-1294/? I/HwaDMapIpp: [3c6ca2b_64I] checkNeedSwapCalibrationData() ConfigFile NULL
2019-10-07 17:58:14.440 766-1294/? D/Misc____: [3c6ca2b_64D] enter loadRequest
2019-10-07 17:58:14.440 766-1294/? D/EnvImpl: [HWA_CAM3]getPackageName :  com.virobugs
2019-10-07 17:58:14.440 766-1294/? D/IppAlgoFilter: [HWA_CAM3]loadPreviewRequest() REQUEST_DMAP_SWAP, status:0
2019-10-07 17:58:14.441 766-1294/? D/EnvImpl: [HWA_CAM3]getPackageName :  com.virobugs
2019-10-07 17:58:14.441 766-1294/? I/chatty: uid=1013(media) pl#2 identical 1 line
2019-10-07 17:58:14.441 766-1294/? D/EnvImpl: [HWA_CAM3]getPackageName :  com.virobugs
2019-10-07 17:58:14.458 766-29297/? I/EnvImpl: [HWA_CAM3]getArCalorieMode mArCalorieMode 0
2019-10-07 17:58:14.458 766-29297/? I/cie: FaceStoryAlgo::isCurFrameRun isCurFrameRun. Process mode 0.
2019-10-07 17:58:14.459 766-29292/? D/Misc____: [3c6ca2b_64D] onProcessFrame(666), afDistance(0.000000)
2019-10-07 17:58:14.464 611-611/? I/mediacomm@2.1-service: getMdcClient:114: get client<Camera, 384, 766>, channel<4, 1>, perfLev=1, powerStatue=0.
2019-10-07 17:58:14.464 611-611/? I/mediacomm@2.1-service: getMdcVotePerfLev:179: Connected Mdc client<Camera, 384, 766> channel<4, 1> perfLev<1>
2019-10-07 17:58:14.466 611-611/? I/mediacomm@2.1-service: doCopybit:495: client<Camera, 0> ret = 766 finish copybit -.
2019-10-07 17:58:14.466 766-29295/? I/AntiBanding: onSubAlgoProcess() mAlgoCtx.continue_detect_cnt :0, mAlgoCtx.succ_detect_cnt : 0, mAlgoCtx.motion_flag = 0, detect_result:0, frequency_detected = 0,cur_expo = 20000
2019-10-07 17:58:14.467 766-29299/? I/GRALLOC: LockFlexLayout: baseFormat: 11, yStride: 640, ySize: 307200, uOffset: 307200,  uStride: 640
2019-10-07 17:58:14.467 766-29299/? I/GRALLOC: LockFlexLayout: baseFormat: 11, yStride: 640, ySize: 307200, uOffset: 307200,  uStride: 640
2019-10-07 17:58:14.468 749-29240/? I/Camera3-Stream: getBuffer: Stream 0, 0xee5bc180: Already dequeued max output buffers (7), wait for next returned one.
2019-10-07 17:58:14.469 26614-29204/com.virobugs I/GRALLOC: LockFlexLayout: baseFormat: 11, yStride: 640, ySize: 307200, uOffset: 307200,  uStride: 640
2019-10-07 17:58:14.472 766-29289/? I/HwaStatInfo: [3c6ca2b_64I] algotype is 0, videoRatio is 1.000000, ratio is 1.875000, faceNum is 0
2019-10-07 17:58:14.491 766-1294/? D/EnvImpl: [HWA_CAM3]getPackageName :  com.virobugs
2019-10-07 17:58:14.491 766-1294/? I/HwaUtils: [3c6ca2b_64I] getProductExtendName() path=EMILY
2019-10-07 17:58:14.491 766-1294/? I/HwaUtils: [3c6ca2b_64I] getOneCfgFile() path=NULL
2019-10-07 17:58:14.491 766-1294/? I/HwaDMapIpp: [3c6ca2b_64I] checkNeedSwapCalibrationData() ConfigFile NULL
2019-10-07 17:58:14.492 766-1294/? D/Misc____: [3c6ca2b_64D] enter loadRequest
2019-10-07 17:58:14.492 766-1294/? D/EnvImpl: [HWA_CAM3]getPackageName :  com.virobugs
2019-10-07 17:58:14.492 766-1294/? D/IppAlgoFilter: [HWA_CAM3]loadPreviewRequest() REQUEST_DMAP_SWAP, status:0
2019-10-07 17:58:14.492 766-1294/? D/EnvImpl: [HWA_CAM3]getPackageName :  com.virobugs
2019-10-07 17:58:14.492 766-1294/? I/chatty: uid=1013(media) pl#2 identical 1 line
2019-10-07 17:58:14.492 766-1294/? D/EnvImpl: [HWA_CAM3]getPackageName :  com.virobugs
2019-10-07 17:58:14.495 766-29289/? I/HwaStatInfo: [3c6ca2b_64I] algotype is 0, videoRatio is 1.000000, ratio is 1.875000, faceNum is 0
2019-10-07 17:58:14.496 766-29297/? I/EnvImpl: [HWA_CAM3]getArCalorieMode mArCalorieMode 0
2019-10-07 17:58:14.496 766-29297/? I/cie: FaceStoryAlgo::isCurFrameRun isCurFrameRun. Process mode 0.
2019-10-07 17:58:14.498 611-611/? I/mediacomm@2.1-service: getMdcClient:114: get client<Camera, 384, 766>, channel<4, 1>, perfLev=1, powerStatue=0.
2019-10-07 17:58:14.498 611-611/? I/mediacomm@2.1-service: getMdcVotePerfLev:179: Connected Mdc client<Camera, 384, 766> channel<4, 1> perfLev<1>
2019-10-07 17:58:14.498 766-29292/? D/Misc____: [3c6ca2b_64D] onProcessFrame(666), afDistance(0.000000)
2019-10-07 17:58:14.500 611-611/? I/mediacomm@2.1-service: doCopybit:495: client<Camera, 0> ret = 766 finish copybit -.
2019-10-07 17:58:14.501 766-29299/? I/GRALLOC: LockFlexLayout: baseFormat: 11, yStride: 640, ySize: 307200, uOffset: 307200,  uStride: 640
2019-10-07 17:58:14.501 766-29299/? I/GRALLOC: LockFlexLayout: baseFormat: 11, yStride: 640, ySize: 307200, uOffset: 307200,  uStride: 640
2019-10-07 17:58:14.503 26614-29204/com.virobugs I/GRALLOC: LockFlexLayout: baseFormat: 11, yStride: 640, ySize: 307200, uOffset: 307200,  uStride: 640
2019-10-07 17:58:14.505 749-29240/? I/Camera3-Stream: getBuffer: Stream 1, 0xee35b480: Already dequeued max output buffers (7), wait for next returned one.
2019-10-07 17:58:14.530 766-29297/? I/EnvImpl: [HWA_CAM3]getArCalorieMode mArCalorieMode 0
2019-10-07 17:58:14.530 766-29297/? I/cie: FaceStoryAlgo::isCurFrameRun isCurFrameRun. Process mode 0.
2019-10-07 17:58:14.532 766-29292/? D/Misc____: [3c6ca2b_64D] onProcessFrame(666), afDistance(0.000000)
2019-10-07 17:58:14.533 766-29295/? I/AntiBanding: onSubAlgoProcess() mAlgoCtx.continue_detect_cnt :0, mAlgoCtx.succ_detect_cnt : 0, mAlgoCtx.motion_flag = 0, detect_result:0, frequency_detected = 0,cur_expo = 20000
2019-10-07 17:58:14.536 577-640/? I/PreDnsController: canPreDnsQuery,persist.sys.predns is false!
2019-10-07 17:58:14.539 611-611/? I/mediacomm@2.1-service: getMdcClient:114: get client<Camera, 384, 766>, channel<4, 1>, perfLev=1, powerStatue=0.
2019-10-07 17:58:14.540 611-611/? I/mediacomm@2.1-service: getMdcVotePerfLev:179: Connected Mdc client<Camera, 384, 766> channel<4, 1> perfLev<1>
2019-10-07 17:58:14.542 611-611/? I/mediacomm@2.1-service: doCopybit:495: client<Camera, 0> ret = 766 finish copybit -.
2019-10-07 17:58:14.543 766-29299/? I/GRALLOC: LockFlexLayout: baseFormat: 11, yStride: 640, ySize: 307200, uOffset: 307200,  uStride: 640
2019-10-07 17:58:14.543 766-29299/? I/GRALLOC: LockFlexLayout: baseFormat: 11, yStride: 640, ySize: 307200, uOffset: 307200,  uStride: 640
2019-10-07 17:58:14.547 26614-29204/com.virobugs I/GRALLOC: LockFlexLayout: baseFormat: 11, yStride: 640, ySize: 307200, uOffset: 307200,  uStride: 640
2019-10-07 17:58:14.549 766-29289/? I/HwaStatInfo: [3c6ca2b_64I] algotype is 0, videoRatio is 1.000000, ratio is 1.875000, faceNum is 0
2019-10-07 17:58:14.560 766-29297/? I/EnvImpl: [HWA_CAM3]getArCalorieMode mArCalorieMode 0
2019-10-07 17:58:14.560 766-29289/? I/HwaStatInfo: [3c6ca2b_64I] algotype is 0, videoRatio is 1.000000, ratio is 1.875000, faceNum is 0
2019-10-07 17:58:14.561 766-29297/? I/cie: FaceStoryAlgo::isCurFrameRun isCurFrameRun. Process mode 0.
2019-10-07 17:58:14.561 766-29292/? D/Misc____: [3c6ca2b_64D] onProcessFrame(666), afDistance(0.000000)
2019-10-07 17:58:14.566 766-1294/? D/EnvImpl: [HWA_CAM3]getPackageName :  com.virobugs
2019-10-07 17:58:14.566 766-1294/? I/HwaUtils: [3c6ca2b_64I] getProductExtendName() path=EMILY
2019-10-07 17:58:14.566 766-1294/? I/HwaUtils: [3c6ca2b_64I] getOneCfgFile() path=NULL
2019-10-07 17:58:14.566 766-1294/? I/HwaDMapIpp: [3c6ca2b_64I] checkNeedSwapCalibrationData() ConfigFile NULL
2019-10-07 17:58:14.566 766-1294/? D/Misc____: [3c6ca2b_64D] enter loadRequest
2019-10-07 17:58:14.566 766-1294/? D/EnvImpl: [HWA_CAM3]getPackageName :  com.virobugs
2019-10-07 17:58:14.566 766-1294/? D/IppAlgoFilter: [HWA_CAM3]loadPreviewRequest() REQUEST_DMAP_SWAP, status:0
2019-10-07 17:58:14.566 766-1294/? D/EnvImpl: [HWA_CAM3]getPackageName :  com.virobugs
2019-10-07 17:58:14.566 766-1294/? I/chatty: uid=1013(media) pl#2 identical 1 line
2019-10-07 17:58:14.566 766-1294/? D/EnvImpl: [HWA_CAM3]getPackageName :  com.virobugs
2019-10-07 17:58:14.573 611-611/? I/mediacomm@2.1-service: getMdcClient:114: get client<Camera, 384, 766>, channel<4, 1>, perfLev=1, powerStatue=0.
2019-10-07 17:58:14.573 611-611/? I/mediacomm@2.1-service: getMdcVotePerfLev:179: Connected Mdc client<Camera, 384, 766> channel<4, 1> perfLev<1>
2019-10-07 17:58:14.575 611-611/? I/mediacomm@2.1-service: doCopybit:495: client<Camera, 0> ret = 766 finish copybit -.
2019-10-07 17:58:14.576 766-29299/? I/GRALLOC: LockFlexLayout: baseFormat: 11, yStride: 640, ySize: 307200, uOffset: 307200,  uStride: 640
2019-10-07 17:58:14.576 766-29299/? I/GRALLOC: LockFlexLayout: baseFormat: 11, yStride: 640, ySize: 307200, uOffset: 307200,  uStride: 640
2019-10-07 17:58:14.576 749-29240/? I/Camera3-Stream: getBuffer: Stream 0, 0xee5bc180: Already dequeued max output buffers (7), wait for next returned one.
2019-10-07 17:58:14.577 26614-29204/com.virobugs I/GRALLOC: LockFlexLayout: baseFormat: 11, yStride: 640, ySize: 307200, uOffset: 307200,  uStride: 640
2019-10-07 17:58:14.577 766-1294/? D/EnvImpl: [HWA_CAM3]getPackageName :  com.virobugs
2019-10-07 17:58:14.578 766-1294/? I/HwaUtils: [3c6ca2b_64I] getProductExtendName() path=EMILY
2019-10-07 17:58:14.578 766-1294/? I/HwaUtils: [3c6ca2b_64I] getOneCfgFile() path=NULL
2019-10-07 17:58:14.578 766-1294/? I/HwaDMapIpp: [3c6ca2b_64I] checkNeedSwapCalibrationData() ConfigFile NULL
2019-10-07 17:58:14.578 766-1294/? D/Misc____: [3c6ca2b_64D] enter loadRequest
2019-10-07 17:58:14.578 766-1294/? D/EnvImpl: [HWA_CAM3]getPackageName :  com.virobugs
2019-10-07 17:58:14.579 766-1294/? D/IppAlgoFilter: [HWA_CAM3]loadPreviewRequest() REQUEST_DMAP_SWAP, status:0
2019-10-07 17:58:14.579 766-1294/? D/EnvImpl: [HWA_CAM3]getPackageName :  com.virobugs
2019-10-07 17:58:14.579 766-1294/? I/chatty: uid=1013(media) pl#2 identical 1 line
2019-10-07 17:58:14.579 766-1294/? D/EnvImpl: [HWA_CAM3]getPackageName :  com.virobugs
2019-10-07 17:58:14.596 766-29297/? I/EnvImpl: [HWA_CAM3]getArCalorieMode mArCalorieMode 0
2019-10-07 17:58:14.597 766-29297/? I/cie: FaceStoryAlgo::isCurFrameRun isCurFrameRun. Process mode 0.
2019-10-07 17:58:14.597 766-29292/? D/Misc____: [3c6ca2b_64D] onProcessFrame(666), afDistance(0.000000)
2019-10-07 17:58:14.599 766-29295/? I/AntiBanding: onSubAlgoProcess() mAlgoCtx.continue_detect_cnt :0, mAlgoCtx.succ_detect_cnt : 0, mAlgoCtx.motion_flag = 0, detect_result:0, frequency_detected = 0,cur_expo = 20000
2019-10-07 17:58:14.600 609-1214/? D/asd_primary_out: L[0],R[0], continus 20 times!
2019-10-07 17:58:14.601 1110-1704/? D/ContextHubService: Added callback, total callbacks 1
2019-10-07 17:58:14.606 611-611/? I/mediacomm@2.1-service: getMdcClient:114: get client<Camera, 384, 766>, channel<4, 1>, perfLev=1, powerStatue=0.
2019-10-07 17:58:14.606 611-611/? I/mediacomm@2.1-service: getMdcVotePerfLev:179: Connected Mdc client<Camera, 384, 766> channel<4, 1> perfLev<1>
2019-10-07 17:58:14.608 611-611/? I/mediacomm@2.1-service: doCopybit:495: client<Camera, 0> ret = 766 finish copybit -.
2019-10-07 17:58:14.609 766-29299/? I/GRALLOC: LockFlexLayout: baseFormat: 11, yStride: 640, ySize: 307200, uOffset: 307200,  uStride: 640
2019-10-07 17:58:14.609 766-29299/? I/GRALLOC: LockFlexLayout: baseFormat: 11, yStride: 640, ySize: 307200, uOffset: 307200,  uStride: 640
2019-10-07 17:58:14.610 26614-29204/com.virobugs I/GRALLOC: LockFlexLayout: baseFormat: 11, yStride: 640, ySize: 307200, uOffset: 307200,  uStride: 640
2019-10-07 17:58:14.610 29122-29122/? W/ChreGmsCore: Unable to construct RealContextHub.
    java.lang.IllegalStateException: No ContextHubs were found in the platform.
        at btok.<init>(:com.google.android.gms@19275039@19.2.75 (100408-269183835):8)
        at bfov.a(:com.google.android.gms@19275039@19.2.75 (100408-269183835):7)
        at com.google.android.location.internal.server.GoogleLocationChimeraService.onCreate(:com.google.android.gms@19275039@19.2.75 (100408-269183835):14)
