2019-10-08 17:49:01.474 760-8346/? W/hcs: IPUTaskScheduler::GetIPUTask IPU task queue is empty!
2019-10-08 17:49:01.884 32765-32765/com.virobugs W/Settings: Setting device_provisioned has moved from android.provider.Settings.Secure to android.provider.Settings.Global.
2019-10-08 17:49:02.133 32765-554/com.virobugs W/GLSurfaceView: Warning, !readyToDraw() but waiting for draw finished! Early reporting draw finished.
2019-10-08 17:49:02.322 32765-32765/com.virobugs W/Viro: Attempted to add font [file: NotoSerifEthiopic-Regular.otf, typeface: NotoSerifEthiopic] to font family with typeface [NotoSansEthiopic] -- typefaces do not match, font will be ignored
2019-10-08 17:49:02.322 32765-32765/com.virobugs W/Viro: Attempted to add font [file: NotoSerifEthiopic-Bold.otf, typeface: NotoSerifEthiopic] to font family with typeface [NotoSansEthiopic] -- typefaces do not match, font will be ignored
2019-10-08 17:49:02.322 32765-32765/com.virobugs W/Viro: Attempted to add font [file: NotoSerifHebrew-Regular.ttf, typeface: NotoSerifHebrew] to font family with typeface [NotoSansHebrew] -- typefaces do not match, font will be ignored
2019-10-08 17:49:02.322 32765-32765/com.virobugs W/Viro: Attempted to add font [file: NotoSerifHebrew-Bold.ttf, typeface: NotoSerifHebrew] to font family with typeface [NotoSansHebrew] -- typefaces do not match, font will be ignored
2019-10-08 17:49:02.322 32765-32765/com.virobugs W/Viro: Attempted to add font [file: NotoSerifThai-Regular.ttf, typeface: NotoSerifThai] to font family with typeface [NotoSansThai] -- typefaces do not match, font will be ignored
2019-10-08 17:49:02.322 32765-32765/com.virobugs W/Viro: Attempted to add font [file: NotoSerifThai-Bold.ttf, typeface: NotoSerifThai] to font family with typeface [NotoSansThai] -- typefaces do not match, font will be ignored
2019-10-08 17:49:02.323 32765-32765/com.virobugs W/Viro: Attempted to add font [file: NotoSerifArmenian-Regular.ttf, typeface: NotoSerifArmenian] to font family with typeface [NotoSansArmenian] -- typefaces do not match, font will be ignored
2019-10-08 17:49:02.323 32765-32765/com.virobugs W/Viro: Attempted to add font [file: NotoSerifArmenian-Bold.ttf, typeface: NotoSerifArmenian] to font family with typeface [NotoSansArmenian] -- typefaces do not match, font will be ignored
2019-10-08 17:49:02.323 32765-32765/com.virobugs W/Viro: Attempted to add font [file: NotoSerifGeorgian-Regular.ttf, typeface: NotoSerifGeorgian] to font family with typeface [NotoSansGeorgian] -- typefaces do not match, font will be ignored
2019-10-08 17:49:02.323 32765-32765/com.virobugs W/Viro: Attempted to add font [file: NotoSerifGeorgian-Bold.ttf, typeface: NotoSerifGeorgian] to font family with typeface [NotoSansGeorgian] -- typefaces do not match, font will be ignored
2019-10-08 17:49:02.323 32765-32765/com.virobugs W/Viro: Attempted to add font [file: NotoSerifDevanagari-Regular.ttf, typeface: NotoSerifDevanagari] to font family with typeface [NotoSansDevanagari] -- typefaces do not match, font will be ignored
2019-10-08 17:49:02.323 32765-32765/com.virobugs W/Viro: Attempted to add font [file: NotoSerifDevanagari-Bold.ttf, typeface: NotoSerifDevanagari] to font family with typeface [NotoSansDevanagari] -- typefaces do not match, font will be ignored
2019-10-08 17:49:02.323 32765-32765/com.virobugs W/Viro: Attempted to add font [file: NotoSerifGujarati-Regular.ttf, typeface: NotoSerifGujarati] to font family with typeface [NotoSansGujarati] -- typefaces do not match, font will be ignored
2019-10-08 17:49:02.323 32765-32765/com.virobugs W/Viro: Attempted to add font [file: NotoSerifGujarati-Bold.ttf, typeface: NotoSerifGujarati] to font family with typeface [NotoSansGujarati] -- typefaces do not match, font will be ignored
2019-10-08 17:49:02.323 32765-32765/com.virobugs W/Viro: Attempted to add font [file: NotoSerifGurmukhi-Regular.otf, typeface: NotoSerifGurmukhi] to font family with typeface [NotoSansGurmukhi] -- typefaces do not match, font will be ignored
2019-10-08 17:49:02.323 32765-32765/com.virobugs W/Viro: Attempted to add font [file: NotoSerifGurmukhi-Bold.otf, typeface: NotoSerifGurmukhi] to font family with typeface [NotoSansGurmukhi] -- typefaces do not match, font will be ignored
2019-10-08 17:49:02.323 32765-32765/com.virobugs W/Viro: Attempted to add font [file: NotoSerifTamil-Regular.ttf, typeface: NotoSerifTamil] to font family with typeface [NotoSansTamil] -- typefaces do not match, font will be ignored
2019-10-08 17:49:02.323 32765-32765/com.virobugs W/Viro: Attempted to add font [file: NotoSerifTamil-Bold.ttf, typeface: NotoSerifTamil] to font family with typeface [NotoSansTamil] -- typefaces do not match, font will be ignored
2019-10-08 17:49:02.323 32765-32765/com.virobugs W/Viro: Attempted to add font [file: NotoSerifMalayalam-Regular.ttf, typeface: NotoSerifMalayalam] to font family with typeface [NotoSansMalayalam] -- typefaces do not match, font will be ignored
2019-10-08 17:49:02.324 32765-32765/com.virobugs W/Viro: Attempted to add font [file: NotoSerifMalayalam-Bold.ttf, typeface: NotoSerifMalayalam] to font family with typeface [NotoSansMalayalam] -- typefaces do not match, font will be ignored
2019-10-08 17:49:02.324 32765-32765/com.virobugs W/Viro: Attempted to add font [file: NotoSerifBengali-Regular.ttf, typeface: NotoSerifBengali] to font family with typeface [NotoSansBengali] -- typefaces do not match, font will be ignored
2019-10-08 17:49:02.324 32765-32765/com.virobugs W/Viro: Attempted to add font [file: NotoSerifBengali-Bold.ttf, typeface: NotoSerifBengali] to font family with typeface [NotoSansBengali] -- typefaces do not match, font will be ignored
2019-10-08 17:49:02.324 32765-32765/com.virobugs W/Viro: Attempted to add font [file: NotoSerifTelugu-Regular.ttf, typeface: NotoSerifTelugu] to font family with typeface [NotoSansTelugu] -- typefaces do not match, font will be ignored
2019-10-08 17:49:02.324 32765-32765/com.virobugs W/Viro: Attempted to add font [file: NotoSerifTelugu-Bold.ttf, typeface: NotoSerifTelugu] to font family with typeface [NotoSansTelugu] -- typefaces do not match, font will be ignored
2019-10-08 17:49:02.324 32765-32765/com.virobugs W/Viro: Attempted to add font [file: NotoSerifKannada-Regular.ttf, typeface: NotoSerifKannada] to font family with typeface [NotoSansKannada] -- typefaces do not match, font will be ignored
2019-10-08 17:49:02.324 32765-32765/com.virobugs W/Viro: Attempted to add font [file: NotoSerifKannada-Bold.ttf, typeface: NotoSerifKannada] to font family with typeface [NotoSansKannada] -- typefaces do not match, font will be ignored
2019-10-08 17:49:02.324 32765-32765/com.virobugs W/Viro: Attempted to add font [file: NotoSerifSinhala-Regular.otf, typeface: NotoSerifSinhala] to font family with typeface [NotoSansSinhala] -- typefaces do not match, font will be ignored
2019-10-08 17:49:02.324 32765-32765/com.virobugs W/Viro: Attempted to add font [file: NotoSerifSinhala-Bold.otf, typeface: NotoSerifSinhala] to font family with typeface [NotoSansSinhala] -- typefaces do not match, font will be ignored
2019-10-08 17:49:02.325 32765-32765/com.virobugs W/Viro: Attempted to add font [file: NotoSerifKhmer-Regular.otf, typeface: NotoSerifKhmer] to font family with typeface [NotoSansKhmer] -- typefaces do not match, font will be ignored
2019-10-08 17:49:02.325 32765-32765/com.virobugs W/Viro: Attempted to add font [file: NotoSerifKhmer-Bold.otf, typeface: NotoSerifKhmer] to font family with typeface [NotoSansKhmer] -- typefaces do not match, font will be ignored
2019-10-08 17:49:02.325 32765-32765/com.virobugs W/Viro: Attempted to add font [file: NotoSerifLao-Regular.ttf, typeface: NotoSerifLao] to font family with typeface [NotoSansLao] -- typefaces do not match, font will be ignored
2019-10-08 17:49:02.325 32765-32765/com.virobugs W/Viro: Attempted to add font [file: NotoSerifLao-Bold.ttf, typeface: NotoSerifLao] to font family with typeface [NotoSansLao] -- typefaces do not match, font will be ignored
2019-10-08 17:49:02.325 32765-32765/com.virobugs W/Viro: Attempted to add font [file: NotoSerifMyanmar-Regular.otf, typeface: NotoSerifMyanmar] to font family with typeface [NotoSansMyanmar] -- typefaces do not match, font will be ignored
2019-10-08 17:49:02.325 32765-32765/com.virobugs W/Viro: Attempted to add font [file: NotoSerifMyanmar-Bold.otf, typeface: NotoSerifMyanmar] to font family with typeface [NotoSansMyanmar] -- typefaces do not match, font will be ignored
2019-10-08 17:49:02.327 32765-32765/com.virobugs W/Viro: Attempted to add font [file: HwChinese-Medium.ttf, typeface: HwChinese] to font family with typeface [DroidSansChinese.ttf] -- typefaces do not match, font will be ignored
2019-10-08 17:49:02.328 32765-32765/com.virobugs W/Viro: Attempted to add font [file: NotoSerifCJK-Regular.ttc, typeface: NotoSerifCJK] to font family with typeface [NotoSansCJK] -- typefaces do not match, font will be ignored
2019-10-08 17:49:02.328 32765-32765/com.virobugs W/Viro: Attempted to add font [file: NotoSerifCJK-Regular.ttc, typeface: NotoSerifCJK] to font family with typeface [NotoSansCJK] -- typefaces do not match, font will be ignored
2019-10-08 17:49:02.333 32765-32765/com.virobugs W/Viro: Didn't create default family (most likely, non-Minikin build)
    java.lang.NullPointerException: Attempt to invoke virtual method 'com.viro.core.internal.font.FontFamily$Font com.viro.core.internal.font.FontFamily.getFont(boolean, int)' on a null object reference
        at com.viro.core.internal.font.SystemFontLoader.init(SystemFontLoader.java:145)
        at com.viro.core.internal.PlatformUtil.<init>(PlatformUtil.java:113)
        at com.viro.core.ViroViewScene.init(ViroViewScene.java:308)
        at com.viro.core.ViroViewScene.<init>(ViroViewScene.java:244)
        at com.viromedia.bridge.component.VRT3DSceneNavigator.createViroView(VRT3DSceneNavigator.java:199)
        at com.viromedia.bridge.component.VRT3DSceneNavigator.<init>(VRT3DSceneNavigator.java:165)
        at com.viromedia.bridge.component.VRT3DSceneNavigatorManager.createViewInstance(VRT3DSceneNavigatorManager.java:37)
        at com.viromedia.bridge.component.VRT3DSceneNavigatorManager.createViewInstance(VRT3DSceneNavigatorManager.java:20)
        at com.facebook.react.uimanager.ViewManager.createView(ViewManager.java:47)
        at com.facebook.react.uimanager.NativeViewHierarchyManager.createView(NativeViewHierarchyManager.java:256)
        at com.facebook.react.uimanager.UIViewOperationQueue$CreateViewOperation.execute(UIViewOperationQueue.java:200)
        at com.facebook.react.uimanager.UIViewOperationQueue$1.run(UIViewOperationQueue.java:911)
        at com.facebook.react.uimanager.UIViewOperationQueue.flushPendingBatches(UIViewOperationQueue.java:1025)
        at com.facebook.react.uimanager.UIViewOperationQueue.access$2600(UIViewOperationQueue.java:46)
        at com.facebook.react.uimanager.UIViewOperationQueue$DispatchUIFrameCallback.doFrameGuarded(UIViewOperationQueue.java:1085)
        at com.facebook.react.uimanager.GuardedFrameCallback.doFrame(GuardedFrameCallback.java:29)
        at com.facebook.react.modules.core.ReactChoreographer$ReactChoreographerDispatcher.doFrame(ReactChoreographer.java:166)
        at com.facebook.react.modules.core.ChoreographerCompat$FrameCallback$1.doFrame(ChoreographerCompat.java:84)
        at android.view.Choreographer$CallbackRecord.run(Choreographer.java:1090)
        at android.view.Choreographer.doCallbacks(Choreographer.java:893)
        at android.view.Choreographer.doFrame(Choreographer.java:809)
        at android.view.Choreographer$FrameDisplayEventReceiver.run(Choreographer.java:1078)
        at android.os.Handler.handleCallback(Handler.java:907)
        at android.os.Handler.dispatchMessage(Handler.java:105)
        at android.os.Looper.loop(Looper.java:216)
        at android.app.ActivityThread.main(ActivityThread.java:7625)
        at java.lang.reflect.Method.invoke(Native Method)
        at com.android.internal.os.RuntimeInit$MethodAndArgsCaller.run(RuntimeInit.java:524)
        at com.android.internal.os.ZygoteInit.main(ZygoteInit.java:987)
2019-10-08 17:49:02.336 32765-32765/com.virobugs W/libOpenSLES: class OutputMix interface 0 requested but unavailable MPH=28
2019-10-08 17:49:02.339 634-3169/? W/AudioFlinger: createTrack_l(): mismatch between requested flags (00000104) and output flags (00000002)
2019-10-08 17:49:02.340 32765-32765/com.virobugs W/AudioTrack: AUDIO_OUTPUT_FLAG_FAST denied by server; frameCount 0 -> 1924
2019-10-08 17:49:02.383 760-8346/? W/hcs: IPUTaskScheduler::GetIPUTask IPU task queue is empty!
2019-10-08 17:49:02.390 32765-1112/com.virobugs W/Viro: For object 0x738dd96638, current thread [0] does not match object's thread restriction [1]. Method: addLight
2019-10-08 17:49:02.390 32765-1112/com.virobugs W/Viro: For object 0x738dd96638, current thread [0] does not match object's thread restriction [1]. Method: addChildNode
2019-10-08 17:49:02.390 32765-1112/com.virobugs W/Viro: For object 0x7369f95838, current thread [0] does not match object's thread restriction [1]. Method: setHidden
2019-10-08 17:49:02.391 32765-1112/com.virobugs W/Viro: For object 0x7378d10358, current thread [0] does not match object's thread restriction [1]. Method: attachInputController
2019-10-08 17:49:02.391 32765-1112/com.virobugs W/Viro: For object 0x738dd96638, current thread [0] does not match object's thread restriction [1]. Method: addChildNode
2019-10-08 17:49:02.391 32765-1112/com.virobugs W/Viro: For object 0x738dd96638, current thread [0] does not match object's thread restriction [1]. Method: setOpacity
2019-10-08 17:49:02.391 32765-1112/com.virobugs W/Viro: For object 0x738dd96638, current thread [0] does not match object's thread restriction [1]. Method: setOpacity
2019-10-08 17:49:02.391 32765-1112/com.virobugs W/Viro: For object 0x738dd96638, current thread [0] does not match object's thread restriction [1]. Method: setHidden
2019-10-08 17:49:02.391 32765-1112/com.virobugs W/Viro: For object 0x7369f95838, current thread [0] does not match object's thread restriction [1]. Method: setHidden
2019-10-08 17:49:02.416 32765-1112/com.virobugs W/Viro: Font loader not initialized, default font will be used
2019-10-08 17:49:02.464 763-939/? W/JankService: processEntry, not beta version or commercial log off
2019-10-08 17:49:02.512 32765-1112/com.virobugs W/Viro: Unable to generate missing tangents for this model
2019-10-08 17:49:02.815 760-8346/? W/hcs: IPUTaskScheduler::GetIPUTask IPU task queue is empty!
2019-10-08 17:49:02.862 32765-1019/com.virobugs W/native: vio_fault_detector.cc:162 VIO is moving fast with speed (m/s): 0.704318 but RANSAC failed to provide valid frame to frame translation by reporting degeneracy.
2019-10-08 17:49:03.022 741-741/? E/Thermal-daemon: [charger_ic] temp_new :46  temp_old :45
2019-10-08 17:49:03.023 741-741/? E/Thermal-daemon: Report temperature: [charger_ic] temp :46  report_threshold:1
2019-10-08 17:49:03.286 760-8346/? W/hcs: IPUTaskScheduler::GetIPUTask IPU task queue is empty!
2019-10-08 17:49:03.369 32765-1019/com.virobugs W/native: vio_fault_detector.cc:162 VIO is moving fast with speed (m/s): 0.889141 but RANSAC failed to provide valid frame to frame translation by reporting degeneracy.
2019-10-08 17:49:03.382 1173-1543/? W/ActivityManager: Sending non-protected broadcast telephony.dataconnection.DNS_MONITOR_ACTION from system uid 1000 pkg android
2019-10-08 17:49:03.786 760-8346/? W/hcs: IPUTaskScheduler::GetIPUTask IPU task queue is empty!
2019-10-08 17:49:04.622 760-8346/? W/hcs: IPUTaskScheduler::GetIPUTask IPU task queue is empty!
2019-10-08 17:49:04.830 32765-1112/com.virobugs W/libEGL: EGLNativeWindowType 0x73477ef010 disconnect failed
2019-10-08 17:49:05.007 32765-554/com.virobugs W/libEGL: EGLNativeWindowType 0x7378ce1010 disconnect failed
2019-10-08 17:49:05.095 760-8346/? W/hcs: IPUTaskScheduler::GetIPUTask IPU task queue is empty!
2019-10-08 17:49:05.120 763-939/? W/JankService: processEntry, not beta version or commercial log off
2019-10-08 17:49:05.999 760-8346/? W/hcs: IPUTaskScheduler::GetIPUTask IPU task queue is empty!
2019-10-08 17:49:06.169 32765-1019/com.virobugs W/native: vio_fault_detector.cc:256 Fault: Lack of valid visual measurements.
2019-10-08 17:49:06.169 32765-1019/com.virobugs W/native: data_manager.cc:1339 VIO is at fault conditions, wait for reset. Current timestamp in ns = 30362879285000
2019-10-08 17:49:06.170 32765-1020/com.virobugs W/native: message_synchronizer.cc:84 Vio_status reset, drop 10 bad vio status.
2019-10-08 17:49:06.270 32765-928/com.virobugs W/native: freak_compact_dataset_recorder.cc:96 Failed to create pose node: generic::failed_precondition: VIO is not tracking.
2019-10-08 17:49:06.370 760-8346/? W/hcs: IPUTaskScheduler::GetIPUTask IPU task queue is empty!
2019-10-08 17:49:06.372 32765-928/com.virobugs W/native: freak_compact_dataset_recorder.cc:96 Failed to create pose node: generic::failed_precondition: VIO is not tracking.
2019-10-08 17:49:06.480 32765-928/com.virobugs W/native: freak_compact_dataset_recorder.cc:96 Failed to create pose node: generic::failed_precondition: VIO is not tracking.
2019-10-08 17:49:06.568 32765-928/com.virobugs W/native: freak_compact_dataset_recorder.cc:96 Failed to create pose node: generic::failed_precondition: VIO is not tracking.
2019-10-08 17:49:06.685 32765-928/com.virobugs W/native: freak_compact_dataset_recorder.cc:96 Failed to create pose node: generic::failed_precondition: VIO is not tracking.
2019-10-08 17:49:06.771 32765-928/com.virobugs W/native: freak_compact_dataset_recorder.cc:96 Failed to create pose node: generic::failed_precondition: VIO is not tracking.
2019-10-08 17:49:06.834 760-8346/? W/hcs: IPUTaskScheduler::GetIPUTask IPU task queue is empty!
2019-10-08 17:49:06.877 32765-928/com.virobugs W/native: freak_compact_dataset_recorder.cc:96 Failed to create pose node: generic::failed_precondition: VIO is not tracking.
2019-10-08 17:49:06.972 32765-928/com.virobugs W/native: freak_compact_dataset_recorder.cc:96 Failed to create pose node: generic::failed_precondition: VIO is not tracking.
2019-10-08 17:49:07.082 32765-928/com.virobugs W/native: freak_compact_dataset_recorder.cc:96 Failed to create pose node: generic::failed_precondition: VIO is not tracking.
2019-10-08 17:49:07.176 32765-928/com.virobugs W/native: freak_compact_dataset_recorder.cc:96 Failed to create pose node: generic::failed_precondition: VIO is not tracking.
2019-10-08 17:49:07.195 1173-1173/? W/WindowManager: removeWindowToken: Attempted to remove non-existing token: android.os.Binder@60f9999
2019-10-08 17:49:07.282 32765-928/com.virobugs W/native: freak_compact_dataset_recorder.cc:96 Failed to create pose node: generic::failed_precondition: VIO is not tracking.
2019-10-08 17:49:07.337 760-8346/? W/hcs: IPUTaskScheduler::GetIPUTask IPU task queue is empty!
2019-10-08 17:49:07.387 32765-928/com.virobugs W/native: freak_compact_dataset_recorder.cc:96 Failed to create pose node: generic::failed_precondition: VIO is not tracking.
2019-10-08 17:49:07.471 32765-928/com.virobugs W/native: freak_compact_dataset_recorder.cc:96 Failed to create pose node: generic::failed_precondition: VIO is not tracking.
2019-10-08 17:49:07.584 32765-928/com.virobugs W/native: freak_compact_dataset_recorder.cc:96 Failed to create pose node: generic::failed_precondition: VIO is not tracking.
2019-10-08 17:49:07.682 32765-928/com.virobugs W/native: freak_compact_dataset_recorder.cc:96 Failed to create pose node: generic::failed_precondition: VIO is not tracking.
2019-10-08 17:49:07.778 32765-928/com.virobugs W/native: freak_compact_dataset_recorder.cc:96 Failed to create pose node: generic::failed_precondition: VIO is not tracking.
2019-10-08 17:49:07.884 32765-928/com.virobugs W/native: freak_compact_dataset_recorder.cc:96 Failed to create pose node: generic::failed_precondition: VIO is not tracking.
2019-10-08 17:49:07.978 32765-928/com.virobugs W/native: freak_compact_dataset_recorder.cc:96 Failed to create pose node: generic::failed_precondition: VIO is not tracking.
2019-10-08 17:49:08.029 741-741/? E/Thermal-daemon: [ap] temp_new :49  temp_old :48
2019-10-08 17:49:08.029 741-741/? E/Thermal-daemon: Report temperature: [ap] temp :49  report_threshold:1
2019-10-08 17:49:08.076 32765-928/com.virobugs W/native: freak_compact_dataset_recorder.cc:96 Failed to create pose node: generic::failed_precondition: VIO is not tracking.
2019-10-08 17:49:08.139 760-8346/? W/hcs: IPUTaskScheduler::GetIPUTask IPU task queue is empty!
2019-10-08 17:49:08.188 32765-928/com.virobugs W/native: freak_compact_dataset_recorder.cc:96 Failed to create pose node: generic::failed_precondition: VIO is not tracking.
2019-10-08 17:49:08.271 32765-928/com.virobugs W/native: freak_compact_dataset_recorder.cc:96 Failed to create pose node: generic::failed_precondition: VIO is not tracking.
2019-10-08 17:49:08.386 32765-928/com.virobugs W/native: freak_compact_dataset_recorder.cc:96 Failed to create pose node: generic::failed_precondition: VIO is not tracking.
2019-10-08 17:49:08.484 32765-928/com.virobugs W/native: freak_compact_dataset_recorder.cc:96 Failed to create pose node: generic::failed_precondition: VIO is not tracking.
2019-10-08 17:49:08.572 32765-928/com.virobugs W/native: freak_compact_dataset_recorder.cc:96 Failed to create pose node: generic::failed_precondition: VIO is not tracking.
2019-10-08 17:49:08.637 760-8346/? W/hcs: IPUTaskScheduler::GetIPUTask IPU task queue is empty!
2019-10-08 17:49:08.686 32765-928/com.virobugs W/native: freak_compact_dataset_recorder.cc:96 Failed to create pose node: generic::failed_precondition: VIO is not tracking.
2019-10-08 17:49:08.777 32765-928/com.virobugs W/native: freak_compact_dataset_recorder.cc:96 Failed to create pose node: generic::failed_precondition: VIO is not tracking.
2019-10-08 17:49:08.891 32765-928/com.virobugs W/native: freak_compact_dataset_recorder.cc:96 Failed to create pose node: generic::failed_precondition: VIO is not tracking.
2019-10-08 17:49:08.977 32765-928/com.virobugs W/native: freak_compact_dataset_recorder.cc:96 Failed to create pose node: generic::failed_precondition: VIO is not tracking.
2019-10-08 17:49:09.085 32765-928/com.virobugs W/native: freak_compact_dataset_recorder.cc:96 Failed to create pose node: generic::failed_precondition: VIO is not tracking.
2019-10-08 17:49:09.143 760-8346/? W/hcs: IPUTaskScheduler::GetIPUTask IPU task queue is empty!
2019-10-08 17:49:09.192 32765-928/com.virobugs W/native: freak_compact_dataset_recorder.cc:96 Failed to create pose node: generic::failed_precondition: VIO is not tracking.
2019-10-08 17:49:09.279 32765-928/com.virobugs W/native: freak_compact_dataset_recorder.cc:96 Failed to create pose node: generic::failed_precondition: VIO is not tracking.
